[2026-09-17T07:51:34.348+0000] {local_task_job_runner.py:123} INFO - ::group::Pre task execution logs
[2026-09-17T07:51:34.376+0000] {taskinstance.py:2603} INFO - Dependencies all met for dep_context=non-requeueable deps ti=<TaskInstance: dbt_retail_pipeline.dbt_run manual__2026-09-17T07:51:24.483815+00:00 [queued]>
[2026-09-17T07:51:34.389+0000] {taskinstance.py:2603} INFO - Dependencies all met for dep_context=requeueable deps ti=<TaskInstance: dbt_retail_pipeline.dbt_run manual__2026-09-17T07:51:24.483815+00:00 [queued]>
[2026-09-17T07:51:34.389+0000] {taskinstance.py:2856} INFO - Starting attempt 1 of 2
[2026-09-17T07:51:34.408+0000] {taskinstance.py:2879} INFO - Executing <Task(BashOperator): dbt_run> on 2026-09-17 07:51:24.483815+00:00
[2026-09-17T07:51:34.416+0000] {warnings.py:112} WARNING - /home/***/.local/lib/python3.12/site-packages/***/task/task_runner/standard_task_runner.py:70: DeprecationWarning: This process (pid=1624) is multi-threaded, use of fork() may lead to deadlocks in the child.
  pid = os.fork()

[2026-09-17T07:51:34.418+0000] {standard_task_runner.py:72} INFO - Started process 1625 to run task
[2026-09-17T07:51:34.419+0000] {standard_task_runner.py:104} INFO - Running: ['***', 'tasks', 'run', 'dbt_retail_pipeline', 'dbt_run', 'manual__2026-09-17T07:51:24.483815+00:00', '--job-id', '88', '--raw', '--subdir', 'DAGS_FOLDER/dbt_retail_pipeline.py', '--cfg-path', '/tmp/tmpjs25p9f8']
[2026-09-17T07:51:34.421+0000] {standard_task_runner.py:105} INFO - Job 88: Subtask dbt_run
[2026-09-17T07:51:34.486+0000] {task_command.py:467} INFO - Running <TaskInstance: dbt_retail_pipeline.dbt_run manual__2026-09-17T07:51:24.483815+00:00 [running]> on host b5c1d8ce61d3
[2026-09-17T07:51:34.605+0000] {taskinstance.py:3122} INFO - Exporting env vars: AIRFLOW_CTX_DAG_OWNER='data_engineer' AIRFLOW_CTX_DAG_ID='dbt_retail_pipeline' AIRFLOW_CTX_TASK_ID='dbt_run' AIRFLOW_CTX_EXECUTION_DATE='2026-09-17T07:51:24.483815+00:00' AIRFLOW_CTX_TRY_NUMBER='1' AIRFLOW_CTX_DAG_RUN_ID='manual__2026-09-17T07:51:24.483815+00:00'
[2026-09-17T07:51:34.606+0000] {taskinstance.py:731} INFO - ::endgroup::
[2026-09-17T07:51:34.625+0000] {subprocess.py:63} INFO - Tmp dir root location: /tmp
[2026-09-17T07:51:34.626+0000] {subprocess.py:75} INFO - Running command: ['/usr/bin/bash', '-c', 'cd /opt/***/dags/dbt-project && dbt run --models mart_daily_sales --profiles-dir /opt/***/dags/dbt-project']
[2026-09-17T07:51:34.641+0000] {subprocess.py:86} INFO - Output:
[2026-09-17T07:51:37.749+0000] {subprocess.py:93} INFO - [0m07:51:37  Running with dbt=1.12.5
[2026-09-17T07:51:37.752+0000] {subprocess.py:93} INFO - [0m07:51:37  [[33mWARNING[0m][ModelParamUsageDeprecation]: Deprecated functionality
[2026-09-17T07:51:37.753+0000] {subprocess.py:93} INFO - Usage of `--models`, `--model`, and `-m` is deprecated in favor of `--select` or
[2026-09-17T07:51:37.754+0000] {subprocess.py:93} INFO - `-s`.
[2026-09-17T07:51:37.857+0000] {subprocess.py:93} INFO - [0m07:51:37  [[33mWARNING[0m]: Deprecated functionality
[2026-09-17T07:51:37.858+0000] {subprocess.py:93} INFO - The `source-paths` config has been renamed to `model-paths`. Please update your
[2026-09-17T07:51:37.858+0000] {subprocess.py:93} INFO - `dbt_project.yml` configuration to reflect this change.
[2026-09-17T07:51:37.858+0000] {subprocess.py:93} INFO - [0m07:51:37  [[33mWARNING[0m]: Deprecated functionality
[2026-09-17T07:51:37.858+0000] {subprocess.py:93} INFO - The `data-paths` config has been renamed to `seed-paths`. Please update your
[2026-09-17T07:51:37.859+0000] {subprocess.py:93} INFO - `dbt_project.yml` configuration to reflect this change.
[2026-09-17T07:51:38.163+0000] {subprocess.py:93} INFO - [0m07:51:38  Registered adapter: postgres=1.11.0
[2026-09-17T07:51:38.850+0000] {subprocess.py:93} INFO - [0m07:51:38  Found 3 models, 1 seed, 477 macros
[2026-09-17T07:51:38.853+0000] {subprocess.py:93} INFO - [0m07:51:38
[2026-09-17T07:51:38.854+0000] {subprocess.py:93} INFO - [0m07:51:38  Concurrency: 1 threads (target='dev')
[2026-09-17T07:51:38.854+0000] {subprocess.py:93} INFO - [0m07:51:38
[2026-09-17T07:51:39.006+0000] {subprocess.py:93} INFO - [0m07:51:39  1 of 1 START sql table model public.mart_daily_sales ........................... [RUN]
[2026-09-17T07:51:39.083+0000] {subprocess.py:93} INFO - [0m07:51:39  1 of 1 ERROR creating sql table model public.mart_daily_sales .................. [[31mERROR[0m in 0.07s]
[2026-09-17T07:51:39.098+0000] {subprocess.py:93} INFO - [0m07:51:39
[2026-09-17T07:51:39.099+0000] {subprocess.py:93} INFO - [0m07:51:39  Finished running 1 table model in 0 hours 0 minutes and 0.24 seconds (0.24s).
[2026-09-17T07:51:39.160+0000] {subprocess.py:93} INFO - [0m07:51:39
[2026-09-17T07:51:39.160+0000] {subprocess.py:93} INFO - [0m07:51:39  [31mCompleted with 1 error, 0 partial successes, and 0 warnings:[0m
[2026-09-17T07:51:39.161+0000] {subprocess.py:93} INFO - [0m07:51:39
[2026-09-17T07:51:39.162+0000] {subprocess.py:93} INFO - [0m07:51:39  [[31mERROR[0m]: in model mart_daily_sales (models/mart_daily_sales.sql)
[2026-09-17T07:51:39.162+0000] {subprocess.py:93} INFO - [0m07:51:39    Database Error in model mart_daily_sales (models/mart_daily_sales.sql)
[2026-09-17T07:51:39.162+0000] {subprocess.py:93} INFO -   relation "public.stg_transactions" does not exist
[2026-09-17T07:51:39.162+0000] {subprocess.py:93} INFO -   LINE 18: from "***"."public"."stg_transactions"
[2026-09-17T07:51:39.163+0000] {subprocess.py:93} INFO -                 ^
[2026-09-17T07:51:39.163+0000] {subprocess.py:93} INFO -   compiled code at target/run/dbt_project/models/mart_daily_sales.sql
[2026-09-17T07:51:39.163+0000] {subprocess.py:93} INFO - [0m07:51:39
[2026-09-17T07:51:39.163+0000] {subprocess.py:93} INFO - [0m07:51:39    compiled code at target/compiled/dbt_project/models/mart_daily_sales.sql
[2026-09-17T07:51:39.164+0000] {subprocess.py:93} INFO - [0m07:51:39
[2026-09-17T07:51:39.164+0000] {subprocess.py:93} INFO - [0m07:51:39  Done. PASS=0 WARN=0 ERROR=1 SKIP=0 NO-OP=0 REUSED=0 TOTAL=1
[2026-09-17T07:51:39.165+0000] {subprocess.py:93} INFO - [0m07:51:39  [[33mWARNING[0m][DeprecationsSummary]: Deprecated functionality
[2026-09-17T07:51:39.165+0000] {subprocess.py:93} INFO - Summary of encountered deprecations:
[2026-09-17T07:51:39.165+0000] {subprocess.py:93} INFO - - ModelParamUsageDeprecation: 1 occurrence
[2026-09-17T07:51:39.165+0000] {subprocess.py:93} INFO - - ConfigSourcePathDeprecation: 1 occurrence
[2026-09-17T07:51:39.166+0000] {subprocess.py:93} INFO - - ConfigDataPathDeprecation: 1 occurrence
[2026-09-17T07:51:39.166+0000] {subprocess.py:93} INFO - To see all deprecation instances instead of just the first occurrence of each,
[2026-09-17T07:51:39.166+0000] {subprocess.py:93} INFO - run command again with the `--show-all-deprecations` flag. You may also need to
[2026-09-17T07:51:39.166+0000] {subprocess.py:93} INFO - run with `--no-partial-parse` as some deprecations are only encountered during
[2026-09-17T07:51:39.166+0000] {subprocess.py:93} INFO - parsing.
[2026-09-17T07:51:40.799+0000] {subprocess.py:97} INFO - Command exited with return code 1
[2026-09-17T07:51:40.827+0000] {taskinstance.py:3301} ERROR - Task failed with exception
Traceback (most recent call last):
  File "/home/airflow/.local/lib/python3.12/site-packages/airflow/models/taskinstance.py", line 767, in _execute_task
    result = _execute_callable(context=context, **execute_callable_kwargs)
             ^^^^^^^^^^^^^^^^^^^^^^^^^^^^^^^^^^^^^^^^^^^^^^^^^^^^^^^^^^^^^
  File "/home/airflow/.local/lib/python3.12/site-packages/airflow/models/taskinstance.py", line 733, in _execute_callable
    return ExecutionCallableRunner(
           ^^^^^^^^^^^^^^^^^^^^^^^^
  File "/home/airflow/.local/lib/python3.12/site-packages/airflow/utils/operator_helpers.py", line 252, in run
    return self.func(*args, **kwargs)
           ^^^^^^^^^^^^^^^^^^^^^^^^^^
  File "/home/airflow/.local/lib/python3.12/site-packages/airflow/models/baseoperator.py", line 406, in wrapper
    return func(self, *args, **kwargs)
           ^^^^^^^^^^^^^^^^^^^^^^^^^^^
  File "/home/airflow/.local/lib/python3.12/site-packages/airflow/operators/bash.py", line 249, in execute
    raise AirflowException(
airflow.exceptions.AirflowException: Bash command failed. The command returned a non-zero exit code 1.
[2026-09-17T07:51:40.846+0000] {taskinstance.py:1225} INFO - Marking task as UP_FOR_RETRY. dag_id=dbt_retail_pipeline, task_id=dbt_run, run_id=manual__2026-09-17T07:51:24.483815+00:00, execution_date=20260917T075124, start_date=20260917T075134, end_date=20260917T075140
[2026-09-17T07:51:40.874+0000] {taskinstance.py:340} INFO - ::group::Post task execution logs
[2026-09-17T07:51:40.875+0000] {standard_task_runner.py:124} ERROR - Failed to execute job 88 for task dbt_run (Bash command failed. The command returned a non-zero exit code 1.; 1625)
Traceback (most recent call last):
  File "/home/airflow/.local/lib/python3.12/site-packages/airflow/task/task_runner/standard_task_runner.py", line 117, in _start_by_fork
    ret = args.func(args, dag=self.dag)
          ^^^^^^^^^^^^^^^^^^^^^^^^^^^^^
  File "/home/airflow/.local/lib/python3.12/site-packages/airflow/cli/cli_config.py", line 49, in command
    return func(*args, **kwargs)
           ^^^^^^^^^^^^^^^^^^^^^
  File "/home/airflow/.local/lib/python3.12/site-packages/airflow/utils/cli.py", line 115, in wrapper
    return f(*args, **kwargs)
           ^^^^^^^^^^^^^^^^^^
  File "/home/airflow/.local/lib/python3.12/site-packages/airflow/cli/commands/task_command.py", line 483, in task_run
    task_return_code = _run_task_by_selected_method(args, _dag, ti)
                       ^^^^^^^^^^^^^^^^^^^^^^^^^^^^^^^^^^^^^^^^^^^^
  File "/home/airflow/.local/lib/python3.12/site-packages/airflow/cli/commands/task_command.py", line 256, in _run_task_by_selected_method
    return _run_raw_task(args, ti)
           ^^^^^^^^^^^^^^^^^^^^^^^
  File "/home/airflow/.local/lib/python3.12/site-packages/airflow/cli/commands/task_command.py", line 341, in _run_raw_task
    return ti._run_raw_task(
           ^^^^^^^^^^^^^^^^^
  File "/home/airflow/.local/lib/python3.12/site-packages/airflow/utils/session.py", line 97, in wrapper
    return func(*args, session=session, **kwargs)
           ^^^^^^^^^^^^^^^^^^^^^^^^^^^^^^^^^^^^^^
  File "/home/airflow/.local/lib/python3.12/site-packages/airflow/models/taskinstance.py", line 2995, in _run_raw_task
    return _run_raw_task(
           ^^^^^^^^^^^^^^
  File "/home/airflow/.local/lib/python3.12/site-packages/airflow/models/taskinstance.py", line 273, in _run_raw_task
    TaskInstance._execute_task_with_callbacks(
  File "/home/airflow/.local/lib/python3.12/site-packages/airflow/models/taskinstance.py", line 3149, in _execute_task_with_callbacks
    result = self._execute_task(context, task_orig)
             ^^^^^^^^^^^^^^^^^^^^^^^^^^^^^^^^^^^^^^
  File "/home/airflow/.local/lib/python3.12/site-packages/airflow/models/taskinstance.py", line 3173, in _execute_task
    return _execute_task(self, context, task_orig)
           ^^^^^^^^^^^^^^^^^^^^^^^^^^^^^^^^^^^^^^^
  File "/home/airflow/.local/lib/python3.12/site-packages/airflow/models/taskinstance.py", line 767, in _execute_task
    result = _execute_callable(context=context, **execute_callable_kwargs)
             ^^^^^^^^^^^^^^^^^^^^^^^^^^^^^^^^^^^^^^^^^^^^^^^^^^^^^^^^^^^^^
  File "/home/airflow/.local/lib/python3.12/site-packages/airflow/models/taskinstance.py", line 733, in _execute_callable
    return ExecutionCallableRunner(
           ^^^^^^^^^^^^^^^^^^^^^^^^
  File "/home/airflow/.local/lib/python3.12/site-packages/airflow/utils/operator_helpers.py", line 252, in run
    return self.func(*args, **kwargs)
           ^^^^^^^^^^^^^^^^^^^^^^^^^^
  File "/home/airflow/.local/lib/python3.12/site-packages/airflow/models/baseoperator.py", line 406, in wrapper
    return func(self, *args, **kwargs)
           ^^^^^^^^^^^^^^^^^^^^^^^^^^^
  File "/home/airflow/.local/lib/python3.12/site-packages/airflow/operators/bash.py", line 249, in execute
    raise AirflowException(
airflow.exceptions.AirflowException: Bash command failed. The command returned a non-zero exit code 1.
[2026-09-17T07:51:40.900+0000] {local_task_job_runner.py:261} INFO - Task exited with return code 1
[2026-09-17T07:51:40.924+0000] {taskinstance.py:3891} INFO - 0 downstream tasks scheduled from follow-on schedule check
[2026-09-17T07:51:40.926+0000] {local_task_job_runner.py:240} INFO - ::endgroup::
