[2026-09-17T07:46:23.505+0000] {local_task_job_runner.py:123} INFO - ::group::Pre task execution logs
[2026-09-17T07:46:23.531+0000] {taskinstance.py:2603} INFO - Dependencies all met for dep_context=non-requeueable deps ti=<TaskInstance: dbt_retail_pipeline.dbt_run manual__2026-09-17T07:46:12.075077+00:00 [queued]>
[2026-09-17T07:46:23.544+0000] {taskinstance.py:2603} INFO - Dependencies all met for dep_context=requeueable deps ti=<TaskInstance: dbt_retail_pipeline.dbt_run manual__2026-09-17T07:46:12.075077+00:00 [queued]>
[2026-09-17T07:46:23.545+0000] {taskinstance.py:2856} INFO - Starting attempt 1 of 2
[2026-09-17T07:46:23.562+0000] {taskinstance.py:2879} INFO - Executing <Task(BashOperator): dbt_run> on 2026-09-17 07:46:12.075077+00:00
[2026-09-17T07:46:23.570+0000] {warnings.py:112} WARNING - /home/***/.local/lib/python3.12/site-packages/***/task/task_runner/standard_task_runner.py:70: DeprecationWarning: This process (pid=1509) is multi-threaded, use of fork() may lead to deadlocks in the child.
  pid = os.fork()

[2026-09-17T07:46:23.571+0000] {standard_task_runner.py:72} INFO - Started process 1510 to run task
[2026-09-17T07:46:23.572+0000] {standard_task_runner.py:104} INFO - Running: ['***', 'tasks', 'run', 'dbt_retail_pipeline', 'dbt_run', 'manual__2026-09-17T07:46:12.075077+00:00', '--job-id', '85', '--raw', '--subdir', 'DAGS_FOLDER/dbt_retail_pipeline.py', '--cfg-path', '/tmp/tmp6_a7gho4']
[2026-09-17T07:46:23.573+0000] {standard_task_runner.py:105} INFO - Job 85: Subtask dbt_run
[2026-09-17T07:46:23.638+0000] {task_command.py:467} INFO - Running <TaskInstance: dbt_retail_pipeline.dbt_run manual__2026-09-17T07:46:12.075077+00:00 [running]> on host b5c1d8ce61d3
[2026-09-17T07:46:23.749+0000] {taskinstance.py:3122} INFO - Exporting env vars: AIRFLOW_CTX_DAG_OWNER='data_engineer' AIRFLOW_CTX_DAG_ID='dbt_retail_pipeline' AIRFLOW_CTX_TASK_ID='dbt_run' AIRFLOW_CTX_EXECUTION_DATE='2026-09-17T07:46:12.075077+00:00' AIRFLOW_CTX_TRY_NUMBER='1' AIRFLOW_CTX_DAG_RUN_ID='manual__2026-09-17T07:46:12.075077+00:00'
[2026-09-17T07:46:23.750+0000] {taskinstance.py:731} INFO - ::endgroup::
[2026-09-17T07:46:23.767+0000] {subprocess.py:63} INFO - Tmp dir root location: /tmp
[2026-09-17T07:46:23.768+0000] {subprocess.py:75} INFO - Running command: ['/usr/bin/bash', '-c', 'bash -c "source /home/learn/dbt-env/bin/activate && cd /home/learn/dbt-project && dbt run --models mart_daily_sales --profiles-dir /home/learn/.dbt"']
[2026-09-17T07:46:23.785+0000] {subprocess.py:86} INFO - Output:
[2026-09-17T07:46:23.792+0000] {subprocess.py:93} INFO - bash: line 1: /home/learn/dbt-env/bin/activate: No such file or directory
[2026-09-17T07:46:23.793+0000] {subprocess.py:97} INFO - Command exited with return code 1
[2026-09-17T07:46:23.808+0000] {taskinstance.py:3301} ERROR - Task failed with exception
Traceback (most recent call last):
  File "/home/airflow/.local/lib/python3.12/site-packages/airflow/models/taskinstance.py", line 767, in _execute_task
    result = _execute_callable(context=context, **execute_callable_kwargs)
             ^^^^^^^^^^^^^^^^^^^^^^^^^^^^^^^^^^^^^^^^^^^^^^^^^^^^^^^^^^^^^
  File "/home/airflow/.local/lib/python3.12/site-packages/airflow/models/taskinstance.py", line 733, in _execute_callable
    return ExecutionCallableRunner(
           ^^^^^^^^^^^^^^^^^^^^^^^^
  File "/home/airflow/.local/lib/python3.12/site-packages/airflow/utils/operator_helpers.py", line 252, in run
    return self.func(*args, **kwargs)
           ^^^^^^^^^^^^^^^^^^^^^^^^^^
  File "/home/airflow/.local/lib/python3.12/site-packages/airflow/models/baseoperator.py", line 406, in wrapper
    return func(self, *args, **kwargs)
           ^^^^^^^^^^^^^^^^^^^^^^^^^^^
  File "/home/airflow/.local/lib/python3.12/site-packages/airflow/operators/bash.py", line 249, in execute
    raise AirflowException(
airflow.exceptions.AirflowException: Bash command failed. The command returned a non-zero exit code 1.
[2026-09-17T07:46:23.818+0000] {taskinstance.py:1225} INFO - Marking task as UP_FOR_RETRY. dag_id=dbt_retail_pipeline, task_id=dbt_run, run_id=manual__2026-09-17T07:46:12.075077+00:00, execution_date=20260917T074612, start_date=20260917T074623, end_date=20260917T074623
[2026-09-17T07:46:23.838+0000] {taskinstance.py:340} INFO - ::group::Post task execution logs
[2026-09-17T07:46:23.839+0000] {standard_task_runner.py:124} ERROR - Failed to execute job 85 for task dbt_run (Bash command failed. The command returned a non-zero exit code 1.; 1510)
Traceback (most recent call last):
  File "/home/airflow/.local/lib/python3.12/site-packages/airflow/task/task_runner/standard_task_runner.py", line 117, in _start_by_fork
    ret = args.func(args, dag=self.dag)
          ^^^^^^^^^^^^^^^^^^^^^^^^^^^^^
  File "/home/airflow/.local/lib/python3.12/site-packages/airflow/cli/cli_config.py", line 49, in command
    return func(*args, **kwargs)
           ^^^^^^^^^^^^^^^^^^^^^
  File "/home/airflow/.local/lib/python3.12/site-packages/airflow/utils/cli.py", line 115, in wrapper
    return f(*args, **kwargs)
           ^^^^^^^^^^^^^^^^^^
  File "/home/airflow/.local/lib/python3.12/site-packages/airflow/cli/commands/task_command.py", line 483, in task_run
    task_return_code = _run_task_by_selected_method(args, _dag, ti)
                       ^^^^^^^^^^^^^^^^^^^^^^^^^^^^^^^^^^^^^^^^^^^^
  File "/home/airflow/.local/lib/python3.12/site-packages/airflow/cli/commands/task_command.py", line 256, in _run_task_by_selected_method
    return _run_raw_task(args, ti)
           ^^^^^^^^^^^^^^^^^^^^^^^
  File "/home/airflow/.local/lib/python3.12/site-packages/airflow/cli/commands/task_command.py", line 341, in _run_raw_task
    return ti._run_raw_task(
           ^^^^^^^^^^^^^^^^^
  File "/home/airflow/.local/lib/python3.12/site-packages/airflow/utils/session.py", line 97, in wrapper
    return func(*args, session=session, **kwargs)
           ^^^^^^^^^^^^^^^^^^^^^^^^^^^^^^^^^^^^^^
  File "/home/airflow/.local/lib/python3.12/site-packages/airflow/models/taskinstance.py", line 2995, in _run_raw_task
    return _run_raw_task(
           ^^^^^^^^^^^^^^
  File "/home/airflow/.local/lib/python3.12/site-packages/airflow/models/taskinstance.py", line 273, in _run_raw_task
    TaskInstance._execute_task_with_callbacks(
  File "/home/airflow/.local/lib/python3.12/site-packages/airflow/models/taskinstance.py", line 3149, in _execute_task_with_callbacks
    result = self._execute_task(context, task_orig)
             ^^^^^^^^^^^^^^^^^^^^^^^^^^^^^^^^^^^^^^
  File "/home/airflow/.local/lib/python3.12/site-packages/airflow/models/taskinstance.py", line 3173, in _execute_task
    return _execute_task(self, context, task_orig)
           ^^^^^^^^^^^^^^^^^^^^^^^^^^^^^^^^^^^^^^^
  File "/home/airflow/.local/lib/python3.12/site-packages/airflow/models/taskinstance.py", line 767, in _execute_task
    result = _execute_callable(context=context, **execute_callable_kwargs)
             ^^^^^^^^^^^^^^^^^^^^^^^^^^^^^^^^^^^^^^^^^^^^^^^^^^^^^^^^^^^^^
  File "/home/airflow/.local/lib/python3.12/site-packages/airflow/models/taskinstance.py", line 733, in _execute_callable
    return ExecutionCallableRunner(
           ^^^^^^^^^^^^^^^^^^^^^^^^
  File "/home/airflow/.local/lib/python3.12/site-packages/airflow/utils/operator_helpers.py", line 252, in run
    return self.func(*args, **kwargs)
           ^^^^^^^^^^^^^^^^^^^^^^^^^^
  File "/home/airflow/.local/lib/python3.12/site-packages/airflow/models/baseoperator.py", line 406, in wrapper
    return func(self, *args, **kwargs)
           ^^^^^^^^^^^^^^^^^^^^^^^^^^^
  File "/home/airflow/.local/lib/python3.12/site-packages/airflow/operators/bash.py", line 249, in execute
    raise AirflowException(
airflow.exceptions.AirflowException: Bash command failed. The command returned a non-zero exit code 1.
[2026-09-17T07:46:23.874+0000] {local_task_job_runner.py:261} INFO - Task exited with return code 1
[2026-09-17T07:46:23.897+0000] {taskinstance.py:3891} INFO - 0 downstream tasks scheduled from follow-on schedule check
[2026-09-17T07:46:23.899+0000] {local_task_job_runner.py:240} INFO - ::endgroup::
