[2026-09-17T07:59:39.385+0000] {local_task_job_runner.py:123} INFO - ::group::Pre task execution logs
[2026-09-17T07:59:39.409+0000] {taskinstance.py:2603} INFO - Dependencies all met for dep_context=non-requeueable deps ti=<TaskInstance: dbt_retail_pipeline.dbt_run manual__2026-09-17T07:46:12.075077+00:00 [queued]>
[2026-09-17T07:59:39.420+0000] {taskinstance.py:2603} INFO - Dependencies all met for dep_context=requeueable deps ti=<TaskInstance: dbt_retail_pipeline.dbt_run manual__2026-09-17T07:46:12.075077+00:00 [queued]>
[2026-09-17T07:59:39.421+0000] {taskinstance.py:2856} INFO - Starting attempt 3 of 4
[2026-09-17T07:59:39.436+0000] {taskinstance.py:2879} INFO - Executing <Task(BashOperator): dbt_run> on 2026-09-17 07:46:12.075077+00:00
[2026-09-17T07:59:39.444+0000] {warnings.py:112} WARNING - /home/***/.local/lib/python3.12/site-packages/***/task/task_runner/standard_task_runner.py:70: DeprecationWarning: This process (pid=1787) is multi-threaded, use of fork() may lead to deadlocks in the child.
  pid = os.fork()

[2026-09-17T07:59:39.445+0000] {standard_task_runner.py:72} INFO - Started process 1788 to run task
[2026-09-17T07:59:39.446+0000] {standard_task_runner.py:104} INFO - Running: ['***', 'tasks', 'run', 'dbt_retail_pipeline', 'dbt_run', 'manual__2026-09-17T07:46:12.075077+00:00', '--job-id', '92', '--raw', '--subdir', 'DAGS_FOLDER/dbt_retail_pipeline.py', '--cfg-path', '/tmp/tmpl_7bfb35']
[2026-09-17T07:59:39.447+0000] {standard_task_runner.py:105} INFO - Job 92: Subtask dbt_run
[2026-09-17T07:59:39.512+0000] {task_command.py:467} INFO - Running <TaskInstance: dbt_retail_pipeline.dbt_run manual__2026-09-17T07:46:12.075077+00:00 [running]> on host b5c1d8ce61d3
[2026-09-17T07:59:39.626+0000] {taskinstance.py:3122} INFO - Exporting env vars: AIRFLOW_CTX_DAG_OWNER='data_engineer' AIRFLOW_CTX_DAG_ID='dbt_retail_pipeline' AIRFLOW_CTX_TASK_ID='dbt_run' AIRFLOW_CTX_EXECUTION_DATE='2026-09-17T07:46:12.075077+00:00' AIRFLOW_CTX_TRY_NUMBER='3' AIRFLOW_CTX_DAG_RUN_ID='manual__2026-09-17T07:46:12.075077+00:00'
[2026-09-17T07:59:39.627+0000] {taskinstance.py:731} INFO - ::endgroup::
[2026-09-17T07:59:39.648+0000] {subprocess.py:63} INFO - Tmp dir root location: /tmp
[2026-09-17T07:59:39.648+0000] {subprocess.py:75} INFO - Running command: ['/usr/bin/bash', '-c', 'cd /opt/***/dags/dbt-project && dbt run --select +mart_daily_sales --profiles-dir /opt/***/dags/dbt-project']
[2026-09-17T07:59:39.663+0000] {subprocess.py:86} INFO - Output:
[2026-09-17T07:59:43.434+0000] {subprocess.py:93} INFO - [0m07:59:43  Running with dbt=1.12.5
[2026-09-17T07:59:43.529+0000] {subprocess.py:93} INFO - [0m07:59:43  [[33mWARNING[0m]: Deprecated functionality
[2026-09-17T07:59:43.529+0000] {subprocess.py:93} INFO - The `source-paths` config has been renamed to `model-paths`. Please update your
[2026-09-17T07:59:43.529+0000] {subprocess.py:93} INFO - `dbt_project.yml` configuration to reflect this change.
[2026-09-17T07:59:43.530+0000] {subprocess.py:93} INFO - [0m07:59:43  [[33mWARNING[0m]: Deprecated functionality
[2026-09-17T07:59:43.531+0000] {subprocess.py:93} INFO - The `data-paths` config has been renamed to `seed-paths`. Please update your
[2026-09-17T07:59:43.531+0000] {subprocess.py:93} INFO - `dbt_project.yml` configuration to reflect this change.
[2026-09-17T07:59:43.942+0000] {subprocess.py:93} INFO - [0m07:59:43  Registered adapter: postgres=1.11.0
[2026-09-17T07:59:44.833+0000] {subprocess.py:93} INFO - [0m07:59:44  Found 3 models, 1 seed, 477 macros
[2026-09-17T07:59:45.011+0000] {subprocess.py:93} INFO - [0m07:59:44
[2026-09-17T07:59:45.012+0000] {subprocess.py:93} INFO - [0m07:59:44  Concurrency: 1 threads (target='dev')
[2026-09-17T07:59:45.012+0000] {subprocess.py:93} INFO - [0m07:59:44
[2026-09-17T07:59:45.060+0000] {subprocess.py:93} INFO - [0m07:59:45  1 of 2 START sql view model public.stg_transactions ............................ [RUN]
[2026-09-17T07:59:45.239+0000] {subprocess.py:93} INFO - [0m07:59:45  1 of 2 OK created sql view model public.stg_transactions ....................... [[32mCREATE VIEW[0m in 0.17s]
[2026-09-17T07:59:45.248+0000] {subprocess.py:93} INFO - [0m07:59:45  2 of 2 START sql table model public.mart_daily_sales ........................... [RUN]
[2026-09-17T07:59:45.352+0000] {subprocess.py:93} INFO - [0m07:59:45  2 of 2 OK created sql table model public.mart_daily_sales ...................... [[32mSELECT 2[0m in 0.11s]
[2026-09-17T07:59:45.369+0000] {subprocess.py:93} INFO - [0m07:59:45
[2026-09-17T07:59:45.370+0000] {subprocess.py:93} INFO - [0m07:59:45  Finished running 1 table model, 1 view model in 0 hours 0 minutes and 0.54 seconds (0.54s).
[2026-09-17T07:59:45.488+0000] {subprocess.py:93} INFO - [0m07:59:45
[2026-09-17T07:59:45.490+0000] {subprocess.py:93} INFO - [0m07:59:45  [32mCompleted successfully[0m
[2026-09-17T07:59:45.491+0000] {subprocess.py:93} INFO - [0m07:59:45
[2026-09-17T07:59:45.492+0000] {subprocess.py:93} INFO - [0m07:59:45  Done. PASS=2 WARN=0 ERROR=0 SKIP=0 NO-OP=0 REUSED=0 TOTAL=2
[2026-09-17T07:59:45.495+0000] {subprocess.py:93} INFO - [0m07:59:45  [[33mWARNING[0m][DeprecationsSummary]: Deprecated functionality
[2026-09-17T07:59:45.496+0000] {subprocess.py:93} INFO - Summary of encountered deprecations:
[2026-09-17T07:59:45.497+0000] {subprocess.py:93} INFO - - ConfigSourcePathDeprecation: 1 occurrence
[2026-09-17T07:59:45.498+0000] {subprocess.py:93} INFO - - ConfigDataPathDeprecation: 1 occurrence
[2026-09-17T07:59:45.498+0000] {subprocess.py:93} INFO - To see all deprecation instances instead of just the first occurrence of each,
[2026-09-17T07:59:45.499+0000] {subprocess.py:93} INFO - run command again with the `--show-all-deprecations` flag. You may also need to
[2026-09-17T07:59:45.500+0000] {subprocess.py:93} INFO - run with `--no-partial-parse` as some deprecations are only encountered during
[2026-09-17T07:59:45.500+0000] {subprocess.py:93} INFO - parsing.
[2026-09-17T07:59:47.084+0000] {subprocess.py:97} INFO - Command exited with return code 0
[2026-09-17T07:59:47.122+0000] {taskinstance.py:340} INFO - ::group::Post task execution logs
[2026-09-17T07:59:47.123+0000] {taskinstance.py:352} INFO - Marking task as SUCCESS. dag_id=dbt_retail_pipeline, task_id=dbt_run, run_id=manual__2026-09-17T07:46:12.075077+00:00, execution_date=20260917T074612, start_date=20260917T075939, end_date=20260917T075947
[2026-09-17T07:59:47.184+0000] {local_task_job_runner.py:261} INFO - Task exited with return code 0
[2026-09-17T07:59:47.205+0000] {taskinstance.py:3891} INFO - 0 downstream tasks scheduled from follow-on schedule check
[2026-09-17T07:59:47.207+0000] {local_task_job_runner.py:240} INFO - ::endgroup::
