[2026-09-17T06:43:01.552+0000] {local_task_job_runner.py:123} INFO - ::group::Pre task execution logs
[2026-09-17T06:43:01.571+0000] {taskinstance.py:2603} INFO - Dependencies all met for dep_context=non-requeueable deps ti=<TaskInstance: dag_isi_data_mart.insert_data_task manual__2026-09-17T06:42:57.818784+00:00 [queued]>
[2026-09-17T06:43:01.580+0000] {taskinstance.py:2603} INFO - Dependencies all met for dep_context=requeueable deps ti=<TaskInstance: dag_isi_data_mart.insert_data_task manual__2026-09-17T06:42:57.818784+00:00 [queued]>
[2026-09-17T06:43:01.580+0000] {taskinstance.py:2856} INFO - Starting attempt 1 of 2
[2026-09-17T06:43:01.594+0000] {taskinstance.py:2879} INFO - Executing <Task(PostgresOperator): insert_data_task> on 2026-09-17 06:42:57.818784+00:00
[2026-09-17T06:43:01.601+0000] {warnings.py:112} WARNING - /home/***/.local/lib/python3.12/site-packages/***/task/task_runner/standard_task_runner.py:70: DeprecationWarning: This process (pid=521) is multi-threaded, use of fork() may lead to deadlocks in the child.
  pid = os.fork()

[2026-09-17T06:43:01.603+0000] {standard_task_runner.py:72} INFO - Started process 522 to run task
[2026-09-17T06:43:01.604+0000] {standard_task_runner.py:104} INFO - Running: ['***', 'tasks', 'run', 'dag_isi_data_mart', 'insert_data_task', 'manual__2026-09-17T06:42:57.818784+00:00', '--job-id', '57', '--raw', '--subdir', 'DAGS_FOLDER/etl_to_datamart.py', '--cfg-path', '/tmp/tmp4qui8zs2']
[2026-09-17T06:43:01.605+0000] {standard_task_runner.py:105} INFO - Job 57: Subtask insert_data_task
[2026-09-17T06:43:01.656+0000] {task_command.py:467} INFO - Running <TaskInstance: dag_isi_data_mart.insert_data_task manual__2026-09-17T06:42:57.818784+00:00 [running]> on host b5c1d8ce61d3
[2026-09-17T06:43:01.747+0000] {taskinstance.py:3122} INFO - Exporting env vars: AIRFLOW_CTX_DAG_OWNER='***' AIRFLOW_CTX_DAG_ID='dag_isi_data_mart' AIRFLOW_CTX_TASK_ID='insert_data_task' AIRFLOW_CTX_EXECUTION_DATE='2026-09-17T06:42:57.818784+00:00' AIRFLOW_CTX_TRY_NUMBER='1' AIRFLOW_CTX_DAG_RUN_ID='manual__2026-09-17T06:42:57.818784+00:00'
[2026-09-17T06:43:01.748+0000] {taskinstance.py:731} INFO - ::endgroup::
[2026-09-17T06:43:01.761+0000] {sql.py:282} INFO - Executing: 
        INSERT INTO data_mart.penjualan (produk, jumlah) VALUES 
        ('Laptop', 1),
        ('Mouse', 5),
        ('Keyboard', 3);
        
[2026-09-17T06:43:01.772+0000] {base.py:84} INFO - Retrieving connection 'postgres_data_mart'
[2026-09-17T06:43:01.784+0000] {base.py:84} INFO - Retrieving connection 'postgres_data_mart'
[2026-09-17T06:43:01.789+0000] {sql.py:509} INFO - Running statement: 
        INSERT INTO data_mart.penjualan (produk, jumlah) VALUES 
        ('Laptop', 1),
        ('Mouse', 5),
        ('Keyboard', 3);
        , parameters: None
[2026-09-17T06:43:01.793+0000] {sql.py:518} INFO - Rows affected: 3
[2026-09-17T06:43:01.808+0000] {taskinstance.py:340} INFO - ::group::Post task execution logs
[2026-09-17T06:43:01.808+0000] {taskinstance.py:352} INFO - Marking task as SUCCESS. dag_id=dag_isi_data_mart, task_id=insert_data_task, run_id=manual__2026-09-17T06:42:57.818784+00:00, execution_date=20260917T064257, start_date=20260917T064301, end_date=20260917T064301
[2026-09-17T06:43:01.867+0000] {local_task_job_runner.py:261} INFO - Task exited with return code 0
[2026-09-17T06:43:01.885+0000] {taskinstance.py:3891} INFO - 0 downstream tasks scheduled from follow-on schedule check
[2026-09-17T06:43:01.886+0000] {local_task_job_runner.py:240} INFO - ::endgroup::
