[2026-06-28T11:01:35.164+0000] {processor.py:186} INFO - Started process (PID=33) to work on /home/airflow/.local/lib/python3.12/site-packages/airflow/example_dags/example_branch_operator.py
[2026-06-28T11:01:35.166+0000] {processor.py:914} INFO - Processing file /home/airflow/.local/lib/python3.12/site-packages/airflow/example_dags/example_branch_operator.py for tasks to queue
[2026-06-28T11:01:35.175+0000] {logging_mixin.py:190} INFO - [2026-06-28T11:01:35.173+0000] {dagbag.py:587} INFO - Filling up the DagBag from /home/airflow/.local/lib/python3.12/site-packages/airflow/example_dags/example_branch_operator.py
[2026-06-28T11:01:35.214+0000] {processor.py:925} INFO - DAG(s) 'example_branch_operator' retrieved from /home/airflow/.local/lib/python3.12/site-packages/airflow/example_dags/example_branch_operator.py
[2026-06-28T11:01:35.344+0000] {logging_mixin.py:190} INFO - [2026-06-28T11:01:35.343+0000] {override.py:1858} INFO - Created Permission View: can edit on DAG:example_branch_operator
[2026-06-28T11:01:35.353+0000] {logging_mixin.py:190} INFO - [2026-06-28T11:01:35.352+0000] {override.py:1858} INFO - Created Permission View: can delete on DAG:example_branch_operator
[2026-06-28T11:01:35.357+0000] {logging_mixin.py:190} INFO - [2026-06-28T11:01:35.357+0000] {override.py:1858} INFO - Created Permission View: can read on DAG:example_branch_operator
[2026-06-28T11:01:35.358+0000] {logging_mixin.py:190} INFO - [2026-06-28T11:01:35.358+0000] {dag.py:3211} INFO - Sync 1 DAGs
[2026-06-28T11:01:35.368+0000] {logging_mixin.py:190} INFO - [2026-06-28T11:01:35.368+0000] {dag.py:3234} INFO - Creating ORM DAG for example_branch_operator
[2026-06-28T11:01:35.378+0000] {logging_mixin.py:190} INFO - [2026-06-28T11:01:35.378+0000] {dag.py:4138} INFO - Setting next_dagrun for example_branch_operator to 2026-06-27 00:00:00+00:00, run_after=2026-06-28 00:00:00+00:00
[2026-06-28T11:01:35.394+0000] {processor.py:208} INFO - Processing /home/airflow/.local/lib/python3.12/site-packages/airflow/example_dags/example_branch_operator.py took 0.236 seconds
[2026-06-28T11:02:05.600+0000] {processor.py:186} INFO - Started process (PID=95) to work on /home/airflow/.local/lib/python3.12/site-packages/airflow/example_dags/example_branch_operator.py
[2026-06-28T11:02:05.601+0000] {processor.py:914} INFO - Processing file /home/airflow/.local/lib/python3.12/site-packages/airflow/example_dags/example_branch_operator.py for tasks to queue
[2026-06-28T11:02:05.603+0000] {logging_mixin.py:190} INFO - [2026-06-28T11:02:05.603+0000] {dagbag.py:587} INFO - Filling up the DagBag from /home/airflow/.local/lib/python3.12/site-packages/airflow/example_dags/example_branch_operator.py
[2026-06-28T11:02:05.619+0000] {processor.py:925} INFO - DAG(s) 'example_branch_operator' retrieved from /home/airflow/.local/lib/python3.12/site-packages/airflow/example_dags/example_branch_operator.py
[2026-06-28T11:02:05.650+0000] {logging_mixin.py:190} INFO - [2026-06-28T11:02:05.649+0000] {dag.py:3211} INFO - Sync 1 DAGs
[2026-06-28T11:02:05.673+0000] {logging_mixin.py:190} INFO - [2026-06-28T11:02:05.672+0000] {dag.py:4138} INFO - Setting next_dagrun for example_branch_operator to 2026-06-27 00:00:00+00:00, run_after=2026-06-28 00:00:00+00:00
[2026-06-28T11:02:05.691+0000] {processor.py:208} INFO - Processing /home/airflow/.local/lib/python3.12/site-packages/airflow/example_dags/example_branch_operator.py took 0.096 seconds
[2026-06-28T11:02:36.256+0000] {processor.py:186} INFO - Started process (PID=157) to work on /home/airflow/.local/lib/python3.12/site-packages/airflow/example_dags/example_branch_operator.py
[2026-06-28T11:02:36.257+0000] {processor.py:914} INFO - Processing file /home/airflow/.local/lib/python3.12/site-packages/airflow/example_dags/example_branch_operator.py for tasks to queue
[2026-06-28T11:02:36.259+0000] {logging_mixin.py:190} INFO - [2026-06-28T11:02:36.259+0000] {dagbag.py:587} INFO - Filling up the DagBag from /home/airflow/.local/lib/python3.12/site-packages/airflow/example_dags/example_branch_operator.py
[2026-06-28T11:02:36.275+0000] {processor.py:925} INFO - DAG(s) 'example_branch_operator' retrieved from /home/airflow/.local/lib/python3.12/site-packages/airflow/example_dags/example_branch_operator.py
[2026-06-28T11:02:36.304+0000] {logging_mixin.py:190} INFO - [2026-06-28T11:02:36.303+0000] {dag.py:3211} INFO - Sync 1 DAGs
[2026-06-28T11:02:36.324+0000] {logging_mixin.py:190} INFO - [2026-06-28T11:02:36.324+0000] {dag.py:4138} INFO - Setting next_dagrun for example_branch_operator to 2026-06-27 00:00:00+00:00, run_after=2026-06-28 00:00:00+00:00
[2026-06-28T11:02:36.341+0000] {processor.py:208} INFO - Processing /home/airflow/.local/lib/python3.12/site-packages/airflow/example_dags/example_branch_operator.py took 0.089 seconds
[2026-06-28T11:03:07.026+0000] {processor.py:186} INFO - Started process (PID=219) to work on /home/airflow/.local/lib/python3.12/site-packages/airflow/example_dags/example_branch_operator.py
[2026-06-28T11:03:07.027+0000] {processor.py:914} INFO - Processing file /home/airflow/.local/lib/python3.12/site-packages/airflow/example_dags/example_branch_operator.py for tasks to queue
[2026-06-28T11:03:07.029+0000] {logging_mixin.py:190} INFO - [2026-06-28T11:03:07.029+0000] {dagbag.py:587} INFO - Filling up the DagBag from /home/airflow/.local/lib/python3.12/site-packages/airflow/example_dags/example_branch_operator.py
[2026-06-28T11:03:07.048+0000] {processor.py:925} INFO - DAG(s) 'example_branch_operator' retrieved from /home/airflow/.local/lib/python3.12/site-packages/airflow/example_dags/example_branch_operator.py
[2026-06-28T11:03:07.080+0000] {logging_mixin.py:190} INFO - [2026-06-28T11:03:07.080+0000] {dag.py:3211} INFO - Sync 1 DAGs
[2026-06-28T11:03:07.102+0000] {logging_mixin.py:190} INFO - [2026-06-28T11:03:07.102+0000] {dag.py:4138} INFO - Setting next_dagrun for example_branch_operator to 2026-06-27 00:00:00+00:00, run_after=2026-06-28 00:00:00+00:00
[2026-06-28T11:03:07.123+0000] {processor.py:208} INFO - Processing /home/airflow/.local/lib/python3.12/site-packages/airflow/example_dags/example_branch_operator.py took 0.103 seconds
[2026-06-28T11:03:37.707+0000] {processor.py:186} INFO - Started process (PID=281) to work on /home/airflow/.local/lib/python3.12/site-packages/airflow/example_dags/example_branch_operator.py
[2026-06-28T11:03:37.708+0000] {processor.py:914} INFO - Processing file /home/airflow/.local/lib/python3.12/site-packages/airflow/example_dags/example_branch_operator.py for tasks to queue
[2026-06-28T11:03:37.710+0000] {logging_mixin.py:190} INFO - [2026-06-28T11:03:37.710+0000] {dagbag.py:587} INFO - Filling up the DagBag from /home/airflow/.local/lib/python3.12/site-packages/airflow/example_dags/example_branch_operator.py
[2026-06-28T11:03:37.730+0000] {processor.py:925} INFO - DAG(s) 'example_branch_operator' retrieved from /home/airflow/.local/lib/python3.12/site-packages/airflow/example_dags/example_branch_operator.py
[2026-06-28T11:03:37.763+0000] {logging_mixin.py:190} INFO - [2026-06-28T11:03:37.762+0000] {dag.py:3211} INFO - Sync 1 DAGs
[2026-06-28T11:03:37.786+0000] {logging_mixin.py:190} INFO - [2026-06-28T11:03:37.786+0000] {dag.py:4138} INFO - Setting next_dagrun for example_branch_operator to 2026-06-27 00:00:00+00:00, run_after=2026-06-28 00:00:00+00:00
[2026-06-28T11:03:37.805+0000] {processor.py:208} INFO - Processing /home/airflow/.local/lib/python3.12/site-packages/airflow/example_dags/example_branch_operator.py took 0.107 seconds
[2026-06-28T11:04:08.113+0000] {processor.py:186} INFO - Started process (PID=343) to work on /home/airflow/.local/lib/python3.12/site-packages/airflow/example_dags/example_branch_operator.py
[2026-06-28T11:04:08.115+0000] {processor.py:914} INFO - Processing file /home/airflow/.local/lib/python3.12/site-packages/airflow/example_dags/example_branch_operator.py for tasks to queue
[2026-06-28T11:04:08.117+0000] {logging_mixin.py:190} INFO - [2026-06-28T11:04:08.117+0000] {dagbag.py:587} INFO - Filling up the DagBag from /home/airflow/.local/lib/python3.12/site-packages/airflow/example_dags/example_branch_operator.py
[2026-06-28T11:04:08.138+0000] {processor.py:925} INFO - DAG(s) 'example_branch_operator' retrieved from /home/airflow/.local/lib/python3.12/site-packages/airflow/example_dags/example_branch_operator.py
[2026-06-28T11:04:08.174+0000] {logging_mixin.py:190} INFO - [2026-06-28T11:04:08.173+0000] {dag.py:3211} INFO - Sync 1 DAGs
[2026-06-28T11:04:08.204+0000] {logging_mixin.py:190} INFO - [2026-06-28T11:04:08.204+0000] {dag.py:4138} INFO - Setting next_dagrun for example_branch_operator to 2026-06-27 00:00:00+00:00, run_after=2026-06-28 00:00:00+00:00
[2026-06-28T11:04:08.225+0000] {processor.py:208} INFO - Processing /home/airflow/.local/lib/python3.12/site-packages/airflow/example_dags/example_branch_operator.py took 0.119 seconds
[2026-06-28T11:04:38.906+0000] {processor.py:186} INFO - Started process (PID=405) to work on /home/airflow/.local/lib/python3.12/site-packages/airflow/example_dags/example_branch_operator.py
[2026-06-28T11:04:38.907+0000] {processor.py:914} INFO - Processing file /home/airflow/.local/lib/python3.12/site-packages/airflow/example_dags/example_branch_operator.py for tasks to queue
[2026-06-28T11:04:38.910+0000] {logging_mixin.py:190} INFO - [2026-06-28T11:04:38.910+0000] {dagbag.py:587} INFO - Filling up the DagBag from /home/airflow/.local/lib/python3.12/site-packages/airflow/example_dags/example_branch_operator.py
[2026-06-28T11:04:38.934+0000] {processor.py:925} INFO - DAG(s) 'example_branch_operator' retrieved from /home/airflow/.local/lib/python3.12/site-packages/airflow/example_dags/example_branch_operator.py
[2026-06-28T11:04:38.973+0000] {logging_mixin.py:190} INFO - [2026-06-28T11:04:38.973+0000] {dag.py:3211} INFO - Sync 1 DAGs
[2026-06-28T11:04:39.001+0000] {logging_mixin.py:190} INFO - [2026-06-28T11:04:39.001+0000] {dag.py:4138} INFO - Setting next_dagrun for example_branch_operator to 2026-06-27 00:00:00+00:00, run_after=2026-06-28 00:00:00+00:00
[2026-06-28T11:04:39.025+0000] {processor.py:208} INFO - Processing /home/airflow/.local/lib/python3.12/site-packages/airflow/example_dags/example_branch_operator.py took 0.127 seconds
[2026-06-28T11:05:09.945+0000] {processor.py:186} INFO - Started process (PID=467) to work on /home/airflow/.local/lib/python3.12/site-packages/airflow/example_dags/example_branch_operator.py
[2026-06-28T11:05:09.947+0000] {processor.py:914} INFO - Processing file /home/airflow/.local/lib/python3.12/site-packages/airflow/example_dags/example_branch_operator.py for tasks to queue
[2026-06-28T11:05:09.949+0000] {logging_mixin.py:190} INFO - [2026-06-28T11:05:09.949+0000] {dagbag.py:587} INFO - Filling up the DagBag from /home/airflow/.local/lib/python3.12/site-packages/airflow/example_dags/example_branch_operator.py
[2026-06-28T11:05:09.979+0000] {processor.py:925} INFO - DAG(s) 'example_branch_operator' retrieved from /home/airflow/.local/lib/python3.12/site-packages/airflow/example_dags/example_branch_operator.py
[2026-06-28T11:05:10.050+0000] {logging_mixin.py:190} INFO - [2026-06-28T11:05:10.049+0000] {dag.py:3211} INFO - Sync 1 DAGs
[2026-06-28T11:05:10.081+0000] {logging_mixin.py:190} INFO - [2026-06-28T11:05:10.081+0000] {dag.py:4138} INFO - Setting next_dagrun for example_branch_operator to 2026-06-27 00:00:00+00:00, run_after=2026-06-28 00:00:00+00:00
[2026-06-28T11:05:10.102+0000] {processor.py:208} INFO - Processing /home/airflow/.local/lib/python3.12/site-packages/airflow/example_dags/example_branch_operator.py took 0.169 seconds
[2026-06-28T11:05:40.839+0000] {processor.py:186} INFO - Started process (PID=529) to work on /home/airflow/.local/lib/python3.12/site-packages/airflow/example_dags/example_branch_operator.py
[2026-06-28T11:05:40.840+0000] {processor.py:914} INFO - Processing file /home/airflow/.local/lib/python3.12/site-packages/airflow/example_dags/example_branch_operator.py for tasks to queue
[2026-06-28T11:05:40.843+0000] {logging_mixin.py:190} INFO - [2026-06-28T11:05:40.842+0000] {dagbag.py:587} INFO - Filling up the DagBag from /home/airflow/.local/lib/python3.12/site-packages/airflow/example_dags/example_branch_operator.py
[2026-06-28T11:05:40.867+0000] {processor.py:925} INFO - DAG(s) 'example_branch_operator' retrieved from /home/airflow/.local/lib/python3.12/site-packages/airflow/example_dags/example_branch_operator.py
[2026-06-28T11:05:40.903+0000] {logging_mixin.py:190} INFO - [2026-06-28T11:05:40.903+0000] {dag.py:3211} INFO - Sync 1 DAGs
[2026-06-28T11:05:40.929+0000] {logging_mixin.py:190} INFO - [2026-06-28T11:05:40.929+0000] {dag.py:4138} INFO - Setting next_dagrun for example_branch_operator to 2026-06-27 00:00:00+00:00, run_after=2026-06-28 00:00:00+00:00
[2026-06-28T11:05:40.955+0000] {processor.py:208} INFO - Processing /home/airflow/.local/lib/python3.12/site-packages/airflow/example_dags/example_branch_operator.py took 0.122 seconds
[2026-06-28T11:06:11.558+0000] {processor.py:186} INFO - Started process (PID=590) to work on /home/airflow/.local/lib/python3.12/site-packages/airflow/example_dags/example_branch_operator.py
[2026-06-28T11:06:11.559+0000] {processor.py:914} INFO - Processing file /home/airflow/.local/lib/python3.12/site-packages/airflow/example_dags/example_branch_operator.py for tasks to queue
[2026-06-28T11:06:11.561+0000] {logging_mixin.py:190} INFO - [2026-06-28T11:06:11.561+0000] {dagbag.py:587} INFO - Filling up the DagBag from /home/airflow/.local/lib/python3.12/site-packages/airflow/example_dags/example_branch_operator.py
[2026-06-28T11:06:11.581+0000] {processor.py:925} INFO - DAG(s) 'example_branch_operator' retrieved from /home/airflow/.local/lib/python3.12/site-packages/airflow/example_dags/example_branch_operator.py
[2026-06-28T11:06:11.615+0000] {logging_mixin.py:190} INFO - [2026-06-28T11:06:11.614+0000] {dag.py:3211} INFO - Sync 1 DAGs
[2026-06-28T11:06:11.641+0000] {logging_mixin.py:190} INFO - [2026-06-28T11:06:11.641+0000] {dag.py:4138} INFO - Setting next_dagrun for example_branch_operator to 2026-06-27 00:00:00+00:00, run_after=2026-06-28 00:00:00+00:00
[2026-06-28T11:06:11.662+0000] {processor.py:208} INFO - Processing /home/airflow/.local/lib/python3.12/site-packages/airflow/example_dags/example_branch_operator.py took 0.110 seconds
[2026-06-28T11:06:41.867+0000] {processor.py:186} INFO - Started process (PID=652) to work on /home/airflow/.local/lib/python3.12/site-packages/airflow/example_dags/example_branch_operator.py
[2026-06-28T11:06:41.869+0000] {processor.py:914} INFO - Processing file /home/airflow/.local/lib/python3.12/site-packages/airflow/example_dags/example_branch_operator.py for tasks to queue
[2026-06-28T11:06:41.871+0000] {logging_mixin.py:190} INFO - [2026-06-28T11:06:41.871+0000] {dagbag.py:587} INFO - Filling up the DagBag from /home/airflow/.local/lib/python3.12/site-packages/airflow/example_dags/example_branch_operator.py
[2026-06-28T11:06:41.896+0000] {processor.py:925} INFO - DAG(s) 'example_branch_operator' retrieved from /home/airflow/.local/lib/python3.12/site-packages/airflow/example_dags/example_branch_operator.py
[2026-06-28T11:06:41.952+0000] {logging_mixin.py:190} INFO - [2026-06-28T11:06:41.951+0000] {dag.py:3211} INFO - Sync 1 DAGs
[2026-06-28T11:06:41.988+0000] {logging_mixin.py:190} INFO - [2026-06-28T11:06:41.988+0000] {dag.py:4138} INFO - Setting next_dagrun for example_branch_operator to 2026-06-27 00:00:00+00:00, run_after=2026-06-28 00:00:00+00:00
[2026-06-28T11:06:42.013+0000] {processor.py:208} INFO - Processing /home/airflow/.local/lib/python3.12/site-packages/airflow/example_dags/example_branch_operator.py took 0.153 seconds
[2026-06-28T11:07:12.534+0000] {processor.py:186} INFO - Started process (PID=714) to work on /home/airflow/.local/lib/python3.12/site-packages/airflow/example_dags/example_branch_operator.py
[2026-06-28T11:07:12.535+0000] {processor.py:914} INFO - Processing file /home/airflow/.local/lib/python3.12/site-packages/airflow/example_dags/example_branch_operator.py for tasks to queue
[2026-06-28T11:07:12.538+0000] {logging_mixin.py:190} INFO - [2026-06-28T11:07:12.537+0000] {dagbag.py:587} INFO - Filling up the DagBag from /home/airflow/.local/lib/python3.12/site-packages/airflow/example_dags/example_branch_operator.py
[2026-06-28T11:07:12.556+0000] {processor.py:925} INFO - DAG(s) 'example_branch_operator' retrieved from /home/airflow/.local/lib/python3.12/site-packages/airflow/example_dags/example_branch_operator.py
[2026-06-28T11:07:12.589+0000] {logging_mixin.py:190} INFO - [2026-06-28T11:07:12.589+0000] {dag.py:3211} INFO - Sync 1 DAGs
[2026-06-28T11:07:12.617+0000] {logging_mixin.py:190} INFO - [2026-06-28T11:07:12.617+0000] {dag.py:4138} INFO - Setting next_dagrun for example_branch_operator to 2026-06-27 00:00:00+00:00, run_after=2026-06-28 00:00:00+00:00
[2026-06-28T11:07:12.642+0000] {processor.py:208} INFO - Processing /home/airflow/.local/lib/python3.12/site-packages/airflow/example_dags/example_branch_operator.py took 0.113 seconds
[2026-06-28T11:07:43.069+0000] {processor.py:186} INFO - Started process (PID=776) to work on /home/airflow/.local/lib/python3.12/site-packages/airflow/example_dags/example_branch_operator.py
[2026-06-28T11:07:43.070+0000] {processor.py:914} INFO - Processing file /home/airflow/.local/lib/python3.12/site-packages/airflow/example_dags/example_branch_operator.py for tasks to queue
[2026-06-28T11:07:43.073+0000] {logging_mixin.py:190} INFO - [2026-06-28T11:07:43.073+0000] {dagbag.py:587} INFO - Filling up the DagBag from /home/airflow/.local/lib/python3.12/site-packages/airflow/example_dags/example_branch_operator.py
[2026-06-28T11:07:43.095+0000] {processor.py:925} INFO - DAG(s) 'example_branch_operator' retrieved from /home/airflow/.local/lib/python3.12/site-packages/airflow/example_dags/example_branch_operator.py
[2026-06-28T11:07:43.133+0000] {logging_mixin.py:190} INFO - [2026-06-28T11:07:43.133+0000] {dag.py:3211} INFO - Sync 1 DAGs
[2026-06-28T11:07:43.161+0000] {logging_mixin.py:190} INFO - [2026-06-28T11:07:43.161+0000] {dag.py:4138} INFO - Setting next_dagrun for example_branch_operator to 2026-06-27 00:00:00+00:00, run_after=2026-06-28 00:00:00+00:00
[2026-06-28T11:07:43.181+0000] {processor.py:208} INFO - Processing /home/airflow/.local/lib/python3.12/site-packages/airflow/example_dags/example_branch_operator.py took 0.118 seconds
[2026-06-28T11:08:13.548+0000] {processor.py:186} INFO - Started process (PID=838) to work on /home/airflow/.local/lib/python3.12/site-packages/airflow/example_dags/example_branch_operator.py
[2026-06-28T11:08:13.550+0000] {processor.py:914} INFO - Processing file /home/airflow/.local/lib/python3.12/site-packages/airflow/example_dags/example_branch_operator.py for tasks to queue
[2026-06-28T11:08:13.552+0000] {logging_mixin.py:190} INFO - [2026-06-28T11:08:13.552+0000] {dagbag.py:587} INFO - Filling up the DagBag from /home/airflow/.local/lib/python3.12/site-packages/airflow/example_dags/example_branch_operator.py
[2026-06-28T11:08:13.576+0000] {processor.py:925} INFO - DAG(s) 'example_branch_operator' retrieved from /home/airflow/.local/lib/python3.12/site-packages/airflow/example_dags/example_branch_operator.py
[2026-06-28T11:08:13.618+0000] {logging_mixin.py:190} INFO - [2026-06-28T11:08:13.617+0000] {dag.py:3211} INFO - Sync 1 DAGs
[2026-06-28T11:08:13.650+0000] {logging_mixin.py:190} INFO - [2026-06-28T11:08:13.650+0000] {dag.py:4138} INFO - Setting next_dagrun for example_branch_operator to 2026-06-27 00:00:00+00:00, run_after=2026-06-28 00:00:00+00:00
[2026-06-28T11:08:13.671+0000] {processor.py:208} INFO - Processing /home/airflow/.local/lib/python3.12/site-packages/airflow/example_dags/example_branch_operator.py took 0.131 seconds
