[2026-06-28T11:01:34.131+0000] {processor.py:186} INFO - Started process (PID=28) to work on /home/airflow/.local/lib/python3.12/site-packages/airflow/example_dags/example_bash_decorator.py
[2026-06-28T11:01:34.132+0000] {processor.py:914} INFO - Processing file /home/airflow/.local/lib/python3.12/site-packages/airflow/example_dags/example_bash_decorator.py for tasks to queue
[2026-06-28T11:01:34.134+0000] {logging_mixin.py:190} INFO - [2026-06-28T11:01:34.134+0000] {dagbag.py:587} INFO - Filling up the DagBag from /home/airflow/.local/lib/python3.12/site-packages/airflow/example_dags/example_bash_decorator.py
[2026-06-28T11:01:34.225+0000] {processor.py:925} INFO - DAG(s) 'example_bash_decorator' retrieved from /home/airflow/.local/lib/python3.12/site-packages/airflow/example_dags/example_bash_decorator.py
[2026-06-28T11:01:34.505+0000] {logging_mixin.py:190} INFO - [2026-06-28T11:01:34.504+0000] {override.py:1858} INFO - Created Permission View: can edit on DAG:example_bash_decorator
[2026-06-28T11:01:34.514+0000] {logging_mixin.py:190} INFO - [2026-06-28T11:01:34.513+0000] {override.py:1858} INFO - Created Permission View: can delete on DAG:example_bash_decorator
[2026-06-28T11:01:34.519+0000] {logging_mixin.py:190} INFO - [2026-06-28T11:01:34.519+0000] {override.py:1858} INFO - Created Permission View: can read on DAG:example_bash_decorator
[2026-06-28T11:01:34.519+0000] {logging_mixin.py:190} INFO - [2026-06-28T11:01:34.519+0000] {dag.py:3211} INFO - Sync 1 DAGs
[2026-06-28T11:01:34.533+0000] {logging_mixin.py:190} INFO - [2026-06-28T11:01:34.533+0000] {dag.py:3234} INFO - Creating ORM DAG for example_bash_decorator
[2026-06-28T11:01:34.534+0000] {logging_mixin.py:190} INFO - [2026-06-28T11:01:34.533+0000] {dag.py:4138} INFO - Setting next_dagrun for example_bash_decorator to None, run_after=None
[2026-06-28T11:01:34.582+0000] {processor.py:208} INFO - Processing /home/airflow/.local/lib/python3.12/site-packages/airflow/example_dags/example_bash_decorator.py took 0.456 seconds
[2026-06-28T11:02:05.244+0000] {processor.py:186} INFO - Started process (PID=90) to work on /home/airflow/.local/lib/python3.12/site-packages/airflow/example_dags/example_bash_decorator.py
[2026-06-28T11:02:05.246+0000] {processor.py:914} INFO - Processing file /home/airflow/.local/lib/python3.12/site-packages/airflow/example_dags/example_bash_decorator.py for tasks to queue
[2026-06-28T11:02:05.248+0000] {logging_mixin.py:190} INFO - [2026-06-28T11:02:05.247+0000] {dagbag.py:587} INFO - Filling up the DagBag from /home/airflow/.local/lib/python3.12/site-packages/airflow/example_dags/example_bash_decorator.py
[2026-06-28T11:02:05.265+0000] {processor.py:925} INFO - DAG(s) 'example_bash_decorator' retrieved from /home/airflow/.local/lib/python3.12/site-packages/airflow/example_dags/example_bash_decorator.py
[2026-06-28T11:02:05.291+0000] {logging_mixin.py:190} INFO - [2026-06-28T11:02:05.290+0000] {dag.py:3211} INFO - Sync 1 DAGs
[2026-06-28T11:02:05.304+0000] {logging_mixin.py:190} INFO - [2026-06-28T11:02:05.304+0000] {dag.py:4138} INFO - Setting next_dagrun for example_bash_decorator to None, run_after=None
[2026-06-28T11:02:05.321+0000] {processor.py:208} INFO - Processing /home/airflow/.local/lib/python3.12/site-packages/airflow/example_dags/example_bash_decorator.py took 0.082 seconds
[2026-06-28T11:02:35.916+0000] {processor.py:186} INFO - Started process (PID=152) to work on /home/airflow/.local/lib/python3.12/site-packages/airflow/example_dags/example_bash_decorator.py
[2026-06-28T11:02:35.917+0000] {processor.py:914} INFO - Processing file /home/airflow/.local/lib/python3.12/site-packages/airflow/example_dags/example_bash_decorator.py for tasks to queue
[2026-06-28T11:02:35.919+0000] {logging_mixin.py:190} INFO - [2026-06-28T11:02:35.919+0000] {dagbag.py:587} INFO - Filling up the DagBag from /home/airflow/.local/lib/python3.12/site-packages/airflow/example_dags/example_bash_decorator.py
[2026-06-28T11:02:35.939+0000] {processor.py:925} INFO - DAG(s) 'example_bash_decorator' retrieved from /home/airflow/.local/lib/python3.12/site-packages/airflow/example_dags/example_bash_decorator.py
[2026-06-28T11:02:35.965+0000] {logging_mixin.py:190} INFO - [2026-06-28T11:02:35.965+0000] {dag.py:3211} INFO - Sync 1 DAGs
[2026-06-28T11:02:35.985+0000] {logging_mixin.py:190} INFO - [2026-06-28T11:02:35.985+0000] {dag.py:4138} INFO - Setting next_dagrun for example_bash_decorator to None, run_after=None
[2026-06-28T11:02:36.012+0000] {processor.py:208} INFO - Processing /home/airflow/.local/lib/python3.12/site-packages/airflow/example_dags/example_bash_decorator.py took 0.101 seconds
[2026-06-28T11:03:06.792+0000] {processor.py:186} INFO - Started process (PID=214) to work on /home/airflow/.local/lib/python3.12/site-packages/airflow/example_dags/example_bash_decorator.py
[2026-06-28T11:03:06.793+0000] {processor.py:914} INFO - Processing file /home/airflow/.local/lib/python3.12/site-packages/airflow/example_dags/example_bash_decorator.py for tasks to queue
[2026-06-28T11:03:06.798+0000] {logging_mixin.py:190} INFO - [2026-06-28T11:03:06.795+0000] {dagbag.py:587} INFO - Filling up the DagBag from /home/airflow/.local/lib/python3.12/site-packages/airflow/example_dags/example_bash_decorator.py
[2026-06-28T11:03:06.817+0000] {processor.py:925} INFO - DAG(s) 'example_bash_decorator' retrieved from /home/airflow/.local/lib/python3.12/site-packages/airflow/example_dags/example_bash_decorator.py
[2026-06-28T11:03:06.848+0000] {logging_mixin.py:190} INFO - [2026-06-28T11:03:06.847+0000] {dag.py:3211} INFO - Sync 1 DAGs
[2026-06-28T11:03:06.859+0000] {logging_mixin.py:190} INFO - [2026-06-28T11:03:06.859+0000] {dag.py:4138} INFO - Setting next_dagrun for example_bash_decorator to None, run_after=None
[2026-06-28T11:03:06.879+0000] {processor.py:208} INFO - Processing /home/airflow/.local/lib/python3.12/site-packages/airflow/example_dags/example_bash_decorator.py took 0.092 seconds
[2026-06-28T11:03:37.207+0000] {processor.py:186} INFO - Started process (PID=276) to work on /home/airflow/.local/lib/python3.12/site-packages/airflow/example_dags/example_bash_decorator.py
[2026-06-28T11:03:37.208+0000] {processor.py:914} INFO - Processing file /home/airflow/.local/lib/python3.12/site-packages/airflow/example_dags/example_bash_decorator.py for tasks to queue
[2026-06-28T11:03:37.211+0000] {logging_mixin.py:190} INFO - [2026-06-28T11:03:37.211+0000] {dagbag.py:587} INFO - Filling up the DagBag from /home/airflow/.local/lib/python3.12/site-packages/airflow/example_dags/example_bash_decorator.py
[2026-06-28T11:03:37.257+0000] {processor.py:925} INFO - DAG(s) 'example_bash_decorator' retrieved from /home/airflow/.local/lib/python3.12/site-packages/airflow/example_dags/example_bash_decorator.py
[2026-06-28T11:03:37.301+0000] {logging_mixin.py:190} INFO - [2026-06-28T11:03:37.301+0000] {dag.py:3211} INFO - Sync 1 DAGs
[2026-06-28T11:03:37.338+0000] {logging_mixin.py:190} INFO - [2026-06-28T11:03:37.337+0000] {dag.py:4138} INFO - Setting next_dagrun for example_bash_decorator to None, run_after=None
[2026-06-28T11:03:37.372+0000] {processor.py:208} INFO - Processing /home/airflow/.local/lib/python3.12/site-packages/airflow/example_dags/example_bash_decorator.py took 0.173 seconds
[2026-06-28T11:04:07.676+0000] {processor.py:186} INFO - Started process (PID=338) to work on /home/airflow/.local/lib/python3.12/site-packages/airflow/example_dags/example_bash_decorator.py
[2026-06-28T11:04:07.677+0000] {processor.py:914} INFO - Processing file /home/airflow/.local/lib/python3.12/site-packages/airflow/example_dags/example_bash_decorator.py for tasks to queue
[2026-06-28T11:04:07.681+0000] {logging_mixin.py:190} INFO - [2026-06-28T11:04:07.681+0000] {dagbag.py:587} INFO - Filling up the DagBag from /home/airflow/.local/lib/python3.12/site-packages/airflow/example_dags/example_bash_decorator.py
[2026-06-28T11:04:07.714+0000] {processor.py:925} INFO - DAG(s) 'example_bash_decorator' retrieved from /home/airflow/.local/lib/python3.12/site-packages/airflow/example_dags/example_bash_decorator.py
[2026-06-28T11:04:07.745+0000] {logging_mixin.py:190} INFO - [2026-06-28T11:04:07.745+0000] {dag.py:3211} INFO - Sync 1 DAGs
[2026-06-28T11:04:07.765+0000] {logging_mixin.py:190} INFO - [2026-06-28T11:04:07.764+0000] {dag.py:4138} INFO - Setting next_dagrun for example_bash_decorator to None, run_after=None
[2026-06-28T11:04:07.793+0000] {processor.py:208} INFO - Processing /home/airflow/.local/lib/python3.12/site-packages/airflow/example_dags/example_bash_decorator.py took 0.125 seconds
[2026-06-28T11:04:38.375+0000] {processor.py:186} INFO - Started process (PID=400) to work on /home/airflow/.local/lib/python3.12/site-packages/airflow/example_dags/example_bash_decorator.py
[2026-06-28T11:04:38.376+0000] {processor.py:914} INFO - Processing file /home/airflow/.local/lib/python3.12/site-packages/airflow/example_dags/example_bash_decorator.py for tasks to queue
[2026-06-28T11:04:38.379+0000] {logging_mixin.py:190} INFO - [2026-06-28T11:04:38.378+0000] {dagbag.py:587} INFO - Filling up the DagBag from /home/airflow/.local/lib/python3.12/site-packages/airflow/example_dags/example_bash_decorator.py
[2026-06-28T11:04:38.417+0000] {processor.py:925} INFO - DAG(s) 'example_bash_decorator' retrieved from /home/airflow/.local/lib/python3.12/site-packages/airflow/example_dags/example_bash_decorator.py
[2026-06-28T11:04:38.499+0000] {logging_mixin.py:190} INFO - [2026-06-28T11:04:38.498+0000] {dag.py:3211} INFO - Sync 1 DAGs
[2026-06-28T11:04:38.537+0000] {logging_mixin.py:190} INFO - [2026-06-28T11:04:38.536+0000] {dag.py:4138} INFO - Setting next_dagrun for example_bash_decorator to None, run_after=None
[2026-06-28T11:04:38.567+0000] {processor.py:208} INFO - Processing /home/airflow/.local/lib/python3.12/site-packages/airflow/example_dags/example_bash_decorator.py took 0.198 seconds
[2026-06-28T11:05:08.641+0000] {processor.py:186} INFO - Started process (PID=462) to work on /home/airflow/.local/lib/python3.12/site-packages/airflow/example_dags/example_bash_decorator.py
[2026-06-28T11:05:08.641+0000] {processor.py:914} INFO - Processing file /home/airflow/.local/lib/python3.12/site-packages/airflow/example_dags/example_bash_decorator.py for tasks to queue
[2026-06-28T11:05:08.644+0000] {logging_mixin.py:190} INFO - [2026-06-28T11:05:08.643+0000] {dagbag.py:587} INFO - Filling up the DagBag from /home/airflow/.local/lib/python3.12/site-packages/airflow/example_dags/example_bash_decorator.py
[2026-06-28T11:05:08.661+0000] {processor.py:925} INFO - DAG(s) 'example_bash_decorator' retrieved from /home/airflow/.local/lib/python3.12/site-packages/airflow/example_dags/example_bash_decorator.py
[2026-06-28T11:05:08.690+0000] {logging_mixin.py:190} INFO - [2026-06-28T11:05:08.689+0000] {dag.py:3211} INFO - Sync 1 DAGs
[2026-06-28T11:05:08.705+0000] {logging_mixin.py:190} INFO - [2026-06-28T11:05:08.705+0000] {dag.py:4138} INFO - Setting next_dagrun for example_bash_decorator to None, run_after=None
[2026-06-28T11:05:08.725+0000] {processor.py:208} INFO - Processing /home/airflow/.local/lib/python3.12/site-packages/airflow/example_dags/example_bash_decorator.py took 0.092 seconds
[2026-06-28T11:05:39.544+0000] {processor.py:186} INFO - Started process (PID=524) to work on /home/airflow/.local/lib/python3.12/site-packages/airflow/example_dags/example_bash_decorator.py
[2026-06-28T11:05:39.545+0000] {processor.py:914} INFO - Processing file /home/airflow/.local/lib/python3.12/site-packages/airflow/example_dags/example_bash_decorator.py for tasks to queue
[2026-06-28T11:05:39.547+0000] {logging_mixin.py:190} INFO - [2026-06-28T11:05:39.547+0000] {dagbag.py:587} INFO - Filling up the DagBag from /home/airflow/.local/lib/python3.12/site-packages/airflow/example_dags/example_bash_decorator.py
[2026-06-28T11:05:39.562+0000] {processor.py:925} INFO - DAG(s) 'example_bash_decorator' retrieved from /home/airflow/.local/lib/python3.12/site-packages/airflow/example_dags/example_bash_decorator.py
[2026-06-28T11:05:39.591+0000] {logging_mixin.py:190} INFO - [2026-06-28T11:05:39.590+0000] {dag.py:3211} INFO - Sync 1 DAGs
[2026-06-28T11:05:39.606+0000] {logging_mixin.py:190} INFO - [2026-06-28T11:05:39.606+0000] {dag.py:4138} INFO - Setting next_dagrun for example_bash_decorator to None, run_after=None
[2026-06-28T11:05:39.624+0000] {processor.py:208} INFO - Processing /home/airflow/.local/lib/python3.12/site-packages/airflow/example_dags/example_bash_decorator.py took 0.086 seconds
[2026-06-28T11:06:10.194+0000] {processor.py:186} INFO - Started process (PID=585) to work on /home/airflow/.local/lib/python3.12/site-packages/airflow/example_dags/example_bash_decorator.py
[2026-06-28T11:06:10.195+0000] {processor.py:914} INFO - Processing file /home/airflow/.local/lib/python3.12/site-packages/airflow/example_dags/example_bash_decorator.py for tasks to queue
[2026-06-28T11:06:10.197+0000] {logging_mixin.py:190} INFO - [2026-06-28T11:06:10.197+0000] {dagbag.py:587} INFO - Filling up the DagBag from /home/airflow/.local/lib/python3.12/site-packages/airflow/example_dags/example_bash_decorator.py
[2026-06-28T11:06:10.217+0000] {processor.py:925} INFO - DAG(s) 'example_bash_decorator' retrieved from /home/airflow/.local/lib/python3.12/site-packages/airflow/example_dags/example_bash_decorator.py
[2026-06-28T11:06:10.252+0000] {logging_mixin.py:190} INFO - [2026-06-28T11:06:10.252+0000] {dag.py:3211} INFO - Sync 1 DAGs
[2026-06-28T11:06:10.273+0000] {logging_mixin.py:190} INFO - [2026-06-28T11:06:10.272+0000] {dag.py:4138} INFO - Setting next_dagrun for example_bash_decorator to None, run_after=None
[2026-06-28T11:06:10.303+0000] {processor.py:208} INFO - Processing /home/airflow/.local/lib/python3.12/site-packages/airflow/example_dags/example_bash_decorator.py took 0.115 seconds
[2026-06-28T11:06:40.530+0000] {processor.py:186} INFO - Started process (PID=647) to work on /home/airflow/.local/lib/python3.12/site-packages/airflow/example_dags/example_bash_decorator.py
[2026-06-28T11:06:40.531+0000] {processor.py:914} INFO - Processing file /home/airflow/.local/lib/python3.12/site-packages/airflow/example_dags/example_bash_decorator.py for tasks to queue
[2026-06-28T11:06:40.534+0000] {logging_mixin.py:190} INFO - [2026-06-28T11:06:40.533+0000] {dagbag.py:587} INFO - Filling up the DagBag from /home/airflow/.local/lib/python3.12/site-packages/airflow/example_dags/example_bash_decorator.py
[2026-06-28T11:06:40.552+0000] {processor.py:925} INFO - DAG(s) 'example_bash_decorator' retrieved from /home/airflow/.local/lib/python3.12/site-packages/airflow/example_dags/example_bash_decorator.py
[2026-06-28T11:06:40.582+0000] {logging_mixin.py:190} INFO - [2026-06-28T11:06:40.581+0000] {dag.py:3211} INFO - Sync 1 DAGs
[2026-06-28T11:06:40.601+0000] {logging_mixin.py:190} INFO - [2026-06-28T11:06:40.601+0000] {dag.py:4138} INFO - Setting next_dagrun for example_bash_decorator to None, run_after=None
[2026-06-28T11:06:40.623+0000] {processor.py:208} INFO - Processing /home/airflow/.local/lib/python3.12/site-packages/airflow/example_dags/example_bash_decorator.py took 0.101 seconds
[2026-06-28T11:07:11.249+0000] {processor.py:186} INFO - Started process (PID=709) to work on /home/airflow/.local/lib/python3.12/site-packages/airflow/example_dags/example_bash_decorator.py
[2026-06-28T11:07:11.250+0000] {processor.py:914} INFO - Processing file /home/airflow/.local/lib/python3.12/site-packages/airflow/example_dags/example_bash_decorator.py for tasks to queue
[2026-06-28T11:07:11.253+0000] {logging_mixin.py:190} INFO - [2026-06-28T11:07:11.252+0000] {dagbag.py:587} INFO - Filling up the DagBag from /home/airflow/.local/lib/python3.12/site-packages/airflow/example_dags/example_bash_decorator.py
[2026-06-28T11:07:11.271+0000] {processor.py:925} INFO - DAG(s) 'example_bash_decorator' retrieved from /home/airflow/.local/lib/python3.12/site-packages/airflow/example_dags/example_bash_decorator.py
[2026-06-28T11:07:11.313+0000] {logging_mixin.py:190} INFO - [2026-06-28T11:07:11.313+0000] {dag.py:3211} INFO - Sync 1 DAGs
[2026-06-28T11:07:11.331+0000] {logging_mixin.py:190} INFO - [2026-06-28T11:07:11.331+0000] {dag.py:4138} INFO - Setting next_dagrun for example_bash_decorator to None, run_after=None
[2026-06-28T11:07:11.353+0000] {processor.py:208} INFO - Processing /home/airflow/.local/lib/python3.12/site-packages/airflow/example_dags/example_bash_decorator.py took 0.112 seconds
[2026-06-28T11:07:41.784+0000] {processor.py:186} INFO - Started process (PID=771) to work on /home/airflow/.local/lib/python3.12/site-packages/airflow/example_dags/example_bash_decorator.py
[2026-06-28T11:07:41.784+0000] {processor.py:914} INFO - Processing file /home/airflow/.local/lib/python3.12/site-packages/airflow/example_dags/example_bash_decorator.py for tasks to queue
[2026-06-28T11:07:41.786+0000] {logging_mixin.py:190} INFO - [2026-06-28T11:07:41.786+0000] {dagbag.py:587} INFO - Filling up the DagBag from /home/airflow/.local/lib/python3.12/site-packages/airflow/example_dags/example_bash_decorator.py
[2026-06-28T11:07:41.803+0000] {processor.py:925} INFO - DAG(s) 'example_bash_decorator' retrieved from /home/airflow/.local/lib/python3.12/site-packages/airflow/example_dags/example_bash_decorator.py
[2026-06-28T11:07:41.833+0000] {logging_mixin.py:190} INFO - [2026-06-28T11:07:41.832+0000] {dag.py:3211} INFO - Sync 1 DAGs
[2026-06-28T11:07:41.848+0000] {logging_mixin.py:190} INFO - [2026-06-28T11:07:41.848+0000] {dag.py:4138} INFO - Setting next_dagrun for example_bash_decorator to None, run_after=None
[2026-06-28T11:07:41.869+0000] {processor.py:208} INFO - Processing /home/airflow/.local/lib/python3.12/site-packages/airflow/example_dags/example_bash_decorator.py took 0.092 seconds
[2026-06-28T11:08:12.098+0000] {processor.py:186} INFO - Started process (PID=833) to work on /home/airflow/.local/lib/python3.12/site-packages/airflow/example_dags/example_bash_decorator.py
[2026-06-28T11:08:12.099+0000] {processor.py:914} INFO - Processing file /home/airflow/.local/lib/python3.12/site-packages/airflow/example_dags/example_bash_decorator.py for tasks to queue
[2026-06-28T11:08:12.102+0000] {logging_mixin.py:190} INFO - [2026-06-28T11:08:12.101+0000] {dagbag.py:587} INFO - Filling up the DagBag from /home/airflow/.local/lib/python3.12/site-packages/airflow/example_dags/example_bash_decorator.py
[2026-06-28T11:08:12.117+0000] {processor.py:925} INFO - DAG(s) 'example_bash_decorator' retrieved from /home/airflow/.local/lib/python3.12/site-packages/airflow/example_dags/example_bash_decorator.py
[2026-06-28T11:08:12.142+0000] {logging_mixin.py:190} INFO - [2026-06-28T11:08:12.142+0000] {dag.py:3211} INFO - Sync 1 DAGs
[2026-06-28T11:08:12.155+0000] {logging_mixin.py:190} INFO - [2026-06-28T11:08:12.155+0000] {dag.py:4138} INFO - Setting next_dagrun for example_bash_decorator to None, run_after=None
[2026-06-28T11:08:12.171+0000] {processor.py:208} INFO - Processing /home/airflow/.local/lib/python3.12/site-packages/airflow/example_dags/example_bash_decorator.py took 0.080 seconds
