[2026-06-28T11:01:40.999+0000] {processor.py:186} INFO - Started process (PID=60) to work on /home/airflow/.local/lib/python3.12/site-packages/airflow/example_dags/example_setup_teardown_taskflow.py
[2026-06-28T11:01:40.999+0000] {processor.py:914} INFO - Processing file /home/airflow/.local/lib/python3.12/site-packages/airflow/example_dags/example_setup_teardown_taskflow.py for tasks to queue
[2026-06-28T11:01:41.001+0000] {logging_mixin.py:190} INFO - [2026-06-28T11:01:41.001+0000] {dagbag.py:587} INFO - Filling up the DagBag from /home/airflow/.local/lib/python3.12/site-packages/airflow/example_dags/example_setup_teardown_taskflow.py
[2026-06-28T11:01:41.013+0000] {processor.py:925} INFO - DAG(s) 'example_setup_teardown_taskflow' retrieved from /home/airflow/.local/lib/python3.12/site-packages/airflow/example_dags/example_setup_teardown_taskflow.py
[2026-06-28T11:01:41.128+0000] {logging_mixin.py:190} INFO - [2026-06-28T11:01:41.128+0000] {override.py:1858} INFO - Created Permission View: can edit on DAG:example_setup_teardown_taskflow
[2026-06-28T11:01:41.135+0000] {logging_mixin.py:190} INFO - [2026-06-28T11:01:41.135+0000] {override.py:1858} INFO - Created Permission View: can delete on DAG:example_setup_teardown_taskflow
[2026-06-28T11:01:41.140+0000] {logging_mixin.py:190} INFO - [2026-06-28T11:01:41.139+0000] {override.py:1858} INFO - Created Permission View: can read on DAG:example_setup_teardown_taskflow
[2026-06-28T11:01:41.140+0000] {logging_mixin.py:190} INFO - [2026-06-28T11:01:41.140+0000] {dag.py:3211} INFO - Sync 1 DAGs
[2026-06-28T11:01:41.153+0000] {logging_mixin.py:190} INFO - [2026-06-28T11:01:41.152+0000] {dag.py:3234} INFO - Creating ORM DAG for example_setup_teardown_taskflow
[2026-06-28T11:01:41.161+0000] {logging_mixin.py:190} INFO - [2026-06-28T11:01:41.161+0000] {dag.py:4138} INFO - Setting next_dagrun for example_setup_teardown_taskflow to 2026-06-27 00:00:00+00:00, run_after=2026-06-28 00:00:00+00:00
[2026-06-28T11:01:41.174+0000] {processor.py:208} INFO - Processing /home/airflow/.local/lib/python3.12/site-packages/airflow/example_dags/example_setup_teardown_taskflow.py took 0.181 seconds
[2026-06-28T11:02:11.563+0000] {processor.py:186} INFO - Started process (PID=122) to work on /home/airflow/.local/lib/python3.12/site-packages/airflow/example_dags/example_setup_teardown_taskflow.py
[2026-06-28T11:02:11.564+0000] {processor.py:914} INFO - Processing file /home/airflow/.local/lib/python3.12/site-packages/airflow/example_dags/example_setup_teardown_taskflow.py for tasks to queue
[2026-06-28T11:02:11.566+0000] {logging_mixin.py:190} INFO - [2026-06-28T11:02:11.566+0000] {dagbag.py:587} INFO - Filling up the DagBag from /home/airflow/.local/lib/python3.12/site-packages/airflow/example_dags/example_setup_teardown_taskflow.py
[2026-06-28T11:02:11.576+0000] {processor.py:925} INFO - DAG(s) 'example_setup_teardown_taskflow' retrieved from /home/airflow/.local/lib/python3.12/site-packages/airflow/example_dags/example_setup_teardown_taskflow.py
[2026-06-28T11:02:11.600+0000] {logging_mixin.py:190} INFO - [2026-06-28T11:02:11.599+0000] {dag.py:3211} INFO - Sync 1 DAGs
[2026-06-28T11:02:11.619+0000] {logging_mixin.py:190} INFO - [2026-06-28T11:02:11.619+0000] {dag.py:4138} INFO - Setting next_dagrun for example_setup_teardown_taskflow to 2026-06-27 00:00:00+00:00, run_after=2026-06-28 00:00:00+00:00
[2026-06-28T11:02:11.636+0000] {processor.py:208} INFO - Processing /home/airflow/.local/lib/python3.12/site-packages/airflow/example_dags/example_setup_teardown_taskflow.py took 0.078 seconds
[2026-06-28T11:02:42.349+0000] {processor.py:186} INFO - Started process (PID=184) to work on /home/airflow/.local/lib/python3.12/site-packages/airflow/example_dags/example_setup_teardown_taskflow.py
[2026-06-28T11:02:42.350+0000] {processor.py:914} INFO - Processing file /home/airflow/.local/lib/python3.12/site-packages/airflow/example_dags/example_setup_teardown_taskflow.py for tasks to queue
[2026-06-28T11:02:42.352+0000] {logging_mixin.py:190} INFO - [2026-06-28T11:02:42.352+0000] {dagbag.py:587} INFO - Filling up the DagBag from /home/airflow/.local/lib/python3.12/site-packages/airflow/example_dags/example_setup_teardown_taskflow.py
[2026-06-28T11:02:42.362+0000] {processor.py:925} INFO - DAG(s) 'example_setup_teardown_taskflow' retrieved from /home/airflow/.local/lib/python3.12/site-packages/airflow/example_dags/example_setup_teardown_taskflow.py
[2026-06-28T11:02:42.386+0000] {logging_mixin.py:190} INFO - [2026-06-28T11:02:42.385+0000] {dag.py:3211} INFO - Sync 1 DAGs
[2026-06-28T11:02:42.411+0000] {logging_mixin.py:190} INFO - [2026-06-28T11:02:42.410+0000] {dag.py:4138} INFO - Setting next_dagrun for example_setup_teardown_taskflow to 2026-06-27 00:00:00+00:00, run_after=2026-06-28 00:00:00+00:00
[2026-06-28T11:02:42.436+0000] {processor.py:208} INFO - Processing /home/airflow/.local/lib/python3.12/site-packages/airflow/example_dags/example_setup_teardown_taskflow.py took 0.094 seconds
[2026-06-28T11:03:14.145+0000] {processor.py:186} INFO - Started process (PID=252) to work on /home/airflow/.local/lib/python3.12/site-packages/airflow/example_dags/example_setup_teardown_taskflow.py
[2026-06-28T11:03:14.147+0000] {processor.py:914} INFO - Processing file /home/airflow/.local/lib/python3.12/site-packages/airflow/example_dags/example_setup_teardown_taskflow.py for tasks to queue
[2026-06-28T11:03:14.151+0000] {logging_mixin.py:190} INFO - [2026-06-28T11:03:14.150+0000] {dagbag.py:587} INFO - Filling up the DagBag from /home/airflow/.local/lib/python3.12/site-packages/airflow/example_dags/example_setup_teardown_taskflow.py
[2026-06-28T11:03:14.170+0000] {processor.py:925} INFO - DAG(s) 'example_setup_teardown_taskflow' retrieved from /home/airflow/.local/lib/python3.12/site-packages/airflow/example_dags/example_setup_teardown_taskflow.py
[2026-06-28T11:03:14.207+0000] {logging_mixin.py:190} INFO - [2026-06-28T11:03:14.207+0000] {dag.py:3211} INFO - Sync 1 DAGs
[2026-06-28T11:03:14.241+0000] {logging_mixin.py:190} INFO - [2026-06-28T11:03:14.241+0000] {dag.py:4138} INFO - Setting next_dagrun for example_setup_teardown_taskflow to 2026-06-27 00:00:00+00:00, run_after=2026-06-28 00:00:00+00:00
[2026-06-28T11:03:14.267+0000] {processor.py:208} INFO - Processing /home/airflow/.local/lib/python3.12/site-packages/airflow/example_dags/example_setup_teardown_taskflow.py took 0.129 seconds
[2026-06-28T11:03:44.876+0000] {processor.py:186} INFO - Started process (PID=314) to work on /home/airflow/.local/lib/python3.12/site-packages/airflow/example_dags/example_setup_teardown_taskflow.py
[2026-06-28T11:03:44.877+0000] {processor.py:914} INFO - Processing file /home/airflow/.local/lib/python3.12/site-packages/airflow/example_dags/example_setup_teardown_taskflow.py for tasks to queue
[2026-06-28T11:03:44.879+0000] {logging_mixin.py:190} INFO - [2026-06-28T11:03:44.878+0000] {dagbag.py:587} INFO - Filling up the DagBag from /home/airflow/.local/lib/python3.12/site-packages/airflow/example_dags/example_setup_teardown_taskflow.py
[2026-06-28T11:03:44.892+0000] {processor.py:925} INFO - DAG(s) 'example_setup_teardown_taskflow' retrieved from /home/airflow/.local/lib/python3.12/site-packages/airflow/example_dags/example_setup_teardown_taskflow.py
[2026-06-28T11:03:44.924+0000] {logging_mixin.py:190} INFO - [2026-06-28T11:03:44.924+0000] {dag.py:3211} INFO - Sync 1 DAGs
[2026-06-28T11:03:44.954+0000] {logging_mixin.py:190} INFO - [2026-06-28T11:03:44.954+0000] {dag.py:4138} INFO - Setting next_dagrun for example_setup_teardown_taskflow to 2026-06-27 00:00:00+00:00, run_after=2026-06-28 00:00:00+00:00
[2026-06-28T11:03:44.978+0000] {processor.py:208} INFO - Processing /home/airflow/.local/lib/python3.12/site-packages/airflow/example_dags/example_setup_teardown_taskflow.py took 0.108 seconds
[2026-06-28T11:04:15.654+0000] {processor.py:186} INFO - Started process (PID=376) to work on /home/airflow/.local/lib/python3.12/site-packages/airflow/example_dags/example_setup_teardown_taskflow.py
[2026-06-28T11:04:15.655+0000] {processor.py:914} INFO - Processing file /home/airflow/.local/lib/python3.12/site-packages/airflow/example_dags/example_setup_teardown_taskflow.py for tasks to queue
[2026-06-28T11:04:15.658+0000] {logging_mixin.py:190} INFO - [2026-06-28T11:04:15.657+0000] {dagbag.py:587} INFO - Filling up the DagBag from /home/airflow/.local/lib/python3.12/site-packages/airflow/example_dags/example_setup_teardown_taskflow.py
[2026-06-28T11:04:15.671+0000] {processor.py:925} INFO - DAG(s) 'example_setup_teardown_taskflow' retrieved from /home/airflow/.local/lib/python3.12/site-packages/airflow/example_dags/example_setup_teardown_taskflow.py
[2026-06-28T11:04:15.701+0000] {logging_mixin.py:190} INFO - [2026-06-28T11:04:15.700+0000] {dag.py:3211} INFO - Sync 1 DAGs
[2026-06-28T11:04:15.730+0000] {logging_mixin.py:190} INFO - [2026-06-28T11:04:15.729+0000] {dag.py:4138} INFO - Setting next_dagrun for example_setup_teardown_taskflow to 2026-06-27 00:00:00+00:00, run_after=2026-06-28 00:00:00+00:00
[2026-06-28T11:04:15.752+0000] {processor.py:208} INFO - Processing /home/airflow/.local/lib/python3.12/site-packages/airflow/example_dags/example_setup_teardown_taskflow.py took 0.105 seconds
[2026-06-28T11:04:46.017+0000] {processor.py:186} INFO - Started process (PID=438) to work on /home/airflow/.local/lib/python3.12/site-packages/airflow/example_dags/example_setup_teardown_taskflow.py
[2026-06-28T11:04:46.018+0000] {processor.py:914} INFO - Processing file /home/airflow/.local/lib/python3.12/site-packages/airflow/example_dags/example_setup_teardown_taskflow.py for tasks to queue
[2026-06-28T11:04:46.021+0000] {logging_mixin.py:190} INFO - [2026-06-28T11:04:46.021+0000] {dagbag.py:587} INFO - Filling up the DagBag from /home/airflow/.local/lib/python3.12/site-packages/airflow/example_dags/example_setup_teardown_taskflow.py
[2026-06-28T11:04:46.034+0000] {processor.py:925} INFO - DAG(s) 'example_setup_teardown_taskflow' retrieved from /home/airflow/.local/lib/python3.12/site-packages/airflow/example_dags/example_setup_teardown_taskflow.py
[2026-06-28T11:04:46.067+0000] {logging_mixin.py:190} INFO - [2026-06-28T11:04:46.067+0000] {dag.py:3211} INFO - Sync 1 DAGs
[2026-06-28T11:04:46.093+0000] {logging_mixin.py:190} INFO - [2026-06-28T11:04:46.092+0000] {dag.py:4138} INFO - Setting next_dagrun for example_setup_teardown_taskflow to 2026-06-27 00:00:00+00:00, run_after=2026-06-28 00:00:00+00:00
[2026-06-28T11:04:46.116+0000] {processor.py:208} INFO - Processing /home/airflow/.local/lib/python3.12/site-packages/airflow/example_dags/example_setup_teardown_taskflow.py took 0.105 seconds
[2026-06-28T11:05:16.856+0000] {processor.py:186} INFO - Started process (PID=500) to work on /home/airflow/.local/lib/python3.12/site-packages/airflow/example_dags/example_setup_teardown_taskflow.py
[2026-06-28T11:05:16.857+0000] {processor.py:914} INFO - Processing file /home/airflow/.local/lib/python3.12/site-packages/airflow/example_dags/example_setup_teardown_taskflow.py for tasks to queue
[2026-06-28T11:05:16.859+0000] {logging_mixin.py:190} INFO - [2026-06-28T11:05:16.859+0000] {dagbag.py:587} INFO - Filling up the DagBag from /home/airflow/.local/lib/python3.12/site-packages/airflow/example_dags/example_setup_teardown_taskflow.py
[2026-06-28T11:05:16.876+0000] {processor.py:925} INFO - DAG(s) 'example_setup_teardown_taskflow' retrieved from /home/airflow/.local/lib/python3.12/site-packages/airflow/example_dags/example_setup_teardown_taskflow.py
[2026-06-28T11:05:16.907+0000] {logging_mixin.py:190} INFO - [2026-06-28T11:05:16.907+0000] {dag.py:3211} INFO - Sync 1 DAGs
[2026-06-28T11:05:16.934+0000] {logging_mixin.py:190} INFO - [2026-06-28T11:05:16.934+0000] {dag.py:4138} INFO - Setting next_dagrun for example_setup_teardown_taskflow to 2026-06-27 00:00:00+00:00, run_after=2026-06-28 00:00:00+00:00
[2026-06-28T11:05:16.957+0000] {processor.py:208} INFO - Processing /home/airflow/.local/lib/python3.12/site-packages/airflow/example_dags/example_setup_teardown_taskflow.py took 0.106 seconds
[2026-06-28T11:05:47.440+0000] {processor.py:186} INFO - Started process (PID=561) to work on /home/airflow/.local/lib/python3.12/site-packages/airflow/example_dags/example_setup_teardown_taskflow.py
[2026-06-28T11:05:47.442+0000] {processor.py:914} INFO - Processing file /home/airflow/.local/lib/python3.12/site-packages/airflow/example_dags/example_setup_teardown_taskflow.py for tasks to queue
[2026-06-28T11:05:47.444+0000] {logging_mixin.py:190} INFO - [2026-06-28T11:05:47.444+0000] {dagbag.py:587} INFO - Filling up the DagBag from /home/airflow/.local/lib/python3.12/site-packages/airflow/example_dags/example_setup_teardown_taskflow.py
[2026-06-28T11:05:47.458+0000] {processor.py:925} INFO - DAG(s) 'example_setup_teardown_taskflow' retrieved from /home/airflow/.local/lib/python3.12/site-packages/airflow/example_dags/example_setup_teardown_taskflow.py
[2026-06-28T11:05:47.489+0000] {logging_mixin.py:190} INFO - [2026-06-28T11:05:47.489+0000] {dag.py:3211} INFO - Sync 1 DAGs
[2026-06-28T11:05:47.519+0000] {logging_mixin.py:190} INFO - [2026-06-28T11:05:47.518+0000] {dag.py:4138} INFO - Setting next_dagrun for example_setup_teardown_taskflow to 2026-06-27 00:00:00+00:00, run_after=2026-06-28 00:00:00+00:00
[2026-06-28T11:05:47.544+0000] {processor.py:208} INFO - Processing /home/airflow/.local/lib/python3.12/site-packages/airflow/example_dags/example_setup_teardown_taskflow.py took 0.110 seconds
[2026-06-28T11:06:18.245+0000] {processor.py:186} INFO - Started process (PID=623) to work on /home/airflow/.local/lib/python3.12/site-packages/airflow/example_dags/example_setup_teardown_taskflow.py
[2026-06-28T11:06:18.246+0000] {processor.py:914} INFO - Processing file /home/airflow/.local/lib/python3.12/site-packages/airflow/example_dags/example_setup_teardown_taskflow.py for tasks to queue
[2026-06-28T11:06:18.249+0000] {logging_mixin.py:190} INFO - [2026-06-28T11:06:18.249+0000] {dagbag.py:587} INFO - Filling up the DagBag from /home/airflow/.local/lib/python3.12/site-packages/airflow/example_dags/example_setup_teardown_taskflow.py
[2026-06-28T11:06:18.263+0000] {processor.py:925} INFO - DAG(s) 'example_setup_teardown_taskflow' retrieved from /home/airflow/.local/lib/python3.12/site-packages/airflow/example_dags/example_setup_teardown_taskflow.py
[2026-06-28T11:06:18.296+0000] {logging_mixin.py:190} INFO - [2026-06-28T11:06:18.296+0000] {dag.py:3211} INFO - Sync 1 DAGs
[2026-06-28T11:06:18.334+0000] {logging_mixin.py:190} INFO - [2026-06-28T11:06:18.333+0000] {dag.py:4138} INFO - Setting next_dagrun for example_setup_teardown_taskflow to 2026-06-27 00:00:00+00:00, run_after=2026-06-28 00:00:00+00:00
[2026-06-28T11:06:18.357+0000] {processor.py:208} INFO - Processing /home/airflow/.local/lib/python3.12/site-packages/airflow/example_dags/example_setup_teardown_taskflow.py took 0.119 seconds
[2026-06-28T11:06:49.359+0000] {processor.py:186} INFO - Started process (PID=685) to work on /home/airflow/.local/lib/python3.12/site-packages/airflow/example_dags/example_setup_teardown_taskflow.py
[2026-06-28T11:06:49.360+0000] {processor.py:914} INFO - Processing file /home/airflow/.local/lib/python3.12/site-packages/airflow/example_dags/example_setup_teardown_taskflow.py for tasks to queue
[2026-06-28T11:06:49.362+0000] {logging_mixin.py:190} INFO - [2026-06-28T11:06:49.362+0000] {dagbag.py:587} INFO - Filling up the DagBag from /home/airflow/.local/lib/python3.12/site-packages/airflow/example_dags/example_setup_teardown_taskflow.py
[2026-06-28T11:06:49.375+0000] {processor.py:925} INFO - DAG(s) 'example_setup_teardown_taskflow' retrieved from /home/airflow/.local/lib/python3.12/site-packages/airflow/example_dags/example_setup_teardown_taskflow.py
[2026-06-28T11:06:49.401+0000] {logging_mixin.py:190} INFO - [2026-06-28T11:06:49.401+0000] {dag.py:3211} INFO - Sync 1 DAGs
[2026-06-28T11:06:49.425+0000] {logging_mixin.py:190} INFO - [2026-06-28T11:06:49.424+0000] {dag.py:4138} INFO - Setting next_dagrun for example_setup_teardown_taskflow to 2026-06-27 00:00:00+00:00, run_after=2026-06-28 00:00:00+00:00
[2026-06-28T11:06:49.443+0000] {processor.py:208} INFO - Processing /home/airflow/.local/lib/python3.12/site-packages/airflow/example_dags/example_setup_teardown_taskflow.py took 0.091 seconds
[2026-06-28T11:07:19.874+0000] {processor.py:186} INFO - Started process (PID=747) to work on /home/airflow/.local/lib/python3.12/site-packages/airflow/example_dags/example_setup_teardown_taskflow.py
[2026-06-28T11:07:19.875+0000] {processor.py:914} INFO - Processing file /home/airflow/.local/lib/python3.12/site-packages/airflow/example_dags/example_setup_teardown_taskflow.py for tasks to queue
[2026-06-28T11:07:19.878+0000] {logging_mixin.py:190} INFO - [2026-06-28T11:07:19.878+0000] {dagbag.py:587} INFO - Filling up the DagBag from /home/airflow/.local/lib/python3.12/site-packages/airflow/example_dags/example_setup_teardown_taskflow.py
[2026-06-28T11:07:19.893+0000] {processor.py:925} INFO - DAG(s) 'example_setup_teardown_taskflow' retrieved from /home/airflow/.local/lib/python3.12/site-packages/airflow/example_dags/example_setup_teardown_taskflow.py
[2026-06-28T11:07:19.929+0000] {logging_mixin.py:190} INFO - [2026-06-28T11:07:19.928+0000] {dag.py:3211} INFO - Sync 1 DAGs
[2026-06-28T11:07:19.960+0000] {logging_mixin.py:190} INFO - [2026-06-28T11:07:19.960+0000] {dag.py:4138} INFO - Setting next_dagrun for example_setup_teardown_taskflow to 2026-06-27 00:00:00+00:00, run_after=2026-06-28 00:00:00+00:00
[2026-06-28T11:07:19.988+0000] {processor.py:208} INFO - Processing /home/airflow/.local/lib/python3.12/site-packages/airflow/example_dags/example_setup_teardown_taskflow.py took 0.121 seconds
[2026-06-28T11:07:50.130+0000] {processor.py:186} INFO - Started process (PID=809) to work on /home/airflow/.local/lib/python3.12/site-packages/airflow/example_dags/example_setup_teardown_taskflow.py
[2026-06-28T11:07:50.131+0000] {processor.py:914} INFO - Processing file /home/airflow/.local/lib/python3.12/site-packages/airflow/example_dags/example_setup_teardown_taskflow.py for tasks to queue
[2026-06-28T11:07:50.133+0000] {logging_mixin.py:190} INFO - [2026-06-28T11:07:50.133+0000] {dagbag.py:587} INFO - Filling up the DagBag from /home/airflow/.local/lib/python3.12/site-packages/airflow/example_dags/example_setup_teardown_taskflow.py
[2026-06-28T11:07:50.143+0000] {processor.py:925} INFO - DAG(s) 'example_setup_teardown_taskflow' retrieved from /home/airflow/.local/lib/python3.12/site-packages/airflow/example_dags/example_setup_teardown_taskflow.py
[2026-06-28T11:07:50.169+0000] {logging_mixin.py:190} INFO - [2026-06-28T11:07:50.169+0000] {dag.py:3211} INFO - Sync 1 DAGs
[2026-06-28T11:07:50.193+0000] {logging_mixin.py:190} INFO - [2026-06-28T11:07:50.193+0000] {dag.py:4138} INFO - Setting next_dagrun for example_setup_teardown_taskflow to 2026-06-27 00:00:00+00:00, run_after=2026-06-28 00:00:00+00:00
[2026-06-28T11:07:50.212+0000] {processor.py:208} INFO - Processing /home/airflow/.local/lib/python3.12/site-packages/airflow/example_dags/example_setup_teardown_taskflow.py took 0.088 seconds
[2026-06-28T11:08:20.349+0000] {processor.py:186} INFO - Started process (PID=871) to work on /home/airflow/.local/lib/python3.12/site-packages/airflow/example_dags/example_setup_teardown_taskflow.py
[2026-06-28T11:08:20.350+0000] {processor.py:914} INFO - Processing file /home/airflow/.local/lib/python3.12/site-packages/airflow/example_dags/example_setup_teardown_taskflow.py for tasks to queue
[2026-06-28T11:08:20.352+0000] {logging_mixin.py:190} INFO - [2026-06-28T11:08:20.352+0000] {dagbag.py:587} INFO - Filling up the DagBag from /home/airflow/.local/lib/python3.12/site-packages/airflow/example_dags/example_setup_teardown_taskflow.py
[2026-06-28T11:08:20.364+0000] {processor.py:925} INFO - DAG(s) 'example_setup_teardown_taskflow' retrieved from /home/airflow/.local/lib/python3.12/site-packages/airflow/example_dags/example_setup_teardown_taskflow.py
[2026-06-28T11:08:20.394+0000] {logging_mixin.py:190} INFO - [2026-06-28T11:08:20.393+0000] {dag.py:3211} INFO - Sync 1 DAGs
[2026-06-28T11:08:20.422+0000] {logging_mixin.py:190} INFO - [2026-06-28T11:08:20.421+0000] {dag.py:4138} INFO - Setting next_dagrun for example_setup_teardown_taskflow to 2026-06-27 00:00:00+00:00, run_after=2026-06-28 00:00:00+00:00
[2026-06-28T11:08:20.440+0000] {processor.py:208} INFO - Processing /home/airflow/.local/lib/python3.12/site-packages/airflow/example_dags/example_setup_teardown_taskflow.py took 0.098 seconds
