[2026-06-28T11:01:40.545+0000] {processor.py:186} INFO - Started process (PID=55) to work on /home/airflow/.local/lib/python3.12/site-packages/airflow/example_dags/example_python_decorator.py
[2026-06-28T11:01:40.546+0000] {processor.py:914} INFO - Processing file /home/airflow/.local/lib/python3.12/site-packages/airflow/example_dags/example_python_decorator.py for tasks to queue
[2026-06-28T11:01:40.548+0000] {logging_mixin.py:190} INFO - [2026-06-28T11:01:40.548+0000] {dagbag.py:587} INFO - Filling up the DagBag from /home/airflow/.local/lib/python3.12/site-packages/airflow/example_dags/example_python_decorator.py
[2026-06-28T11:01:40.563+0000] {processor.py:925} INFO - DAG(s) 'example_python_decorator' retrieved from /home/airflow/.local/lib/python3.12/site-packages/airflow/example_dags/example_python_decorator.py
[2026-06-28T11:01:40.676+0000] {logging_mixin.py:190} INFO - [2026-06-28T11:01:40.675+0000] {override.py:1858} INFO - Created Permission View: can edit on DAG:example_python_decorator
[2026-06-28T11:01:40.685+0000] {logging_mixin.py:190} INFO - [2026-06-28T11:01:40.684+0000] {override.py:1858} INFO - Created Permission View: can delete on DAG:example_python_decorator
[2026-06-28T11:01:40.692+0000] {logging_mixin.py:190} INFO - [2026-06-28T11:01:40.692+0000] {override.py:1858} INFO - Created Permission View: can read on DAG:example_python_decorator
[2026-06-28T11:01:40.693+0000] {logging_mixin.py:190} INFO - [2026-06-28T11:01:40.692+0000] {dag.py:3211} INFO - Sync 1 DAGs
[2026-06-28T11:01:40.706+0000] {logging_mixin.py:190} INFO - [2026-06-28T11:01:40.705+0000] {dag.py:3234} INFO - Creating ORM DAG for example_python_decorator
[2026-06-28T11:01:40.706+0000] {logging_mixin.py:190} INFO - [2026-06-28T11:01:40.706+0000] {dag.py:4138} INFO - Setting next_dagrun for example_python_decorator to None, run_after=None
[2026-06-28T11:01:40.722+0000] {processor.py:208} INFO - Processing /home/airflow/.local/lib/python3.12/site-packages/airflow/example_dags/example_python_decorator.py took 0.183 seconds
[2026-06-28T11:02:11.294+0000] {processor.py:186} INFO - Started process (PID=117) to work on /home/airflow/.local/lib/python3.12/site-packages/airflow/example_dags/example_python_decorator.py
[2026-06-28T11:02:11.295+0000] {processor.py:914} INFO - Processing file /home/airflow/.local/lib/python3.12/site-packages/airflow/example_dags/example_python_decorator.py for tasks to queue
[2026-06-28T11:02:11.297+0000] {logging_mixin.py:190} INFO - [2026-06-28T11:02:11.296+0000] {dagbag.py:587} INFO - Filling up the DagBag from /home/airflow/.local/lib/python3.12/site-packages/airflow/example_dags/example_python_decorator.py
[2026-06-28T11:02:11.309+0000] {processor.py:925} INFO - DAG(s) 'example_python_decorator' retrieved from /home/airflow/.local/lib/python3.12/site-packages/airflow/example_dags/example_python_decorator.py
[2026-06-28T11:02:11.333+0000] {logging_mixin.py:190} INFO - [2026-06-28T11:02:11.333+0000] {dag.py:3211} INFO - Sync 1 DAGs
[2026-06-28T11:02:11.345+0000] {logging_mixin.py:190} INFO - [2026-06-28T11:02:11.344+0000] {dag.py:4138} INFO - Setting next_dagrun for example_python_decorator to None, run_after=None
[2026-06-28T11:02:11.358+0000] {processor.py:208} INFO - Processing /home/airflow/.local/lib/python3.12/site-packages/airflow/example_dags/example_python_decorator.py took 0.069 seconds
[2026-06-28T11:02:42.013+0000] {processor.py:186} INFO - Started process (PID=179) to work on /home/airflow/.local/lib/python3.12/site-packages/airflow/example_dags/example_python_decorator.py
[2026-06-28T11:02:42.015+0000] {processor.py:914} INFO - Processing file /home/airflow/.local/lib/python3.12/site-packages/airflow/example_dags/example_python_decorator.py for tasks to queue
[2026-06-28T11:02:42.018+0000] {logging_mixin.py:190} INFO - [2026-06-28T11:02:42.017+0000] {dagbag.py:587} INFO - Filling up the DagBag from /home/airflow/.local/lib/python3.12/site-packages/airflow/example_dags/example_python_decorator.py
[2026-06-28T11:02:42.041+0000] {processor.py:925} INFO - DAG(s) 'example_python_decorator' retrieved from /home/airflow/.local/lib/python3.12/site-packages/airflow/example_dags/example_python_decorator.py
[2026-06-28T11:02:42.080+0000] {logging_mixin.py:190} INFO - [2026-06-28T11:02:42.079+0000] {dag.py:3211} INFO - Sync 1 DAGs
[2026-06-28T11:02:42.095+0000] {logging_mixin.py:190} INFO - [2026-06-28T11:02:42.094+0000] {dag.py:4138} INFO - Setting next_dagrun for example_python_decorator to None, run_after=None
[2026-06-28T11:02:42.122+0000] {processor.py:208} INFO - Processing /home/airflow/.local/lib/python3.12/site-packages/airflow/example_dags/example_python_decorator.py took 0.117 seconds
[2026-06-28T11:03:13.555+0000] {processor.py:186} INFO - Started process (PID=247) to work on /home/airflow/.local/lib/python3.12/site-packages/airflow/example_dags/example_python_decorator.py
[2026-06-28T11:03:13.557+0000] {processor.py:914} INFO - Processing file /home/airflow/.local/lib/python3.12/site-packages/airflow/example_dags/example_python_decorator.py for tasks to queue
[2026-06-28T11:03:13.560+0000] {logging_mixin.py:190} INFO - [2026-06-28T11:03:13.559+0000] {dagbag.py:587} INFO - Filling up the DagBag from /home/airflow/.local/lib/python3.12/site-packages/airflow/example_dags/example_python_decorator.py
[2026-06-28T11:03:13.587+0000] {processor.py:925} INFO - DAG(s) 'example_python_decorator' retrieved from /home/airflow/.local/lib/python3.12/site-packages/airflow/example_dags/example_python_decorator.py
[2026-06-28T11:03:13.649+0000] {logging_mixin.py:190} INFO - [2026-06-28T11:03:13.648+0000] {dag.py:3211} INFO - Sync 1 DAGs
[2026-06-28T11:03:13.678+0000] {logging_mixin.py:190} INFO - [2026-06-28T11:03:13.678+0000] {dag.py:4138} INFO - Setting next_dagrun for example_python_decorator to None, run_after=None
[2026-06-28T11:03:13.732+0000] {processor.py:208} INFO - Processing /home/airflow/.local/lib/python3.12/site-packages/airflow/example_dags/example_python_decorator.py took 0.186 seconds
[2026-06-28T11:03:44.627+0000] {processor.py:186} INFO - Started process (PID=309) to work on /home/airflow/.local/lib/python3.12/site-packages/airflow/example_dags/example_python_decorator.py
[2026-06-28T11:03:44.628+0000] {processor.py:914} INFO - Processing file /home/airflow/.local/lib/python3.12/site-packages/airflow/example_dags/example_python_decorator.py for tasks to queue
[2026-06-28T11:03:44.630+0000] {logging_mixin.py:190} INFO - [2026-06-28T11:03:44.630+0000] {dagbag.py:587} INFO - Filling up the DagBag from /home/airflow/.local/lib/python3.12/site-packages/airflow/example_dags/example_python_decorator.py
[2026-06-28T11:03:44.646+0000] {processor.py:925} INFO - DAG(s) 'example_python_decorator' retrieved from /home/airflow/.local/lib/python3.12/site-packages/airflow/example_dags/example_python_decorator.py
[2026-06-28T11:03:44.677+0000] {logging_mixin.py:190} INFO - [2026-06-28T11:03:44.676+0000] {dag.py:3211} INFO - Sync 1 DAGs
[2026-06-28T11:03:44.692+0000] {logging_mixin.py:190} INFO - [2026-06-28T11:03:44.692+0000] {dag.py:4138} INFO - Setting next_dagrun for example_python_decorator to None, run_after=None
[2026-06-28T11:03:44.712+0000] {processor.py:208} INFO - Processing /home/airflow/.local/lib/python3.12/site-packages/airflow/example_dags/example_python_decorator.py took 0.094 seconds
[2026-06-28T11:04:15.318+0000] {processor.py:186} INFO - Started process (PID=371) to work on /home/airflow/.local/lib/python3.12/site-packages/airflow/example_dags/example_python_decorator.py
[2026-06-28T11:04:15.319+0000] {processor.py:914} INFO - Processing file /home/airflow/.local/lib/python3.12/site-packages/airflow/example_dags/example_python_decorator.py for tasks to queue
[2026-06-28T11:04:15.324+0000] {logging_mixin.py:190} INFO - [2026-06-28T11:04:15.323+0000] {dagbag.py:587} INFO - Filling up the DagBag from /home/airflow/.local/lib/python3.12/site-packages/airflow/example_dags/example_python_decorator.py
[2026-06-28T11:04:15.355+0000] {processor.py:925} INFO - DAG(s) 'example_python_decorator' retrieved from /home/airflow/.local/lib/python3.12/site-packages/airflow/example_dags/example_python_decorator.py
[2026-06-28T11:04:15.398+0000] {logging_mixin.py:190} INFO - [2026-06-28T11:04:15.398+0000] {dag.py:3211} INFO - Sync 1 DAGs
[2026-06-28T11:04:15.421+0000] {logging_mixin.py:190} INFO - [2026-06-28T11:04:15.421+0000] {dag.py:4138} INFO - Setting next_dagrun for example_python_decorator to None, run_after=None
[2026-06-28T11:04:15.460+0000] {processor.py:208} INFO - Processing /home/airflow/.local/lib/python3.12/site-packages/airflow/example_dags/example_python_decorator.py took 0.153 seconds
[2026-06-28T11:04:45.655+0000] {processor.py:186} INFO - Started process (PID=433) to work on /home/airflow/.local/lib/python3.12/site-packages/airflow/example_dags/example_python_decorator.py
[2026-06-28T11:04:45.656+0000] {processor.py:914} INFO - Processing file /home/airflow/.local/lib/python3.12/site-packages/airflow/example_dags/example_python_decorator.py for tasks to queue
[2026-06-28T11:04:45.658+0000] {logging_mixin.py:190} INFO - [2026-06-28T11:04:45.658+0000] {dagbag.py:587} INFO - Filling up the DagBag from /home/airflow/.local/lib/python3.12/site-packages/airflow/example_dags/example_python_decorator.py
[2026-06-28T11:04:45.672+0000] {processor.py:925} INFO - DAG(s) 'example_python_decorator' retrieved from /home/airflow/.local/lib/python3.12/site-packages/airflow/example_dags/example_python_decorator.py
[2026-06-28T11:04:45.698+0000] {logging_mixin.py:190} INFO - [2026-06-28T11:04:45.698+0000] {dag.py:3211} INFO - Sync 1 DAGs
[2026-06-28T11:04:45.714+0000] {logging_mixin.py:190} INFO - [2026-06-28T11:04:45.714+0000] {dag.py:4138} INFO - Setting next_dagrun for example_python_decorator to None, run_after=None
[2026-06-28T11:04:45.735+0000] {processor.py:208} INFO - Processing /home/airflow/.local/lib/python3.12/site-packages/airflow/example_dags/example_python_decorator.py took 0.086 seconds
[2026-06-28T11:05:16.599+0000] {processor.py:186} INFO - Started process (PID=495) to work on /home/airflow/.local/lib/python3.12/site-packages/airflow/example_dags/example_python_decorator.py
[2026-06-28T11:05:16.600+0000] {processor.py:914} INFO - Processing file /home/airflow/.local/lib/python3.12/site-packages/airflow/example_dags/example_python_decorator.py for tasks to queue
[2026-06-28T11:05:16.602+0000] {logging_mixin.py:190} INFO - [2026-06-28T11:05:16.602+0000] {dagbag.py:587} INFO - Filling up the DagBag from /home/airflow/.local/lib/python3.12/site-packages/airflow/example_dags/example_python_decorator.py
[2026-06-28T11:05:16.617+0000] {processor.py:925} INFO - DAG(s) 'example_python_decorator' retrieved from /home/airflow/.local/lib/python3.12/site-packages/airflow/example_dags/example_python_decorator.py
[2026-06-28T11:05:16.659+0000] {logging_mixin.py:190} INFO - [2026-06-28T11:05:16.659+0000] {dag.py:3211} INFO - Sync 1 DAGs
[2026-06-28T11:05:16.674+0000] {logging_mixin.py:190} INFO - [2026-06-28T11:05:16.674+0000] {dag.py:4138} INFO - Setting next_dagrun for example_python_decorator to None, run_after=None
[2026-06-28T11:05:16.693+0000] {processor.py:208} INFO - Processing /home/airflow/.local/lib/python3.12/site-packages/airflow/example_dags/example_python_decorator.py took 0.098 seconds
[2026-06-28T11:05:47.158+0000] {processor.py:186} INFO - Started process (PID=556) to work on /home/airflow/.local/lib/python3.12/site-packages/airflow/example_dags/example_python_decorator.py
[2026-06-28T11:05:47.159+0000] {processor.py:914} INFO - Processing file /home/airflow/.local/lib/python3.12/site-packages/airflow/example_dags/example_python_decorator.py for tasks to queue
[2026-06-28T11:05:47.162+0000] {logging_mixin.py:190} INFO - [2026-06-28T11:05:47.162+0000] {dagbag.py:587} INFO - Filling up the DagBag from /home/airflow/.local/lib/python3.12/site-packages/airflow/example_dags/example_python_decorator.py
[2026-06-28T11:05:47.182+0000] {processor.py:925} INFO - DAG(s) 'example_python_decorator' retrieved from /home/airflow/.local/lib/python3.12/site-packages/airflow/example_dags/example_python_decorator.py
[2026-06-28T11:05:47.216+0000] {logging_mixin.py:190} INFO - [2026-06-28T11:05:47.215+0000] {dag.py:3211} INFO - Sync 1 DAGs
[2026-06-28T11:05:47.233+0000] {logging_mixin.py:190} INFO - [2026-06-28T11:05:47.233+0000] {dag.py:4138} INFO - Setting next_dagrun for example_python_decorator to None, run_after=None
[2026-06-28T11:05:47.259+0000] {processor.py:208} INFO - Processing /home/airflow/.local/lib/python3.12/site-packages/airflow/example_dags/example_python_decorator.py took 0.108 seconds
[2026-06-28T11:06:17.825+0000] {processor.py:186} INFO - Started process (PID=618) to work on /home/airflow/.local/lib/python3.12/site-packages/airflow/example_dags/example_python_decorator.py
[2026-06-28T11:06:17.826+0000] {processor.py:914} INFO - Processing file /home/airflow/.local/lib/python3.12/site-packages/airflow/example_dags/example_python_decorator.py for tasks to queue
[2026-06-28T11:06:17.829+0000] {logging_mixin.py:190} INFO - [2026-06-28T11:06:17.829+0000] {dagbag.py:587} INFO - Filling up the DagBag from /home/airflow/.local/lib/python3.12/site-packages/airflow/example_dags/example_python_decorator.py
[2026-06-28T11:06:17.848+0000] {processor.py:925} INFO - DAG(s) 'example_python_decorator' retrieved from /home/airflow/.local/lib/python3.12/site-packages/airflow/example_dags/example_python_decorator.py
[2026-06-28T11:06:17.881+0000] {logging_mixin.py:190} INFO - [2026-06-28T11:06:17.881+0000] {dag.py:3211} INFO - Sync 1 DAGs
[2026-06-28T11:06:17.899+0000] {logging_mixin.py:190} INFO - [2026-06-28T11:06:17.899+0000] {dag.py:4138} INFO - Setting next_dagrun for example_python_decorator to None, run_after=None
[2026-06-28T11:06:17.924+0000] {processor.py:208} INFO - Processing /home/airflow/.local/lib/python3.12/site-packages/airflow/example_dags/example_python_decorator.py took 0.107 seconds
[2026-06-28T11:06:48.099+0000] {processor.py:186} INFO - Started process (PID=680) to work on /home/airflow/.local/lib/python3.12/site-packages/airflow/example_dags/example_python_decorator.py
[2026-06-28T11:06:48.101+0000] {processor.py:914} INFO - Processing file /home/airflow/.local/lib/python3.12/site-packages/airflow/example_dags/example_python_decorator.py for tasks to queue
[2026-06-28T11:06:48.104+0000] {logging_mixin.py:190} INFO - [2026-06-28T11:06:48.103+0000] {dagbag.py:587} INFO - Filling up the DagBag from /home/airflow/.local/lib/python3.12/site-packages/airflow/example_dags/example_python_decorator.py
[2026-06-28T11:06:48.121+0000] {processor.py:925} INFO - DAG(s) 'example_python_decorator' retrieved from /home/airflow/.local/lib/python3.12/site-packages/airflow/example_dags/example_python_decorator.py
[2026-06-28T11:06:48.156+0000] {logging_mixin.py:190} INFO - [2026-06-28T11:06:48.155+0000] {dag.py:3211} INFO - Sync 1 DAGs
[2026-06-28T11:06:48.175+0000] {logging_mixin.py:190} INFO - [2026-06-28T11:06:48.174+0000] {dag.py:4138} INFO - Setting next_dagrun for example_python_decorator to None, run_after=None
[2026-06-28T11:06:48.200+0000] {processor.py:208} INFO - Processing /home/airflow/.local/lib/python3.12/site-packages/airflow/example_dags/example_python_decorator.py took 0.107 seconds
[2026-06-28T11:07:18.516+0000] {processor.py:186} INFO - Started process (PID=742) to work on /home/airflow/.local/lib/python3.12/site-packages/airflow/example_dags/example_python_decorator.py
[2026-06-28T11:07:18.517+0000] {processor.py:914} INFO - Processing file /home/airflow/.local/lib/python3.12/site-packages/airflow/example_dags/example_python_decorator.py for tasks to queue
[2026-06-28T11:07:18.519+0000] {logging_mixin.py:190} INFO - [2026-06-28T11:07:18.519+0000] {dagbag.py:587} INFO - Filling up the DagBag from /home/airflow/.local/lib/python3.12/site-packages/airflow/example_dags/example_python_decorator.py
[2026-06-28T11:07:18.539+0000] {processor.py:925} INFO - DAG(s) 'example_python_decorator' retrieved from /home/airflow/.local/lib/python3.12/site-packages/airflow/example_dags/example_python_decorator.py
[2026-06-28T11:07:18.573+0000] {logging_mixin.py:190} INFO - [2026-06-28T11:07:18.573+0000] {dag.py:3211} INFO - Sync 1 DAGs
[2026-06-28T11:07:18.593+0000] {logging_mixin.py:190} INFO - [2026-06-28T11:07:18.593+0000] {dag.py:4138} INFO - Setting next_dagrun for example_python_decorator to None, run_after=None
[2026-06-28T11:07:18.622+0000] {processor.py:208} INFO - Processing /home/airflow/.local/lib/python3.12/site-packages/airflow/example_dags/example_python_decorator.py took 0.113 seconds
[2026-06-28T11:07:48.853+0000] {processor.py:186} INFO - Started process (PID=804) to work on /home/airflow/.local/lib/python3.12/site-packages/airflow/example_dags/example_python_decorator.py
[2026-06-28T11:07:48.854+0000] {processor.py:914} INFO - Processing file /home/airflow/.local/lib/python3.12/site-packages/airflow/example_dags/example_python_decorator.py for tasks to queue
[2026-06-28T11:07:48.857+0000] {logging_mixin.py:190} INFO - [2026-06-28T11:07:48.856+0000] {dagbag.py:587} INFO - Filling up the DagBag from /home/airflow/.local/lib/python3.12/site-packages/airflow/example_dags/example_python_decorator.py
[2026-06-28T11:07:48.879+0000] {processor.py:925} INFO - DAG(s) 'example_python_decorator' retrieved from /home/airflow/.local/lib/python3.12/site-packages/airflow/example_dags/example_python_decorator.py
[2026-06-28T11:07:48.918+0000] {logging_mixin.py:190} INFO - [2026-06-28T11:07:48.918+0000] {dag.py:3211} INFO - Sync 1 DAGs
[2026-06-28T11:07:48.936+0000] {logging_mixin.py:190} INFO - [2026-06-28T11:07:48.935+0000] {dag.py:4138} INFO - Setting next_dagrun for example_python_decorator to None, run_after=None
[2026-06-28T11:07:48.959+0000] {processor.py:208} INFO - Processing /home/airflow/.local/lib/python3.12/site-packages/airflow/example_dags/example_python_decorator.py took 0.114 seconds
[2026-06-28T11:08:19.200+0000] {processor.py:186} INFO - Started process (PID=866) to work on /home/airflow/.local/lib/python3.12/site-packages/airflow/example_dags/example_python_decorator.py
[2026-06-28T11:08:19.201+0000] {processor.py:914} INFO - Processing file /home/airflow/.local/lib/python3.12/site-packages/airflow/example_dags/example_python_decorator.py for tasks to queue
[2026-06-28T11:08:19.203+0000] {logging_mixin.py:190} INFO - [2026-06-28T11:08:19.203+0000] {dagbag.py:587} INFO - Filling up the DagBag from /home/airflow/.local/lib/python3.12/site-packages/airflow/example_dags/example_python_decorator.py
[2026-06-28T11:08:19.219+0000] {processor.py:925} INFO - DAG(s) 'example_python_decorator' retrieved from /home/airflow/.local/lib/python3.12/site-packages/airflow/example_dags/example_python_decorator.py
[2026-06-28T11:08:19.246+0000] {logging_mixin.py:190} INFO - [2026-06-28T11:08:19.246+0000] {dag.py:3211} INFO - Sync 1 DAGs
[2026-06-28T11:08:19.261+0000] {logging_mixin.py:190} INFO - [2026-06-28T11:08:19.261+0000] {dag.py:4138} INFO - Setting next_dagrun for example_python_decorator to None, run_after=None
[2026-06-28T11:08:19.281+0000] {processor.py:208} INFO - Processing /home/airflow/.local/lib/python3.12/site-packages/airflow/example_dags/example_python_decorator.py took 0.087 seconds
