[2026-06-28T11:01:39.548+0000] {processor.py:186} INFO - Started process (PID=47) to work on /home/airflow/.local/lib/python3.12/site-packages/airflow/example_dags/example_latest_only.py
[2026-06-28T11:01:39.549+0000] {processor.py:914} INFO - Processing file /home/airflow/.local/lib/python3.12/site-packages/airflow/example_dags/example_latest_only.py for tasks to queue
[2026-06-28T11:01:39.551+0000] {logging_mixin.py:190} INFO - [2026-06-28T11:01:39.551+0000] {dagbag.py:587} INFO - Filling up the DagBag from /home/airflow/.local/lib/python3.12/site-packages/airflow/example_dags/example_latest_only.py
[2026-06-28T11:01:39.559+0000] {processor.py:925} INFO - DAG(s) 'latest_only' retrieved from /home/airflow/.local/lib/python3.12/site-packages/airflow/example_dags/example_latest_only.py
[2026-06-28T11:01:39.654+0000] {logging_mixin.py:190} INFO - [2026-06-28T11:01:39.653+0000] {override.py:1858} INFO - Created Permission View: can edit on DAG:latest_only
[2026-06-28T11:01:39.661+0000] {logging_mixin.py:190} INFO - [2026-06-28T11:01:39.661+0000] {override.py:1858} INFO - Created Permission View: can delete on DAG:latest_only
[2026-06-28T11:01:39.666+0000] {logging_mixin.py:190} INFO - [2026-06-28T11:01:39.665+0000] {override.py:1858} INFO - Created Permission View: can read on DAG:latest_only
[2026-06-28T11:01:39.666+0000] {logging_mixin.py:190} INFO - [2026-06-28T11:01:39.666+0000] {dag.py:3211} INFO - Sync 1 DAGs
[2026-06-28T11:01:39.676+0000] {logging_mixin.py:190} INFO - [2026-06-28T11:01:39.676+0000] {dag.py:3234} INFO - Creating ORM DAG for latest_only
[2026-06-28T11:01:39.686+0000] {logging_mixin.py:190} INFO - [2026-06-28T11:01:39.685+0000] {dag.py:4138} INFO - Setting next_dagrun for latest_only to 2026-06-28 04:00:00+00:00, run_after=2026-06-28 08:00:00+00:00
[2026-06-28T11:01:39.700+0000] {processor.py:208} INFO - Processing /home/airflow/.local/lib/python3.12/site-packages/airflow/example_dags/example_latest_only.py took 0.158 seconds
[2026-06-28T11:02:10.572+0000] {processor.py:186} INFO - Started process (PID=109) to work on /home/airflow/.local/lib/python3.12/site-packages/airflow/example_dags/example_latest_only.py
[2026-06-28T11:02:10.573+0000] {processor.py:914} INFO - Processing file /home/airflow/.local/lib/python3.12/site-packages/airflow/example_dags/example_latest_only.py for tasks to queue
[2026-06-28T11:02:10.575+0000] {logging_mixin.py:190} INFO - [2026-06-28T11:02:10.575+0000] {dagbag.py:587} INFO - Filling up the DagBag from /home/airflow/.local/lib/python3.12/site-packages/airflow/example_dags/example_latest_only.py
[2026-06-28T11:02:10.582+0000] {processor.py:925} INFO - DAG(s) 'latest_only' retrieved from /home/airflow/.local/lib/python3.12/site-packages/airflow/example_dags/example_latest_only.py
[2026-06-28T11:02:10.604+0000] {logging_mixin.py:190} INFO - [2026-06-28T11:02:10.604+0000] {dag.py:3211} INFO - Sync 1 DAGs
[2026-06-28T11:02:10.622+0000] {logging_mixin.py:190} INFO - [2026-06-28T11:02:10.622+0000] {dag.py:4138} INFO - Setting next_dagrun for latest_only to 2026-06-28 04:00:00+00:00, run_after=2026-06-28 08:00:00+00:00
[2026-06-28T11:02:10.634+0000] {processor.py:208} INFO - Processing /home/airflow/.local/lib/python3.12/site-packages/airflow/example_dags/example_latest_only.py took 0.066 seconds
[2026-06-28T11:02:41.161+0000] {processor.py:186} INFO - Started process (PID=171) to work on /home/airflow/.local/lib/python3.12/site-packages/airflow/example_dags/example_latest_only.py
[2026-06-28T11:02:41.162+0000] {processor.py:914} INFO - Processing file /home/airflow/.local/lib/python3.12/site-packages/airflow/example_dags/example_latest_only.py for tasks to queue
[2026-06-28T11:02:41.163+0000] {logging_mixin.py:190} INFO - [2026-06-28T11:02:41.163+0000] {dagbag.py:587} INFO - Filling up the DagBag from /home/airflow/.local/lib/python3.12/site-packages/airflow/example_dags/example_latest_only.py
[2026-06-28T11:02:41.170+0000] {processor.py:925} INFO - DAG(s) 'latest_only' retrieved from /home/airflow/.local/lib/python3.12/site-packages/airflow/example_dags/example_latest_only.py
[2026-06-28T11:02:41.190+0000] {logging_mixin.py:190} INFO - [2026-06-28T11:02:41.190+0000] {dag.py:3211} INFO - Sync 1 DAGs
[2026-06-28T11:02:41.214+0000] {logging_mixin.py:190} INFO - [2026-06-28T11:02:41.214+0000] {dag.py:4138} INFO - Setting next_dagrun for latest_only to 2026-06-28 04:00:00+00:00, run_after=2026-06-28 08:00:00+00:00
[2026-06-28T11:02:41.234+0000] {processor.py:208} INFO - Processing /home/airflow/.local/lib/python3.12/site-packages/airflow/example_dags/example_latest_only.py took 0.078 seconds
[2026-06-28T11:03:11.914+0000] {processor.py:186} INFO - Started process (PID=233) to work on /home/airflow/.local/lib/python3.12/site-packages/airflow/example_dags/example_latest_only.py
[2026-06-28T11:03:11.916+0000] {processor.py:914} INFO - Processing file /home/airflow/.local/lib/python3.12/site-packages/airflow/example_dags/example_latest_only.py for tasks to queue
[2026-06-28T11:03:11.919+0000] {logging_mixin.py:190} INFO - [2026-06-28T11:03:11.918+0000] {dagbag.py:587} INFO - Filling up the DagBag from /home/airflow/.local/lib/python3.12/site-packages/airflow/example_dags/example_latest_only.py
[2026-06-28T11:03:11.933+0000] {processor.py:925} INFO - DAG(s) 'latest_only' retrieved from /home/airflow/.local/lib/python3.12/site-packages/airflow/example_dags/example_latest_only.py
[2026-06-28T11:03:12.005+0000] {logging_mixin.py:190} INFO - [2026-06-28T11:03:12.005+0000] {dag.py:3211} INFO - Sync 1 DAGs
[2026-06-28T11:03:12.056+0000] {logging_mixin.py:190} INFO - [2026-06-28T11:03:12.055+0000] {dag.py:4138} INFO - Setting next_dagrun for latest_only to 2026-06-28 04:00:00+00:00, run_after=2026-06-28 08:00:00+00:00
[2026-06-28T11:03:12.086+0000] {processor.py:208} INFO - Processing /home/airflow/.local/lib/python3.12/site-packages/airflow/example_dags/example_latest_only.py took 0.181 seconds
[2026-06-28T11:03:42.769+0000] {processor.py:186} INFO - Started process (PID=295) to work on /home/airflow/.local/lib/python3.12/site-packages/airflow/example_dags/example_latest_only.py
[2026-06-28T11:03:42.770+0000] {processor.py:914} INFO - Processing file /home/airflow/.local/lib/python3.12/site-packages/airflow/example_dags/example_latest_only.py for tasks to queue
[2026-06-28T11:03:42.774+0000] {logging_mixin.py:190} INFO - [2026-06-28T11:03:42.773+0000] {dagbag.py:587} INFO - Filling up the DagBag from /home/airflow/.local/lib/python3.12/site-packages/airflow/example_dags/example_latest_only.py
[2026-06-28T11:03:42.782+0000] {processor.py:925} INFO - DAG(s) 'latest_only' retrieved from /home/airflow/.local/lib/python3.12/site-packages/airflow/example_dags/example_latest_only.py
[2026-06-28T11:03:42.813+0000] {logging_mixin.py:190} INFO - [2026-06-28T11:03:42.813+0000] {dag.py:3211} INFO - Sync 1 DAGs
[2026-06-28T11:03:42.841+0000] {logging_mixin.py:190} INFO - [2026-06-28T11:03:42.841+0000] {dag.py:4138} INFO - Setting next_dagrun for latest_only to 2026-06-28 04:00:00+00:00, run_after=2026-06-28 08:00:00+00:00
[2026-06-28T11:03:42.870+0000] {processor.py:208} INFO - Processing /home/airflow/.local/lib/python3.12/site-packages/airflow/example_dags/example_latest_only.py took 0.108 seconds
[2026-06-28T11:04:13.409+0000] {processor.py:186} INFO - Started process (PID=363) to work on /home/airflow/.local/lib/python3.12/site-packages/airflow/example_dags/example_latest_only.py
[2026-06-28T11:04:13.410+0000] {processor.py:914} INFO - Processing file /home/airflow/.local/lib/python3.12/site-packages/airflow/example_dags/example_latest_only.py for tasks to queue
[2026-06-28T11:04:13.413+0000] {logging_mixin.py:190} INFO - [2026-06-28T11:04:13.412+0000] {dagbag.py:587} INFO - Filling up the DagBag from /home/airflow/.local/lib/python3.12/site-packages/airflow/example_dags/example_latest_only.py
[2026-06-28T11:04:13.422+0000] {processor.py:925} INFO - DAG(s) 'latest_only' retrieved from /home/airflow/.local/lib/python3.12/site-packages/airflow/example_dags/example_latest_only.py
[2026-06-28T11:04:13.449+0000] {logging_mixin.py:190} INFO - [2026-06-28T11:04:13.449+0000] {dag.py:3211} INFO - Sync 1 DAGs
[2026-06-28T11:04:13.486+0000] {logging_mixin.py:190} INFO - [2026-06-28T11:04:13.486+0000] {dag.py:4138} INFO - Setting next_dagrun for latest_only to 2026-06-28 04:00:00+00:00, run_after=2026-06-28 08:00:00+00:00
[2026-06-28T11:04:13.511+0000] {processor.py:208} INFO - Processing /home/airflow/.local/lib/python3.12/site-packages/airflow/example_dags/example_latest_only.py took 0.110 seconds
[2026-06-28T11:04:43.878+0000] {processor.py:186} INFO - Started process (PID=425) to work on /home/airflow/.local/lib/python3.12/site-packages/airflow/example_dags/example_latest_only.py
[2026-06-28T11:04:43.879+0000] {processor.py:914} INFO - Processing file /home/airflow/.local/lib/python3.12/site-packages/airflow/example_dags/example_latest_only.py for tasks to queue
[2026-06-28T11:04:43.881+0000] {logging_mixin.py:190} INFO - [2026-06-28T11:04:43.880+0000] {dagbag.py:587} INFO - Filling up the DagBag from /home/airflow/.local/lib/python3.12/site-packages/airflow/example_dags/example_latest_only.py
[2026-06-28T11:04:43.889+0000] {processor.py:925} INFO - DAG(s) 'latest_only' retrieved from /home/airflow/.local/lib/python3.12/site-packages/airflow/example_dags/example_latest_only.py
[2026-06-28T11:04:43.922+0000] {logging_mixin.py:190} INFO - [2026-06-28T11:04:43.921+0000] {dag.py:3211} INFO - Sync 1 DAGs
[2026-06-28T11:04:43.960+0000] {logging_mixin.py:190} INFO - [2026-06-28T11:04:43.960+0000] {dag.py:4138} INFO - Setting next_dagrun for latest_only to 2026-06-28 04:00:00+00:00, run_after=2026-06-28 08:00:00+00:00
[2026-06-28T11:04:43.988+0000] {processor.py:208} INFO - Processing /home/airflow/.local/lib/python3.12/site-packages/airflow/example_dags/example_latest_only.py took 0.117 seconds
[2026-06-28T11:05:14.835+0000] {processor.py:186} INFO - Started process (PID=487) to work on /home/airflow/.local/lib/python3.12/site-packages/airflow/example_dags/example_latest_only.py
[2026-06-28T11:05:14.836+0000] {processor.py:914} INFO - Processing file /home/airflow/.local/lib/python3.12/site-packages/airflow/example_dags/example_latest_only.py for tasks to queue
[2026-06-28T11:05:14.838+0000] {logging_mixin.py:190} INFO - [2026-06-28T11:05:14.838+0000] {dagbag.py:587} INFO - Filling up the DagBag from /home/airflow/.local/lib/python3.12/site-packages/airflow/example_dags/example_latest_only.py
[2026-06-28T11:05:14.845+0000] {processor.py:925} INFO - DAG(s) 'latest_only' retrieved from /home/airflow/.local/lib/python3.12/site-packages/airflow/example_dags/example_latest_only.py
[2026-06-28T11:05:14.869+0000] {logging_mixin.py:190} INFO - [2026-06-28T11:05:14.869+0000] {dag.py:3211} INFO - Sync 1 DAGs
[2026-06-28T11:05:14.894+0000] {logging_mixin.py:190} INFO - [2026-06-28T11:05:14.894+0000] {dag.py:4138} INFO - Setting next_dagrun for latest_only to 2026-06-28 04:00:00+00:00, run_after=2026-06-28 08:00:00+00:00
[2026-06-28T11:05:14.913+0000] {processor.py:208} INFO - Processing /home/airflow/.local/lib/python3.12/site-packages/airflow/example_dags/example_latest_only.py took 0.084 seconds
[2026-06-28T11:05:45.362+0000] {processor.py:186} INFO - Started process (PID=548) to work on /home/airflow/.local/lib/python3.12/site-packages/airflow/example_dags/example_latest_only.py
[2026-06-28T11:05:45.364+0000] {processor.py:914} INFO - Processing file /home/airflow/.local/lib/python3.12/site-packages/airflow/example_dags/example_latest_only.py for tasks to queue
[2026-06-28T11:05:45.366+0000] {logging_mixin.py:190} INFO - [2026-06-28T11:05:45.366+0000] {dagbag.py:587} INFO - Filling up the DagBag from /home/airflow/.local/lib/python3.12/site-packages/airflow/example_dags/example_latest_only.py
[2026-06-28T11:05:45.376+0000] {processor.py:925} INFO - DAG(s) 'latest_only' retrieved from /home/airflow/.local/lib/python3.12/site-packages/airflow/example_dags/example_latest_only.py
[2026-06-28T11:05:45.410+0000] {logging_mixin.py:190} INFO - [2026-06-28T11:05:45.410+0000] {dag.py:3211} INFO - Sync 1 DAGs
[2026-06-28T11:05:45.439+0000] {logging_mixin.py:190} INFO - [2026-06-28T11:05:45.439+0000] {dag.py:4138} INFO - Setting next_dagrun for latest_only to 2026-06-28 04:00:00+00:00, run_after=2026-06-28 08:00:00+00:00
[2026-06-28T11:05:45.459+0000] {processor.py:208} INFO - Processing /home/airflow/.local/lib/python3.12/site-packages/airflow/example_dags/example_latest_only.py took 0.105 seconds
[2026-06-28T11:06:15.836+0000] {processor.py:186} INFO - Started process (PID=610) to work on /home/airflow/.local/lib/python3.12/site-packages/airflow/example_dags/example_latest_only.py
[2026-06-28T11:06:15.837+0000] {processor.py:914} INFO - Processing file /home/airflow/.local/lib/python3.12/site-packages/airflow/example_dags/example_latest_only.py for tasks to queue
[2026-06-28T11:06:15.840+0000] {logging_mixin.py:190} INFO - [2026-06-28T11:06:15.839+0000] {dagbag.py:587} INFO - Filling up the DagBag from /home/airflow/.local/lib/python3.12/site-packages/airflow/example_dags/example_latest_only.py
[2026-06-28T11:06:15.849+0000] {processor.py:925} INFO - DAG(s) 'latest_only' retrieved from /home/airflow/.local/lib/python3.12/site-packages/airflow/example_dags/example_latest_only.py
[2026-06-28T11:06:15.876+0000] {logging_mixin.py:190} INFO - [2026-06-28T11:06:15.876+0000] {dag.py:3211} INFO - Sync 1 DAGs
[2026-06-28T11:06:15.903+0000] {logging_mixin.py:190} INFO - [2026-06-28T11:06:15.903+0000] {dag.py:4138} INFO - Setting next_dagrun for latest_only to 2026-06-28 04:00:00+00:00, run_after=2026-06-28 08:00:00+00:00
[2026-06-28T11:06:15.928+0000] {processor.py:208} INFO - Processing /home/airflow/.local/lib/python3.12/site-packages/airflow/example_dags/example_latest_only.py took 0.098 seconds
[2026-06-28T11:06:45.997+0000] {processor.py:186} INFO - Started process (PID=672) to work on /home/airflow/.local/lib/python3.12/site-packages/airflow/example_dags/example_latest_only.py
[2026-06-28T11:06:45.999+0000] {processor.py:914} INFO - Processing file /home/airflow/.local/lib/python3.12/site-packages/airflow/example_dags/example_latest_only.py for tasks to queue
[2026-06-28T11:06:46.003+0000] {logging_mixin.py:190} INFO - [2026-06-28T11:06:46.002+0000] {dagbag.py:587} INFO - Filling up the DagBag from /home/airflow/.local/lib/python3.12/site-packages/airflow/example_dags/example_latest_only.py
[2026-06-28T11:06:46.013+0000] {processor.py:925} INFO - DAG(s) 'latest_only' retrieved from /home/airflow/.local/lib/python3.12/site-packages/airflow/example_dags/example_latest_only.py
[2026-06-28T11:06:46.046+0000] {logging_mixin.py:190} INFO - [2026-06-28T11:06:46.046+0000] {dag.py:3211} INFO - Sync 1 DAGs
[2026-06-28T11:06:46.075+0000] {logging_mixin.py:190} INFO - [2026-06-28T11:06:46.075+0000] {dag.py:4138} INFO - Setting next_dagrun for latest_only to 2026-06-28 04:00:00+00:00, run_after=2026-06-28 08:00:00+00:00
[2026-06-28T11:06:46.101+0000] {processor.py:208} INFO - Processing /home/airflow/.local/lib/python3.12/site-packages/airflow/example_dags/example_latest_only.py took 0.112 seconds
[2026-06-28T11:07:16.348+0000] {processor.py:186} INFO - Started process (PID=733) to work on /home/airflow/.local/lib/python3.12/site-packages/airflow/example_dags/example_latest_only.py
[2026-06-28T11:07:16.348+0000] {processor.py:914} INFO - Processing file /home/airflow/.local/lib/python3.12/site-packages/airflow/example_dags/example_latest_only.py for tasks to queue
[2026-06-28T11:07:16.350+0000] {logging_mixin.py:190} INFO - [2026-06-28T11:07:16.350+0000] {dagbag.py:587} INFO - Filling up the DagBag from /home/airflow/.local/lib/python3.12/site-packages/airflow/example_dags/example_latest_only.py
[2026-06-28T11:07:16.359+0000] {processor.py:925} INFO - DAG(s) 'latest_only' retrieved from /home/airflow/.local/lib/python3.12/site-packages/airflow/example_dags/example_latest_only.py
[2026-06-28T11:07:16.392+0000] {logging_mixin.py:190} INFO - [2026-06-28T11:07:16.392+0000] {dag.py:3211} INFO - Sync 1 DAGs
[2026-06-28T11:07:16.421+0000] {logging_mixin.py:190} INFO - [2026-06-28T11:07:16.421+0000] {dag.py:4138} INFO - Setting next_dagrun for latest_only to 2026-06-28 04:00:00+00:00, run_after=2026-06-28 08:00:00+00:00
[2026-06-28T11:07:16.441+0000] {processor.py:208} INFO - Processing /home/airflow/.local/lib/python3.12/site-packages/airflow/example_dags/example_latest_only.py took 0.100 seconds
[2026-06-28T11:07:47.053+0000] {processor.py:186} INFO - Started process (PID=796) to work on /home/airflow/.local/lib/python3.12/site-packages/airflow/example_dags/example_latest_only.py
[2026-06-28T11:07:47.054+0000] {processor.py:914} INFO - Processing file /home/airflow/.local/lib/python3.12/site-packages/airflow/example_dags/example_latest_only.py for tasks to queue
[2026-06-28T11:07:47.057+0000] {logging_mixin.py:190} INFO - [2026-06-28T11:07:47.057+0000] {dagbag.py:587} INFO - Filling up the DagBag from /home/airflow/.local/lib/python3.12/site-packages/airflow/example_dags/example_latest_only.py
[2026-06-28T11:07:47.066+0000] {processor.py:925} INFO - DAG(s) 'latest_only' retrieved from /home/airflow/.local/lib/python3.12/site-packages/airflow/example_dags/example_latest_only.py
[2026-06-28T11:07:47.104+0000] {logging_mixin.py:190} INFO - [2026-06-28T11:07:47.103+0000] {dag.py:3211} INFO - Sync 1 DAGs
[2026-06-28T11:07:47.134+0000] {logging_mixin.py:190} INFO - [2026-06-28T11:07:47.134+0000] {dag.py:4138} INFO - Setting next_dagrun for latest_only to 2026-06-28 04:00:00+00:00, run_after=2026-06-28 08:00:00+00:00
[2026-06-28T11:07:47.157+0000] {processor.py:208} INFO - Processing /home/airflow/.local/lib/python3.12/site-packages/airflow/example_dags/example_latest_only.py took 0.112 seconds
[2026-06-28T11:08:17.460+0000] {processor.py:186} INFO - Started process (PID=858) to work on /home/airflow/.local/lib/python3.12/site-packages/airflow/example_dags/example_latest_only.py
[2026-06-28T11:08:17.461+0000] {processor.py:914} INFO - Processing file /home/airflow/.local/lib/python3.12/site-packages/airflow/example_dags/example_latest_only.py for tasks to queue
[2026-06-28T11:08:17.464+0000] {logging_mixin.py:190} INFO - [2026-06-28T11:08:17.464+0000] {dagbag.py:587} INFO - Filling up the DagBag from /home/airflow/.local/lib/python3.12/site-packages/airflow/example_dags/example_latest_only.py
[2026-06-28T11:08:17.473+0000] {processor.py:925} INFO - DAG(s) 'latest_only' retrieved from /home/airflow/.local/lib/python3.12/site-packages/airflow/example_dags/example_latest_only.py
[2026-06-28T11:08:17.496+0000] {logging_mixin.py:190} INFO - [2026-06-28T11:08:17.495+0000] {dag.py:3211} INFO - Sync 1 DAGs
[2026-06-28T11:08:17.521+0000] {logging_mixin.py:190} INFO - [2026-06-28T11:08:17.521+0000] {dag.py:4138} INFO - Setting next_dagrun for latest_only to 2026-06-28 04:00:00+00:00, run_after=2026-06-28 08:00:00+00:00
[2026-06-28T11:08:17.543+0000] {processor.py:208} INFO - Processing /home/airflow/.local/lib/python3.12/site-packages/airflow/example_dags/example_latest_only.py took 0.090 seconds
