[2026-06-28T11:01:34.146+0000] {processor.py:186} INFO - Started process (PID=29) to work on /home/airflow/.local/lib/python3.12/site-packages/airflow/example_dags/example_bash_operator.py
[2026-06-28T11:01:34.149+0000] {processor.py:914} INFO - Processing file /home/airflow/.local/lib/python3.12/site-packages/airflow/example_dags/example_bash_operator.py for tasks to queue
[2026-06-28T11:01:34.152+0000] {logging_mixin.py:190} INFO - [2026-06-28T11:01:34.151+0000] {dagbag.py:587} INFO - Filling up the DagBag from /home/airflow/.local/lib/python3.12/site-packages/airflow/example_dags/example_bash_operator.py
[2026-06-28T11:01:34.178+0000] {processor.py:925} INFO - DAG(s) 'example_bash_operator' retrieved from /home/airflow/.local/lib/python3.12/site-packages/airflow/example_dags/example_bash_operator.py
[2026-06-28T11:01:34.504+0000] {logging_mixin.py:190} INFO - [2026-06-28T11:01:34.503+0000] {override.py:1858} INFO - Created Permission View: can edit on DAG:example_bash_operator
[2026-06-28T11:01:34.513+0000] {logging_mixin.py:190} INFO - [2026-06-28T11:01:34.512+0000] {override.py:1858} INFO - Created Permission View: can delete on DAG:example_bash_operator
[2026-06-28T11:01:34.518+0000] {logging_mixin.py:190} INFO - [2026-06-28T11:01:34.518+0000] {override.py:1858} INFO - Created Permission View: can read on DAG:example_bash_operator
[2026-06-28T11:01:34.519+0000] {logging_mixin.py:190} INFO - [2026-06-28T11:01:34.518+0000] {dag.py:3211} INFO - Sync 1 DAGs
[2026-06-28T11:01:34.533+0000] {logging_mixin.py:190} INFO - [2026-06-28T11:01:34.533+0000] {dag.py:3234} INFO - Creating ORM DAG for example_bash_operator
[2026-06-28T11:01:34.545+0000] {logging_mixin.py:190} INFO - [2026-06-28T11:01:34.545+0000] {dag.py:4138} INFO - Setting next_dagrun for example_bash_operator to 2026-06-27 00:00:00+00:00, run_after=2026-06-28 00:00:00+00:00
[2026-06-28T11:01:34.569+0000] {processor.py:208} INFO - Processing /home/airflow/.local/lib/python3.12/site-packages/airflow/example_dags/example_bash_operator.py took 0.435 seconds
[2026-06-28T11:02:05.253+0000] {processor.py:186} INFO - Started process (PID=91) to work on /home/airflow/.local/lib/python3.12/site-packages/airflow/example_dags/example_bash_operator.py
[2026-06-28T11:02:05.253+0000] {processor.py:914} INFO - Processing file /home/airflow/.local/lib/python3.12/site-packages/airflow/example_dags/example_bash_operator.py for tasks to queue
[2026-06-28T11:02:05.256+0000] {logging_mixin.py:190} INFO - [2026-06-28T11:02:05.255+0000] {dagbag.py:587} INFO - Filling up the DagBag from /home/airflow/.local/lib/python3.12/site-packages/airflow/example_dags/example_bash_operator.py
[2026-06-28T11:02:05.268+0000] {processor.py:925} INFO - DAG(s) 'example_bash_operator' retrieved from /home/airflow/.local/lib/python3.12/site-packages/airflow/example_dags/example_bash_operator.py
[2026-06-28T11:02:05.294+0000] {logging_mixin.py:190} INFO - [2026-06-28T11:02:05.293+0000] {dag.py:3211} INFO - Sync 1 DAGs
[2026-06-28T11:02:05.316+0000] {logging_mixin.py:190} INFO - [2026-06-28T11:02:05.315+0000] {dag.py:4138} INFO - Setting next_dagrun for example_bash_operator to 2026-06-27 00:00:00+00:00, run_after=2026-06-28 00:00:00+00:00
[2026-06-28T11:02:05.333+0000] {processor.py:208} INFO - Processing /home/airflow/.local/lib/python3.12/site-packages/airflow/example_dags/example_bash_operator.py took 0.086 seconds
[2026-06-28T11:02:35.921+0000] {processor.py:186} INFO - Started process (PID=153) to work on /home/airflow/.local/lib/python3.12/site-packages/airflow/example_dags/example_bash_operator.py
[2026-06-28T11:02:35.922+0000] {processor.py:914} INFO - Processing file /home/airflow/.local/lib/python3.12/site-packages/airflow/example_dags/example_bash_operator.py for tasks to queue
[2026-06-28T11:02:35.924+0000] {logging_mixin.py:190} INFO - [2026-06-28T11:02:35.924+0000] {dagbag.py:587} INFO - Filling up the DagBag from /home/airflow/.local/lib/python3.12/site-packages/airflow/example_dags/example_bash_operator.py
[2026-06-28T11:02:35.940+0000] {processor.py:925} INFO - DAG(s) 'example_bash_operator' retrieved from /home/airflow/.local/lib/python3.12/site-packages/airflow/example_dags/example_bash_operator.py
[2026-06-28T11:02:35.975+0000] {logging_mixin.py:190} INFO - [2026-06-28T11:02:35.975+0000] {dag.py:3211} INFO - Sync 1 DAGs
[2026-06-28T11:02:35.997+0000] {logging_mixin.py:190} INFO - [2026-06-28T11:02:35.996+0000] {dag.py:4138} INFO - Setting next_dagrun for example_bash_operator to 2026-06-27 00:00:00+00:00, run_after=2026-06-28 00:00:00+00:00
[2026-06-28T11:02:36.012+0000] {processor.py:208} INFO - Processing /home/airflow/.local/lib/python3.12/site-packages/airflow/example_dags/example_bash_operator.py took 0.095 seconds
[2026-06-28T11:03:06.792+0000] {processor.py:186} INFO - Started process (PID=215) to work on /home/airflow/.local/lib/python3.12/site-packages/airflow/example_dags/example_bash_operator.py
[2026-06-28T11:03:06.794+0000] {processor.py:914} INFO - Processing file /home/airflow/.local/lib/python3.12/site-packages/airflow/example_dags/example_bash_operator.py for tasks to queue
[2026-06-28T11:03:06.797+0000] {logging_mixin.py:190} INFO - [2026-06-28T11:03:06.795+0000] {dagbag.py:587} INFO - Filling up the DagBag from /home/airflow/.local/lib/python3.12/site-packages/airflow/example_dags/example_bash_operator.py
[2026-06-28T11:03:06.816+0000] {processor.py:925} INFO - DAG(s) 'example_bash_operator' retrieved from /home/airflow/.local/lib/python3.12/site-packages/airflow/example_dags/example_bash_operator.py
[2026-06-28T11:03:06.847+0000] {logging_mixin.py:190} INFO - [2026-06-28T11:03:06.846+0000] {dag.py:3211} INFO - Sync 1 DAGs
[2026-06-28T11:03:06.873+0000] {logging_mixin.py:190} INFO - [2026-06-28T11:03:06.873+0000] {dag.py:4138} INFO - Setting next_dagrun for example_bash_operator to 2026-06-27 00:00:00+00:00, run_after=2026-06-28 00:00:00+00:00
[2026-06-28T11:03:06.890+0000] {processor.py:208} INFO - Processing /home/airflow/.local/lib/python3.12/site-packages/airflow/example_dags/example_bash_operator.py took 0.103 seconds
[2026-06-28T11:03:37.209+0000] {processor.py:186} INFO - Started process (PID=277) to work on /home/airflow/.local/lib/python3.12/site-packages/airflow/example_dags/example_bash_operator.py
[2026-06-28T11:03:37.210+0000] {processor.py:914} INFO - Processing file /home/airflow/.local/lib/python3.12/site-packages/airflow/example_dags/example_bash_operator.py for tasks to queue
[2026-06-28T11:03:37.213+0000] {logging_mixin.py:190} INFO - [2026-06-28T11:03:37.212+0000] {dagbag.py:587} INFO - Filling up the DagBag from /home/airflow/.local/lib/python3.12/site-packages/airflow/example_dags/example_bash_operator.py
[2026-06-28T11:03:37.281+0000] {processor.py:925} INFO - DAG(s) 'example_bash_operator' retrieved from /home/airflow/.local/lib/python3.12/site-packages/airflow/example_dags/example_bash_operator.py
[2026-06-28T11:03:37.318+0000] {logging_mixin.py:190} INFO - [2026-06-28T11:03:37.317+0000] {dag.py:3211} INFO - Sync 1 DAGs
[2026-06-28T11:03:37.357+0000] {logging_mixin.py:190} INFO - [2026-06-28T11:03:37.357+0000] {dag.py:4138} INFO - Setting next_dagrun for example_bash_operator to 2026-06-27 00:00:00+00:00, run_after=2026-06-28 00:00:00+00:00
[2026-06-28T11:03:37.383+0000] {processor.py:208} INFO - Processing /home/airflow/.local/lib/python3.12/site-packages/airflow/example_dags/example_bash_operator.py took 0.181 seconds
[2026-06-28T11:04:07.680+0000] {processor.py:186} INFO - Started process (PID=339) to work on /home/airflow/.local/lib/python3.12/site-packages/airflow/example_dags/example_bash_operator.py
[2026-06-28T11:04:07.680+0000] {processor.py:914} INFO - Processing file /home/airflow/.local/lib/python3.12/site-packages/airflow/example_dags/example_bash_operator.py for tasks to queue
[2026-06-28T11:04:07.683+0000] {logging_mixin.py:190} INFO - [2026-06-28T11:04:07.683+0000] {dagbag.py:587} INFO - Filling up the DagBag from /home/airflow/.local/lib/python3.12/site-packages/airflow/example_dags/example_bash_operator.py
[2026-06-28T11:04:07.705+0000] {processor.py:925} INFO - DAG(s) 'example_bash_operator' retrieved from /home/airflow/.local/lib/python3.12/site-packages/airflow/example_dags/example_bash_operator.py
[2026-06-28T11:04:07.745+0000] {logging_mixin.py:190} INFO - [2026-06-28T11:04:07.745+0000] {dag.py:3211} INFO - Sync 1 DAGs
[2026-06-28T11:04:07.780+0000] {logging_mixin.py:190} INFO - [2026-06-28T11:04:07.780+0000] {dag.py:4138} INFO - Setting next_dagrun for example_bash_operator to 2026-06-27 00:00:00+00:00, run_after=2026-06-28 00:00:00+00:00
[2026-06-28T11:04:07.808+0000] {processor.py:208} INFO - Processing /home/airflow/.local/lib/python3.12/site-packages/airflow/example_dags/example_bash_operator.py took 0.135 seconds
[2026-06-28T11:04:38.444+0000] {processor.py:186} INFO - Started process (PID=401) to work on /home/airflow/.local/lib/python3.12/site-packages/airflow/example_dags/example_bash_operator.py
[2026-06-28T11:04:38.445+0000] {processor.py:914} INFO - Processing file /home/airflow/.local/lib/python3.12/site-packages/airflow/example_dags/example_bash_operator.py for tasks to queue
[2026-06-28T11:04:38.448+0000] {logging_mixin.py:190} INFO - [2026-06-28T11:04:38.448+0000] {dagbag.py:587} INFO - Filling up the DagBag from /home/airflow/.local/lib/python3.12/site-packages/airflow/example_dags/example_bash_operator.py
[2026-06-28T11:04:38.599+0000] {processor.py:925} INFO - DAG(s) 'example_bash_operator' retrieved from /home/airflow/.local/lib/python3.12/site-packages/airflow/example_dags/example_bash_operator.py
[2026-06-28T11:04:38.641+0000] {logging_mixin.py:190} INFO - [2026-06-28T11:04:38.640+0000] {dag.py:3211} INFO - Sync 1 DAGs
[2026-06-28T11:04:38.695+0000] {logging_mixin.py:190} INFO - [2026-06-28T11:04:38.695+0000] {dag.py:4138} INFO - Setting next_dagrun for example_bash_operator to 2026-06-27 00:00:00+00:00, run_after=2026-06-28 00:00:00+00:00
[2026-06-28T11:04:38.724+0000] {processor.py:208} INFO - Processing /home/airflow/.local/lib/python3.12/site-packages/airflow/example_dags/example_bash_operator.py took 0.315 seconds
[2026-06-28T11:05:09.668+0000] {processor.py:186} INFO - Started process (PID=463) to work on /home/airflow/.local/lib/python3.12/site-packages/airflow/example_dags/example_bash_operator.py
[2026-06-28T11:05:09.669+0000] {processor.py:914} INFO - Processing file /home/airflow/.local/lib/python3.12/site-packages/airflow/example_dags/example_bash_operator.py for tasks to queue
[2026-06-28T11:05:09.671+0000] {logging_mixin.py:190} INFO - [2026-06-28T11:05:09.671+0000] {dagbag.py:587} INFO - Filling up the DagBag from /home/airflow/.local/lib/python3.12/site-packages/airflow/example_dags/example_bash_operator.py
[2026-06-28T11:05:09.687+0000] {processor.py:925} INFO - DAG(s) 'example_bash_operator' retrieved from /home/airflow/.local/lib/python3.12/site-packages/airflow/example_dags/example_bash_operator.py
[2026-06-28T11:05:09.719+0000] {logging_mixin.py:190} INFO - [2026-06-28T11:05:09.719+0000] {dag.py:3211} INFO - Sync 1 DAGs
[2026-06-28T11:05:09.746+0000] {logging_mixin.py:190} INFO - [2026-06-28T11:05:09.746+0000] {dag.py:4138} INFO - Setting next_dagrun for example_bash_operator to 2026-06-27 00:00:00+00:00, run_after=2026-06-28 00:00:00+00:00
[2026-06-28T11:05:09.766+0000] {processor.py:208} INFO - Processing /home/airflow/.local/lib/python3.12/site-packages/airflow/example_dags/example_bash_operator.py took 0.105 seconds
[2026-06-28T11:05:40.575+0000] {processor.py:186} INFO - Started process (PID=525) to work on /home/airflow/.local/lib/python3.12/site-packages/airflow/example_dags/example_bash_operator.py
[2026-06-28T11:05:40.577+0000] {processor.py:914} INFO - Processing file /home/airflow/.local/lib/python3.12/site-packages/airflow/example_dags/example_bash_operator.py for tasks to queue
[2026-06-28T11:05:40.579+0000] {logging_mixin.py:190} INFO - [2026-06-28T11:05:40.579+0000] {dagbag.py:587} INFO - Filling up the DagBag from /home/airflow/.local/lib/python3.12/site-packages/airflow/example_dags/example_bash_operator.py
[2026-06-28T11:05:40.594+0000] {processor.py:925} INFO - DAG(s) 'example_bash_operator' retrieved from /home/airflow/.local/lib/python3.12/site-packages/airflow/example_dags/example_bash_operator.py
[2026-06-28T11:05:40.628+0000] {logging_mixin.py:190} INFO - [2026-06-28T11:05:40.628+0000] {dag.py:3211} INFO - Sync 1 DAGs
[2026-06-28T11:05:40.656+0000] {logging_mixin.py:190} INFO - [2026-06-28T11:05:40.655+0000] {dag.py:4138} INFO - Setting next_dagrun for example_bash_operator to 2026-06-27 00:00:00+00:00, run_after=2026-06-28 00:00:00+00:00
[2026-06-28T11:05:40.675+0000] {processor.py:208} INFO - Processing /home/airflow/.local/lib/python3.12/site-packages/airflow/example_dags/example_bash_operator.py took 0.105 seconds
[2026-06-28T11:06:11.254+0000] {processor.py:186} INFO - Started process (PID=586) to work on /home/airflow/.local/lib/python3.12/site-packages/airflow/example_dags/example_bash_operator.py
[2026-06-28T11:06:11.256+0000] {processor.py:914} INFO - Processing file /home/airflow/.local/lib/python3.12/site-packages/airflow/example_dags/example_bash_operator.py for tasks to queue
[2026-06-28T11:06:11.259+0000] {logging_mixin.py:190} INFO - [2026-06-28T11:06:11.258+0000] {dagbag.py:587} INFO - Filling up the DagBag from /home/airflow/.local/lib/python3.12/site-packages/airflow/example_dags/example_bash_operator.py
[2026-06-28T11:06:11.281+0000] {processor.py:925} INFO - DAG(s) 'example_bash_operator' retrieved from /home/airflow/.local/lib/python3.12/site-packages/airflow/example_dags/example_bash_operator.py
[2026-06-28T11:06:11.331+0000] {logging_mixin.py:190} INFO - [2026-06-28T11:06:11.331+0000] {dag.py:3211} INFO - Sync 1 DAGs
[2026-06-28T11:06:11.378+0000] {logging_mixin.py:190} INFO - [2026-06-28T11:06:11.377+0000] {dag.py:4138} INFO - Setting next_dagrun for example_bash_operator to 2026-06-27 00:00:00+00:00, run_after=2026-06-28 00:00:00+00:00
[2026-06-28T11:06:11.401+0000] {processor.py:208} INFO - Processing /home/airflow/.local/lib/python3.12/site-packages/airflow/example_dags/example_bash_operator.py took 0.154 seconds
[2026-06-28T11:06:41.566+0000] {processor.py:186} INFO - Started process (PID=648) to work on /home/airflow/.local/lib/python3.12/site-packages/airflow/example_dags/example_bash_operator.py
[2026-06-28T11:06:41.568+0000] {processor.py:914} INFO - Processing file /home/airflow/.local/lib/python3.12/site-packages/airflow/example_dags/example_bash_operator.py for tasks to queue
[2026-06-28T11:06:41.571+0000] {logging_mixin.py:190} INFO - [2026-06-28T11:06:41.570+0000] {dagbag.py:587} INFO - Filling up the DagBag from /home/airflow/.local/lib/python3.12/site-packages/airflow/example_dags/example_bash_operator.py
[2026-06-28T11:06:41.589+0000] {processor.py:925} INFO - DAG(s) 'example_bash_operator' retrieved from /home/airflow/.local/lib/python3.12/site-packages/airflow/example_dags/example_bash_operator.py
[2026-06-28T11:06:41.633+0000] {logging_mixin.py:190} INFO - [2026-06-28T11:06:41.633+0000] {dag.py:3211} INFO - Sync 1 DAGs
[2026-06-28T11:06:41.664+0000] {logging_mixin.py:190} INFO - [2026-06-28T11:06:41.664+0000] {dag.py:4138} INFO - Setting next_dagrun for example_bash_operator to 2026-06-27 00:00:00+00:00, run_after=2026-06-28 00:00:00+00:00
[2026-06-28T11:06:41.689+0000] {processor.py:208} INFO - Processing /home/airflow/.local/lib/python3.12/site-packages/airflow/example_dags/example_bash_operator.py took 0.129 seconds
[2026-06-28T11:07:12.283+0000] {processor.py:186} INFO - Started process (PID=710) to work on /home/airflow/.local/lib/python3.12/site-packages/airflow/example_dags/example_bash_operator.py
[2026-06-28T11:07:12.284+0000] {processor.py:914} INFO - Processing file /home/airflow/.local/lib/python3.12/site-packages/airflow/example_dags/example_bash_operator.py for tasks to queue
[2026-06-28T11:07:12.286+0000] {logging_mixin.py:190} INFO - [2026-06-28T11:07:12.286+0000] {dagbag.py:587} INFO - Filling up the DagBag from /home/airflow/.local/lib/python3.12/site-packages/airflow/example_dags/example_bash_operator.py
[2026-06-28T11:07:12.300+0000] {processor.py:925} INFO - DAG(s) 'example_bash_operator' retrieved from /home/airflow/.local/lib/python3.12/site-packages/airflow/example_dags/example_bash_operator.py
[2026-06-28T11:07:12.331+0000] {logging_mixin.py:190} INFO - [2026-06-28T11:07:12.331+0000] {dag.py:3211} INFO - Sync 1 DAGs
[2026-06-28T11:07:12.358+0000] {logging_mixin.py:190} INFO - [2026-06-28T11:07:12.357+0000] {dag.py:4138} INFO - Setting next_dagrun for example_bash_operator to 2026-06-27 00:00:00+00:00, run_after=2026-06-28 00:00:00+00:00
[2026-06-28T11:07:12.375+0000] {processor.py:208} INFO - Processing /home/airflow/.local/lib/python3.12/site-packages/airflow/example_dags/example_bash_operator.py took 0.098 seconds
[2026-06-28T11:07:42.809+0000] {processor.py:186} INFO - Started process (PID=772) to work on /home/airflow/.local/lib/python3.12/site-packages/airflow/example_dags/example_bash_operator.py
[2026-06-28T11:07:42.810+0000] {processor.py:914} INFO - Processing file /home/airflow/.local/lib/python3.12/site-packages/airflow/example_dags/example_bash_operator.py for tasks to queue
[2026-06-28T11:07:42.812+0000] {logging_mixin.py:190} INFO - [2026-06-28T11:07:42.812+0000] {dagbag.py:587} INFO - Filling up the DagBag from /home/airflow/.local/lib/python3.12/site-packages/airflow/example_dags/example_bash_operator.py
[2026-06-28T11:07:42.829+0000] {processor.py:925} INFO - DAG(s) 'example_bash_operator' retrieved from /home/airflow/.local/lib/python3.12/site-packages/airflow/example_dags/example_bash_operator.py
[2026-06-28T11:07:42.867+0000] {logging_mixin.py:190} INFO - [2026-06-28T11:07:42.867+0000] {dag.py:3211} INFO - Sync 1 DAGs
[2026-06-28T11:07:42.894+0000] {logging_mixin.py:190} INFO - [2026-06-28T11:07:42.894+0000] {dag.py:4138} INFO - Setting next_dagrun for example_bash_operator to 2026-06-27 00:00:00+00:00, run_after=2026-06-28 00:00:00+00:00
[2026-06-28T11:07:42.915+0000] {processor.py:208} INFO - Processing /home/airflow/.local/lib/python3.12/site-packages/airflow/example_dags/example_bash_operator.py took 0.113 seconds
[2026-06-28T11:08:13.136+0000] {processor.py:186} INFO - Started process (PID=834) to work on /home/airflow/.local/lib/python3.12/site-packages/airflow/example_dags/example_bash_operator.py
[2026-06-28T11:08:13.138+0000] {processor.py:914} INFO - Processing file /home/airflow/.local/lib/python3.12/site-packages/airflow/example_dags/example_bash_operator.py for tasks to queue
[2026-06-28T11:08:13.140+0000] {logging_mixin.py:190} INFO - [2026-06-28T11:08:13.140+0000] {dagbag.py:587} INFO - Filling up the DagBag from /home/airflow/.local/lib/python3.12/site-packages/airflow/example_dags/example_bash_operator.py
[2026-06-28T11:08:13.156+0000] {processor.py:925} INFO - DAG(s) 'example_bash_operator' retrieved from /home/airflow/.local/lib/python3.12/site-packages/airflow/example_dags/example_bash_operator.py
[2026-06-28T11:08:13.189+0000] {logging_mixin.py:190} INFO - [2026-06-28T11:08:13.188+0000] {dag.py:3211} INFO - Sync 1 DAGs
[2026-06-28T11:08:13.218+0000] {logging_mixin.py:190} INFO - [2026-06-28T11:08:13.218+0000] {dag.py:4138} INFO - Setting next_dagrun for example_bash_operator to 2026-06-27 00:00:00+00:00, run_after=2026-06-28 00:00:00+00:00
[2026-06-28T11:08:13.240+0000] {processor.py:208} INFO - Processing /home/airflow/.local/lib/python3.12/site-packages/airflow/example_dags/example_bash_operator.py took 0.110 seconds
