[2026-06-28T11:01:38.725+0000] {processor.py:186} INFO - Started process (PID=41) to work on /home/airflow/.local/lib/python3.12/site-packages/airflow/example_dags/example_display_name.py
[2026-06-28T11:01:38.726+0000] {processor.py:914} INFO - Processing file /home/airflow/.local/lib/python3.12/site-packages/airflow/example_dags/example_display_name.py for tasks to queue
[2026-06-28T11:01:38.728+0000] {logging_mixin.py:190} INFO - [2026-06-28T11:01:38.728+0000] {dagbag.py:587} INFO - Filling up the DagBag from /home/airflow/.local/lib/python3.12/site-packages/airflow/example_dags/example_display_name.py
[2026-06-28T11:01:38.739+0000] {processor.py:925} INFO - DAG(s) 'example_display_name' retrieved from /home/airflow/.local/lib/python3.12/site-packages/airflow/example_dags/example_display_name.py
[2026-06-28T11:01:38.945+0000] {logging_mixin.py:190} INFO - [2026-06-28T11:01:38.944+0000] {override.py:1858} INFO - Created Permission View: can edit on DAG:example_display_name
[2026-06-28T11:01:38.957+0000] {logging_mixin.py:190} INFO - [2026-06-28T11:01:38.957+0000] {override.py:1858} INFO - Created Permission View: can delete on DAG:example_display_name
[2026-06-28T11:01:38.964+0000] {logging_mixin.py:190} INFO - [2026-06-28T11:01:38.963+0000] {override.py:1858} INFO - Created Permission View: can read on DAG:example_display_name
[2026-06-28T11:01:38.964+0000] {logging_mixin.py:190} INFO - [2026-06-28T11:01:38.964+0000] {dag.py:3211} INFO - Sync 1 DAGs
[2026-06-28T11:01:38.978+0000] {logging_mixin.py:190} INFO - [2026-06-28T11:01:38.977+0000] {dag.py:3234} INFO - Creating ORM DAG for example_display_name
[2026-06-28T11:01:38.979+0000] {logging_mixin.py:190} INFO - [2026-06-28T11:01:38.978+0000] {dag.py:4138} INFO - Setting next_dagrun for example_display_name to None, run_after=None
[2026-06-28T11:01:38.997+0000] {processor.py:208} INFO - Processing /home/airflow/.local/lib/python3.12/site-packages/airflow/example_dags/example_display_name.py took 0.278 seconds
[2026-06-28T11:02:09.096+0000] {processor.py:186} INFO - Started process (PID=103) to work on /home/airflow/.local/lib/python3.12/site-packages/airflow/example_dags/example_display_name.py
[2026-06-28T11:02:09.097+0000] {processor.py:914} INFO - Processing file /home/airflow/.local/lib/python3.12/site-packages/airflow/example_dags/example_display_name.py for tasks to queue
[2026-06-28T11:02:09.099+0000] {logging_mixin.py:190} INFO - [2026-06-28T11:02:09.098+0000] {dagbag.py:587} INFO - Filling up the DagBag from /home/airflow/.local/lib/python3.12/site-packages/airflow/example_dags/example_display_name.py
[2026-06-28T11:02:09.105+0000] {processor.py:925} INFO - DAG(s) 'example_display_name' retrieved from /home/airflow/.local/lib/python3.12/site-packages/airflow/example_dags/example_display_name.py
[2026-06-28T11:02:09.123+0000] {logging_mixin.py:190} INFO - [2026-06-28T11:02:09.122+0000] {dag.py:3211} INFO - Sync 1 DAGs
[2026-06-28T11:02:09.134+0000] {logging_mixin.py:190} INFO - [2026-06-28T11:02:09.133+0000] {dag.py:4138} INFO - Setting next_dagrun for example_display_name to None, run_after=None
[2026-06-28T11:02:09.147+0000] {processor.py:208} INFO - Processing /home/airflow/.local/lib/python3.12/site-packages/airflow/example_dags/example_display_name.py took 0.056 seconds
[2026-06-28T11:02:39.731+0000] {processor.py:186} INFO - Started process (PID=165) to work on /home/airflow/.local/lib/python3.12/site-packages/airflow/example_dags/example_display_name.py
[2026-06-28T11:02:39.732+0000] {processor.py:914} INFO - Processing file /home/airflow/.local/lib/python3.12/site-packages/airflow/example_dags/example_display_name.py for tasks to queue
[2026-06-28T11:02:39.734+0000] {logging_mixin.py:190} INFO - [2026-06-28T11:02:39.734+0000] {dagbag.py:587} INFO - Filling up the DagBag from /home/airflow/.local/lib/python3.12/site-packages/airflow/example_dags/example_display_name.py
[2026-06-28T11:02:39.740+0000] {processor.py:925} INFO - DAG(s) 'example_display_name' retrieved from /home/airflow/.local/lib/python3.12/site-packages/airflow/example_dags/example_display_name.py
[2026-06-28T11:02:39.760+0000] {logging_mixin.py:190} INFO - [2026-06-28T11:02:39.760+0000] {dag.py:3211} INFO - Sync 1 DAGs
[2026-06-28T11:02:39.773+0000] {logging_mixin.py:190} INFO - [2026-06-28T11:02:39.773+0000] {dag.py:4138} INFO - Setting next_dagrun for example_display_name to None, run_after=None
[2026-06-28T11:02:39.790+0000] {processor.py:208} INFO - Processing /home/airflow/.local/lib/python3.12/site-packages/airflow/example_dags/example_display_name.py took 0.064 seconds
[2026-06-28T11:03:10.402+0000] {processor.py:186} INFO - Started process (PID=227) to work on /home/airflow/.local/lib/python3.12/site-packages/airflow/example_dags/example_display_name.py
[2026-06-28T11:03:10.403+0000] {processor.py:914} INFO - Processing file /home/airflow/.local/lib/python3.12/site-packages/airflow/example_dags/example_display_name.py for tasks to queue
[2026-06-28T11:03:10.404+0000] {logging_mixin.py:190} INFO - [2026-06-28T11:03:10.404+0000] {dagbag.py:587} INFO - Filling up the DagBag from /home/airflow/.local/lib/python3.12/site-packages/airflow/example_dags/example_display_name.py
[2026-06-28T11:03:10.412+0000] {processor.py:925} INFO - DAG(s) 'example_display_name' retrieved from /home/airflow/.local/lib/python3.12/site-packages/airflow/example_dags/example_display_name.py
[2026-06-28T11:03:10.439+0000] {logging_mixin.py:190} INFO - [2026-06-28T11:03:10.438+0000] {dag.py:3211} INFO - Sync 1 DAGs
[2026-06-28T11:03:10.452+0000] {logging_mixin.py:190} INFO - [2026-06-28T11:03:10.452+0000] {dag.py:4138} INFO - Setting next_dagrun for example_display_name to None, run_after=None
[2026-06-28T11:03:10.471+0000] {processor.py:208} INFO - Processing /home/airflow/.local/lib/python3.12/site-packages/airflow/example_dags/example_display_name.py took 0.075 seconds
[2026-06-28T11:03:41.226+0000] {processor.py:186} INFO - Started process (PID=289) to work on /home/airflow/.local/lib/python3.12/site-packages/airflow/example_dags/example_display_name.py
[2026-06-28T11:03:41.227+0000] {processor.py:914} INFO - Processing file /home/airflow/.local/lib/python3.12/site-packages/airflow/example_dags/example_display_name.py for tasks to queue
[2026-06-28T11:03:41.229+0000] {logging_mixin.py:190} INFO - [2026-06-28T11:03:41.229+0000] {dagbag.py:587} INFO - Filling up the DagBag from /home/airflow/.local/lib/python3.12/site-packages/airflow/example_dags/example_display_name.py
[2026-06-28T11:03:41.238+0000] {processor.py:925} INFO - DAG(s) 'example_display_name' retrieved from /home/airflow/.local/lib/python3.12/site-packages/airflow/example_dags/example_display_name.py
[2026-06-28T11:03:41.263+0000] {logging_mixin.py:190} INFO - [2026-06-28T11:03:41.262+0000] {dag.py:3211} INFO - Sync 1 DAGs
[2026-06-28T11:03:41.278+0000] {logging_mixin.py:190} INFO - [2026-06-28T11:03:41.278+0000] {dag.py:4138} INFO - Setting next_dagrun for example_display_name to None, run_after=None
[2026-06-28T11:03:41.298+0000] {processor.py:208} INFO - Processing /home/airflow/.local/lib/python3.12/site-packages/airflow/example_dags/example_display_name.py took 0.079 seconds
[2026-06-28T11:04:11.756+0000] {processor.py:186} INFO - Started process (PID=351) to work on /home/airflow/.local/lib/python3.12/site-packages/airflow/example_dags/example_display_name.py
[2026-06-28T11:04:11.757+0000] {processor.py:914} INFO - Processing file /home/airflow/.local/lib/python3.12/site-packages/airflow/example_dags/example_display_name.py for tasks to queue
[2026-06-28T11:04:11.760+0000] {logging_mixin.py:190} INFO - [2026-06-28T11:04:11.759+0000] {dagbag.py:587} INFO - Filling up the DagBag from /home/airflow/.local/lib/python3.12/site-packages/airflow/example_dags/example_display_name.py
[2026-06-28T11:04:11.769+0000] {processor.py:925} INFO - DAG(s) 'example_display_name' retrieved from /home/airflow/.local/lib/python3.12/site-packages/airflow/example_dags/example_display_name.py
[2026-06-28T11:04:11.798+0000] {logging_mixin.py:190} INFO - [2026-06-28T11:04:11.798+0000] {dag.py:3211} INFO - Sync 1 DAGs
[2026-06-28T11:04:11.819+0000] {logging_mixin.py:190} INFO - [2026-06-28T11:04:11.819+0000] {dag.py:4138} INFO - Setting next_dagrun for example_display_name to None, run_after=None
[2026-06-28T11:04:11.844+0000] {processor.py:208} INFO - Processing /home/airflow/.local/lib/python3.12/site-packages/airflow/example_dags/example_display_name.py took 0.096 seconds
[2026-06-28T11:04:42.394+0000] {processor.py:186} INFO - Started process (PID=413) to work on /home/airflow/.local/lib/python3.12/site-packages/airflow/example_dags/example_display_name.py
[2026-06-28T11:04:42.396+0000] {processor.py:914} INFO - Processing file /home/airflow/.local/lib/python3.12/site-packages/airflow/example_dags/example_display_name.py for tasks to queue
[2026-06-28T11:04:42.399+0000] {logging_mixin.py:190} INFO - [2026-06-28T11:04:42.398+0000] {dagbag.py:587} INFO - Filling up the DagBag from /home/airflow/.local/lib/python3.12/site-packages/airflow/example_dags/example_display_name.py
[2026-06-28T11:04:42.406+0000] {processor.py:925} INFO - DAG(s) 'example_display_name' retrieved from /home/airflow/.local/lib/python3.12/site-packages/airflow/example_dags/example_display_name.py
[2026-06-28T11:04:42.430+0000] {logging_mixin.py:190} INFO - [2026-06-28T11:04:42.430+0000] {dag.py:3211} INFO - Sync 1 DAGs
[2026-06-28T11:04:42.444+0000] {logging_mixin.py:190} INFO - [2026-06-28T11:04:42.444+0000] {dag.py:4138} INFO - Setting next_dagrun for example_display_name to None, run_after=None
[2026-06-28T11:04:42.464+0000] {processor.py:208} INFO - Processing /home/airflow/.local/lib/python3.12/site-packages/airflow/example_dags/example_display_name.py took 0.074 seconds
[2026-06-28T11:05:13.287+0000] {processor.py:186} INFO - Started process (PID=481) to work on /home/airflow/.local/lib/python3.12/site-packages/airflow/example_dags/example_display_name.py
[2026-06-28T11:05:13.288+0000] {processor.py:914} INFO - Processing file /home/airflow/.local/lib/python3.12/site-packages/airflow/example_dags/example_display_name.py for tasks to queue
[2026-06-28T11:05:13.291+0000] {logging_mixin.py:190} INFO - [2026-06-28T11:05:13.290+0000] {dagbag.py:587} INFO - Filling up the DagBag from /home/airflow/.local/lib/python3.12/site-packages/airflow/example_dags/example_display_name.py
[2026-06-28T11:05:13.305+0000] {processor.py:925} INFO - DAG(s) 'example_display_name' retrieved from /home/airflow/.local/lib/python3.12/site-packages/airflow/example_dags/example_display_name.py
[2026-06-28T11:05:13.352+0000] {logging_mixin.py:190} INFO - [2026-06-28T11:05:13.351+0000] {dag.py:3211} INFO - Sync 1 DAGs
[2026-06-28T11:05:13.375+0000] {logging_mixin.py:190} INFO - [2026-06-28T11:05:13.374+0000] {dag.py:4138} INFO - Setting next_dagrun for example_display_name to None, run_after=None
[2026-06-28T11:05:13.404+0000] {processor.py:208} INFO - Processing /home/airflow/.local/lib/python3.12/site-packages/airflow/example_dags/example_display_name.py took 0.125 seconds
[2026-06-28T11:05:43.724+0000] {processor.py:186} INFO - Started process (PID=542) to work on /home/airflow/.local/lib/python3.12/site-packages/airflow/example_dags/example_display_name.py
[2026-06-28T11:05:43.725+0000] {processor.py:914} INFO - Processing file /home/airflow/.local/lib/python3.12/site-packages/airflow/example_dags/example_display_name.py for tasks to queue
[2026-06-28T11:05:43.727+0000] {logging_mixin.py:190} INFO - [2026-06-28T11:05:43.727+0000] {dagbag.py:587} INFO - Filling up the DagBag from /home/airflow/.local/lib/python3.12/site-packages/airflow/example_dags/example_display_name.py
[2026-06-28T11:05:43.735+0000] {processor.py:925} INFO - DAG(s) 'example_display_name' retrieved from /home/airflow/.local/lib/python3.12/site-packages/airflow/example_dags/example_display_name.py
[2026-06-28T11:05:43.765+0000] {logging_mixin.py:190} INFO - [2026-06-28T11:05:43.764+0000] {dag.py:3211} INFO - Sync 1 DAGs
[2026-06-28T11:05:43.783+0000] {logging_mixin.py:190} INFO - [2026-06-28T11:05:43.783+0000] {dag.py:4138} INFO - Setting next_dagrun for example_display_name to None, run_after=None
[2026-06-28T11:05:43.811+0000] {processor.py:208} INFO - Processing /home/airflow/.local/lib/python3.12/site-packages/airflow/example_dags/example_display_name.py took 0.095 seconds
[2026-06-28T11:06:14.122+0000] {processor.py:186} INFO - Started process (PID=603) to work on /home/airflow/.local/lib/python3.12/site-packages/airflow/example_dags/example_display_name.py
[2026-06-28T11:06:14.124+0000] {processor.py:914} INFO - Processing file /home/airflow/.local/lib/python3.12/site-packages/airflow/example_dags/example_display_name.py for tasks to queue
[2026-06-28T11:06:14.126+0000] {logging_mixin.py:190} INFO - [2026-06-28T11:06:14.126+0000] {dagbag.py:587} INFO - Filling up the DagBag from /home/airflow/.local/lib/python3.12/site-packages/airflow/example_dags/example_display_name.py
[2026-06-28T11:06:14.140+0000] {processor.py:925} INFO - DAG(s) 'example_display_name' retrieved from /home/airflow/.local/lib/python3.12/site-packages/airflow/example_dags/example_display_name.py
[2026-06-28T11:06:14.176+0000] {logging_mixin.py:190} INFO - [2026-06-28T11:06:14.175+0000] {dag.py:3211} INFO - Sync 1 DAGs
[2026-06-28T11:06:14.203+0000] {logging_mixin.py:190} INFO - [2026-06-28T11:06:14.202+0000] {dag.py:4138} INFO - Setting next_dagrun for example_display_name to None, run_after=None
[2026-06-28T11:06:14.233+0000] {processor.py:208} INFO - Processing /home/airflow/.local/lib/python3.12/site-packages/airflow/example_dags/example_display_name.py took 0.119 seconds
[2026-06-28T11:06:44.554+0000] {processor.py:186} INFO - Started process (PID=665) to work on /home/airflow/.local/lib/python3.12/site-packages/airflow/example_dags/example_display_name.py
[2026-06-28T11:06:44.556+0000] {processor.py:914} INFO - Processing file /home/airflow/.local/lib/python3.12/site-packages/airflow/example_dags/example_display_name.py for tasks to queue
[2026-06-28T11:06:44.558+0000] {logging_mixin.py:190} INFO - [2026-06-28T11:06:44.558+0000] {dagbag.py:587} INFO - Filling up the DagBag from /home/airflow/.local/lib/python3.12/site-packages/airflow/example_dags/example_display_name.py
[2026-06-28T11:06:44.567+0000] {processor.py:925} INFO - DAG(s) 'example_display_name' retrieved from /home/airflow/.local/lib/python3.12/site-packages/airflow/example_dags/example_display_name.py
[2026-06-28T11:06:44.594+0000] {logging_mixin.py:190} INFO - [2026-06-28T11:06:44.594+0000] {dag.py:3211} INFO - Sync 1 DAGs
[2026-06-28T11:06:44.612+0000] {logging_mixin.py:190} INFO - [2026-06-28T11:06:44.611+0000] {dag.py:4138} INFO - Setting next_dagrun for example_display_name to None, run_after=None
[2026-06-28T11:06:44.634+0000] {processor.py:208} INFO - Processing /home/airflow/.local/lib/python3.12/site-packages/airflow/example_dags/example_display_name.py took 0.085 seconds
[2026-06-28T11:07:15.077+0000] {processor.py:186} INFO - Started process (PID=727) to work on /home/airflow/.local/lib/python3.12/site-packages/airflow/example_dags/example_display_name.py
[2026-06-28T11:07:15.078+0000] {processor.py:914} INFO - Processing file /home/airflow/.local/lib/python3.12/site-packages/airflow/example_dags/example_display_name.py for tasks to queue
[2026-06-28T11:07:15.080+0000] {logging_mixin.py:190} INFO - [2026-06-28T11:07:15.079+0000] {dagbag.py:587} INFO - Filling up the DagBag from /home/airflow/.local/lib/python3.12/site-packages/airflow/example_dags/example_display_name.py
[2026-06-28T11:07:15.089+0000] {processor.py:925} INFO - DAG(s) 'example_display_name' retrieved from /home/airflow/.local/lib/python3.12/site-packages/airflow/example_dags/example_display_name.py
[2026-06-28T11:07:15.114+0000] {logging_mixin.py:190} INFO - [2026-06-28T11:07:15.114+0000] {dag.py:3211} INFO - Sync 1 DAGs
[2026-06-28T11:07:15.131+0000] {logging_mixin.py:190} INFO - [2026-06-28T11:07:15.131+0000] {dag.py:4138} INFO - Setting next_dagrun for example_display_name to None, run_after=None
[2026-06-28T11:07:15.156+0000] {processor.py:208} INFO - Processing /home/airflow/.local/lib/python3.12/site-packages/airflow/example_dags/example_display_name.py took 0.085 seconds
[2026-06-28T11:07:45.602+0000] {processor.py:186} INFO - Started process (PID=789) to work on /home/airflow/.local/lib/python3.12/site-packages/airflow/example_dags/example_display_name.py
[2026-06-28T11:07:45.603+0000] {processor.py:914} INFO - Processing file /home/airflow/.local/lib/python3.12/site-packages/airflow/example_dags/example_display_name.py for tasks to queue
[2026-06-28T11:07:45.606+0000] {logging_mixin.py:190} INFO - [2026-06-28T11:07:45.605+0000] {dagbag.py:587} INFO - Filling up the DagBag from /home/airflow/.local/lib/python3.12/site-packages/airflow/example_dags/example_display_name.py
[2026-06-28T11:07:45.616+0000] {processor.py:925} INFO - DAG(s) 'example_display_name' retrieved from /home/airflow/.local/lib/python3.12/site-packages/airflow/example_dags/example_display_name.py
[2026-06-28T11:07:45.654+0000] {logging_mixin.py:190} INFO - [2026-06-28T11:07:45.654+0000] {dag.py:3211} INFO - Sync 1 DAGs
[2026-06-28T11:07:45.675+0000] {logging_mixin.py:190} INFO - [2026-06-28T11:07:45.675+0000] {dag.py:4138} INFO - Setting next_dagrun for example_display_name to None, run_after=None
[2026-06-28T11:07:45.700+0000] {processor.py:208} INFO - Processing /home/airflow/.local/lib/python3.12/site-packages/airflow/example_dags/example_display_name.py took 0.112 seconds
[2026-06-28T11:08:16.056+0000] {processor.py:186} INFO - Started process (PID=851) to work on /home/airflow/.local/lib/python3.12/site-packages/airflow/example_dags/example_display_name.py
[2026-06-28T11:08:16.057+0000] {processor.py:914} INFO - Processing file /home/airflow/.local/lib/python3.12/site-packages/airflow/example_dags/example_display_name.py for tasks to queue
[2026-06-28T11:08:16.060+0000] {logging_mixin.py:190} INFO - [2026-06-28T11:08:16.059+0000] {dagbag.py:587} INFO - Filling up the DagBag from /home/airflow/.local/lib/python3.12/site-packages/airflow/example_dags/example_display_name.py
[2026-06-28T11:08:16.069+0000] {processor.py:925} INFO - DAG(s) 'example_display_name' retrieved from /home/airflow/.local/lib/python3.12/site-packages/airflow/example_dags/example_display_name.py
[2026-06-28T11:08:16.095+0000] {logging_mixin.py:190} INFO - [2026-06-28T11:08:16.095+0000] {dag.py:3211} INFO - Sync 1 DAGs
[2026-06-28T11:08:16.109+0000] {logging_mixin.py:190} INFO - [2026-06-28T11:08:16.108+0000] {dag.py:4138} INFO - Setting next_dagrun for example_display_name to None, run_after=None
[2026-06-28T11:08:16.125+0000] {processor.py:208} INFO - Processing /home/airflow/.local/lib/python3.12/site-packages/airflow/example_dags/example_display_name.py took 0.075 seconds
