[2026-06-28T11:01:39.663+0000] {processor.py:186} INFO - Started process (PID=48) to work on /home/airflow/.local/lib/python3.12/site-packages/airflow/example_dags/example_latest_only_with_trigger.py
[2026-06-28T11:01:39.664+0000] {processor.py:914} INFO - Processing file /home/airflow/.local/lib/python3.12/site-packages/airflow/example_dags/example_latest_only_with_trigger.py for tasks to queue
[2026-06-28T11:01:39.666+0000] {logging_mixin.py:190} INFO - [2026-06-28T11:01:39.666+0000] {dagbag.py:587} INFO - Filling up the DagBag from /home/airflow/.local/lib/python3.12/site-packages/airflow/example_dags/example_latest_only_with_trigger.py
[2026-06-28T11:01:39.674+0000] {processor.py:925} INFO - DAG(s) 'latest_only_with_trigger' retrieved from /home/airflow/.local/lib/python3.12/site-packages/airflow/example_dags/example_latest_only_with_trigger.py
[2026-06-28T11:01:39.772+0000] {logging_mixin.py:190} INFO - [2026-06-28T11:01:39.771+0000] {override.py:1858} INFO - Created Permission View: can edit on DAG:latest_only_with_trigger
[2026-06-28T11:01:39.782+0000] {logging_mixin.py:190} INFO - [2026-06-28T11:01:39.782+0000] {override.py:1858} INFO - Created Permission View: can delete on DAG:latest_only_with_trigger
[2026-06-28T11:01:39.789+0000] {logging_mixin.py:190} INFO - [2026-06-28T11:01:39.789+0000] {override.py:1858} INFO - Created Permission View: can read on DAG:latest_only_with_trigger
[2026-06-28T11:01:39.790+0000] {logging_mixin.py:190} INFO - [2026-06-28T11:01:39.790+0000] {dag.py:3211} INFO - Sync 1 DAGs
[2026-06-28T11:01:39.802+0000] {logging_mixin.py:190} INFO - [2026-06-28T11:01:39.801+0000] {dag.py:3234} INFO - Creating ORM DAG for latest_only_with_trigger
[2026-06-28T11:01:39.811+0000] {logging_mixin.py:190} INFO - [2026-06-28T11:01:39.811+0000] {dag.py:4138} INFO - Setting next_dagrun for latest_only_with_trigger to 2026-06-28 04:00:00+00:00, run_after=2026-06-28 08:00:00+00:00
[2026-06-28T11:01:39.831+0000] {processor.py:208} INFO - Processing /home/airflow/.local/lib/python3.12/site-packages/airflow/example_dags/example_latest_only_with_trigger.py took 0.173 seconds
[2026-06-28T11:02:10.659+0000] {processor.py:186} INFO - Started process (PID=110) to work on /home/airflow/.local/lib/python3.12/site-packages/airflow/example_dags/example_latest_only_with_trigger.py
[2026-06-28T11:02:10.660+0000] {processor.py:914} INFO - Processing file /home/airflow/.local/lib/python3.12/site-packages/airflow/example_dags/example_latest_only_with_trigger.py for tasks to queue
[2026-06-28T11:02:10.662+0000] {logging_mixin.py:190} INFO - [2026-06-28T11:02:10.661+0000] {dagbag.py:587} INFO - Filling up the DagBag from /home/airflow/.local/lib/python3.12/site-packages/airflow/example_dags/example_latest_only_with_trigger.py
[2026-06-28T11:02:10.668+0000] {processor.py:925} INFO - DAG(s) 'latest_only_with_trigger' retrieved from /home/airflow/.local/lib/python3.12/site-packages/airflow/example_dags/example_latest_only_with_trigger.py
[2026-06-28T11:02:10.689+0000] {logging_mixin.py:190} INFO - [2026-06-28T11:02:10.688+0000] {dag.py:3211} INFO - Sync 1 DAGs
[2026-06-28T11:02:10.708+0000] {logging_mixin.py:190} INFO - [2026-06-28T11:02:10.708+0000] {dag.py:4138} INFO - Setting next_dagrun for latest_only_with_trigger to 2026-06-28 04:00:00+00:00, run_after=2026-06-28 08:00:00+00:00
[2026-06-28T11:02:10.725+0000] {processor.py:208} INFO - Processing /home/airflow/.local/lib/python3.12/site-packages/airflow/example_dags/example_latest_only_with_trigger.py took 0.071 seconds
[2026-06-28T11:02:41.263+0000] {processor.py:186} INFO - Started process (PID=172) to work on /home/airflow/.local/lib/python3.12/site-packages/airflow/example_dags/example_latest_only_with_trigger.py
[2026-06-28T11:02:41.264+0000] {processor.py:914} INFO - Processing file /home/airflow/.local/lib/python3.12/site-packages/airflow/example_dags/example_latest_only_with_trigger.py for tasks to queue
[2026-06-28T11:02:41.266+0000] {logging_mixin.py:190} INFO - [2026-06-28T11:02:41.266+0000] {dagbag.py:587} INFO - Filling up the DagBag from /home/airflow/.local/lib/python3.12/site-packages/airflow/example_dags/example_latest_only_with_trigger.py
[2026-06-28T11:02:41.274+0000] {processor.py:925} INFO - DAG(s) 'latest_only_with_trigger' retrieved from /home/airflow/.local/lib/python3.12/site-packages/airflow/example_dags/example_latest_only_with_trigger.py
[2026-06-28T11:02:41.297+0000] {logging_mixin.py:190} INFO - [2026-06-28T11:02:41.297+0000] {dag.py:3211} INFO - Sync 1 DAGs
[2026-06-28T11:02:41.319+0000] {logging_mixin.py:190} INFO - [2026-06-28T11:02:41.319+0000] {dag.py:4138} INFO - Setting next_dagrun for latest_only_with_trigger to 2026-06-28 04:00:00+00:00, run_after=2026-06-28 08:00:00+00:00
[2026-06-28T11:02:41.338+0000] {processor.py:208} INFO - Processing /home/airflow/.local/lib/python3.12/site-packages/airflow/example_dags/example_latest_only_with_trigger.py took 0.080 seconds
[2026-06-28T11:03:12.167+0000] {processor.py:186} INFO - Started process (PID=234) to work on /home/airflow/.local/lib/python3.12/site-packages/airflow/example_dags/example_latest_only_with_trigger.py
[2026-06-28T11:03:12.169+0000] {processor.py:914} INFO - Processing file /home/airflow/.local/lib/python3.12/site-packages/airflow/example_dags/example_latest_only_with_trigger.py for tasks to queue
[2026-06-28T11:03:12.172+0000] {logging_mixin.py:190} INFO - [2026-06-28T11:03:12.172+0000] {dagbag.py:587} INFO - Filling up the DagBag from /home/airflow/.local/lib/python3.12/site-packages/airflow/example_dags/example_latest_only_with_trigger.py
[2026-06-28T11:03:12.188+0000] {processor.py:925} INFO - DAG(s) 'latest_only_with_trigger' retrieved from /home/airflow/.local/lib/python3.12/site-packages/airflow/example_dags/example_latest_only_with_trigger.py
[2026-06-28T11:03:12.246+0000] {logging_mixin.py:190} INFO - [2026-06-28T11:03:12.245+0000] {dag.py:3211} INFO - Sync 1 DAGs
[2026-06-28T11:03:12.303+0000] {logging_mixin.py:190} INFO - [2026-06-28T11:03:12.303+0000] {dag.py:4138} INFO - Setting next_dagrun for latest_only_with_trigger to 2026-06-28 04:00:00+00:00, run_after=2026-06-28 08:00:00+00:00
[2026-06-28T11:03:12.362+0000] {processor.py:208} INFO - Processing /home/airflow/.local/lib/python3.12/site-packages/airflow/example_dags/example_latest_only_with_trigger.py took 0.219 seconds
[2026-06-28T11:03:42.913+0000] {processor.py:186} INFO - Started process (PID=302) to work on /home/airflow/.local/lib/python3.12/site-packages/airflow/example_dags/example_latest_only_with_trigger.py
[2026-06-28T11:03:42.914+0000] {processor.py:914} INFO - Processing file /home/airflow/.local/lib/python3.12/site-packages/airflow/example_dags/example_latest_only_with_trigger.py for tasks to queue
[2026-06-28T11:03:42.917+0000] {logging_mixin.py:190} INFO - [2026-06-28T11:03:42.917+0000] {dagbag.py:587} INFO - Filling up the DagBag from /home/airflow/.local/lib/python3.12/site-packages/airflow/example_dags/example_latest_only_with_trigger.py
[2026-06-28T11:03:42.928+0000] {processor.py:925} INFO - DAG(s) 'latest_only_with_trigger' retrieved from /home/airflow/.local/lib/python3.12/site-packages/airflow/example_dags/example_latest_only_with_trigger.py
[2026-06-28T11:03:42.958+0000] {logging_mixin.py:190} INFO - [2026-06-28T11:03:42.958+0000] {dag.py:3211} INFO - Sync 1 DAGs
[2026-06-28T11:03:42.986+0000] {logging_mixin.py:190} INFO - [2026-06-28T11:03:42.986+0000] {dag.py:4138} INFO - Setting next_dagrun for latest_only_with_trigger to 2026-06-28 04:00:00+00:00, run_after=2026-06-28 08:00:00+00:00
[2026-06-28T11:03:43.007+0000] {processor.py:208} INFO - Processing /home/airflow/.local/lib/python3.12/site-packages/airflow/example_dags/example_latest_only_with_trigger.py took 0.101 seconds
[2026-06-28T11:04:13.546+0000] {processor.py:186} INFO - Started process (PID=364) to work on /home/airflow/.local/lib/python3.12/site-packages/airflow/example_dags/example_latest_only_with_trigger.py
[2026-06-28T11:04:13.547+0000] {processor.py:914} INFO - Processing file /home/airflow/.local/lib/python3.12/site-packages/airflow/example_dags/example_latest_only_with_trigger.py for tasks to queue
[2026-06-28T11:04:13.550+0000] {logging_mixin.py:190} INFO - [2026-06-28T11:04:13.550+0000] {dagbag.py:587} INFO - Filling up the DagBag from /home/airflow/.local/lib/python3.12/site-packages/airflow/example_dags/example_latest_only_with_trigger.py
[2026-06-28T11:04:13.559+0000] {processor.py:925} INFO - DAG(s) 'latest_only_with_trigger' retrieved from /home/airflow/.local/lib/python3.12/site-packages/airflow/example_dags/example_latest_only_with_trigger.py
[2026-06-28T11:04:13.586+0000] {logging_mixin.py:190} INFO - [2026-06-28T11:04:13.585+0000] {dag.py:3211} INFO - Sync 1 DAGs
[2026-06-28T11:04:13.613+0000] {logging_mixin.py:190} INFO - [2026-06-28T11:04:13.612+0000] {dag.py:4138} INFO - Setting next_dagrun for latest_only_with_trigger to 2026-06-28 04:00:00+00:00, run_after=2026-06-28 08:00:00+00:00
[2026-06-28T11:04:13.637+0000] {processor.py:208} INFO - Processing /home/airflow/.local/lib/python3.12/site-packages/airflow/example_dags/example_latest_only_with_trigger.py took 0.098 seconds
[2026-06-28T11:04:44.020+0000] {processor.py:186} INFO - Started process (PID=426) to work on /home/airflow/.local/lib/python3.12/site-packages/airflow/example_dags/example_latest_only_with_trigger.py
[2026-06-28T11:04:44.021+0000] {processor.py:914} INFO - Processing file /home/airflow/.local/lib/python3.12/site-packages/airflow/example_dags/example_latest_only_with_trigger.py for tasks to queue
[2026-06-28T11:04:44.023+0000] {logging_mixin.py:190} INFO - [2026-06-28T11:04:44.023+0000] {dagbag.py:587} INFO - Filling up the DagBag from /home/airflow/.local/lib/python3.12/site-packages/airflow/example_dags/example_latest_only_with_trigger.py
[2026-06-28T11:04:44.030+0000] {processor.py:925} INFO - DAG(s) 'latest_only_with_trigger' retrieved from /home/airflow/.local/lib/python3.12/site-packages/airflow/example_dags/example_latest_only_with_trigger.py
[2026-06-28T11:04:44.053+0000] {logging_mixin.py:190} INFO - [2026-06-28T11:04:44.053+0000] {dag.py:3211} INFO - Sync 1 DAGs
[2026-06-28T11:04:44.077+0000] {logging_mixin.py:190} INFO - [2026-06-28T11:04:44.077+0000] {dag.py:4138} INFO - Setting next_dagrun for latest_only_with_trigger to 2026-06-28 04:00:00+00:00, run_after=2026-06-28 08:00:00+00:00
[2026-06-28T11:04:44.094+0000] {processor.py:208} INFO - Processing /home/airflow/.local/lib/python3.12/site-packages/airflow/example_dags/example_latest_only_with_trigger.py took 0.081 seconds
[2026-06-28T11:05:14.942+0000] {processor.py:186} INFO - Started process (PID=488) to work on /home/airflow/.local/lib/python3.12/site-packages/airflow/example_dags/example_latest_only_with_trigger.py
[2026-06-28T11:05:14.943+0000] {processor.py:914} INFO - Processing file /home/airflow/.local/lib/python3.12/site-packages/airflow/example_dags/example_latest_only_with_trigger.py for tasks to queue
[2026-06-28T11:05:14.944+0000] {logging_mixin.py:190} INFO - [2026-06-28T11:05:14.944+0000] {dagbag.py:587} INFO - Filling up the DagBag from /home/airflow/.local/lib/python3.12/site-packages/airflow/example_dags/example_latest_only_with_trigger.py
[2026-06-28T11:05:14.952+0000] {processor.py:925} INFO - DAG(s) 'latest_only_with_trigger' retrieved from /home/airflow/.local/lib/python3.12/site-packages/airflow/example_dags/example_latest_only_with_trigger.py
[2026-06-28T11:05:14.976+0000] {logging_mixin.py:190} INFO - [2026-06-28T11:05:14.976+0000] {dag.py:3211} INFO - Sync 1 DAGs
[2026-06-28T11:05:14.999+0000] {logging_mixin.py:190} INFO - [2026-06-28T11:05:14.998+0000] {dag.py:4138} INFO - Setting next_dagrun for latest_only_with_trigger to 2026-06-28 04:00:00+00:00, run_after=2026-06-28 08:00:00+00:00
[2026-06-28T11:05:15.017+0000] {processor.py:208} INFO - Processing /home/airflow/.local/lib/python3.12/site-packages/airflow/example_dags/example_latest_only_with_trigger.py took 0.080 seconds
[2026-06-28T11:05:45.496+0000] {processor.py:186} INFO - Started process (PID=549) to work on /home/airflow/.local/lib/python3.12/site-packages/airflow/example_dags/example_latest_only_with_trigger.py
[2026-06-28T11:05:45.498+0000] {processor.py:914} INFO - Processing file /home/airflow/.local/lib/python3.12/site-packages/airflow/example_dags/example_latest_only_with_trigger.py for tasks to queue
[2026-06-28T11:05:45.501+0000] {logging_mixin.py:190} INFO - [2026-06-28T11:05:45.500+0000] {dagbag.py:587} INFO - Filling up the DagBag from /home/airflow/.local/lib/python3.12/site-packages/airflow/example_dags/example_latest_only_with_trigger.py
[2026-06-28T11:05:45.510+0000] {processor.py:925} INFO - DAG(s) 'latest_only_with_trigger' retrieved from /home/airflow/.local/lib/python3.12/site-packages/airflow/example_dags/example_latest_only_with_trigger.py
[2026-06-28T11:05:45.562+0000] {logging_mixin.py:190} INFO - [2026-06-28T11:05:45.562+0000] {dag.py:3211} INFO - Sync 1 DAGs
[2026-06-28T11:05:45.595+0000] {logging_mixin.py:190} INFO - [2026-06-28T11:05:45.594+0000] {dag.py:4138} INFO - Setting next_dagrun for latest_only_with_trigger to 2026-06-28 04:00:00+00:00, run_after=2026-06-28 08:00:00+00:00
[2026-06-28T11:05:45.621+0000] {processor.py:208} INFO - Processing /home/airflow/.local/lib/python3.12/site-packages/airflow/example_dags/example_latest_only_with_trigger.py took 0.132 seconds
[2026-06-28T11:06:15.968+0000] {processor.py:186} INFO - Started process (PID=611) to work on /home/airflow/.local/lib/python3.12/site-packages/airflow/example_dags/example_latest_only_with_trigger.py
[2026-06-28T11:06:15.969+0000] {processor.py:914} INFO - Processing file /home/airflow/.local/lib/python3.12/site-packages/airflow/example_dags/example_latest_only_with_trigger.py for tasks to queue
[2026-06-28T11:06:15.973+0000] {logging_mixin.py:190} INFO - [2026-06-28T11:06:15.972+0000] {dagbag.py:587} INFO - Filling up the DagBag from /home/airflow/.local/lib/python3.12/site-packages/airflow/example_dags/example_latest_only_with_trigger.py
[2026-06-28T11:06:15.985+0000] {processor.py:925} INFO - DAG(s) 'latest_only_with_trigger' retrieved from /home/airflow/.local/lib/python3.12/site-packages/airflow/example_dags/example_latest_only_with_trigger.py
[2026-06-28T11:06:16.032+0000] {logging_mixin.py:190} INFO - [2026-06-28T11:06:16.032+0000] {dag.py:3211} INFO - Sync 1 DAGs
[2026-06-28T11:06:16.076+0000] {logging_mixin.py:190} INFO - [2026-06-28T11:06:16.075+0000] {dag.py:4138} INFO - Setting next_dagrun for latest_only_with_trigger to 2026-06-28 04:00:00+00:00, run_after=2026-06-28 08:00:00+00:00
[2026-06-28T11:06:16.106+0000] {processor.py:208} INFO - Processing /home/airflow/.local/lib/python3.12/site-packages/airflow/example_dags/example_latest_only_with_trigger.py took 0.145 seconds
[2026-06-28T11:06:46.363+0000] {processor.py:186} INFO - Started process (PID=673) to work on /home/airflow/.local/lib/python3.12/site-packages/airflow/example_dags/example_latest_only_with_trigger.py
[2026-06-28T11:06:46.364+0000] {processor.py:914} INFO - Processing file /home/airflow/.local/lib/python3.12/site-packages/airflow/example_dags/example_latest_only_with_trigger.py for tasks to queue
[2026-06-28T11:06:46.367+0000] {logging_mixin.py:190} INFO - [2026-06-28T11:06:46.367+0000] {dagbag.py:587} INFO - Filling up the DagBag from /home/airflow/.local/lib/python3.12/site-packages/airflow/example_dags/example_latest_only_with_trigger.py
[2026-06-28T11:06:46.379+0000] {processor.py:925} INFO - DAG(s) 'latest_only_with_trigger' retrieved from /home/airflow/.local/lib/python3.12/site-packages/airflow/example_dags/example_latest_only_with_trigger.py
[2026-06-28T11:06:46.415+0000] {logging_mixin.py:190} INFO - [2026-06-28T11:06:46.415+0000] {dag.py:3211} INFO - Sync 1 DAGs
[2026-06-28T11:06:46.452+0000] {logging_mixin.py:190} INFO - [2026-06-28T11:06:46.451+0000] {dag.py:4138} INFO - Setting next_dagrun for latest_only_with_trigger to 2026-06-28 04:00:00+00:00, run_after=2026-06-28 08:00:00+00:00
[2026-06-28T11:06:46.481+0000] {processor.py:208} INFO - Processing /home/airflow/.local/lib/python3.12/site-packages/airflow/example_dags/example_latest_only_with_trigger.py took 0.128 seconds
[2026-06-28T11:07:16.857+0000] {processor.py:186} INFO - Started process (PID=735) to work on /home/airflow/.local/lib/python3.12/site-packages/airflow/example_dags/example_latest_only_with_trigger.py
[2026-06-28T11:07:16.859+0000] {processor.py:914} INFO - Processing file /home/airflow/.local/lib/python3.12/site-packages/airflow/example_dags/example_latest_only_with_trigger.py for tasks to queue
[2026-06-28T11:07:16.861+0000] {logging_mixin.py:190} INFO - [2026-06-28T11:07:16.861+0000] {dagbag.py:587} INFO - Filling up the DagBag from /home/airflow/.local/lib/python3.12/site-packages/airflow/example_dags/example_latest_only_with_trigger.py
[2026-06-28T11:07:16.872+0000] {processor.py:925} INFO - DAG(s) 'latest_only_with_trigger' retrieved from /home/airflow/.local/lib/python3.12/site-packages/airflow/example_dags/example_latest_only_with_trigger.py
[2026-06-28T11:07:16.920+0000] {logging_mixin.py:190} INFO - [2026-06-28T11:07:16.919+0000] {dag.py:3211} INFO - Sync 1 DAGs
[2026-06-28T11:07:16.969+0000] {logging_mixin.py:190} INFO - [2026-06-28T11:07:16.969+0000] {dag.py:4138} INFO - Setting next_dagrun for latest_only_with_trigger to 2026-06-28 04:00:00+00:00, run_after=2026-06-28 08:00:00+00:00
[2026-06-28T11:07:16.996+0000] {processor.py:208} INFO - Processing /home/airflow/.local/lib/python3.12/site-packages/airflow/example_dags/example_latest_only_with_trigger.py took 0.147 seconds
[2026-06-28T11:07:47.189+0000] {processor.py:186} INFO - Started process (PID=797) to work on /home/airflow/.local/lib/python3.12/site-packages/airflow/example_dags/example_latest_only_with_trigger.py
[2026-06-28T11:07:47.190+0000] {processor.py:914} INFO - Processing file /home/airflow/.local/lib/python3.12/site-packages/airflow/example_dags/example_latest_only_with_trigger.py for tasks to queue
[2026-06-28T11:07:47.192+0000] {logging_mixin.py:190} INFO - [2026-06-28T11:07:47.192+0000] {dagbag.py:587} INFO - Filling up the DagBag from /home/airflow/.local/lib/python3.12/site-packages/airflow/example_dags/example_latest_only_with_trigger.py
[2026-06-28T11:07:47.200+0000] {processor.py:925} INFO - DAG(s) 'latest_only_with_trigger' retrieved from /home/airflow/.local/lib/python3.12/site-packages/airflow/example_dags/example_latest_only_with_trigger.py
[2026-06-28T11:07:47.224+0000] {logging_mixin.py:190} INFO - [2026-06-28T11:07:47.224+0000] {dag.py:3211} INFO - Sync 1 DAGs
[2026-06-28T11:07:47.250+0000] {logging_mixin.py:190} INFO - [2026-06-28T11:07:47.250+0000] {dag.py:4138} INFO - Setting next_dagrun for latest_only_with_trigger to 2026-06-28 04:00:00+00:00, run_after=2026-06-28 08:00:00+00:00
[2026-06-28T11:07:47.271+0000] {processor.py:208} INFO - Processing /home/airflow/.local/lib/python3.12/site-packages/airflow/example_dags/example_latest_only_with_trigger.py took 0.088 seconds
[2026-06-28T11:08:17.576+0000] {processor.py:186} INFO - Started process (PID=859) to work on /home/airflow/.local/lib/python3.12/site-packages/airflow/example_dags/example_latest_only_with_trigger.py
[2026-06-28T11:08:17.577+0000] {processor.py:914} INFO - Processing file /home/airflow/.local/lib/python3.12/site-packages/airflow/example_dags/example_latest_only_with_trigger.py for tasks to queue
[2026-06-28T11:08:17.579+0000] {logging_mixin.py:190} INFO - [2026-06-28T11:08:17.578+0000] {dagbag.py:587} INFO - Filling up the DagBag from /home/airflow/.local/lib/python3.12/site-packages/airflow/example_dags/example_latest_only_with_trigger.py
[2026-06-28T11:08:17.587+0000] {processor.py:925} INFO - DAG(s) 'latest_only_with_trigger' retrieved from /home/airflow/.local/lib/python3.12/site-packages/airflow/example_dags/example_latest_only_with_trigger.py
[2026-06-28T11:08:17.610+0000] {logging_mixin.py:190} INFO - [2026-06-28T11:08:17.610+0000] {dag.py:3211} INFO - Sync 1 DAGs
[2026-06-28T11:08:17.634+0000] {logging_mixin.py:190} INFO - [2026-06-28T11:08:17.634+0000] {dag.py:4138} INFO - Setting next_dagrun for latest_only_with_trigger to 2026-06-28 04:00:00+00:00, run_after=2026-06-28 08:00:00+00:00
[2026-06-28T11:08:17.653+0000] {processor.py:208} INFO - Processing /home/airflow/.local/lib/python3.12/site-packages/airflow/example_dags/example_latest_only_with_trigger.py took 0.083 seconds
