[2026-06-28T11:01:39.285+0000] {processor.py:186} INFO - Started process (PID=45) to work on /home/airflow/.local/lib/python3.12/site-packages/airflow/example_dags/example_inlet_event_extra.py
[2026-06-28T11:01:39.286+0000] {processor.py:914} INFO - Processing file /home/airflow/.local/lib/python3.12/site-packages/airflow/example_dags/example_inlet_event_extra.py for tasks to queue
[2026-06-28T11:01:39.288+0000] {logging_mixin.py:190} INFO - [2026-06-28T11:01:39.287+0000] {dagbag.py:587} INFO - Filling up the DagBag from /home/airflow/.local/lib/python3.12/site-packages/airflow/example_dags/example_inlet_event_extra.py
[2026-06-28T11:01:39.450+0000] {processor.py:925} INFO - DAG(s) 'read_dataset_event', 'read_dataset_event_from_classic' retrieved from /home/airflow/.local/lib/python3.12/site-packages/airflow/example_dags/example_inlet_event_extra.py
[2026-06-28T11:01:39.547+0000] {logging_mixin.py:190} INFO - [2026-06-28T11:01:39.546+0000] {override.py:1858} INFO - Created Permission View: can edit on DAG:read_dataset_event
[2026-06-28T11:01:39.558+0000] {logging_mixin.py:190} INFO - [2026-06-28T11:01:39.558+0000] {override.py:1858} INFO - Created Permission View: can delete on DAG:read_dataset_event
[2026-06-28T11:01:39.567+0000] {logging_mixin.py:190} INFO - [2026-06-28T11:01:39.567+0000] {override.py:1858} INFO - Created Permission View: can read on DAG:read_dataset_event
[2026-06-28T11:01:39.579+0000] {logging_mixin.py:190} INFO - [2026-06-28T11:01:39.578+0000] {override.py:1858} INFO - Created Permission View: can edit on DAG:read_dataset_event_from_classic
[2026-06-28T11:01:39.584+0000] {logging_mixin.py:190} INFO - [2026-06-28T11:01:39.583+0000] {override.py:1858} INFO - Created Permission View: can delete on DAG:read_dataset_event_from_classic
[2026-06-28T11:01:39.588+0000] {logging_mixin.py:190} INFO - [2026-06-28T11:01:39.588+0000] {override.py:1858} INFO - Created Permission View: can read on DAG:read_dataset_event_from_classic
[2026-06-28T11:01:39.588+0000] {logging_mixin.py:190} INFO - [2026-06-28T11:01:39.588+0000] {dag.py:3211} INFO - Sync 2 DAGs
[2026-06-28T11:01:39.600+0000] {logging_mixin.py:190} INFO - [2026-06-28T11:01:39.599+0000] {dag.py:3234} INFO - Creating ORM DAG for read_dataset_event
[2026-06-28T11:01:39.600+0000] {logging_mixin.py:190} INFO - [2026-06-28T11:01:39.600+0000] {dag.py:3234} INFO - Creating ORM DAG for read_dataset_event_from_classic
[2026-06-28T11:01:39.610+0000] {logging_mixin.py:190} INFO - [2026-06-28T11:01:39.609+0000] {dag.py:4138} INFO - Setting next_dagrun for read_dataset_event to 2026-06-27 00:00:00+00:00, run_after=2026-06-28 00:00:00+00:00
[2026-06-28T11:01:39.611+0000] {logging_mixin.py:190} INFO - [2026-06-28T11:01:39.611+0000] {dag.py:4138} INFO - Setting next_dagrun for read_dataset_event_from_classic to 2026-06-27 00:00:00+00:00, run_after=2026-06-28 00:00:00+00:00
[2026-06-28T11:01:39.626+0000] {processor.py:208} INFO - Processing /home/airflow/.local/lib/python3.12/site-packages/airflow/example_dags/example_inlet_event_extra.py took 0.347 seconds
[2026-06-28T11:02:10.451+0000] {processor.py:186} INFO - Started process (PID=107) to work on /home/airflow/.local/lib/python3.12/site-packages/airflow/example_dags/example_inlet_event_extra.py
[2026-06-28T11:02:10.452+0000] {processor.py:914} INFO - Processing file /home/airflow/.local/lib/python3.12/site-packages/airflow/example_dags/example_inlet_event_extra.py for tasks to queue
[2026-06-28T11:02:10.454+0000] {logging_mixin.py:190} INFO - [2026-06-28T11:02:10.453+0000] {dagbag.py:587} INFO - Filling up the DagBag from /home/airflow/.local/lib/python3.12/site-packages/airflow/example_dags/example_inlet_event_extra.py
[2026-06-28T11:02:10.571+0000] {processor.py:925} INFO - DAG(s) 'read_dataset_event_from_classic', 'read_dataset_event' retrieved from /home/airflow/.local/lib/python3.12/site-packages/airflow/example_dags/example_inlet_event_extra.py
[2026-06-28T11:02:10.598+0000] {logging_mixin.py:190} INFO - [2026-06-28T11:02:10.597+0000] {dag.py:3211} INFO - Sync 2 DAGs
[2026-06-28T11:02:10.617+0000] {logging_mixin.py:190} INFO - [2026-06-28T11:02:10.617+0000] {dag.py:4138} INFO - Setting next_dagrun for read_dataset_event to 2026-06-27 00:00:00+00:00, run_after=2026-06-28 00:00:00+00:00
[2026-06-28T11:02:10.621+0000] {logging_mixin.py:190} INFO - [2026-06-28T11:02:10.621+0000] {dag.py:4138} INFO - Setting next_dagrun for read_dataset_event_from_classic to 2026-06-27 00:00:00+00:00, run_after=2026-06-28 00:00:00+00:00
[2026-06-28T11:02:10.632+0000] {processor.py:208} INFO - Processing /home/airflow/.local/lib/python3.12/site-packages/airflow/example_dags/example_inlet_event_extra.py took 0.186 seconds
[2026-06-28T11:02:41.035+0000] {processor.py:186} INFO - Started process (PID=169) to work on /home/airflow/.local/lib/python3.12/site-packages/airflow/example_dags/example_inlet_event_extra.py
[2026-06-28T11:02:41.036+0000] {processor.py:914} INFO - Processing file /home/airflow/.local/lib/python3.12/site-packages/airflow/example_dags/example_inlet_event_extra.py for tasks to queue
[2026-06-28T11:02:41.038+0000] {logging_mixin.py:190} INFO - [2026-06-28T11:02:41.038+0000] {dagbag.py:587} INFO - Filling up the DagBag from /home/airflow/.local/lib/python3.12/site-packages/airflow/example_dags/example_inlet_event_extra.py
[2026-06-28T11:02:41.164+0000] {processor.py:925} INFO - DAG(s) 'read_dataset_event_from_classic', 'read_dataset_event' retrieved from /home/airflow/.local/lib/python3.12/site-packages/airflow/example_dags/example_inlet_event_extra.py
[2026-06-28T11:02:41.191+0000] {logging_mixin.py:190} INFO - [2026-06-28T11:02:41.190+0000] {dag.py:3211} INFO - Sync 2 DAGs
[2026-06-28T11:02:41.213+0000] {logging_mixin.py:190} INFO - [2026-06-28T11:02:41.213+0000] {dag.py:4138} INFO - Setting next_dagrun for read_dataset_event to 2026-06-27 00:00:00+00:00, run_after=2026-06-28 00:00:00+00:00
[2026-06-28T11:02:41.217+0000] {logging_mixin.py:190} INFO - [2026-06-28T11:02:41.217+0000] {dag.py:4138} INFO - Setting next_dagrun for read_dataset_event_from_classic to 2026-06-27 00:00:00+00:00, run_after=2026-06-28 00:00:00+00:00
[2026-06-28T11:02:41.234+0000] {processor.py:208} INFO - Processing /home/airflow/.local/lib/python3.12/site-packages/airflow/example_dags/example_inlet_event_extra.py took 0.204 seconds
[2026-06-28T11:03:11.732+0000] {processor.py:186} INFO - Started process (PID=231) to work on /home/airflow/.local/lib/python3.12/site-packages/airflow/example_dags/example_inlet_event_extra.py
[2026-06-28T11:03:11.734+0000] {processor.py:914} INFO - Processing file /home/airflow/.local/lib/python3.12/site-packages/airflow/example_dags/example_inlet_event_extra.py for tasks to queue
[2026-06-28T11:03:11.736+0000] {logging_mixin.py:190} INFO - [2026-06-28T11:03:11.736+0000] {dagbag.py:587} INFO - Filling up the DagBag from /home/airflow/.local/lib/python3.12/site-packages/airflow/example_dags/example_inlet_event_extra.py
[2026-06-28T11:03:11.896+0000] {processor.py:925} INFO - DAG(s) 'read_dataset_event_from_classic', 'read_dataset_event' retrieved from /home/airflow/.local/lib/python3.12/site-packages/airflow/example_dags/example_inlet_event_extra.py
[2026-06-28T11:03:11.961+0000] {logging_mixin.py:190} INFO - [2026-06-28T11:03:11.961+0000] {dag.py:3211} INFO - Sync 2 DAGs
[2026-06-28T11:03:12.005+0000] {logging_mixin.py:190} INFO - [2026-06-28T11:03:12.004+0000] {dag.py:4138} INFO - Setting next_dagrun for read_dataset_event to 2026-06-27 00:00:00+00:00, run_after=2026-06-28 00:00:00+00:00
[2026-06-28T11:03:12.029+0000] {logging_mixin.py:190} INFO - [2026-06-28T11:03:12.028+0000] {dag.py:4138} INFO - Setting next_dagrun for read_dataset_event_from_classic to 2026-06-27 00:00:00+00:00, run_after=2026-06-28 00:00:00+00:00
[2026-06-28T11:03:12.069+0000] {processor.py:208} INFO - Processing /home/airflow/.local/lib/python3.12/site-packages/airflow/example_dags/example_inlet_event_extra.py took 0.343 seconds
[2026-06-28T11:03:42.625+0000] {processor.py:186} INFO - Started process (PID=293) to work on /home/airflow/.local/lib/python3.12/site-packages/airflow/example_dags/example_inlet_event_extra.py
[2026-06-28T11:03:42.626+0000] {processor.py:914} INFO - Processing file /home/airflow/.local/lib/python3.12/site-packages/airflow/example_dags/example_inlet_event_extra.py for tasks to queue
[2026-06-28T11:03:42.628+0000] {logging_mixin.py:190} INFO - [2026-06-28T11:03:42.628+0000] {dagbag.py:587} INFO - Filling up the DagBag from /home/airflow/.local/lib/python3.12/site-packages/airflow/example_dags/example_inlet_event_extra.py
[2026-06-28T11:03:42.783+0000] {processor.py:925} INFO - DAG(s) 'read_dataset_event_from_classic', 'read_dataset_event' retrieved from /home/airflow/.local/lib/python3.12/site-packages/airflow/example_dags/example_inlet_event_extra.py
[2026-06-28T11:03:42.813+0000] {logging_mixin.py:190} INFO - [2026-06-28T11:03:42.813+0000] {dag.py:3211} INFO - Sync 2 DAGs
[2026-06-28T11:03:42.842+0000] {logging_mixin.py:190} INFO - [2026-06-28T11:03:42.842+0000] {dag.py:4138} INFO - Setting next_dagrun for read_dataset_event to 2026-06-27 00:00:00+00:00, run_after=2026-06-28 00:00:00+00:00
[2026-06-28T11:03:42.848+0000] {logging_mixin.py:190} INFO - [2026-06-28T11:03:42.848+0000] {dag.py:4138} INFO - Setting next_dagrun for read_dataset_event_from_classic to 2026-06-27 00:00:00+00:00, run_after=2026-06-28 00:00:00+00:00
[2026-06-28T11:03:42.873+0000] {processor.py:208} INFO - Processing /home/airflow/.local/lib/python3.12/site-packages/airflow/example_dags/example_inlet_event_extra.py took 0.254 seconds
[2026-06-28T11:04:13.240+0000] {processor.py:186} INFO - Started process (PID=361) to work on /home/airflow/.local/lib/python3.12/site-packages/airflow/example_dags/example_inlet_event_extra.py
[2026-06-28T11:04:13.241+0000] {processor.py:914} INFO - Processing file /home/airflow/.local/lib/python3.12/site-packages/airflow/example_dags/example_inlet_event_extra.py for tasks to queue
[2026-06-28T11:04:13.244+0000] {logging_mixin.py:190} INFO - [2026-06-28T11:04:13.244+0000] {dagbag.py:587} INFO - Filling up the DagBag from /home/airflow/.local/lib/python3.12/site-packages/airflow/example_dags/example_inlet_event_extra.py
[2026-06-28T11:04:13.424+0000] {processor.py:925} INFO - DAG(s) 'read_dataset_event', 'read_dataset_event_from_classic' retrieved from /home/airflow/.local/lib/python3.12/site-packages/airflow/example_dags/example_inlet_event_extra.py
[2026-06-28T11:04:13.455+0000] {logging_mixin.py:190} INFO - [2026-06-28T11:04:13.454+0000] {dag.py:3211} INFO - Sync 2 DAGs
[2026-06-28T11:04:13.492+0000] {logging_mixin.py:190} INFO - [2026-06-28T11:04:13.492+0000] {dag.py:4138} INFO - Setting next_dagrun for read_dataset_event to 2026-06-27 00:00:00+00:00, run_after=2026-06-28 00:00:00+00:00
[2026-06-28T11:04:13.499+0000] {logging_mixin.py:190} INFO - [2026-06-28T11:04:13.498+0000] {dag.py:4138} INFO - Setting next_dagrun for read_dataset_event_from_classic to 2026-06-27 00:00:00+00:00, run_after=2026-06-28 00:00:00+00:00
[2026-06-28T11:04:13.520+0000] {processor.py:208} INFO - Processing /home/airflow/.local/lib/python3.12/site-packages/airflow/example_dags/example_inlet_event_extra.py took 0.288 seconds
[2026-06-28T11:04:43.738+0000] {processor.py:186} INFO - Started process (PID=423) to work on /home/airflow/.local/lib/python3.12/site-packages/airflow/example_dags/example_inlet_event_extra.py
[2026-06-28T11:04:43.739+0000] {processor.py:914} INFO - Processing file /home/airflow/.local/lib/python3.12/site-packages/airflow/example_dags/example_inlet_event_extra.py for tasks to queue
[2026-06-28T11:04:43.741+0000] {logging_mixin.py:190} INFO - [2026-06-28T11:04:43.741+0000] {dagbag.py:587} INFO - Filling up the DagBag from /home/airflow/.local/lib/python3.12/site-packages/airflow/example_dags/example_inlet_event_extra.py
[2026-06-28T11:04:43.889+0000] {processor.py:925} INFO - DAG(s) 'read_dataset_event', 'read_dataset_event_from_classic' retrieved from /home/airflow/.local/lib/python3.12/site-packages/airflow/example_dags/example_inlet_event_extra.py
[2026-06-28T11:04:43.929+0000] {logging_mixin.py:190} INFO - [2026-06-28T11:04:43.929+0000] {dag.py:3211} INFO - Sync 2 DAGs
[2026-06-28T11:04:43.960+0000] {logging_mixin.py:190} INFO - [2026-06-28T11:04:43.960+0000] {dag.py:4138} INFO - Setting next_dagrun for read_dataset_event to 2026-06-27 00:00:00+00:00, run_after=2026-06-28 00:00:00+00:00
[2026-06-28T11:04:43.967+0000] {logging_mixin.py:190} INFO - [2026-06-28T11:04:43.966+0000] {dag.py:4138} INFO - Setting next_dagrun for read_dataset_event_from_classic to 2026-06-27 00:00:00+00:00, run_after=2026-06-28 00:00:00+00:00
[2026-06-28T11:04:43.987+0000] {processor.py:208} INFO - Processing /home/airflow/.local/lib/python3.12/site-packages/airflow/example_dags/example_inlet_event_extra.py took 0.255 seconds
[2026-06-28T11:05:14.696+0000] {processor.py:186} INFO - Started process (PID=485) to work on /home/airflow/.local/lib/python3.12/site-packages/airflow/example_dags/example_inlet_event_extra.py
[2026-06-28T11:05:14.697+0000] {processor.py:914} INFO - Processing file /home/airflow/.local/lib/python3.12/site-packages/airflow/example_dags/example_inlet_event_extra.py for tasks to queue
[2026-06-28T11:05:14.699+0000] {logging_mixin.py:190} INFO - [2026-06-28T11:05:14.699+0000] {dagbag.py:587} INFO - Filling up the DagBag from /home/airflow/.local/lib/python3.12/site-packages/airflow/example_dags/example_inlet_event_extra.py
[2026-06-28T11:05:14.842+0000] {processor.py:925} INFO - DAG(s) 'read_dataset_event', 'read_dataset_event_from_classic' retrieved from /home/airflow/.local/lib/python3.12/site-packages/airflow/example_dags/example_inlet_event_extra.py
[2026-06-28T11:05:14.871+0000] {logging_mixin.py:190} INFO - [2026-06-28T11:05:14.871+0000] {dag.py:3211} INFO - Sync 2 DAGs
[2026-06-28T11:05:14.896+0000] {logging_mixin.py:190} INFO - [2026-06-28T11:05:14.896+0000] {dag.py:4138} INFO - Setting next_dagrun for read_dataset_event to 2026-06-27 00:00:00+00:00, run_after=2026-06-28 00:00:00+00:00
[2026-06-28T11:05:14.900+0000] {logging_mixin.py:190} INFO - [2026-06-28T11:05:14.900+0000] {dag.py:4138} INFO - Setting next_dagrun for read_dataset_event_from_classic to 2026-06-27 00:00:00+00:00, run_after=2026-06-28 00:00:00+00:00
[2026-06-28T11:05:14.916+0000] {processor.py:208} INFO - Processing /home/airflow/.local/lib/python3.12/site-packages/airflow/example_dags/example_inlet_event_extra.py took 0.225 seconds
[2026-06-28T11:05:45.184+0000] {processor.py:186} INFO - Started process (PID=546) to work on /home/airflow/.local/lib/python3.12/site-packages/airflow/example_dags/example_inlet_event_extra.py
[2026-06-28T11:05:45.185+0000] {processor.py:914} INFO - Processing file /home/airflow/.local/lib/python3.12/site-packages/airflow/example_dags/example_inlet_event_extra.py for tasks to queue
[2026-06-28T11:05:45.188+0000] {logging_mixin.py:190} INFO - [2026-06-28T11:05:45.188+0000] {dagbag.py:587} INFO - Filling up the DagBag from /home/airflow/.local/lib/python3.12/site-packages/airflow/example_dags/example_inlet_event_extra.py
[2026-06-28T11:05:45.366+0000] {processor.py:925} INFO - DAG(s) 'read_dataset_event_from_classic', 'read_dataset_event' retrieved from /home/airflow/.local/lib/python3.12/site-packages/airflow/example_dags/example_inlet_event_extra.py
[2026-06-28T11:05:45.397+0000] {logging_mixin.py:190} INFO - [2026-06-28T11:05:45.397+0000] {dag.py:3211} INFO - Sync 2 DAGs
[2026-06-28T11:05:45.430+0000] {logging_mixin.py:190} INFO - [2026-06-28T11:05:45.430+0000] {dag.py:4138} INFO - Setting next_dagrun for read_dataset_event to 2026-06-27 00:00:00+00:00, run_after=2026-06-28 00:00:00+00:00
[2026-06-28T11:05:45.436+0000] {logging_mixin.py:190} INFO - [2026-06-28T11:05:45.436+0000] {dag.py:4138} INFO - Setting next_dagrun for read_dataset_event_from_classic to 2026-06-27 00:00:00+00:00, run_after=2026-06-28 00:00:00+00:00
[2026-06-28T11:05:45.455+0000] {processor.py:208} INFO - Processing /home/airflow/.local/lib/python3.12/site-packages/airflow/example_dags/example_inlet_event_extra.py took 0.278 seconds
[2026-06-28T11:06:15.656+0000] {processor.py:186} INFO - Started process (PID=608) to work on /home/airflow/.local/lib/python3.12/site-packages/airflow/example_dags/example_inlet_event_extra.py
[2026-06-28T11:06:15.657+0000] {processor.py:914} INFO - Processing file /home/airflow/.local/lib/python3.12/site-packages/airflow/example_dags/example_inlet_event_extra.py for tasks to queue
[2026-06-28T11:06:15.661+0000] {logging_mixin.py:190} INFO - [2026-06-28T11:06:15.660+0000] {dagbag.py:587} INFO - Filling up the DagBag from /home/airflow/.local/lib/python3.12/site-packages/airflow/example_dags/example_inlet_event_extra.py
[2026-06-28T11:06:15.843+0000] {processor.py:925} INFO - DAG(s) 'read_dataset_event_from_classic', 'read_dataset_event' retrieved from /home/airflow/.local/lib/python3.12/site-packages/airflow/example_dags/example_inlet_event_extra.py
[2026-06-28T11:06:15.874+0000] {logging_mixin.py:190} INFO - [2026-06-28T11:06:15.873+0000] {dag.py:3211} INFO - Sync 2 DAGs
[2026-06-28T11:06:15.904+0000] {logging_mixin.py:190} INFO - [2026-06-28T11:06:15.903+0000] {dag.py:4138} INFO - Setting next_dagrun for read_dataset_event to 2026-06-27 00:00:00+00:00, run_after=2026-06-28 00:00:00+00:00
[2026-06-28T11:06:15.909+0000] {logging_mixin.py:190} INFO - [2026-06-28T11:06:15.909+0000] {dag.py:4138} INFO - Setting next_dagrun for read_dataset_event_from_classic to 2026-06-27 00:00:00+00:00, run_after=2026-06-28 00:00:00+00:00
[2026-06-28T11:06:15.929+0000] {processor.py:208} INFO - Processing /home/airflow/.local/lib/python3.12/site-packages/airflow/example_dags/example_inlet_event_extra.py took 0.282 seconds
[2026-06-28T11:06:45.986+0000] {processor.py:186} INFO - Started process (PID=671) to work on /home/airflow/.local/lib/python3.12/site-packages/airflow/example_dags/example_inlet_event_extra.py
[2026-06-28T11:06:45.987+0000] {processor.py:914} INFO - Processing file /home/airflow/.local/lib/python3.12/site-packages/airflow/example_dags/example_inlet_event_extra.py for tasks to queue
[2026-06-28T11:06:45.990+0000] {logging_mixin.py:190} INFO - [2026-06-28T11:06:45.990+0000] {dagbag.py:587} INFO - Filling up the DagBag from /home/airflow/.local/lib/python3.12/site-packages/airflow/example_dags/example_inlet_event_extra.py
[2026-06-28T11:06:46.178+0000] {processor.py:925} INFO - DAG(s) 'read_dataset_event_from_classic', 'read_dataset_event' retrieved from /home/airflow/.local/lib/python3.12/site-packages/airflow/example_dags/example_inlet_event_extra.py
[2026-06-28T11:06:46.219+0000] {logging_mixin.py:190} INFO - [2026-06-28T11:06:46.219+0000] {dag.py:3211} INFO - Sync 2 DAGs
[2026-06-28T11:06:46.264+0000] {logging_mixin.py:190} INFO - [2026-06-28T11:06:46.264+0000] {dag.py:4138} INFO - Setting next_dagrun for read_dataset_event to 2026-06-27 00:00:00+00:00, run_after=2026-06-28 00:00:00+00:00
[2026-06-28T11:06:46.270+0000] {logging_mixin.py:190} INFO - [2026-06-28T11:06:46.270+0000] {dag.py:4138} INFO - Setting next_dagrun for read_dataset_event_from_classic to 2026-06-27 00:00:00+00:00, run_after=2026-06-28 00:00:00+00:00
[2026-06-28T11:06:46.312+0000] {processor.py:208} INFO - Processing /home/airflow/.local/lib/python3.12/site-packages/airflow/example_dags/example_inlet_event_extra.py took 0.333 seconds
[2026-06-28T11:07:16.478+0000] {processor.py:186} INFO - Started process (PID=734) to work on /home/airflow/.local/lib/python3.12/site-packages/airflow/example_dags/example_inlet_event_extra.py
[2026-06-28T11:07:16.478+0000] {processor.py:914} INFO - Processing file /home/airflow/.local/lib/python3.12/site-packages/airflow/example_dags/example_inlet_event_extra.py for tasks to queue
[2026-06-28T11:07:16.480+0000] {logging_mixin.py:190} INFO - [2026-06-28T11:07:16.480+0000] {dagbag.py:587} INFO - Filling up the DagBag from /home/airflow/.local/lib/python3.12/site-packages/airflow/example_dags/example_inlet_event_extra.py
[2026-06-28T11:07:16.692+0000] {processor.py:925} INFO - DAG(s) 'read_dataset_event', 'read_dataset_event_from_classic' retrieved from /home/airflow/.local/lib/python3.12/site-packages/airflow/example_dags/example_inlet_event_extra.py
[2026-06-28T11:07:16.734+0000] {logging_mixin.py:190} INFO - [2026-06-28T11:07:16.733+0000] {dag.py:3211} INFO - Sync 2 DAGs
[2026-06-28T11:07:16.781+0000] {logging_mixin.py:190} INFO - [2026-06-28T11:07:16.781+0000] {dag.py:4138} INFO - Setting next_dagrun for read_dataset_event to 2026-06-27 00:00:00+00:00, run_after=2026-06-28 00:00:00+00:00
[2026-06-28T11:07:16.790+0000] {logging_mixin.py:190} INFO - [2026-06-28T11:07:16.789+0000] {dag.py:4138} INFO - Setting next_dagrun for read_dataset_event_from_classic to 2026-06-27 00:00:00+00:00, run_after=2026-06-28 00:00:00+00:00
[2026-06-28T11:07:16.812+0000] {processor.py:208} INFO - Processing /home/airflow/.local/lib/python3.12/site-packages/airflow/example_dags/example_inlet_event_extra.py took 0.340 seconds
[2026-06-28T11:07:46.886+0000] {processor.py:186} INFO - Started process (PID=794) to work on /home/airflow/.local/lib/python3.12/site-packages/airflow/example_dags/example_inlet_event_extra.py
[2026-06-28T11:07:46.888+0000] {processor.py:914} INFO - Processing file /home/airflow/.local/lib/python3.12/site-packages/airflow/example_dags/example_inlet_event_extra.py for tasks to queue
[2026-06-28T11:07:46.890+0000] {logging_mixin.py:190} INFO - [2026-06-28T11:07:46.890+0000] {dagbag.py:587} INFO - Filling up the DagBag from /home/airflow/.local/lib/python3.12/site-packages/airflow/example_dags/example_inlet_event_extra.py
[2026-06-28T11:07:47.067+0000] {processor.py:925} INFO - DAG(s) 'read_dataset_event', 'read_dataset_event_from_classic' retrieved from /home/airflow/.local/lib/python3.12/site-packages/airflow/example_dags/example_inlet_event_extra.py
[2026-06-28T11:07:47.097+0000] {logging_mixin.py:190} INFO - [2026-06-28T11:07:47.096+0000] {dag.py:3211} INFO - Sync 2 DAGs
[2026-06-28T11:07:47.128+0000] {logging_mixin.py:190} INFO - [2026-06-28T11:07:47.128+0000] {dag.py:4138} INFO - Setting next_dagrun for read_dataset_event to 2026-06-27 00:00:00+00:00, run_after=2026-06-28 00:00:00+00:00
[2026-06-28T11:07:47.134+0000] {logging_mixin.py:190} INFO - [2026-06-28T11:07:47.133+0000] {dag.py:4138} INFO - Setting next_dagrun for read_dataset_event_from_classic to 2026-06-27 00:00:00+00:00, run_after=2026-06-28 00:00:00+00:00
[2026-06-28T11:07:47.153+0000] {processor.py:208} INFO - Processing /home/airflow/.local/lib/python3.12/site-packages/airflow/example_dags/example_inlet_event_extra.py took 0.272 seconds
[2026-06-28T11:08:17.296+0000] {processor.py:186} INFO - Started process (PID=856) to work on /home/airflow/.local/lib/python3.12/site-packages/airflow/example_dags/example_inlet_event_extra.py
[2026-06-28T11:08:17.297+0000] {processor.py:914} INFO - Processing file /home/airflow/.local/lib/python3.12/site-packages/airflow/example_dags/example_inlet_event_extra.py for tasks to queue
[2026-06-28T11:08:17.299+0000] {logging_mixin.py:190} INFO - [2026-06-28T11:08:17.299+0000] {dagbag.py:587} INFO - Filling up the DagBag from /home/airflow/.local/lib/python3.12/site-packages/airflow/example_dags/example_inlet_event_extra.py
[2026-06-28T11:08:17.473+0000] {processor.py:925} INFO - DAG(s) 'read_dataset_event', 'read_dataset_event_from_classic' retrieved from /home/airflow/.local/lib/python3.12/site-packages/airflow/example_dags/example_inlet_event_extra.py
[2026-06-28T11:08:17.498+0000] {logging_mixin.py:190} INFO - [2026-06-28T11:08:17.498+0000] {dag.py:3211} INFO - Sync 2 DAGs
[2026-06-28T11:08:17.524+0000] {logging_mixin.py:190} INFO - [2026-06-28T11:08:17.523+0000] {dag.py:4138} INFO - Setting next_dagrun for read_dataset_event to 2026-06-27 00:00:00+00:00, run_after=2026-06-28 00:00:00+00:00
[2026-06-28T11:08:17.530+0000] {logging_mixin.py:190} INFO - [2026-06-28T11:08:17.529+0000] {dag.py:4138} INFO - Setting next_dagrun for read_dataset_event_from_classic to 2026-06-27 00:00:00+00:00, run_after=2026-06-28 00:00:00+00:00
[2026-06-28T11:08:17.548+0000] {processor.py:208} INFO - Processing /home/airflow/.local/lib/python3.12/site-packages/airflow/example_dags/example_inlet_event_extra.py took 0.258 seconds
