[2026-06-28T11:01:41.148+0000] {processor.py:186} INFO - Started process (PID=61) to work on /home/airflow/.local/lib/python3.12/site-packages/airflow/example_dags/example_short_circuit_decorator.py
[2026-06-28T11:01:41.148+0000] {processor.py:914} INFO - Processing file /home/airflow/.local/lib/python3.12/site-packages/airflow/example_dags/example_short_circuit_decorator.py for tasks to queue
[2026-06-28T11:01:41.150+0000] {logging_mixin.py:190} INFO - [2026-06-28T11:01:41.150+0000] {dagbag.py:587} INFO - Filling up the DagBag from /home/airflow/.local/lib/python3.12/site-packages/airflow/example_dags/example_short_circuit_decorator.py
[2026-06-28T11:01:41.161+0000] {processor.py:925} INFO - DAG(s) 'example_short_circuit_decorator' retrieved from /home/airflow/.local/lib/python3.12/site-packages/airflow/example_dags/example_short_circuit_decorator.py
[2026-06-28T11:01:41.266+0000] {logging_mixin.py:190} INFO - [2026-06-28T11:01:41.265+0000] {override.py:1858} INFO - Created Permission View: can edit on DAG:example_short_circuit_decorator
[2026-06-28T11:01:41.275+0000] {logging_mixin.py:190} INFO - [2026-06-28T11:01:41.274+0000] {override.py:1858} INFO - Created Permission View: can delete on DAG:example_short_circuit_decorator
[2026-06-28T11:01:41.279+0000] {logging_mixin.py:190} INFO - [2026-06-28T11:01:41.279+0000] {override.py:1858} INFO - Created Permission View: can read on DAG:example_short_circuit_decorator
[2026-06-28T11:01:41.279+0000] {logging_mixin.py:190} INFO - [2026-06-28T11:01:41.279+0000] {dag.py:3211} INFO - Sync 1 DAGs
[2026-06-28T11:01:41.291+0000] {logging_mixin.py:190} INFO - [2026-06-28T11:01:41.291+0000] {dag.py:3234} INFO - Creating ORM DAG for example_short_circuit_decorator
[2026-06-28T11:01:41.305+0000] {logging_mixin.py:190} INFO - [2026-06-28T11:01:41.304+0000] {dag.py:4138} INFO - Setting next_dagrun for example_short_circuit_decorator to 2026-06-27 00:00:00+00:00, run_after=2026-06-28 00:00:00+00:00
[2026-06-28T11:01:41.322+0000] {processor.py:208} INFO - Processing /home/airflow/.local/lib/python3.12/site-packages/airflow/example_dags/example_short_circuit_decorator.py took 0.180 seconds
[2026-06-28T11:02:11.665+0000] {processor.py:186} INFO - Started process (PID=123) to work on /home/airflow/.local/lib/python3.12/site-packages/airflow/example_dags/example_short_circuit_decorator.py
[2026-06-28T11:02:11.666+0000] {processor.py:914} INFO - Processing file /home/airflow/.local/lib/python3.12/site-packages/airflow/example_dags/example_short_circuit_decorator.py for tasks to queue
[2026-06-28T11:02:11.668+0000] {logging_mixin.py:190} INFO - [2026-06-28T11:02:11.668+0000] {dagbag.py:587} INFO - Filling up the DagBag from /home/airflow/.local/lib/python3.12/site-packages/airflow/example_dags/example_short_circuit_decorator.py
[2026-06-28T11:02:11.677+0000] {processor.py:925} INFO - DAG(s) 'example_short_circuit_decorator' retrieved from /home/airflow/.local/lib/python3.12/site-packages/airflow/example_dags/example_short_circuit_decorator.py
[2026-06-28T11:02:11.724+0000] {logging_mixin.py:190} INFO - [2026-06-28T11:02:11.724+0000] {dag.py:3211} INFO - Sync 1 DAGs
[2026-06-28T11:02:11.746+0000] {logging_mixin.py:190} INFO - [2026-06-28T11:02:11.746+0000] {dag.py:4138} INFO - Setting next_dagrun for example_short_circuit_decorator to 2026-06-27 00:00:00+00:00, run_after=2026-06-28 00:00:00+00:00
[2026-06-28T11:02:11.776+0000] {processor.py:208} INFO - Processing /home/airflow/.local/lib/python3.12/site-packages/airflow/example_dags/example_short_circuit_decorator.py took 0.116 seconds
[2026-06-28T11:02:42.364+0000] {processor.py:186} INFO - Started process (PID=185) to work on /home/airflow/.local/lib/python3.12/site-packages/airflow/example_dags/example_short_circuit_decorator.py
[2026-06-28T11:02:42.365+0000] {processor.py:914} INFO - Processing file /home/airflow/.local/lib/python3.12/site-packages/airflow/example_dags/example_short_circuit_decorator.py for tasks to queue
[2026-06-28T11:02:42.367+0000] {logging_mixin.py:190} INFO - [2026-06-28T11:02:42.367+0000] {dagbag.py:587} INFO - Filling up the DagBag from /home/airflow/.local/lib/python3.12/site-packages/airflow/example_dags/example_short_circuit_decorator.py
[2026-06-28T11:02:42.378+0000] {processor.py:925} INFO - DAG(s) 'example_short_circuit_decorator' retrieved from /home/airflow/.local/lib/python3.12/site-packages/airflow/example_dags/example_short_circuit_decorator.py
[2026-06-28T11:02:42.405+0000] {logging_mixin.py:190} INFO - [2026-06-28T11:02:42.404+0000] {dag.py:3211} INFO - Sync 1 DAGs
[2026-06-28T11:02:42.430+0000] {logging_mixin.py:190} INFO - [2026-06-28T11:02:42.430+0000] {dag.py:4138} INFO - Setting next_dagrun for example_short_circuit_decorator to 2026-06-27 00:00:00+00:00, run_after=2026-06-28 00:00:00+00:00
[2026-06-28T11:02:42.455+0000] {processor.py:208} INFO - Processing /home/airflow/.local/lib/python3.12/site-packages/airflow/example_dags/example_short_circuit_decorator.py took 0.096 seconds
[2026-06-28T11:03:14.306+0000] {processor.py:186} INFO - Started process (PID=253) to work on /home/airflow/.local/lib/python3.12/site-packages/airflow/example_dags/example_short_circuit_decorator.py
[2026-06-28T11:03:14.308+0000] {processor.py:914} INFO - Processing file /home/airflow/.local/lib/python3.12/site-packages/airflow/example_dags/example_short_circuit_decorator.py for tasks to queue
[2026-06-28T11:03:14.311+0000] {logging_mixin.py:190} INFO - [2026-06-28T11:03:14.310+0000] {dagbag.py:587} INFO - Filling up the DagBag from /home/airflow/.local/lib/python3.12/site-packages/airflow/example_dags/example_short_circuit_decorator.py
[2026-06-28T11:03:14.327+0000] {processor.py:925} INFO - DAG(s) 'example_short_circuit_decorator' retrieved from /home/airflow/.local/lib/python3.12/site-packages/airflow/example_dags/example_short_circuit_decorator.py
[2026-06-28T11:03:14.367+0000] {logging_mixin.py:190} INFO - [2026-06-28T11:03:14.367+0000] {dag.py:3211} INFO - Sync 1 DAGs
[2026-06-28T11:03:14.414+0000] {logging_mixin.py:190} INFO - [2026-06-28T11:03:14.413+0000] {dag.py:4138} INFO - Setting next_dagrun for example_short_circuit_decorator to 2026-06-27 00:00:00+00:00, run_after=2026-06-28 00:00:00+00:00
[2026-06-28T11:03:14.445+0000] {processor.py:208} INFO - Processing /home/airflow/.local/lib/python3.12/site-packages/airflow/example_dags/example_short_circuit_decorator.py took 0.147 seconds
[2026-06-28T11:03:44.981+0000] {processor.py:186} INFO - Started process (PID=315) to work on /home/airflow/.local/lib/python3.12/site-packages/airflow/example_dags/example_short_circuit_decorator.py
[2026-06-28T11:03:44.983+0000] {processor.py:914} INFO - Processing file /home/airflow/.local/lib/python3.12/site-packages/airflow/example_dags/example_short_circuit_decorator.py for tasks to queue
[2026-06-28T11:03:44.985+0000] {logging_mixin.py:190} INFO - [2026-06-28T11:03:44.985+0000] {dagbag.py:587} INFO - Filling up the DagBag from /home/airflow/.local/lib/python3.12/site-packages/airflow/example_dags/example_short_circuit_decorator.py
[2026-06-28T11:03:44.997+0000] {processor.py:925} INFO - DAG(s) 'example_short_circuit_decorator' retrieved from /home/airflow/.local/lib/python3.12/site-packages/airflow/example_dags/example_short_circuit_decorator.py
[2026-06-28T11:03:45.025+0000] {logging_mixin.py:190} INFO - [2026-06-28T11:03:45.024+0000] {dag.py:3211} INFO - Sync 1 DAGs
[2026-06-28T11:03:45.050+0000] {logging_mixin.py:190} INFO - [2026-06-28T11:03:45.049+0000] {dag.py:4138} INFO - Setting next_dagrun for example_short_circuit_decorator to 2026-06-27 00:00:00+00:00, run_after=2026-06-28 00:00:00+00:00
[2026-06-28T11:03:45.073+0000] {processor.py:208} INFO - Processing /home/airflow/.local/lib/python3.12/site-packages/airflow/example_dags/example_short_circuit_decorator.py took 0.098 seconds
[2026-06-28T11:04:15.751+0000] {processor.py:186} INFO - Started process (PID=377) to work on /home/airflow/.local/lib/python3.12/site-packages/airflow/example_dags/example_short_circuit_decorator.py
[2026-06-28T11:04:15.752+0000] {processor.py:914} INFO - Processing file /home/airflow/.local/lib/python3.12/site-packages/airflow/example_dags/example_short_circuit_decorator.py for tasks to queue
[2026-06-28T11:04:15.755+0000] {logging_mixin.py:190} INFO - [2026-06-28T11:04:15.754+0000] {dagbag.py:587} INFO - Filling up the DagBag from /home/airflow/.local/lib/python3.12/site-packages/airflow/example_dags/example_short_circuit_decorator.py
[2026-06-28T11:04:15.767+0000] {processor.py:925} INFO - DAG(s) 'example_short_circuit_decorator' retrieved from /home/airflow/.local/lib/python3.12/site-packages/airflow/example_dags/example_short_circuit_decorator.py
[2026-06-28T11:04:15.804+0000] {logging_mixin.py:190} INFO - [2026-06-28T11:04:15.803+0000] {dag.py:3211} INFO - Sync 1 DAGs
[2026-06-28T11:04:15.832+0000] {logging_mixin.py:190} INFO - [2026-06-28T11:04:15.832+0000] {dag.py:4138} INFO - Setting next_dagrun for example_short_circuit_decorator to 2026-06-27 00:00:00+00:00, run_after=2026-06-28 00:00:00+00:00
[2026-06-28T11:04:15.857+0000] {processor.py:208} INFO - Processing /home/airflow/.local/lib/python3.12/site-packages/airflow/example_dags/example_short_circuit_decorator.py took 0.113 seconds
[2026-06-28T11:04:46.027+0000] {processor.py:186} INFO - Started process (PID=439) to work on /home/airflow/.local/lib/python3.12/site-packages/airflow/example_dags/example_short_circuit_decorator.py
[2026-06-28T11:04:46.028+0000] {processor.py:914} INFO - Processing file /home/airflow/.local/lib/python3.12/site-packages/airflow/example_dags/example_short_circuit_decorator.py for tasks to queue
[2026-06-28T11:04:46.030+0000] {logging_mixin.py:190} INFO - [2026-06-28T11:04:46.030+0000] {dagbag.py:587} INFO - Filling up the DagBag from /home/airflow/.local/lib/python3.12/site-packages/airflow/example_dags/example_short_circuit_decorator.py
[2026-06-28T11:04:46.040+0000] {processor.py:925} INFO - DAG(s) 'example_short_circuit_decorator' retrieved from /home/airflow/.local/lib/python3.12/site-packages/airflow/example_dags/example_short_circuit_decorator.py
[2026-06-28T11:04:46.070+0000] {logging_mixin.py:190} INFO - [2026-06-28T11:04:46.070+0000] {dag.py:3211} INFO - Sync 1 DAGs
[2026-06-28T11:04:46.095+0000] {logging_mixin.py:190} INFO - [2026-06-28T11:04:46.094+0000] {dag.py:4138} INFO - Setting next_dagrun for example_short_circuit_decorator to 2026-06-27 00:00:00+00:00, run_after=2026-06-28 00:00:00+00:00
[2026-06-28T11:04:46.116+0000] {processor.py:208} INFO - Processing /home/airflow/.local/lib/python3.12/site-packages/airflow/example_dags/example_short_circuit_decorator.py took 0.096 seconds
[2026-06-28T11:05:16.953+0000] {processor.py:186} INFO - Started process (PID=501) to work on /home/airflow/.local/lib/python3.12/site-packages/airflow/example_dags/example_short_circuit_decorator.py
[2026-06-28T11:05:16.954+0000] {processor.py:914} INFO - Processing file /home/airflow/.local/lib/python3.12/site-packages/airflow/example_dags/example_short_circuit_decorator.py for tasks to queue
[2026-06-28T11:05:16.957+0000] {logging_mixin.py:190} INFO - [2026-06-28T11:05:16.956+0000] {dagbag.py:587} INFO - Filling up the DagBag from /home/airflow/.local/lib/python3.12/site-packages/airflow/example_dags/example_short_circuit_decorator.py
[2026-06-28T11:05:16.968+0000] {processor.py:925} INFO - DAG(s) 'example_short_circuit_decorator' retrieved from /home/airflow/.local/lib/python3.12/site-packages/airflow/example_dags/example_short_circuit_decorator.py
[2026-06-28T11:05:16.998+0000] {logging_mixin.py:190} INFO - [2026-06-28T11:05:16.997+0000] {dag.py:3211} INFO - Sync 1 DAGs
[2026-06-28T11:05:17.023+0000] {logging_mixin.py:190} INFO - [2026-06-28T11:05:17.022+0000] {dag.py:4138} INFO - Setting next_dagrun for example_short_circuit_decorator to 2026-06-27 00:00:00+00:00, run_after=2026-06-28 00:00:00+00:00
[2026-06-28T11:05:17.040+0000] {processor.py:208} INFO - Processing /home/airflow/.local/lib/python3.12/site-packages/airflow/example_dags/example_short_circuit_decorator.py took 0.092 seconds
[2026-06-28T11:05:47.555+0000] {processor.py:186} INFO - Started process (PID=562) to work on /home/airflow/.local/lib/python3.12/site-packages/airflow/example_dags/example_short_circuit_decorator.py
[2026-06-28T11:05:47.557+0000] {processor.py:914} INFO - Processing file /home/airflow/.local/lib/python3.12/site-packages/airflow/example_dags/example_short_circuit_decorator.py for tasks to queue
[2026-06-28T11:05:47.559+0000] {logging_mixin.py:190} INFO - [2026-06-28T11:05:47.559+0000] {dagbag.py:587} INFO - Filling up the DagBag from /home/airflow/.local/lib/python3.12/site-packages/airflow/example_dags/example_short_circuit_decorator.py
[2026-06-28T11:05:47.571+0000] {processor.py:925} INFO - DAG(s) 'example_short_circuit_decorator' retrieved from /home/airflow/.local/lib/python3.12/site-packages/airflow/example_dags/example_short_circuit_decorator.py
[2026-06-28T11:05:47.603+0000] {logging_mixin.py:190} INFO - [2026-06-28T11:05:47.602+0000] {dag.py:3211} INFO - Sync 1 DAGs
[2026-06-28T11:05:47.631+0000] {logging_mixin.py:190} INFO - [2026-06-28T11:05:47.631+0000] {dag.py:4138} INFO - Setting next_dagrun for example_short_circuit_decorator to 2026-06-27 00:00:00+00:00, run_after=2026-06-28 00:00:00+00:00
[2026-06-28T11:05:47.658+0000] {processor.py:208} INFO - Processing /home/airflow/.local/lib/python3.12/site-packages/airflow/example_dags/example_short_circuit_decorator.py took 0.110 seconds
[2026-06-28T11:06:18.272+0000] {processor.py:186} INFO - Started process (PID=624) to work on /home/airflow/.local/lib/python3.12/site-packages/airflow/example_dags/example_short_circuit_decorator.py
[2026-06-28T11:06:18.273+0000] {processor.py:914} INFO - Processing file /home/airflow/.local/lib/python3.12/site-packages/airflow/example_dags/example_short_circuit_decorator.py for tasks to queue
[2026-06-28T11:06:18.275+0000] {logging_mixin.py:190} INFO - [2026-06-28T11:06:18.275+0000] {dagbag.py:587} INFO - Filling up the DagBag from /home/airflow/.local/lib/python3.12/site-packages/airflow/example_dags/example_short_circuit_decorator.py
[2026-06-28T11:06:18.290+0000] {processor.py:925} INFO - DAG(s) 'example_short_circuit_decorator' retrieved from /home/airflow/.local/lib/python3.12/site-packages/airflow/example_dags/example_short_circuit_decorator.py
[2026-06-28T11:06:18.372+0000] {logging_mixin.py:190} INFO - [2026-06-28T11:06:18.372+0000] {dag.py:3211} INFO - Sync 1 DAGs
[2026-06-28T11:06:18.410+0000] {logging_mixin.py:190} INFO - [2026-06-28T11:06:18.410+0000] {dag.py:4138} INFO - Setting next_dagrun for example_short_circuit_decorator to 2026-06-27 00:00:00+00:00, run_after=2026-06-28 00:00:00+00:00
[2026-06-28T11:06:18.435+0000] {processor.py:208} INFO - Processing /home/airflow/.local/lib/python3.12/site-packages/airflow/example_dags/example_short_circuit_decorator.py took 0.172 seconds
[2026-06-28T11:06:49.476+0000] {processor.py:186} INFO - Started process (PID=686) to work on /home/airflow/.local/lib/python3.12/site-packages/airflow/example_dags/example_short_circuit_decorator.py
[2026-06-28T11:06:49.477+0000] {processor.py:914} INFO - Processing file /home/airflow/.local/lib/python3.12/site-packages/airflow/example_dags/example_short_circuit_decorator.py for tasks to queue
[2026-06-28T11:06:49.479+0000] {logging_mixin.py:190} INFO - [2026-06-28T11:06:49.479+0000] {dagbag.py:587} INFO - Filling up the DagBag from /home/airflow/.local/lib/python3.12/site-packages/airflow/example_dags/example_short_circuit_decorator.py
[2026-06-28T11:06:49.491+0000] {processor.py:925} INFO - DAG(s) 'example_short_circuit_decorator' retrieved from /home/airflow/.local/lib/python3.12/site-packages/airflow/example_dags/example_short_circuit_decorator.py
[2026-06-28T11:06:49.523+0000] {logging_mixin.py:190} INFO - [2026-06-28T11:06:49.523+0000] {dag.py:3211} INFO - Sync 1 DAGs
[2026-06-28T11:06:49.551+0000] {logging_mixin.py:190} INFO - [2026-06-28T11:06:49.550+0000] {dag.py:4138} INFO - Setting next_dagrun for example_short_circuit_decorator to 2026-06-27 00:00:00+00:00, run_after=2026-06-28 00:00:00+00:00
[2026-06-28T11:06:49.571+0000] {processor.py:208} INFO - Processing /home/airflow/.local/lib/python3.12/site-packages/airflow/example_dags/example_short_circuit_decorator.py took 0.103 seconds
[2026-06-28T11:07:19.989+0000] {processor.py:186} INFO - Started process (PID=748) to work on /home/airflow/.local/lib/python3.12/site-packages/airflow/example_dags/example_short_circuit_decorator.py
[2026-06-28T11:07:19.990+0000] {processor.py:914} INFO - Processing file /home/airflow/.local/lib/python3.12/site-packages/airflow/example_dags/example_short_circuit_decorator.py for tasks to queue
[2026-06-28T11:07:19.993+0000] {logging_mixin.py:190} INFO - [2026-06-28T11:07:19.992+0000] {dagbag.py:587} INFO - Filling up the DagBag from /home/airflow/.local/lib/python3.12/site-packages/airflow/example_dags/example_short_circuit_decorator.py
[2026-06-28T11:07:20.007+0000] {processor.py:925} INFO - DAG(s) 'example_short_circuit_decorator' retrieved from /home/airflow/.local/lib/python3.12/site-packages/airflow/example_dags/example_short_circuit_decorator.py
[2026-06-28T11:07:20.050+0000] {logging_mixin.py:190} INFO - [2026-06-28T11:07:20.050+0000] {dag.py:3211} INFO - Sync 1 DAGs
[2026-06-28T11:07:20.081+0000] {logging_mixin.py:190} INFO - [2026-06-28T11:07:20.081+0000] {dag.py:4138} INFO - Setting next_dagrun for example_short_circuit_decorator to 2026-06-27 00:00:00+00:00, run_after=2026-06-28 00:00:00+00:00
[2026-06-28T11:07:20.107+0000] {processor.py:208} INFO - Processing /home/airflow/.local/lib/python3.12/site-packages/airflow/example_dags/example_short_circuit_decorator.py took 0.125 seconds
[2026-06-28T11:07:50.243+0000] {processor.py:186} INFO - Started process (PID=810) to work on /home/airflow/.local/lib/python3.12/site-packages/airflow/example_dags/example_short_circuit_decorator.py
[2026-06-28T11:07:50.244+0000] {processor.py:914} INFO - Processing file /home/airflow/.local/lib/python3.12/site-packages/airflow/example_dags/example_short_circuit_decorator.py for tasks to queue
[2026-06-28T11:07:50.246+0000] {logging_mixin.py:190} INFO - [2026-06-28T11:07:50.246+0000] {dagbag.py:587} INFO - Filling up the DagBag from /home/airflow/.local/lib/python3.12/site-packages/airflow/example_dags/example_short_circuit_decorator.py
[2026-06-28T11:07:50.258+0000] {processor.py:925} INFO - DAG(s) 'example_short_circuit_decorator' retrieved from /home/airflow/.local/lib/python3.12/site-packages/airflow/example_dags/example_short_circuit_decorator.py
[2026-06-28T11:07:50.289+0000] {logging_mixin.py:190} INFO - [2026-06-28T11:07:50.289+0000] {dag.py:3211} INFO - Sync 1 DAGs
[2026-06-28T11:07:50.315+0000] {logging_mixin.py:190} INFO - [2026-06-28T11:07:50.315+0000] {dag.py:4138} INFO - Setting next_dagrun for example_short_circuit_decorator to 2026-06-27 00:00:00+00:00, run_after=2026-06-28 00:00:00+00:00
[2026-06-28T11:07:50.339+0000] {processor.py:208} INFO - Processing /home/airflow/.local/lib/python3.12/site-packages/airflow/example_dags/example_short_circuit_decorator.py took 0.102 seconds
[2026-06-28T11:08:20.450+0000] {processor.py:186} INFO - Started process (PID=872) to work on /home/airflow/.local/lib/python3.12/site-packages/airflow/example_dags/example_short_circuit_decorator.py
[2026-06-28T11:08:20.454+0000] {processor.py:914} INFO - Processing file /home/airflow/.local/lib/python3.12/site-packages/airflow/example_dags/example_short_circuit_decorator.py for tasks to queue
[2026-06-28T11:08:20.456+0000] {logging_mixin.py:190} INFO - [2026-06-28T11:08:20.456+0000] {dagbag.py:587} INFO - Filling up the DagBag from /home/airflow/.local/lib/python3.12/site-packages/airflow/example_dags/example_short_circuit_decorator.py
[2026-06-28T11:08:20.466+0000] {processor.py:925} INFO - DAG(s) 'example_short_circuit_decorator' retrieved from /home/airflow/.local/lib/python3.12/site-packages/airflow/example_dags/example_short_circuit_decorator.py
[2026-06-28T11:08:20.493+0000] {logging_mixin.py:190} INFO - [2026-06-28T11:08:20.492+0000] {dag.py:3211} INFO - Sync 1 DAGs
[2026-06-28T11:08:20.516+0000] {logging_mixin.py:190} INFO - [2026-06-28T11:08:20.516+0000] {dag.py:4138} INFO - Setting next_dagrun for example_short_circuit_decorator to 2026-06-27 00:00:00+00:00, run_after=2026-06-28 00:00:00+00:00
[2026-06-28T11:08:20.535+0000] {processor.py:208} INFO - Processing /home/airflow/.local/lib/python3.12/site-packages/airflow/example_dags/example_short_circuit_decorator.py took 0.091 seconds
