[2026-06-28T11:01:39.086+0000] {processor.py:186} INFO - Started process (PID=44) to work on /home/airflow/.local/lib/python3.12/site-packages/airflow/example_dags/example_external_task_marker_dag.py
[2026-06-28T11:01:39.087+0000] {processor.py:914} INFO - Processing file /home/airflow/.local/lib/python3.12/site-packages/airflow/example_dags/example_external_task_marker_dag.py for tasks to queue
[2026-06-28T11:01:39.089+0000] {logging_mixin.py:190} INFO - [2026-06-28T11:01:39.089+0000] {dagbag.py:587} INFO - Filling up the DagBag from /home/airflow/.local/lib/python3.12/site-packages/airflow/example_dags/example_external_task_marker_dag.py
[2026-06-28T11:01:39.099+0000] {processor.py:925} INFO - DAG(s) 'example_external_task_marker_child', 'example_external_task_marker_parent' retrieved from /home/airflow/.local/lib/python3.12/site-packages/airflow/example_dags/example_external_task_marker_dag.py
[2026-06-28T11:01:39.208+0000] {logging_mixin.py:190} INFO - [2026-06-28T11:01:39.207+0000] {override.py:1858} INFO - Created Permission View: can edit on DAG:example_external_task_marker_child
[2026-06-28T11:01:39.220+0000] {logging_mixin.py:190} INFO - [2026-06-28T11:01:39.219+0000] {override.py:1858} INFO - Created Permission View: can delete on DAG:example_external_task_marker_child
[2026-06-28T11:01:39.227+0000] {logging_mixin.py:190} INFO - [2026-06-28T11:01:39.227+0000] {override.py:1858} INFO - Created Permission View: can read on DAG:example_external_task_marker_child
[2026-06-28T11:01:39.239+0000] {logging_mixin.py:190} INFO - [2026-06-28T11:01:39.238+0000] {override.py:1858} INFO - Created Permission View: can edit on DAG:example_external_task_marker_parent
[2026-06-28T11:01:39.244+0000] {logging_mixin.py:190} INFO - [2026-06-28T11:01:39.243+0000] {override.py:1858} INFO - Created Permission View: can delete on DAG:example_external_task_marker_parent
[2026-06-28T11:01:39.251+0000] {logging_mixin.py:190} INFO - [2026-06-28T11:01:39.250+0000] {override.py:1858} INFO - Created Permission View: can read on DAG:example_external_task_marker_parent
[2026-06-28T11:01:39.251+0000] {logging_mixin.py:190} INFO - [2026-06-28T11:01:39.251+0000] {dag.py:3211} INFO - Sync 2 DAGs
[2026-06-28T11:01:39.265+0000] {logging_mixin.py:190} INFO - [2026-06-28T11:01:39.265+0000] {dag.py:3234} INFO - Creating ORM DAG for example_external_task_marker_child
[2026-06-28T11:01:39.266+0000] {logging_mixin.py:190} INFO - [2026-06-28T11:01:39.266+0000] {dag.py:3234} INFO - Creating ORM DAG for example_external_task_marker_parent
[2026-06-28T11:01:39.266+0000] {logging_mixin.py:190} INFO - [2026-06-28T11:01:39.266+0000] {dag.py:4138} INFO - Setting next_dagrun for example_external_task_marker_child to None, run_after=None
[2026-06-28T11:01:39.267+0000] {logging_mixin.py:190} INFO - [2026-06-28T11:01:39.267+0000] {dag.py:4138} INFO - Setting next_dagrun for example_external_task_marker_parent to None, run_after=None
[2026-06-28T11:01:39.292+0000] {processor.py:208} INFO - Processing /home/airflow/.local/lib/python3.12/site-packages/airflow/example_dags/example_external_task_marker_dag.py took 0.211 seconds
[2026-06-28T11:02:09.361+0000] {processor.py:186} INFO - Started process (PID=106) to work on /home/airflow/.local/lib/python3.12/site-packages/airflow/example_dags/example_external_task_marker_dag.py
[2026-06-28T11:02:09.362+0000] {processor.py:914} INFO - Processing file /home/airflow/.local/lib/python3.12/site-packages/airflow/example_dags/example_external_task_marker_dag.py for tasks to queue
[2026-06-28T11:02:09.363+0000] {logging_mixin.py:190} INFO - [2026-06-28T11:02:09.363+0000] {dagbag.py:587} INFO - Filling up the DagBag from /home/airflow/.local/lib/python3.12/site-packages/airflow/example_dags/example_external_task_marker_dag.py
[2026-06-28T11:02:09.371+0000] {processor.py:925} INFO - DAG(s) 'example_external_task_marker_child', 'example_external_task_marker_parent' retrieved from /home/airflow/.local/lib/python3.12/site-packages/airflow/example_dags/example_external_task_marker_dag.py
[2026-06-28T11:02:09.396+0000] {logging_mixin.py:190} INFO - [2026-06-28T11:02:09.395+0000] {dag.py:3211} INFO - Sync 2 DAGs
[2026-06-28T11:02:09.410+0000] {logging_mixin.py:190} INFO - [2026-06-28T11:02:09.410+0000] {dag.py:4138} INFO - Setting next_dagrun for example_external_task_marker_child to None, run_after=None
[2026-06-28T11:02:09.413+0000] {logging_mixin.py:190} INFO - [2026-06-28T11:02:09.413+0000] {dag.py:4138} INFO - Setting next_dagrun for example_external_task_marker_parent to None, run_after=None
[2026-06-28T11:02:09.425+0000] {processor.py:208} INFO - Processing /home/airflow/.local/lib/python3.12/site-packages/airflow/example_dags/example_external_task_marker_dag.py took 0.069 seconds
[2026-06-28T11:02:39.993+0000] {processor.py:186} INFO - Started process (PID=168) to work on /home/airflow/.local/lib/python3.12/site-packages/airflow/example_dags/example_external_task_marker_dag.py
[2026-06-28T11:02:39.994+0000] {processor.py:914} INFO - Processing file /home/airflow/.local/lib/python3.12/site-packages/airflow/example_dags/example_external_task_marker_dag.py for tasks to queue
[2026-06-28T11:02:39.996+0000] {logging_mixin.py:190} INFO - [2026-06-28T11:02:39.995+0000] {dagbag.py:587} INFO - Filling up the DagBag from /home/airflow/.local/lib/python3.12/site-packages/airflow/example_dags/example_external_task_marker_dag.py
[2026-06-28T11:02:40.003+0000] {processor.py:925} INFO - DAG(s) 'example_external_task_marker_child', 'example_external_task_marker_parent' retrieved from /home/airflow/.local/lib/python3.12/site-packages/airflow/example_dags/example_external_task_marker_dag.py
[2026-06-28T11:02:40.026+0000] {logging_mixin.py:190} INFO - [2026-06-28T11:02:40.026+0000] {dag.py:3211} INFO - Sync 2 DAGs
[2026-06-28T11:02:40.039+0000] {logging_mixin.py:190} INFO - [2026-06-28T11:02:40.039+0000] {dag.py:4138} INFO - Setting next_dagrun for example_external_task_marker_child to None, run_after=None
[2026-06-28T11:02:40.043+0000] {logging_mixin.py:190} INFO - [2026-06-28T11:02:40.042+0000] {dag.py:4138} INFO - Setting next_dagrun for example_external_task_marker_parent to None, run_after=None
[2026-06-28T11:02:40.057+0000] {processor.py:208} INFO - Processing /home/airflow/.local/lib/python3.12/site-packages/airflow/example_dags/example_external_task_marker_dag.py took 0.069 seconds
[2026-06-28T11:03:10.718+0000] {processor.py:186} INFO - Started process (PID=230) to work on /home/airflow/.local/lib/python3.12/site-packages/airflow/example_dags/example_external_task_marker_dag.py
[2026-06-28T11:03:10.719+0000] {processor.py:914} INFO - Processing file /home/airflow/.local/lib/python3.12/site-packages/airflow/example_dags/example_external_task_marker_dag.py for tasks to queue
[2026-06-28T11:03:10.721+0000] {logging_mixin.py:190} INFO - [2026-06-28T11:03:10.721+0000] {dagbag.py:587} INFO - Filling up the DagBag from /home/airflow/.local/lib/python3.12/site-packages/airflow/example_dags/example_external_task_marker_dag.py
[2026-06-28T11:03:10.730+0000] {processor.py:925} INFO - DAG(s) 'example_external_task_marker_parent', 'example_external_task_marker_child' retrieved from /home/airflow/.local/lib/python3.12/site-packages/airflow/example_dags/example_external_task_marker_dag.py
[2026-06-28T11:03:10.762+0000] {logging_mixin.py:190} INFO - [2026-06-28T11:03:10.761+0000] {dag.py:3211} INFO - Sync 2 DAGs
[2026-06-28T11:03:10.776+0000] {logging_mixin.py:190} INFO - [2026-06-28T11:03:10.776+0000] {dag.py:4138} INFO - Setting next_dagrun for example_external_task_marker_child to None, run_after=None
[2026-06-28T11:03:10.780+0000] {logging_mixin.py:190} INFO - [2026-06-28T11:03:10.780+0000] {dag.py:4138} INFO - Setting next_dagrun for example_external_task_marker_parent to None, run_after=None
[2026-06-28T11:03:10.798+0000] {processor.py:208} INFO - Processing /home/airflow/.local/lib/python3.12/site-packages/airflow/example_dags/example_external_task_marker_dag.py took 0.085 seconds
[2026-06-28T11:03:41.608+0000] {processor.py:186} INFO - Started process (PID=292) to work on /home/airflow/.local/lib/python3.12/site-packages/airflow/example_dags/example_external_task_marker_dag.py
[2026-06-28T11:03:41.609+0000] {processor.py:914} INFO - Processing file /home/airflow/.local/lib/python3.12/site-packages/airflow/example_dags/example_external_task_marker_dag.py for tasks to queue
[2026-06-28T11:03:41.611+0000] {logging_mixin.py:190} INFO - [2026-06-28T11:03:41.611+0000] {dagbag.py:587} INFO - Filling up the DagBag from /home/airflow/.local/lib/python3.12/site-packages/airflow/example_dags/example_external_task_marker_dag.py
[2026-06-28T11:03:41.620+0000] {processor.py:925} INFO - DAG(s) 'example_external_task_marker_child', 'example_external_task_marker_parent' retrieved from /home/airflow/.local/lib/python3.12/site-packages/airflow/example_dags/example_external_task_marker_dag.py
[2026-06-28T11:03:41.651+0000] {logging_mixin.py:190} INFO - [2026-06-28T11:03:41.651+0000] {dag.py:3211} INFO - Sync 2 DAGs
[2026-06-28T11:03:41.667+0000] {logging_mixin.py:190} INFO - [2026-06-28T11:03:41.667+0000] {dag.py:4138} INFO - Setting next_dagrun for example_external_task_marker_child to None, run_after=None
[2026-06-28T11:03:41.671+0000] {logging_mixin.py:190} INFO - [2026-06-28T11:03:41.671+0000] {dag.py:4138} INFO - Setting next_dagrun for example_external_task_marker_parent to None, run_after=None
[2026-06-28T11:03:41.687+0000] {processor.py:208} INFO - Processing /home/airflow/.local/lib/python3.12/site-packages/airflow/example_dags/example_external_task_marker_dag.py took 0.084 seconds
[2026-06-28T11:04:12.224+0000] {processor.py:186} INFO - Started process (PID=354) to work on /home/airflow/.local/lib/python3.12/site-packages/airflow/example_dags/example_external_task_marker_dag.py
[2026-06-28T11:04:12.225+0000] {processor.py:914} INFO - Processing file /home/airflow/.local/lib/python3.12/site-packages/airflow/example_dags/example_external_task_marker_dag.py for tasks to queue
[2026-06-28T11:04:12.227+0000] {logging_mixin.py:190} INFO - [2026-06-28T11:04:12.227+0000] {dagbag.py:587} INFO - Filling up the DagBag from /home/airflow/.local/lib/python3.12/site-packages/airflow/example_dags/example_external_task_marker_dag.py
[2026-06-28T11:04:12.236+0000] {processor.py:925} INFO - DAG(s) 'example_external_task_marker_child', 'example_external_task_marker_parent' retrieved from /home/airflow/.local/lib/python3.12/site-packages/airflow/example_dags/example_external_task_marker_dag.py
[2026-06-28T11:04:12.268+0000] {logging_mixin.py:190} INFO - [2026-06-28T11:04:12.268+0000] {dag.py:3211} INFO - Sync 2 DAGs
[2026-06-28T11:04:12.285+0000] {logging_mixin.py:190} INFO - [2026-06-28T11:04:12.285+0000] {dag.py:4138} INFO - Setting next_dagrun for example_external_task_marker_child to None, run_after=None
[2026-06-28T11:04:12.289+0000] {logging_mixin.py:190} INFO - [2026-06-28T11:04:12.289+0000] {dag.py:4138} INFO - Setting next_dagrun for example_external_task_marker_parent to None, run_after=None
[2026-06-28T11:04:12.308+0000] {processor.py:208} INFO - Processing /home/airflow/.local/lib/python3.12/site-packages/airflow/example_dags/example_external_task_marker_dag.py took 0.091 seconds
[2026-06-28T11:04:42.725+0000] {processor.py:186} INFO - Started process (PID=416) to work on /home/airflow/.local/lib/python3.12/site-packages/airflow/example_dags/example_external_task_marker_dag.py
[2026-06-28T11:04:42.726+0000] {processor.py:914} INFO - Processing file /home/airflow/.local/lib/python3.12/site-packages/airflow/example_dags/example_external_task_marker_dag.py for tasks to queue
[2026-06-28T11:04:42.728+0000] {logging_mixin.py:190} INFO - [2026-06-28T11:04:42.728+0000] {dagbag.py:587} INFO - Filling up the DagBag from /home/airflow/.local/lib/python3.12/site-packages/airflow/example_dags/example_external_task_marker_dag.py
[2026-06-28T11:04:42.736+0000] {processor.py:925} INFO - DAG(s) 'example_external_task_marker_child', 'example_external_task_marker_parent' retrieved from /home/airflow/.local/lib/python3.12/site-packages/airflow/example_dags/example_external_task_marker_dag.py
[2026-06-28T11:04:42.762+0000] {logging_mixin.py:190} INFO - [2026-06-28T11:04:42.762+0000] {dag.py:3211} INFO - Sync 2 DAGs
[2026-06-28T11:04:42.779+0000] {logging_mixin.py:190} INFO - [2026-06-28T11:04:42.778+0000] {dag.py:4138} INFO - Setting next_dagrun for example_external_task_marker_child to None, run_after=None
[2026-06-28T11:04:42.782+0000] {logging_mixin.py:190} INFO - [2026-06-28T11:04:42.782+0000] {dag.py:4138} INFO - Setting next_dagrun for example_external_task_marker_parent to None, run_after=None
[2026-06-28T11:04:42.799+0000] {processor.py:208} INFO - Processing /home/airflow/.local/lib/python3.12/site-packages/airflow/example_dags/example_external_task_marker_dag.py took 0.080 seconds
[2026-06-28T11:05:13.670+0000] {processor.py:186} INFO - Started process (PID=484) to work on /home/airflow/.local/lib/python3.12/site-packages/airflow/example_dags/example_external_task_marker_dag.py
[2026-06-28T11:05:13.671+0000] {processor.py:914} INFO - Processing file /home/airflow/.local/lib/python3.12/site-packages/airflow/example_dags/example_external_task_marker_dag.py for tasks to queue
[2026-06-28T11:05:13.674+0000] {logging_mixin.py:190} INFO - [2026-06-28T11:05:13.674+0000] {dagbag.py:587} INFO - Filling up the DagBag from /home/airflow/.local/lib/python3.12/site-packages/airflow/example_dags/example_external_task_marker_dag.py
[2026-06-28T11:05:13.683+0000] {processor.py:925} INFO - DAG(s) 'example_external_task_marker_parent', 'example_external_task_marker_child' retrieved from /home/airflow/.local/lib/python3.12/site-packages/airflow/example_dags/example_external_task_marker_dag.py
[2026-06-28T11:05:13.716+0000] {logging_mixin.py:190} INFO - [2026-06-28T11:05:13.716+0000] {dag.py:3211} INFO - Sync 2 DAGs
[2026-06-28T11:05:13.735+0000] {logging_mixin.py:190} INFO - [2026-06-28T11:05:13.734+0000] {dag.py:4138} INFO - Setting next_dagrun for example_external_task_marker_child to None, run_after=None
[2026-06-28T11:05:13.739+0000] {logging_mixin.py:190} INFO - [2026-06-28T11:05:13.739+0000] {dag.py:4138} INFO - Setting next_dagrun for example_external_task_marker_parent to None, run_after=None
[2026-06-28T11:05:13.758+0000] {processor.py:208} INFO - Processing /home/airflow/.local/lib/python3.12/site-packages/airflow/example_dags/example_external_task_marker_dag.py took 0.095 seconds
[2026-06-28T11:05:44.126+0000] {processor.py:186} INFO - Started process (PID=545) to work on /home/airflow/.local/lib/python3.12/site-packages/airflow/example_dags/example_external_task_marker_dag.py
[2026-06-28T11:05:44.128+0000] {processor.py:914} INFO - Processing file /home/airflow/.local/lib/python3.12/site-packages/airflow/example_dags/example_external_task_marker_dag.py for tasks to queue
[2026-06-28T11:05:44.131+0000] {logging_mixin.py:190} INFO - [2026-06-28T11:05:44.130+0000] {dagbag.py:587} INFO - Filling up the DagBag from /home/airflow/.local/lib/python3.12/site-packages/airflow/example_dags/example_external_task_marker_dag.py
[2026-06-28T11:05:44.142+0000] {processor.py:925} INFO - DAG(s) 'example_external_task_marker_child', 'example_external_task_marker_parent' retrieved from /home/airflow/.local/lib/python3.12/site-packages/airflow/example_dags/example_external_task_marker_dag.py
[2026-06-28T11:05:44.212+0000] {logging_mixin.py:190} INFO - [2026-06-28T11:05:44.212+0000] {dag.py:3211} INFO - Sync 2 DAGs
[2026-06-28T11:05:44.232+0000] {logging_mixin.py:190} INFO - [2026-06-28T11:05:44.231+0000] {dag.py:4138} INFO - Setting next_dagrun for example_external_task_marker_child to None, run_after=None
[2026-06-28T11:05:44.236+0000] {logging_mixin.py:190} INFO - [2026-06-28T11:05:44.236+0000] {dag.py:4138} INFO - Setting next_dagrun for example_external_task_marker_parent to None, run_after=None
[2026-06-28T11:05:44.253+0000] {processor.py:208} INFO - Processing /home/airflow/.local/lib/python3.12/site-packages/airflow/example_dags/example_external_task_marker_dag.py took 0.134 seconds
[2026-06-28T11:06:14.473+0000] {processor.py:186} INFO - Started process (PID=607) to work on /home/airflow/.local/lib/python3.12/site-packages/airflow/example_dags/example_external_task_marker_dag.py
[2026-06-28T11:06:14.474+0000] {processor.py:914} INFO - Processing file /home/airflow/.local/lib/python3.12/site-packages/airflow/example_dags/example_external_task_marker_dag.py for tasks to queue
[2026-06-28T11:06:14.477+0000] {logging_mixin.py:190} INFO - [2026-06-28T11:06:14.477+0000] {dagbag.py:587} INFO - Filling up the DagBag from /home/airflow/.local/lib/python3.12/site-packages/airflow/example_dags/example_external_task_marker_dag.py
[2026-06-28T11:06:14.488+0000] {processor.py:925} INFO - DAG(s) 'example_external_task_marker_child', 'example_external_task_marker_parent' retrieved from /home/airflow/.local/lib/python3.12/site-packages/airflow/example_dags/example_external_task_marker_dag.py
[2026-06-28T11:06:14.527+0000] {logging_mixin.py:190} INFO - [2026-06-28T11:06:14.527+0000] {dag.py:3211} INFO - Sync 2 DAGs
[2026-06-28T11:06:14.546+0000] {logging_mixin.py:190} INFO - [2026-06-28T11:06:14.545+0000] {dag.py:4138} INFO - Setting next_dagrun for example_external_task_marker_child to None, run_after=None
[2026-06-28T11:06:14.551+0000] {logging_mixin.py:190} INFO - [2026-06-28T11:06:14.550+0000] {dag.py:4138} INFO - Setting next_dagrun for example_external_task_marker_parent to None, run_after=None
[2026-06-28T11:06:14.591+0000] {processor.py:208} INFO - Processing /home/airflow/.local/lib/python3.12/site-packages/airflow/example_dags/example_external_task_marker_dag.py took 0.126 seconds
[2026-06-28T11:06:44.695+0000] {processor.py:186} INFO - Started process (PID=668) to work on /home/airflow/.local/lib/python3.12/site-packages/airflow/example_dags/example_external_task_marker_dag.py
[2026-06-28T11:06:44.696+0000] {processor.py:914} INFO - Processing file /home/airflow/.local/lib/python3.12/site-packages/airflow/example_dags/example_external_task_marker_dag.py for tasks to queue
[2026-06-28T11:06:44.698+0000] {logging_mixin.py:190} INFO - [2026-06-28T11:06:44.698+0000] {dagbag.py:587} INFO - Filling up the DagBag from /home/airflow/.local/lib/python3.12/site-packages/airflow/example_dags/example_external_task_marker_dag.py
[2026-06-28T11:06:44.708+0000] {processor.py:925} INFO - DAG(s) 'example_external_task_marker_parent', 'example_external_task_marker_child' retrieved from /home/airflow/.local/lib/python3.12/site-packages/airflow/example_dags/example_external_task_marker_dag.py
[2026-06-28T11:06:44.741+0000] {logging_mixin.py:190} INFO - [2026-06-28T11:06:44.741+0000] {dag.py:3211} INFO - Sync 2 DAGs
[2026-06-28T11:06:44.760+0000] {logging_mixin.py:190} INFO - [2026-06-28T11:06:44.759+0000] {dag.py:4138} INFO - Setting next_dagrun for example_external_task_marker_child to None, run_after=None
[2026-06-28T11:06:44.765+0000] {logging_mixin.py:190} INFO - [2026-06-28T11:06:44.764+0000] {dag.py:4138} INFO - Setting next_dagrun for example_external_task_marker_parent to None, run_after=None
[2026-06-28T11:06:44.788+0000] {processor.py:208} INFO - Processing /home/airflow/.local/lib/python3.12/site-packages/airflow/example_dags/example_external_task_marker_dag.py took 0.100 seconds
[2026-06-28T11:07:15.212+0000] {processor.py:186} INFO - Started process (PID=730) to work on /home/airflow/.local/lib/python3.12/site-packages/airflow/example_dags/example_external_task_marker_dag.py
[2026-06-28T11:07:15.213+0000] {processor.py:914} INFO - Processing file /home/airflow/.local/lib/python3.12/site-packages/airflow/example_dags/example_external_task_marker_dag.py for tasks to queue
[2026-06-28T11:07:15.215+0000] {logging_mixin.py:190} INFO - [2026-06-28T11:07:15.215+0000] {dagbag.py:587} INFO - Filling up the DagBag from /home/airflow/.local/lib/python3.12/site-packages/airflow/example_dags/example_external_task_marker_dag.py
[2026-06-28T11:07:15.223+0000] {processor.py:925} INFO - DAG(s) 'example_external_task_marker_parent', 'example_external_task_marker_child' retrieved from /home/airflow/.local/lib/python3.12/site-packages/airflow/example_dags/example_external_task_marker_dag.py
[2026-06-28T11:07:15.252+0000] {logging_mixin.py:190} INFO - [2026-06-28T11:07:15.251+0000] {dag.py:3211} INFO - Sync 2 DAGs
[2026-06-28T11:07:15.269+0000] {logging_mixin.py:190} INFO - [2026-06-28T11:07:15.268+0000] {dag.py:4138} INFO - Setting next_dagrun for example_external_task_marker_child to None, run_after=None
[2026-06-28T11:07:15.273+0000] {logging_mixin.py:190} INFO - [2026-06-28T11:07:15.273+0000] {dag.py:4138} INFO - Setting next_dagrun for example_external_task_marker_parent to None, run_after=None
[2026-06-28T11:07:15.294+0000] {processor.py:208} INFO - Processing /home/airflow/.local/lib/python3.12/site-packages/airflow/example_dags/example_external_task_marker_dag.py took 0.087 seconds
[2026-06-28T11:07:45.763+0000] {processor.py:186} INFO - Started process (PID=792) to work on /home/airflow/.local/lib/python3.12/site-packages/airflow/example_dags/example_external_task_marker_dag.py
[2026-06-28T11:07:45.764+0000] {processor.py:914} INFO - Processing file /home/airflow/.local/lib/python3.12/site-packages/airflow/example_dags/example_external_task_marker_dag.py for tasks to queue
[2026-06-28T11:07:45.767+0000] {logging_mixin.py:190} INFO - [2026-06-28T11:07:45.766+0000] {dagbag.py:587} INFO - Filling up the DagBag from /home/airflow/.local/lib/python3.12/site-packages/airflow/example_dags/example_external_task_marker_dag.py
[2026-06-28T11:07:45.776+0000] {processor.py:925} INFO - DAG(s) 'example_external_task_marker_parent', 'example_external_task_marker_child' retrieved from /home/airflow/.local/lib/python3.12/site-packages/airflow/example_dags/example_external_task_marker_dag.py
[2026-06-28T11:07:45.807+0000] {logging_mixin.py:190} INFO - [2026-06-28T11:07:45.806+0000] {dag.py:3211} INFO - Sync 2 DAGs
[2026-06-28T11:07:45.824+0000] {logging_mixin.py:190} INFO - [2026-06-28T11:07:45.823+0000] {dag.py:4138} INFO - Setting next_dagrun for example_external_task_marker_child to None, run_after=None
[2026-06-28T11:07:45.827+0000] {logging_mixin.py:190} INFO - [2026-06-28T11:07:45.827+0000] {dag.py:4138} INFO - Setting next_dagrun for example_external_task_marker_parent to None, run_after=None
[2026-06-28T11:07:45.846+0000] {processor.py:208} INFO - Processing /home/airflow/.local/lib/python3.12/site-packages/airflow/example_dags/example_external_task_marker_dag.py took 0.089 seconds
[2026-06-28T11:08:16.178+0000] {processor.py:186} INFO - Started process (PID=854) to work on /home/airflow/.local/lib/python3.12/site-packages/airflow/example_dags/example_external_task_marker_dag.py
[2026-06-28T11:08:16.179+0000] {processor.py:914} INFO - Processing file /home/airflow/.local/lib/python3.12/site-packages/airflow/example_dags/example_external_task_marker_dag.py for tasks to queue
[2026-06-28T11:08:16.181+0000] {logging_mixin.py:190} INFO - [2026-06-28T11:08:16.181+0000] {dagbag.py:587} INFO - Filling up the DagBag from /home/airflow/.local/lib/python3.12/site-packages/airflow/example_dags/example_external_task_marker_dag.py
[2026-06-28T11:08:16.190+0000] {processor.py:925} INFO - DAG(s) 'example_external_task_marker_child', 'example_external_task_marker_parent' retrieved from /home/airflow/.local/lib/python3.12/site-packages/airflow/example_dags/example_external_task_marker_dag.py
[2026-06-28T11:08:16.217+0000] {logging_mixin.py:190} INFO - [2026-06-28T11:08:16.216+0000] {dag.py:3211} INFO - Sync 2 DAGs
[2026-06-28T11:08:16.232+0000] {logging_mixin.py:190} INFO - [2026-06-28T11:08:16.231+0000] {dag.py:4138} INFO - Setting next_dagrun for example_external_task_marker_child to None, run_after=None
[2026-06-28T11:08:16.235+0000] {logging_mixin.py:190} INFO - [2026-06-28T11:08:16.235+0000] {dag.py:4138} INFO - Setting next_dagrun for example_external_task_marker_parent to None, run_after=None
[2026-06-28T11:08:16.254+0000] {processor.py:208} INFO - Processing /home/airflow/.local/lib/python3.12/site-packages/airflow/example_dags/example_external_task_marker_dag.py took 0.082 seconds
