[2026-06-28T11:01:39.340+0000] {processor.py:186} INFO - Started process (PID=46) to work on /home/airflow/.local/lib/python3.12/site-packages/airflow/example_dags/example_kubernetes_executor.py
[2026-06-28T11:01:39.341+0000] {processor.py:914} INFO - Processing file /home/airflow/.local/lib/python3.12/site-packages/airflow/example_dags/example_kubernetes_executor.py for tasks to queue
[2026-06-28T11:01:39.344+0000] {logging_mixin.py:190} INFO - [2026-06-28T11:01:39.343+0000] {dagbag.py:587} INFO - Filling up the DagBag from /home/airflow/.local/lib/python3.12/site-packages/airflow/example_dags/example_kubernetes_executor.py
[2026-06-28T11:01:39.361+0000] {processor.py:925} INFO - DAG(s) 'example_kubernetes_executor' retrieved from /home/airflow/.local/lib/python3.12/site-packages/airflow/example_dags/example_kubernetes_executor.py
[2026-06-28T11:01:39.476+0000] {logging_mixin.py:190} INFO - [2026-06-28T11:01:39.475+0000] {override.py:1858} INFO - Created Permission View: can edit on DAG:example_kubernetes_executor
[2026-06-28T11:01:39.483+0000] {logging_mixin.py:190} INFO - [2026-06-28T11:01:39.483+0000] {override.py:1858} INFO - Created Permission View: can delete on DAG:example_kubernetes_executor
[2026-06-28T11:01:39.488+0000] {logging_mixin.py:190} INFO - [2026-06-28T11:01:39.487+0000] {override.py:1858} INFO - Created Permission View: can read on DAG:example_kubernetes_executor
[2026-06-28T11:01:39.488+0000] {logging_mixin.py:190} INFO - [2026-06-28T11:01:39.488+0000] {dag.py:3211} INFO - Sync 1 DAGs
[2026-06-28T11:01:39.498+0000] {logging_mixin.py:190} INFO - [2026-06-28T11:01:39.498+0000] {dag.py:3234} INFO - Creating ORM DAG for example_kubernetes_executor
[2026-06-28T11:01:39.499+0000] {logging_mixin.py:190} INFO - [2026-06-28T11:01:39.499+0000] {dag.py:4138} INFO - Setting next_dagrun for example_kubernetes_executor to None, run_after=None
[2026-06-28T11:01:39.515+0000] {processor.py:208} INFO - Processing /home/airflow/.local/lib/python3.12/site-packages/airflow/example_dags/example_kubernetes_executor.py took 0.181 seconds
[2026-06-28T11:02:10.459+0000] {processor.py:186} INFO - Started process (PID=108) to work on /home/airflow/.local/lib/python3.12/site-packages/airflow/example_dags/example_kubernetes_executor.py
[2026-06-28T11:02:10.460+0000] {processor.py:914} INFO - Processing file /home/airflow/.local/lib/python3.12/site-packages/airflow/example_dags/example_kubernetes_executor.py for tasks to queue
[2026-06-28T11:02:10.462+0000] {logging_mixin.py:190} INFO - [2026-06-28T11:02:10.462+0000] {dagbag.py:587} INFO - Filling up the DagBag from /home/airflow/.local/lib/python3.12/site-packages/airflow/example_dags/example_kubernetes_executor.py
[2026-06-28T11:02:10.474+0000] {processor.py:925} INFO - DAG(s) 'example_kubernetes_executor' retrieved from /home/airflow/.local/lib/python3.12/site-packages/airflow/example_dags/example_kubernetes_executor.py
[2026-06-28T11:02:10.509+0000] {logging_mixin.py:190} INFO - [2026-06-28T11:02:10.509+0000] {dag.py:3211} INFO - Sync 1 DAGs
[2026-06-28T11:02:10.522+0000] {logging_mixin.py:190} INFO - [2026-06-28T11:02:10.522+0000] {dag.py:4138} INFO - Setting next_dagrun for example_kubernetes_executor to None, run_after=None
[2026-06-28T11:02:10.544+0000] {processor.py:208} INFO - Processing /home/airflow/.local/lib/python3.12/site-packages/airflow/example_dags/example_kubernetes_executor.py took 0.090 seconds
[2026-06-28T11:02:41.045+0000] {processor.py:186} INFO - Started process (PID=170) to work on /home/airflow/.local/lib/python3.12/site-packages/airflow/example_dags/example_kubernetes_executor.py
[2026-06-28T11:02:41.045+0000] {processor.py:914} INFO - Processing file /home/airflow/.local/lib/python3.12/site-packages/airflow/example_dags/example_kubernetes_executor.py for tasks to queue
[2026-06-28T11:02:41.047+0000] {logging_mixin.py:190} INFO - [2026-06-28T11:02:41.047+0000] {dagbag.py:587} INFO - Filling up the DagBag from /home/airflow/.local/lib/python3.12/site-packages/airflow/example_dags/example_kubernetes_executor.py
[2026-06-28T11:02:41.065+0000] {processor.py:925} INFO - DAG(s) 'example_kubernetes_executor' retrieved from /home/airflow/.local/lib/python3.12/site-packages/airflow/example_dags/example_kubernetes_executor.py
[2026-06-28T11:02:41.103+0000] {logging_mixin.py:190} INFO - [2026-06-28T11:02:41.103+0000] {dag.py:3211} INFO - Sync 1 DAGs
[2026-06-28T11:02:41.116+0000] {logging_mixin.py:190} INFO - [2026-06-28T11:02:41.116+0000] {dag.py:4138} INFO - Setting next_dagrun for example_kubernetes_executor to None, run_after=None
[2026-06-28T11:02:41.133+0000] {processor.py:208} INFO - Processing /home/airflow/.local/lib/python3.12/site-packages/airflow/example_dags/example_kubernetes_executor.py took 0.094 seconds
[2026-06-28T11:03:11.742+0000] {processor.py:186} INFO - Started process (PID=232) to work on /home/airflow/.local/lib/python3.12/site-packages/airflow/example_dags/example_kubernetes_executor.py
[2026-06-28T11:03:11.743+0000] {processor.py:914} INFO - Processing file /home/airflow/.local/lib/python3.12/site-packages/airflow/example_dags/example_kubernetes_executor.py for tasks to queue
[2026-06-28T11:03:11.745+0000] {logging_mixin.py:190} INFO - [2026-06-28T11:03:11.745+0000] {dagbag.py:587} INFO - Filling up the DagBag from /home/airflow/.local/lib/python3.12/site-packages/airflow/example_dags/example_kubernetes_executor.py
[2026-06-28T11:03:11.789+0000] {processor.py:925} INFO - DAG(s) 'example_kubernetes_executor' retrieved from /home/airflow/.local/lib/python3.12/site-packages/airflow/example_dags/example_kubernetes_executor.py
[2026-06-28T11:03:11.840+0000] {logging_mixin.py:190} INFO - [2026-06-28T11:03:11.840+0000] {dag.py:3211} INFO - Sync 1 DAGs
[2026-06-28T11:03:11.855+0000] {logging_mixin.py:190} INFO - [2026-06-28T11:03:11.854+0000] {dag.py:4138} INFO - Setting next_dagrun for example_kubernetes_executor to None, run_after=None
[2026-06-28T11:03:11.876+0000] {processor.py:208} INFO - Processing /home/airflow/.local/lib/python3.12/site-packages/airflow/example_dags/example_kubernetes_executor.py took 0.139 seconds
[2026-06-28T11:03:42.636+0000] {processor.py:186} INFO - Started process (PID=294) to work on /home/airflow/.local/lib/python3.12/site-packages/airflow/example_dags/example_kubernetes_executor.py
[2026-06-28T11:03:42.637+0000] {processor.py:914} INFO - Processing file /home/airflow/.local/lib/python3.12/site-packages/airflow/example_dags/example_kubernetes_executor.py for tasks to queue
[2026-06-28T11:03:42.639+0000] {logging_mixin.py:190} INFO - [2026-06-28T11:03:42.639+0000] {dagbag.py:587} INFO - Filling up the DagBag from /home/airflow/.local/lib/python3.12/site-packages/airflow/example_dags/example_kubernetes_executor.py
[2026-06-28T11:03:42.655+0000] {processor.py:925} INFO - DAG(s) 'example_kubernetes_executor' retrieved from /home/airflow/.local/lib/python3.12/site-packages/airflow/example_dags/example_kubernetes_executor.py
[2026-06-28T11:03:42.699+0000] {logging_mixin.py:190} INFO - [2026-06-28T11:03:42.699+0000] {dag.py:3211} INFO - Sync 1 DAGs
[2026-06-28T11:03:42.716+0000] {logging_mixin.py:190} INFO - [2026-06-28T11:03:42.716+0000] {dag.py:4138} INFO - Setting next_dagrun for example_kubernetes_executor to None, run_after=None
[2026-06-28T11:03:42.736+0000] {processor.py:208} INFO - Processing /home/airflow/.local/lib/python3.12/site-packages/airflow/example_dags/example_kubernetes_executor.py took 0.106 seconds
[2026-06-28T11:04:13.253+0000] {processor.py:186} INFO - Started process (PID=362) to work on /home/airflow/.local/lib/python3.12/site-packages/airflow/example_dags/example_kubernetes_executor.py
[2026-06-28T11:04:13.254+0000] {processor.py:914} INFO - Processing file /home/airflow/.local/lib/python3.12/site-packages/airflow/example_dags/example_kubernetes_executor.py for tasks to queue
[2026-06-28T11:04:13.257+0000] {logging_mixin.py:190} INFO - [2026-06-28T11:04:13.256+0000] {dagbag.py:587} INFO - Filling up the DagBag from /home/airflow/.local/lib/python3.12/site-packages/airflow/example_dags/example_kubernetes_executor.py
[2026-06-28T11:04:13.276+0000] {processor.py:925} INFO - DAG(s) 'example_kubernetes_executor' retrieved from /home/airflow/.local/lib/python3.12/site-packages/airflow/example_dags/example_kubernetes_executor.py
[2026-06-28T11:04:13.325+0000] {logging_mixin.py:190} INFO - [2026-06-28T11:04:13.325+0000] {dag.py:3211} INFO - Sync 1 DAGs
[2026-06-28T11:04:13.342+0000] {logging_mixin.py:190} INFO - [2026-06-28T11:04:13.342+0000] {dag.py:4138} INFO - Setting next_dagrun for example_kubernetes_executor to None, run_after=None
[2026-06-28T11:04:13.372+0000] {processor.py:208} INFO - Processing /home/airflow/.local/lib/python3.12/site-packages/airflow/example_dags/example_kubernetes_executor.py took 0.126 seconds
[2026-06-28T11:04:43.748+0000] {processor.py:186} INFO - Started process (PID=424) to work on /home/airflow/.local/lib/python3.12/site-packages/airflow/example_dags/example_kubernetes_executor.py
[2026-06-28T11:04:43.749+0000] {processor.py:914} INFO - Processing file /home/airflow/.local/lib/python3.12/site-packages/airflow/example_dags/example_kubernetes_executor.py for tasks to queue
[2026-06-28T11:04:43.752+0000] {logging_mixin.py:190} INFO - [2026-06-28T11:04:43.751+0000] {dagbag.py:587} INFO - Filling up the DagBag from /home/airflow/.local/lib/python3.12/site-packages/airflow/example_dags/example_kubernetes_executor.py
[2026-06-28T11:04:43.766+0000] {processor.py:925} INFO - DAG(s) 'example_kubernetes_executor' retrieved from /home/airflow/.local/lib/python3.12/site-packages/airflow/example_dags/example_kubernetes_executor.py
[2026-06-28T11:04:43.806+0000] {logging_mixin.py:190} INFO - [2026-06-28T11:04:43.806+0000] {dag.py:3211} INFO - Sync 1 DAGs
[2026-06-28T11:04:43.824+0000] {logging_mixin.py:190} INFO - [2026-06-28T11:04:43.824+0000] {dag.py:4138} INFO - Setting next_dagrun for example_kubernetes_executor to None, run_after=None
[2026-06-28T11:04:43.846+0000] {processor.py:208} INFO - Processing /home/airflow/.local/lib/python3.12/site-packages/airflow/example_dags/example_kubernetes_executor.py took 0.104 seconds
[2026-06-28T11:05:14.705+0000] {processor.py:186} INFO - Started process (PID=486) to work on /home/airflow/.local/lib/python3.12/site-packages/airflow/example_dags/example_kubernetes_executor.py
[2026-06-28T11:05:14.706+0000] {processor.py:914} INFO - Processing file /home/airflow/.local/lib/python3.12/site-packages/airflow/example_dags/example_kubernetes_executor.py for tasks to queue
[2026-06-28T11:05:14.708+0000] {logging_mixin.py:190} INFO - [2026-06-28T11:05:14.708+0000] {dagbag.py:587} INFO - Filling up the DagBag from /home/airflow/.local/lib/python3.12/site-packages/airflow/example_dags/example_kubernetes_executor.py
[2026-06-28T11:05:14.723+0000] {processor.py:925} INFO - DAG(s) 'example_kubernetes_executor' retrieved from /home/airflow/.local/lib/python3.12/site-packages/airflow/example_dags/example_kubernetes_executor.py
[2026-06-28T11:05:14.767+0000] {logging_mixin.py:190} INFO - [2026-06-28T11:05:14.766+0000] {dag.py:3211} INFO - Sync 1 DAGs
[2026-06-28T11:05:14.783+0000] {logging_mixin.py:190} INFO - [2026-06-28T11:05:14.783+0000] {dag.py:4138} INFO - Setting next_dagrun for example_kubernetes_executor to None, run_after=None
[2026-06-28T11:05:14.805+0000] {processor.py:208} INFO - Processing /home/airflow/.local/lib/python3.12/site-packages/airflow/example_dags/example_kubernetes_executor.py took 0.105 seconds
[2026-06-28T11:05:45.197+0000] {processor.py:186} INFO - Started process (PID=547) to work on /home/airflow/.local/lib/python3.12/site-packages/airflow/example_dags/example_kubernetes_executor.py
[2026-06-28T11:05:45.198+0000] {processor.py:914} INFO - Processing file /home/airflow/.local/lib/python3.12/site-packages/airflow/example_dags/example_kubernetes_executor.py for tasks to queue
[2026-06-28T11:05:45.201+0000] {logging_mixin.py:190} INFO - [2026-06-28T11:05:45.200+0000] {dagbag.py:587} INFO - Filling up the DagBag from /home/airflow/.local/lib/python3.12/site-packages/airflow/example_dags/example_kubernetes_executor.py
[2026-06-28T11:05:45.218+0000] {processor.py:925} INFO - DAG(s) 'example_kubernetes_executor' retrieved from /home/airflow/.local/lib/python3.12/site-packages/airflow/example_dags/example_kubernetes_executor.py
[2026-06-28T11:05:45.280+0000] {logging_mixin.py:190} INFO - [2026-06-28T11:05:45.280+0000] {dag.py:3211} INFO - Sync 1 DAGs
[2026-06-28T11:05:45.299+0000] {logging_mixin.py:190} INFO - [2026-06-28T11:05:45.298+0000] {dag.py:4138} INFO - Setting next_dagrun for example_kubernetes_executor to None, run_after=None
[2026-06-28T11:05:45.323+0000] {processor.py:208} INFO - Processing /home/airflow/.local/lib/python3.12/site-packages/airflow/example_dags/example_kubernetes_executor.py took 0.132 seconds
[2026-06-28T11:06:15.670+0000] {processor.py:186} INFO - Started process (PID=609) to work on /home/airflow/.local/lib/python3.12/site-packages/airflow/example_dags/example_kubernetes_executor.py
[2026-06-28T11:06:15.672+0000] {processor.py:914} INFO - Processing file /home/airflow/.local/lib/python3.12/site-packages/airflow/example_dags/example_kubernetes_executor.py for tasks to queue
[2026-06-28T11:06:15.675+0000] {logging_mixin.py:190} INFO - [2026-06-28T11:06:15.674+0000] {dagbag.py:587} INFO - Filling up the DagBag from /home/airflow/.local/lib/python3.12/site-packages/airflow/example_dags/example_kubernetes_executor.py
[2026-06-28T11:06:15.694+0000] {processor.py:925} INFO - DAG(s) 'example_kubernetes_executor' retrieved from /home/airflow/.local/lib/python3.12/site-packages/airflow/example_dags/example_kubernetes_executor.py
[2026-06-28T11:06:15.750+0000] {logging_mixin.py:190} INFO - [2026-06-28T11:06:15.750+0000] {dag.py:3211} INFO - Sync 1 DAGs
[2026-06-28T11:06:15.767+0000] {logging_mixin.py:190} INFO - [2026-06-28T11:06:15.767+0000] {dag.py:4138} INFO - Setting next_dagrun for example_kubernetes_executor to None, run_after=None
[2026-06-28T11:06:15.796+0000] {processor.py:208} INFO - Processing /home/airflow/.local/lib/python3.12/site-packages/airflow/example_dags/example_kubernetes_executor.py took 0.134 seconds
[2026-06-28T11:06:45.842+0000] {processor.py:186} INFO - Started process (PID=670) to work on /home/airflow/.local/lib/python3.12/site-packages/airflow/example_dags/example_kubernetes_executor.py
[2026-06-28T11:06:45.843+0000] {processor.py:914} INFO - Processing file /home/airflow/.local/lib/python3.12/site-packages/airflow/example_dags/example_kubernetes_executor.py for tasks to queue
[2026-06-28T11:06:45.845+0000] {logging_mixin.py:190} INFO - [2026-06-28T11:06:45.845+0000] {dagbag.py:587} INFO - Filling up the DagBag from /home/airflow/.local/lib/python3.12/site-packages/airflow/example_dags/example_kubernetes_executor.py
[2026-06-28T11:06:45.862+0000] {processor.py:925} INFO - DAG(s) 'example_kubernetes_executor' retrieved from /home/airflow/.local/lib/python3.12/site-packages/airflow/example_dags/example_kubernetes_executor.py
[2026-06-28T11:06:45.908+0000] {logging_mixin.py:190} INFO - [2026-06-28T11:06:45.908+0000] {dag.py:3211} INFO - Sync 1 DAGs
[2026-06-28T11:06:45.925+0000] {logging_mixin.py:190} INFO - [2026-06-28T11:06:45.925+0000] {dag.py:4138} INFO - Setting next_dagrun for example_kubernetes_executor to None, run_after=None
[2026-06-28T11:06:45.949+0000] {processor.py:208} INFO - Processing /home/airflow/.local/lib/python3.12/site-packages/airflow/example_dags/example_kubernetes_executor.py took 0.114 seconds
[2026-06-28T11:07:16.335+0000] {processor.py:186} INFO - Started process (PID=732) to work on /home/airflow/.local/lib/python3.12/site-packages/airflow/example_dags/example_kubernetes_executor.py
[2026-06-28T11:07:16.336+0000] {processor.py:914} INFO - Processing file /home/airflow/.local/lib/python3.12/site-packages/airflow/example_dags/example_kubernetes_executor.py for tasks to queue
[2026-06-28T11:07:16.338+0000] {logging_mixin.py:190} INFO - [2026-06-28T11:07:16.338+0000] {dagbag.py:587} INFO - Filling up the DagBag from /home/airflow/.local/lib/python3.12/site-packages/airflow/example_dags/example_kubernetes_executor.py
[2026-06-28T11:07:16.354+0000] {processor.py:925} INFO - DAG(s) 'example_kubernetes_executor' retrieved from /home/airflow/.local/lib/python3.12/site-packages/airflow/example_dags/example_kubernetes_executor.py
[2026-06-28T11:07:16.402+0000] {logging_mixin.py:190} INFO - [2026-06-28T11:07:16.402+0000] {dag.py:3211} INFO - Sync 1 DAGs
[2026-06-28T11:07:16.419+0000] {logging_mixin.py:190} INFO - [2026-06-28T11:07:16.419+0000] {dag.py:4138} INFO - Setting next_dagrun for example_kubernetes_executor to None, run_after=None
[2026-06-28T11:07:16.443+0000] {processor.py:208} INFO - Processing /home/airflow/.local/lib/python3.12/site-packages/airflow/example_dags/example_kubernetes_executor.py took 0.114 seconds
[2026-06-28T11:07:46.898+0000] {processor.py:186} INFO - Started process (PID=795) to work on /home/airflow/.local/lib/python3.12/site-packages/airflow/example_dags/example_kubernetes_executor.py
[2026-06-28T11:07:46.899+0000] {processor.py:914} INFO - Processing file /home/airflow/.local/lib/python3.12/site-packages/airflow/example_dags/example_kubernetes_executor.py for tasks to queue
[2026-06-28T11:07:46.902+0000] {logging_mixin.py:190} INFO - [2026-06-28T11:07:46.902+0000] {dagbag.py:587} INFO - Filling up the DagBag from /home/airflow/.local/lib/python3.12/site-packages/airflow/example_dags/example_kubernetes_executor.py
[2026-06-28T11:07:46.920+0000] {processor.py:925} INFO - DAG(s) 'example_kubernetes_executor' retrieved from /home/airflow/.local/lib/python3.12/site-packages/airflow/example_dags/example_kubernetes_executor.py
[2026-06-28T11:07:46.968+0000] {logging_mixin.py:190} INFO - [2026-06-28T11:07:46.967+0000] {dag.py:3211} INFO - Sync 1 DAGs
[2026-06-28T11:07:46.986+0000] {logging_mixin.py:190} INFO - [2026-06-28T11:07:46.985+0000] {dag.py:4138} INFO - Setting next_dagrun for example_kubernetes_executor to None, run_after=None
[2026-06-28T11:07:47.011+0000] {processor.py:208} INFO - Processing /home/airflow/.local/lib/python3.12/site-packages/airflow/example_dags/example_kubernetes_executor.py took 0.120 seconds
[2026-06-28T11:08:17.306+0000] {processor.py:186} INFO - Started process (PID=857) to work on /home/airflow/.local/lib/python3.12/site-packages/airflow/example_dags/example_kubernetes_executor.py
[2026-06-28T11:08:17.307+0000] {processor.py:914} INFO - Processing file /home/airflow/.local/lib/python3.12/site-packages/airflow/example_dags/example_kubernetes_executor.py for tasks to queue
[2026-06-28T11:08:17.310+0000] {logging_mixin.py:190} INFO - [2026-06-28T11:08:17.309+0000] {dagbag.py:587} INFO - Filling up the DagBag from /home/airflow/.local/lib/python3.12/site-packages/airflow/example_dags/example_kubernetes_executor.py
[2026-06-28T11:08:17.328+0000] {processor.py:925} INFO - DAG(s) 'example_kubernetes_executor' retrieved from /home/airflow/.local/lib/python3.12/site-packages/airflow/example_dags/example_kubernetes_executor.py
[2026-06-28T11:08:17.384+0000] {logging_mixin.py:190} INFO - [2026-06-28T11:08:17.383+0000] {dag.py:3211} INFO - Sync 1 DAGs
[2026-06-28T11:08:17.399+0000] {logging_mixin.py:190} INFO - [2026-06-28T11:08:17.399+0000] {dag.py:4138} INFO - Setting next_dagrun for example_kubernetes_executor to None, run_after=None
[2026-06-28T11:08:17.421+0000] {processor.py:208} INFO - Processing /home/airflow/.local/lib/python3.12/site-packages/airflow/example_dags/example_kubernetes_executor.py took 0.121 seconds
