[2026-06-28T11:01:42.076+0000] {processor.py:186} INFO - Started process (PID=73) to work on /home/airflow/.local/lib/python3.12/site-packages/airflow/example_dags/example_task_group_decorator.py
[2026-06-28T11:01:42.077+0000] {processor.py:914} INFO - Processing file /home/airflow/.local/lib/python3.12/site-packages/airflow/example_dags/example_task_group_decorator.py for tasks to queue
[2026-06-28T11:01:42.080+0000] {logging_mixin.py:190} INFO - [2026-06-28T11:01:42.080+0000] {dagbag.py:587} INFO - Filling up the DagBag from /home/airflow/.local/lib/python3.12/site-packages/airflow/example_dags/example_task_group_decorator.py
[2026-06-28T11:01:42.108+0000] {processor.py:925} INFO - DAG(s) 'example_task_group_decorator' retrieved from /home/airflow/.local/lib/python3.12/site-packages/airflow/example_dags/example_task_group_decorator.py
[2026-06-28T11:01:42.263+0000] {logging_mixin.py:190} INFO - [2026-06-28T11:01:42.262+0000] {override.py:1858} INFO - Created Permission View: can edit on DAG:example_task_group_decorator
[2026-06-28T11:01:42.275+0000] {logging_mixin.py:190} INFO - [2026-06-28T11:01:42.275+0000] {override.py:1858} INFO - Created Permission View: can delete on DAG:example_task_group_decorator
[2026-06-28T11:01:42.281+0000] {logging_mixin.py:190} INFO - [2026-06-28T11:01:42.281+0000] {override.py:1858} INFO - Created Permission View: can read on DAG:example_task_group_decorator
[2026-06-28T11:01:42.282+0000] {logging_mixin.py:190} INFO - [2026-06-28T11:01:42.282+0000] {dag.py:3211} INFO - Sync 1 DAGs
[2026-06-28T11:01:42.297+0000] {logging_mixin.py:190} INFO - [2026-06-28T11:01:42.297+0000] {dag.py:3234} INFO - Creating ORM DAG for example_task_group_decorator
[2026-06-28T11:01:42.316+0000] {logging_mixin.py:190} INFO - [2026-06-28T11:01:42.315+0000] {dag.py:4138} INFO - Setting next_dagrun for example_task_group_decorator to 2026-06-27 00:00:00+00:00, run_after=2026-06-28 00:00:00+00:00
[2026-06-28T11:01:42.379+0000] {processor.py:208} INFO - Processing /home/airflow/.local/lib/python3.12/site-packages/airflow/example_dags/example_task_group_decorator.py took 0.308 seconds
[2026-06-28T11:02:13.924+0000] {processor.py:186} INFO - Started process (PID=135) to work on /home/airflow/.local/lib/python3.12/site-packages/airflow/example_dags/example_task_group_decorator.py
[2026-06-28T11:02:13.925+0000] {processor.py:914} INFO - Processing file /home/airflow/.local/lib/python3.12/site-packages/airflow/example_dags/example_task_group_decorator.py for tasks to queue
[2026-06-28T11:02:13.927+0000] {logging_mixin.py:190} INFO - [2026-06-28T11:02:13.927+0000] {dagbag.py:587} INFO - Filling up the DagBag from /home/airflow/.local/lib/python3.12/site-packages/airflow/example_dags/example_task_group_decorator.py
[2026-06-28T11:02:13.940+0000] {processor.py:925} INFO - DAG(s) 'example_task_group_decorator' retrieved from /home/airflow/.local/lib/python3.12/site-packages/airflow/example_dags/example_task_group_decorator.py
[2026-06-28T11:02:13.964+0000] {logging_mixin.py:190} INFO - [2026-06-28T11:02:13.963+0000] {dag.py:3211} INFO - Sync 1 DAGs
[2026-06-28T11:02:13.984+0000] {logging_mixin.py:190} INFO - [2026-06-28T11:02:13.984+0000] {dag.py:4138} INFO - Setting next_dagrun for example_task_group_decorator to 2026-06-27 00:00:00+00:00, run_after=2026-06-28 00:00:00+00:00
[2026-06-28T11:02:14.000+0000] {processor.py:208} INFO - Processing /home/airflow/.local/lib/python3.12/site-packages/airflow/example_dags/example_task_group_decorator.py took 0.081 seconds
[2026-06-28T11:02:44.749+0000] {processor.py:186} INFO - Started process (PID=197) to work on /home/airflow/.local/lib/python3.12/site-packages/airflow/example_dags/example_task_group_decorator.py
[2026-06-28T11:02:44.750+0000] {processor.py:914} INFO - Processing file /home/airflow/.local/lib/python3.12/site-packages/airflow/example_dags/example_task_group_decorator.py for tasks to queue
[2026-06-28T11:02:44.753+0000] {logging_mixin.py:190} INFO - [2026-06-28T11:02:44.752+0000] {dagbag.py:587} INFO - Filling up the DagBag from /home/airflow/.local/lib/python3.12/site-packages/airflow/example_dags/example_task_group_decorator.py
[2026-06-28T11:02:44.766+0000] {processor.py:925} INFO - DAG(s) 'example_task_group_decorator' retrieved from /home/airflow/.local/lib/python3.12/site-packages/airflow/example_dags/example_task_group_decorator.py
[2026-06-28T11:02:44.788+0000] {logging_mixin.py:190} INFO - [2026-06-28T11:02:44.787+0000] {dag.py:3211} INFO - Sync 1 DAGs
[2026-06-28T11:02:44.809+0000] {logging_mixin.py:190} INFO - [2026-06-28T11:02:44.808+0000] {dag.py:4138} INFO - Setting next_dagrun for example_task_group_decorator to 2026-06-27 00:00:00+00:00, run_after=2026-06-28 00:00:00+00:00
[2026-06-28T11:02:44.831+0000] {processor.py:208} INFO - Processing /home/airflow/.local/lib/python3.12/site-packages/airflow/example_dags/example_task_group_decorator.py took 0.087 seconds
[2026-06-28T11:03:14.886+0000] {processor.py:186} INFO - Started process (PID=259) to work on /home/airflow/.local/lib/python3.12/site-packages/airflow/example_dags/example_task_group_decorator.py
[2026-06-28T11:03:14.887+0000] {processor.py:914} INFO - Processing file /home/airflow/.local/lib/python3.12/site-packages/airflow/example_dags/example_task_group_decorator.py for tasks to queue
[2026-06-28T11:03:14.889+0000] {logging_mixin.py:190} INFO - [2026-06-28T11:03:14.888+0000] {dagbag.py:587} INFO - Filling up the DagBag from /home/airflow/.local/lib/python3.12/site-packages/airflow/example_dags/example_task_group_decorator.py
[2026-06-28T11:03:14.908+0000] {processor.py:925} INFO - DAG(s) 'example_task_group_decorator' retrieved from /home/airflow/.local/lib/python3.12/site-packages/airflow/example_dags/example_task_group_decorator.py
[2026-06-28T11:03:14.938+0000] {logging_mixin.py:190} INFO - [2026-06-28T11:03:14.938+0000] {dag.py:3211} INFO - Sync 1 DAGs
[2026-06-28T11:03:14.962+0000] {logging_mixin.py:190} INFO - [2026-06-28T11:03:14.962+0000] {dag.py:4138} INFO - Setting next_dagrun for example_task_group_decorator to 2026-06-27 00:00:00+00:00, run_after=2026-06-28 00:00:00+00:00
[2026-06-28T11:03:14.982+0000] {processor.py:208} INFO - Processing /home/airflow/.local/lib/python3.12/site-packages/airflow/example_dags/example_task_group_decorator.py took 0.102 seconds
[2026-06-28T11:03:45.377+0000] {processor.py:186} INFO - Started process (PID=321) to work on /home/airflow/.local/lib/python3.12/site-packages/airflow/example_dags/example_task_group_decorator.py
[2026-06-28T11:03:45.378+0000] {processor.py:914} INFO - Processing file /home/airflow/.local/lib/python3.12/site-packages/airflow/example_dags/example_task_group_decorator.py for tasks to queue
[2026-06-28T11:03:45.380+0000] {logging_mixin.py:190} INFO - [2026-06-28T11:03:45.380+0000] {dagbag.py:587} INFO - Filling up the DagBag from /home/airflow/.local/lib/python3.12/site-packages/airflow/example_dags/example_task_group_decorator.py
[2026-06-28T11:03:45.400+0000] {processor.py:925} INFO - DAG(s) 'example_task_group_decorator' retrieved from /home/airflow/.local/lib/python3.12/site-packages/airflow/example_dags/example_task_group_decorator.py
[2026-06-28T11:03:45.430+0000] {logging_mixin.py:190} INFO - [2026-06-28T11:03:45.430+0000] {dag.py:3211} INFO - Sync 1 DAGs
[2026-06-28T11:03:45.454+0000] {logging_mixin.py:190} INFO - [2026-06-28T11:03:45.453+0000] {dag.py:4138} INFO - Setting next_dagrun for example_task_group_decorator to 2026-06-27 00:00:00+00:00, run_after=2026-06-28 00:00:00+00:00
[2026-06-28T11:03:45.474+0000] {processor.py:208} INFO - Processing /home/airflow/.local/lib/python3.12/site-packages/airflow/example_dags/example_task_group_decorator.py took 0.103 seconds
[2026-06-28T11:04:16.188+0000] {processor.py:186} INFO - Started process (PID=383) to work on /home/airflow/.local/lib/python3.12/site-packages/airflow/example_dags/example_task_group_decorator.py
[2026-06-28T11:04:16.189+0000] {processor.py:914} INFO - Processing file /home/airflow/.local/lib/python3.12/site-packages/airflow/example_dags/example_task_group_decorator.py for tasks to queue
[2026-06-28T11:04:16.193+0000] {logging_mixin.py:190} INFO - [2026-06-28T11:04:16.193+0000] {dagbag.py:587} INFO - Filling up the DagBag from /home/airflow/.local/lib/python3.12/site-packages/airflow/example_dags/example_task_group_decorator.py
[2026-06-28T11:04:16.211+0000] {processor.py:925} INFO - DAG(s) 'example_task_group_decorator' retrieved from /home/airflow/.local/lib/python3.12/site-packages/airflow/example_dags/example_task_group_decorator.py
[2026-06-28T11:04:16.247+0000] {logging_mixin.py:190} INFO - [2026-06-28T11:04:16.246+0000] {dag.py:3211} INFO - Sync 1 DAGs
[2026-06-28T11:04:16.274+0000] {logging_mixin.py:190} INFO - [2026-06-28T11:04:16.274+0000] {dag.py:4138} INFO - Setting next_dagrun for example_task_group_decorator to 2026-06-27 00:00:00+00:00, run_after=2026-06-28 00:00:00+00:00
[2026-06-28T11:04:16.297+0000] {processor.py:208} INFO - Processing /home/airflow/.local/lib/python3.12/site-packages/airflow/example_dags/example_task_group_decorator.py took 0.116 seconds
[2026-06-28T11:04:46.538+0000] {processor.py:186} INFO - Started process (PID=445) to work on /home/airflow/.local/lib/python3.12/site-packages/airflow/example_dags/example_task_group_decorator.py
[2026-06-28T11:04:46.539+0000] {processor.py:914} INFO - Processing file /home/airflow/.local/lib/python3.12/site-packages/airflow/example_dags/example_task_group_decorator.py for tasks to queue
[2026-06-28T11:04:46.542+0000] {logging_mixin.py:190} INFO - [2026-06-28T11:04:46.542+0000] {dagbag.py:587} INFO - Filling up the DagBag from /home/airflow/.local/lib/python3.12/site-packages/airflow/example_dags/example_task_group_decorator.py
[2026-06-28T11:04:46.559+0000] {processor.py:925} INFO - DAG(s) 'example_task_group_decorator' retrieved from /home/airflow/.local/lib/python3.12/site-packages/airflow/example_dags/example_task_group_decorator.py
[2026-06-28T11:04:46.593+0000] {logging_mixin.py:190} INFO - [2026-06-28T11:04:46.593+0000] {dag.py:3211} INFO - Sync 1 DAGs
[2026-06-28T11:04:46.619+0000] {logging_mixin.py:190} INFO - [2026-06-28T11:04:46.619+0000] {dag.py:4138} INFO - Setting next_dagrun for example_task_group_decorator to 2026-06-27 00:00:00+00:00, run_after=2026-06-28 00:00:00+00:00
[2026-06-28T11:04:46.642+0000] {processor.py:208} INFO - Processing /home/airflow/.local/lib/python3.12/site-packages/airflow/example_dags/example_task_group_decorator.py took 0.110 seconds
[2026-06-28T11:05:17.329+0000] {processor.py:186} INFO - Started process (PID=507) to work on /home/airflow/.local/lib/python3.12/site-packages/airflow/example_dags/example_task_group_decorator.py
[2026-06-28T11:05:17.330+0000] {processor.py:914} INFO - Processing file /home/airflow/.local/lib/python3.12/site-packages/airflow/example_dags/example_task_group_decorator.py for tasks to queue
[2026-06-28T11:05:17.332+0000] {logging_mixin.py:190} INFO - [2026-06-28T11:05:17.332+0000] {dagbag.py:587} INFO - Filling up the DagBag from /home/airflow/.local/lib/python3.12/site-packages/airflow/example_dags/example_task_group_decorator.py
[2026-06-28T11:05:17.346+0000] {processor.py:925} INFO - DAG(s) 'example_task_group_decorator' retrieved from /home/airflow/.local/lib/python3.12/site-packages/airflow/example_dags/example_task_group_decorator.py
[2026-06-28T11:05:17.375+0000] {logging_mixin.py:190} INFO - [2026-06-28T11:05:17.375+0000] {dag.py:3211} INFO - Sync 1 DAGs
[2026-06-28T11:05:17.402+0000] {logging_mixin.py:190} INFO - [2026-06-28T11:05:17.401+0000] {dag.py:4138} INFO - Setting next_dagrun for example_task_group_decorator to 2026-06-27 00:00:00+00:00, run_after=2026-06-28 00:00:00+00:00
[2026-06-28T11:05:17.421+0000] {processor.py:208} INFO - Processing /home/airflow/.local/lib/python3.12/site-packages/airflow/example_dags/example_task_group_decorator.py took 0.097 seconds
[2026-06-28T11:05:47.984+0000] {processor.py:186} INFO - Started process (PID=568) to work on /home/airflow/.local/lib/python3.12/site-packages/airflow/example_dags/example_task_group_decorator.py
[2026-06-28T11:05:47.985+0000] {processor.py:914} INFO - Processing file /home/airflow/.local/lib/python3.12/site-packages/airflow/example_dags/example_task_group_decorator.py for tasks to queue
[2026-06-28T11:05:47.988+0000] {logging_mixin.py:190} INFO - [2026-06-28T11:05:47.987+0000] {dagbag.py:587} INFO - Filling up the DagBag from /home/airflow/.local/lib/python3.12/site-packages/airflow/example_dags/example_task_group_decorator.py
[2026-06-28T11:05:48.006+0000] {processor.py:925} INFO - DAG(s) 'example_task_group_decorator' retrieved from /home/airflow/.local/lib/python3.12/site-packages/airflow/example_dags/example_task_group_decorator.py
[2026-06-28T11:05:48.041+0000] {logging_mixin.py:190} INFO - [2026-06-28T11:05:48.040+0000] {dag.py:3211} INFO - Sync 1 DAGs
[2026-06-28T11:05:48.069+0000] {logging_mixin.py:190} INFO - [2026-06-28T11:05:48.069+0000] {dag.py:4138} INFO - Setting next_dagrun for example_task_group_decorator to 2026-06-27 00:00:00+00:00, run_after=2026-06-28 00:00:00+00:00
[2026-06-28T11:05:48.092+0000] {processor.py:208} INFO - Processing /home/airflow/.local/lib/python3.12/site-packages/airflow/example_dags/example_task_group_decorator.py took 0.114 seconds
[2026-06-28T11:06:18.964+0000] {processor.py:186} INFO - Started process (PID=630) to work on /home/airflow/.local/lib/python3.12/site-packages/airflow/example_dags/example_task_group_decorator.py
[2026-06-28T11:06:18.965+0000] {processor.py:914} INFO - Processing file /home/airflow/.local/lib/python3.12/site-packages/airflow/example_dags/example_task_group_decorator.py for tasks to queue
[2026-06-28T11:06:18.968+0000] {logging_mixin.py:190} INFO - [2026-06-28T11:06:18.968+0000] {dagbag.py:587} INFO - Filling up the DagBag from /home/airflow/.local/lib/python3.12/site-packages/airflow/example_dags/example_task_group_decorator.py
[2026-06-28T11:06:18.990+0000] {processor.py:925} INFO - DAG(s) 'example_task_group_decorator' retrieved from /home/airflow/.local/lib/python3.12/site-packages/airflow/example_dags/example_task_group_decorator.py
[2026-06-28T11:06:19.037+0000] {logging_mixin.py:190} INFO - [2026-06-28T11:06:19.036+0000] {dag.py:3211} INFO - Sync 1 DAGs
[2026-06-28T11:06:19.068+0000] {logging_mixin.py:190} INFO - [2026-06-28T11:06:19.068+0000] {dag.py:4138} INFO - Setting next_dagrun for example_task_group_decorator to 2026-06-27 00:00:00+00:00, run_after=2026-06-28 00:00:00+00:00
[2026-06-28T11:06:19.090+0000] {processor.py:208} INFO - Processing /home/airflow/.local/lib/python3.12/site-packages/airflow/example_dags/example_task_group_decorator.py took 0.134 seconds
[2026-06-28T11:06:49.897+0000] {processor.py:186} INFO - Started process (PID=692) to work on /home/airflow/.local/lib/python3.12/site-packages/airflow/example_dags/example_task_group_decorator.py
[2026-06-28T11:06:49.898+0000] {processor.py:914} INFO - Processing file /home/airflow/.local/lib/python3.12/site-packages/airflow/example_dags/example_task_group_decorator.py for tasks to queue
[2026-06-28T11:06:49.902+0000] {logging_mixin.py:190} INFO - [2026-06-28T11:06:49.902+0000] {dagbag.py:587} INFO - Filling up the DagBag from /home/airflow/.local/lib/python3.12/site-packages/airflow/example_dags/example_task_group_decorator.py
[2026-06-28T11:06:49.923+0000] {processor.py:925} INFO - DAG(s) 'example_task_group_decorator' retrieved from /home/airflow/.local/lib/python3.12/site-packages/airflow/example_dags/example_task_group_decorator.py
[2026-06-28T11:06:49.958+0000] {logging_mixin.py:190} INFO - [2026-06-28T11:06:49.958+0000] {dag.py:3211} INFO - Sync 1 DAGs
[2026-06-28T11:06:49.991+0000] {logging_mixin.py:190} INFO - [2026-06-28T11:06:49.990+0000] {dag.py:4138} INFO - Setting next_dagrun for example_task_group_decorator to 2026-06-27 00:00:00+00:00, run_after=2026-06-28 00:00:00+00:00
[2026-06-28T11:06:50.031+0000] {processor.py:208} INFO - Processing /home/airflow/.local/lib/python3.12/site-packages/airflow/example_dags/example_task_group_decorator.py took 0.141 seconds
[2026-06-28T11:07:20.454+0000] {processor.py:186} INFO - Started process (PID=754) to work on /home/airflow/.local/lib/python3.12/site-packages/airflow/example_dags/example_task_group_decorator.py
[2026-06-28T11:07:20.455+0000] {processor.py:914} INFO - Processing file /home/airflow/.local/lib/python3.12/site-packages/airflow/example_dags/example_task_group_decorator.py for tasks to queue
[2026-06-28T11:07:20.457+0000] {logging_mixin.py:190} INFO - [2026-06-28T11:07:20.457+0000] {dagbag.py:587} INFO - Filling up the DagBag from /home/airflow/.local/lib/python3.12/site-packages/airflow/example_dags/example_task_group_decorator.py
[2026-06-28T11:07:20.477+0000] {processor.py:925} INFO - DAG(s) 'example_task_group_decorator' retrieved from /home/airflow/.local/lib/python3.12/site-packages/airflow/example_dags/example_task_group_decorator.py
[2026-06-28T11:07:20.513+0000] {logging_mixin.py:190} INFO - [2026-06-28T11:07:20.513+0000] {dag.py:3211} INFO - Sync 1 DAGs
[2026-06-28T11:07:20.547+0000] {logging_mixin.py:190} INFO - [2026-06-28T11:07:20.546+0000] {dag.py:4138} INFO - Setting next_dagrun for example_task_group_decorator to 2026-06-27 00:00:00+00:00, run_after=2026-06-28 00:00:00+00:00
[2026-06-28T11:07:20.580+0000] {processor.py:208} INFO - Processing /home/airflow/.local/lib/python3.12/site-packages/airflow/example_dags/example_task_group_decorator.py took 0.133 seconds
[2026-06-28T11:07:50.721+0000] {processor.py:186} INFO - Started process (PID=816) to work on /home/airflow/.local/lib/python3.12/site-packages/airflow/example_dags/example_task_group_decorator.py
[2026-06-28T11:07:50.722+0000] {processor.py:914} INFO - Processing file /home/airflow/.local/lib/python3.12/site-packages/airflow/example_dags/example_task_group_decorator.py for tasks to queue
[2026-06-28T11:07:50.724+0000] {logging_mixin.py:190} INFO - [2026-06-28T11:07:50.724+0000] {dagbag.py:587} INFO - Filling up the DagBag from /home/airflow/.local/lib/python3.12/site-packages/airflow/example_dags/example_task_group_decorator.py
[2026-06-28T11:07:50.741+0000] {processor.py:925} INFO - DAG(s) 'example_task_group_decorator' retrieved from /home/airflow/.local/lib/python3.12/site-packages/airflow/example_dags/example_task_group_decorator.py
[2026-06-28T11:07:50.776+0000] {logging_mixin.py:190} INFO - [2026-06-28T11:07:50.775+0000] {dag.py:3211} INFO - Sync 1 DAGs
[2026-06-28T11:07:50.804+0000] {logging_mixin.py:190} INFO - [2026-06-28T11:07:50.804+0000] {dag.py:4138} INFO - Setting next_dagrun for example_task_group_decorator to 2026-06-27 00:00:00+00:00, run_after=2026-06-28 00:00:00+00:00
[2026-06-28T11:07:50.827+0000] {processor.py:208} INFO - Processing /home/airflow/.local/lib/python3.12/site-packages/airflow/example_dags/example_task_group_decorator.py took 0.111 seconds
[2026-06-28T11:08:20.908+0000] {processor.py:186} INFO - Started process (PID=878) to work on /home/airflow/.local/lib/python3.12/site-packages/airflow/example_dags/example_task_group_decorator.py
[2026-06-28T11:08:20.909+0000] {processor.py:914} INFO - Processing file /home/airflow/.local/lib/python3.12/site-packages/airflow/example_dags/example_task_group_decorator.py for tasks to queue
[2026-06-28T11:08:20.912+0000] {logging_mixin.py:190} INFO - [2026-06-28T11:08:20.911+0000] {dagbag.py:587} INFO - Filling up the DagBag from /home/airflow/.local/lib/python3.12/site-packages/airflow/example_dags/example_task_group_decorator.py
[2026-06-28T11:08:20.928+0000] {processor.py:925} INFO - DAG(s) 'example_task_group_decorator' retrieved from /home/airflow/.local/lib/python3.12/site-packages/airflow/example_dags/example_task_group_decorator.py
[2026-06-28T11:08:20.956+0000] {logging_mixin.py:190} INFO - [2026-06-28T11:08:20.955+0000] {dag.py:3211} INFO - Sync 1 DAGs
[2026-06-28T11:08:20.981+0000] {logging_mixin.py:190} INFO - [2026-06-28T11:08:20.981+0000] {dag.py:4138} INFO - Setting next_dagrun for example_task_group_decorator to 2026-06-27 00:00:00+00:00, run_after=2026-06-28 00:00:00+00:00
[2026-06-28T11:08:20.999+0000] {processor.py:208} INFO - Processing /home/airflow/.local/lib/python3.12/site-packages/airflow/example_dags/example_task_group_decorator.py took 0.096 seconds
