[2026-06-28T11:01:39.729+0000] {processor.py:186} INFO - Started process (PID=49) to work on /home/airflow/.local/lib/python3.12/site-packages/airflow/example_dags/example_local_kubernetes_executor.py
[2026-06-28T11:01:39.730+0000] {processor.py:914} INFO - Processing file /home/airflow/.local/lib/python3.12/site-packages/airflow/example_dags/example_local_kubernetes_executor.py for tasks to queue
[2026-06-28T11:01:39.732+0000] {logging_mixin.py:190} INFO - [2026-06-28T11:01:39.732+0000] {dagbag.py:587} INFO - Filling up the DagBag from /home/airflow/.local/lib/python3.12/site-packages/airflow/example_dags/example_local_kubernetes_executor.py
[2026-06-28T11:01:39.742+0000] {processor.py:925} INFO - DAG(s) 'example_local_kubernetes_executor' retrieved from /home/airflow/.local/lib/python3.12/site-packages/airflow/example_dags/example_local_kubernetes_executor.py
[2026-06-28T11:01:39.860+0000] {logging_mixin.py:190} INFO - [2026-06-28T11:01:39.859+0000] {override.py:1858} INFO - Created Permission View: can edit on DAG:example_local_kubernetes_executor
[2026-06-28T11:01:39.868+0000] {logging_mixin.py:190} INFO - [2026-06-28T11:01:39.868+0000] {override.py:1858} INFO - Created Permission View: can delete on DAG:example_local_kubernetes_executor
[2026-06-28T11:01:39.873+0000] {logging_mixin.py:190} INFO - [2026-06-28T11:01:39.873+0000] {override.py:1858} INFO - Created Permission View: can read on DAG:example_local_kubernetes_executor
[2026-06-28T11:01:39.873+0000] {logging_mixin.py:190} INFO - [2026-06-28T11:01:39.873+0000] {dag.py:3211} INFO - Sync 1 DAGs
[2026-06-28T11:01:39.884+0000] {logging_mixin.py:190} INFO - [2026-06-28T11:01:39.884+0000] {dag.py:3234} INFO - Creating ORM DAG for example_local_kubernetes_executor
[2026-06-28T11:01:39.884+0000] {logging_mixin.py:190} INFO - [2026-06-28T11:01:39.884+0000] {dag.py:4138} INFO - Setting next_dagrun for example_local_kubernetes_executor to None, run_after=None
[2026-06-28T11:01:39.899+0000] {processor.py:208} INFO - Processing /home/airflow/.local/lib/python3.12/site-packages/airflow/example_dags/example_local_kubernetes_executor.py took 0.175 seconds
[2026-06-28T11:02:10.754+0000] {processor.py:186} INFO - Started process (PID=111) to work on /home/airflow/.local/lib/python3.12/site-packages/airflow/example_dags/example_local_kubernetes_executor.py
[2026-06-28T11:02:10.755+0000] {processor.py:914} INFO - Processing file /home/airflow/.local/lib/python3.12/site-packages/airflow/example_dags/example_local_kubernetes_executor.py for tasks to queue
[2026-06-28T11:02:10.757+0000] {logging_mixin.py:190} INFO - [2026-06-28T11:02:10.757+0000] {dagbag.py:587} INFO - Filling up the DagBag from /home/airflow/.local/lib/python3.12/site-packages/airflow/example_dags/example_local_kubernetes_executor.py
[2026-06-28T11:02:10.765+0000] {processor.py:925} INFO - DAG(s) 'example_local_kubernetes_executor' retrieved from /home/airflow/.local/lib/python3.12/site-packages/airflow/example_dags/example_local_kubernetes_executor.py
[2026-06-28T11:02:10.797+0000] {logging_mixin.py:190} INFO - [2026-06-28T11:02:10.796+0000] {dag.py:3211} INFO - Sync 1 DAGs
[2026-06-28T11:02:10.809+0000] {logging_mixin.py:190} INFO - [2026-06-28T11:02:10.809+0000] {dag.py:4138} INFO - Setting next_dagrun for example_local_kubernetes_executor to None, run_after=None
[2026-06-28T11:02:10.826+0000] {processor.py:208} INFO - Processing /home/airflow/.local/lib/python3.12/site-packages/airflow/example_dags/example_local_kubernetes_executor.py took 0.076 seconds
[2026-06-28T11:02:41.368+0000] {processor.py:186} INFO - Started process (PID=173) to work on /home/airflow/.local/lib/python3.12/site-packages/airflow/example_dags/example_local_kubernetes_executor.py
[2026-06-28T11:02:41.369+0000] {processor.py:914} INFO - Processing file /home/airflow/.local/lib/python3.12/site-packages/airflow/example_dags/example_local_kubernetes_executor.py for tasks to queue
[2026-06-28T11:02:41.371+0000] {logging_mixin.py:190} INFO - [2026-06-28T11:02:41.371+0000] {dagbag.py:587} INFO - Filling up the DagBag from /home/airflow/.local/lib/python3.12/site-packages/airflow/example_dags/example_local_kubernetes_executor.py
[2026-06-28T11:02:41.380+0000] {processor.py:925} INFO - DAG(s) 'example_local_kubernetes_executor' retrieved from /home/airflow/.local/lib/python3.12/site-packages/airflow/example_dags/example_local_kubernetes_executor.py
[2026-06-28T11:02:41.415+0000] {logging_mixin.py:190} INFO - [2026-06-28T11:02:41.415+0000] {dag.py:3211} INFO - Sync 1 DAGs
[2026-06-28T11:02:41.427+0000] {logging_mixin.py:190} INFO - [2026-06-28T11:02:41.427+0000] {dag.py:4138} INFO - Setting next_dagrun for example_local_kubernetes_executor to None, run_after=None
[2026-06-28T11:02:41.448+0000] {processor.py:208} INFO - Processing /home/airflow/.local/lib/python3.12/site-packages/airflow/example_dags/example_local_kubernetes_executor.py took 0.085 seconds
[2026-06-28T11:03:12.434+0000] {processor.py:186} INFO - Started process (PID=235) to work on /home/airflow/.local/lib/python3.12/site-packages/airflow/example_dags/example_local_kubernetes_executor.py
[2026-06-28T11:03:12.437+0000] {processor.py:914} INFO - Processing file /home/airflow/.local/lib/python3.12/site-packages/airflow/example_dags/example_local_kubernetes_executor.py for tasks to queue
[2026-06-28T11:03:12.441+0000] {logging_mixin.py:190} INFO - [2026-06-28T11:03:12.440+0000] {dagbag.py:587} INFO - Filling up the DagBag from /home/airflow/.local/lib/python3.12/site-packages/airflow/example_dags/example_local_kubernetes_executor.py
[2026-06-28T11:03:12.461+0000] {processor.py:925} INFO - DAG(s) 'example_local_kubernetes_executor' retrieved from /home/airflow/.local/lib/python3.12/site-packages/airflow/example_dags/example_local_kubernetes_executor.py
[2026-06-28T11:03:12.524+0000] {logging_mixin.py:190} INFO - [2026-06-28T11:03:12.524+0000] {dag.py:3211} INFO - Sync 1 DAGs
[2026-06-28T11:03:12.549+0000] {logging_mixin.py:190} INFO - [2026-06-28T11:03:12.549+0000] {dag.py:4138} INFO - Setting next_dagrun for example_local_kubernetes_executor to None, run_after=None
[2026-06-28T11:03:12.595+0000] {processor.py:208} INFO - Processing /home/airflow/.local/lib/python3.12/site-packages/airflow/example_dags/example_local_kubernetes_executor.py took 0.180 seconds
[2026-06-28T11:03:43.040+0000] {processor.py:186} INFO - Started process (PID=303) to work on /home/airflow/.local/lib/python3.12/site-packages/airflow/example_dags/example_local_kubernetes_executor.py
[2026-06-28T11:03:43.041+0000] {processor.py:914} INFO - Processing file /home/airflow/.local/lib/python3.12/site-packages/airflow/example_dags/example_local_kubernetes_executor.py for tasks to queue
[2026-06-28T11:03:43.044+0000] {logging_mixin.py:190} INFO - [2026-06-28T11:03:43.043+0000] {dagbag.py:587} INFO - Filling up the DagBag from /home/airflow/.local/lib/python3.12/site-packages/airflow/example_dags/example_local_kubernetes_executor.py
[2026-06-28T11:03:43.054+0000] {processor.py:925} INFO - DAG(s) 'example_local_kubernetes_executor' retrieved from /home/airflow/.local/lib/python3.12/site-packages/airflow/example_dags/example_local_kubernetes_executor.py
[2026-06-28T11:03:43.097+0000] {logging_mixin.py:190} INFO - [2026-06-28T11:03:43.097+0000] {dag.py:3211} INFO - Sync 1 DAGs
[2026-06-28T11:03:43.112+0000] {logging_mixin.py:190} INFO - [2026-06-28T11:03:43.112+0000] {dag.py:4138} INFO - Setting next_dagrun for example_local_kubernetes_executor to None, run_after=None
[2026-06-28T11:03:43.134+0000] {processor.py:208} INFO - Processing /home/airflow/.local/lib/python3.12/site-packages/airflow/example_dags/example_local_kubernetes_executor.py took 0.100 seconds
[2026-06-28T11:04:13.671+0000] {processor.py:186} INFO - Started process (PID=365) to work on /home/airflow/.local/lib/python3.12/site-packages/airflow/example_dags/example_local_kubernetes_executor.py
[2026-06-28T11:04:13.672+0000] {processor.py:914} INFO - Processing file /home/airflow/.local/lib/python3.12/site-packages/airflow/example_dags/example_local_kubernetes_executor.py for tasks to queue
[2026-06-28T11:04:13.674+0000] {logging_mixin.py:190} INFO - [2026-06-28T11:04:13.674+0000] {dagbag.py:587} INFO - Filling up the DagBag from /home/airflow/.local/lib/python3.12/site-packages/airflow/example_dags/example_local_kubernetes_executor.py
[2026-06-28T11:04:13.686+0000] {processor.py:925} INFO - DAG(s) 'example_local_kubernetes_executor' retrieved from /home/airflow/.local/lib/python3.12/site-packages/airflow/example_dags/example_local_kubernetes_executor.py
[2026-06-28T11:04:13.761+0000] {logging_mixin.py:190} INFO - [2026-06-28T11:04:13.760+0000] {dag.py:3211} INFO - Sync 1 DAGs
[2026-06-28T11:04:13.781+0000] {logging_mixin.py:190} INFO - [2026-06-28T11:04:13.781+0000] {dag.py:4138} INFO - Setting next_dagrun for example_local_kubernetes_executor to None, run_after=None
[2026-06-28T11:04:13.806+0000] {processor.py:208} INFO - Processing /home/airflow/.local/lib/python3.12/site-packages/airflow/example_dags/example_local_kubernetes_executor.py took 0.142 seconds
[2026-06-28T11:04:44.125+0000] {processor.py:186} INFO - Started process (PID=427) to work on /home/airflow/.local/lib/python3.12/site-packages/airflow/example_dags/example_local_kubernetes_executor.py
[2026-06-28T11:04:44.126+0000] {processor.py:914} INFO - Processing file /home/airflow/.local/lib/python3.12/site-packages/airflow/example_dags/example_local_kubernetes_executor.py for tasks to queue
[2026-06-28T11:04:44.128+0000] {logging_mixin.py:190} INFO - [2026-06-28T11:04:44.128+0000] {dagbag.py:587} INFO - Filling up the DagBag from /home/airflow/.local/lib/python3.12/site-packages/airflow/example_dags/example_local_kubernetes_executor.py
[2026-06-28T11:04:44.139+0000] {processor.py:925} INFO - DAG(s) 'example_local_kubernetes_executor' retrieved from /home/airflow/.local/lib/python3.12/site-packages/airflow/example_dags/example_local_kubernetes_executor.py
[2026-06-28T11:04:44.177+0000] {logging_mixin.py:190} INFO - [2026-06-28T11:04:44.177+0000] {dag.py:3211} INFO - Sync 1 DAGs
[2026-06-28T11:04:44.192+0000] {logging_mixin.py:190} INFO - [2026-06-28T11:04:44.192+0000] {dag.py:4138} INFO - Setting next_dagrun for example_local_kubernetes_executor to None, run_after=None
[2026-06-28T11:04:44.212+0000] {processor.py:208} INFO - Processing /home/airflow/.local/lib/python3.12/site-packages/airflow/example_dags/example_local_kubernetes_executor.py took 0.093 seconds
[2026-06-28T11:05:15.046+0000] {processor.py:186} INFO - Started process (PID=489) to work on /home/airflow/.local/lib/python3.12/site-packages/airflow/example_dags/example_local_kubernetes_executor.py
[2026-06-28T11:05:15.047+0000] {processor.py:914} INFO - Processing file /home/airflow/.local/lib/python3.12/site-packages/airflow/example_dags/example_local_kubernetes_executor.py for tasks to queue
[2026-06-28T11:05:15.050+0000] {logging_mixin.py:190} INFO - [2026-06-28T11:05:15.049+0000] {dagbag.py:587} INFO - Filling up the DagBag from /home/airflow/.local/lib/python3.12/site-packages/airflow/example_dags/example_local_kubernetes_executor.py
[2026-06-28T11:05:15.061+0000] {processor.py:925} INFO - DAG(s) 'example_local_kubernetes_executor' retrieved from /home/airflow/.local/lib/python3.12/site-packages/airflow/example_dags/example_local_kubernetes_executor.py
[2026-06-28T11:05:15.100+0000] {logging_mixin.py:190} INFO - [2026-06-28T11:05:15.100+0000] {dag.py:3211} INFO - Sync 1 DAGs
[2026-06-28T11:05:15.114+0000] {logging_mixin.py:190} INFO - [2026-06-28T11:05:15.114+0000] {dag.py:4138} INFO - Setting next_dagrun for example_local_kubernetes_executor to None, run_after=None
[2026-06-28T11:05:15.137+0000] {processor.py:208} INFO - Processing /home/airflow/.local/lib/python3.12/site-packages/airflow/example_dags/example_local_kubernetes_executor.py took 0.096 seconds
[2026-06-28T11:05:45.507+0000] {processor.py:186} INFO - Started process (PID=550) to work on /home/airflow/.local/lib/python3.12/site-packages/airflow/example_dags/example_local_kubernetes_executor.py
[2026-06-28T11:05:45.508+0000] {processor.py:914} INFO - Processing file /home/airflow/.local/lib/python3.12/site-packages/airflow/example_dags/example_local_kubernetes_executor.py for tasks to queue
[2026-06-28T11:05:45.511+0000] {logging_mixin.py:190} INFO - [2026-06-28T11:05:45.510+0000] {dagbag.py:587} INFO - Filling up the DagBag from /home/airflow/.local/lib/python3.12/site-packages/airflow/example_dags/example_local_kubernetes_executor.py
[2026-06-28T11:05:45.523+0000] {processor.py:925} INFO - DAG(s) 'example_local_kubernetes_executor' retrieved from /home/airflow/.local/lib/python3.12/site-packages/airflow/example_dags/example_local_kubernetes_executor.py
[2026-06-28T11:05:45.588+0000] {logging_mixin.py:190} INFO - [2026-06-28T11:05:45.588+0000] {dag.py:3211} INFO - Sync 1 DAGs
[2026-06-28T11:05:45.607+0000] {logging_mixin.py:190} INFO - [2026-06-28T11:05:45.606+0000] {dag.py:4138} INFO - Setting next_dagrun for example_local_kubernetes_executor to None, run_after=None
[2026-06-28T11:05:45.634+0000] {processor.py:208} INFO - Processing /home/airflow/.local/lib/python3.12/site-packages/airflow/example_dags/example_local_kubernetes_executor.py took 0.134 seconds
[2026-06-28T11:06:16.161+0000] {processor.py:186} INFO - Started process (PID=612) to work on /home/airflow/.local/lib/python3.12/site-packages/airflow/example_dags/example_local_kubernetes_executor.py
[2026-06-28T11:06:16.162+0000] {processor.py:914} INFO - Processing file /home/airflow/.local/lib/python3.12/site-packages/airflow/example_dags/example_local_kubernetes_executor.py for tasks to queue
[2026-06-28T11:06:16.165+0000] {logging_mixin.py:190} INFO - [2026-06-28T11:06:16.165+0000] {dagbag.py:587} INFO - Filling up the DagBag from /home/airflow/.local/lib/python3.12/site-packages/airflow/example_dags/example_local_kubernetes_executor.py
[2026-06-28T11:06:16.179+0000] {processor.py:925} INFO - DAG(s) 'example_local_kubernetes_executor' retrieved from /home/airflow/.local/lib/python3.12/site-packages/airflow/example_dags/example_local_kubernetes_executor.py
[2026-06-28T11:06:16.230+0000] {logging_mixin.py:190} INFO - [2026-06-28T11:06:16.230+0000] {dag.py:3211} INFO - Sync 1 DAGs
[2026-06-28T11:06:16.256+0000] {logging_mixin.py:190} INFO - [2026-06-28T11:06:16.255+0000] {dag.py:4138} INFO - Setting next_dagrun for example_local_kubernetes_executor to None, run_after=None
[2026-06-28T11:06:16.283+0000] {processor.py:208} INFO - Processing /home/airflow/.local/lib/python3.12/site-packages/airflow/example_dags/example_local_kubernetes_executor.py took 0.131 seconds
[2026-06-28T11:06:46.374+0000] {processor.py:186} INFO - Started process (PID=674) to work on /home/airflow/.local/lib/python3.12/site-packages/airflow/example_dags/example_local_kubernetes_executor.py
[2026-06-28T11:06:46.376+0000] {processor.py:914} INFO - Processing file /home/airflow/.local/lib/python3.12/site-packages/airflow/example_dags/example_local_kubernetes_executor.py for tasks to queue
[2026-06-28T11:06:46.379+0000] {logging_mixin.py:190} INFO - [2026-06-28T11:06:46.379+0000] {dagbag.py:587} INFO - Filling up the DagBag from /home/airflow/.local/lib/python3.12/site-packages/airflow/example_dags/example_local_kubernetes_executor.py
[2026-06-28T11:06:46.397+0000] {processor.py:925} INFO - DAG(s) 'example_local_kubernetes_executor' retrieved from /home/airflow/.local/lib/python3.12/site-packages/airflow/example_dags/example_local_kubernetes_executor.py
[2026-06-28T11:06:46.454+0000] {logging_mixin.py:190} INFO - [2026-06-28T11:06:46.454+0000] {dag.py:3211} INFO - Sync 1 DAGs
[2026-06-28T11:06:46.473+0000] {logging_mixin.py:190} INFO - [2026-06-28T11:06:46.472+0000] {dag.py:4138} INFO - Setting next_dagrun for example_local_kubernetes_executor to None, run_after=None
[2026-06-28T11:06:46.502+0000] {processor.py:208} INFO - Processing /home/airflow/.local/lib/python3.12/site-packages/airflow/example_dags/example_local_kubernetes_executor.py took 0.136 seconds
[2026-06-28T11:07:16.869+0000] {processor.py:186} INFO - Started process (PID=736) to work on /home/airflow/.local/lib/python3.12/site-packages/airflow/example_dags/example_local_kubernetes_executor.py
[2026-06-28T11:07:16.870+0000] {processor.py:914} INFO - Processing file /home/airflow/.local/lib/python3.12/site-packages/airflow/example_dags/example_local_kubernetes_executor.py for tasks to queue
[2026-06-28T11:07:16.874+0000] {logging_mixin.py:190} INFO - [2026-06-28T11:07:16.873+0000] {dagbag.py:587} INFO - Filling up the DagBag from /home/airflow/.local/lib/python3.12/site-packages/airflow/example_dags/example_local_kubernetes_executor.py
[2026-06-28T11:07:16.889+0000] {processor.py:925} INFO - DAG(s) 'example_local_kubernetes_executor' retrieved from /home/airflow/.local/lib/python3.12/site-packages/airflow/example_dags/example_local_kubernetes_executor.py
[2026-06-28T11:07:16.964+0000] {logging_mixin.py:190} INFO - [2026-06-28T11:07:16.964+0000] {dag.py:3211} INFO - Sync 1 DAGs
[2026-06-28T11:07:16.985+0000] {logging_mixin.py:190} INFO - [2026-06-28T11:07:16.984+0000] {dag.py:4138} INFO - Setting next_dagrun for example_local_kubernetes_executor to None, run_after=None
[2026-06-28T11:07:17.013+0000] {processor.py:208} INFO - Processing /home/airflow/.local/lib/python3.12/site-packages/airflow/example_dags/example_local_kubernetes_executor.py took 0.152 seconds
[2026-06-28T11:07:47.302+0000] {processor.py:186} INFO - Started process (PID=798) to work on /home/airflow/.local/lib/python3.12/site-packages/airflow/example_dags/example_local_kubernetes_executor.py
[2026-06-28T11:07:47.304+0000] {processor.py:914} INFO - Processing file /home/airflow/.local/lib/python3.12/site-packages/airflow/example_dags/example_local_kubernetes_executor.py for tasks to queue
[2026-06-28T11:07:47.306+0000] {logging_mixin.py:190} INFO - [2026-06-28T11:07:47.305+0000] {dagbag.py:587} INFO - Filling up the DagBag from /home/airflow/.local/lib/python3.12/site-packages/airflow/example_dags/example_local_kubernetes_executor.py
[2026-06-28T11:07:47.317+0000] {processor.py:925} INFO - DAG(s) 'example_local_kubernetes_executor' retrieved from /home/airflow/.local/lib/python3.12/site-packages/airflow/example_dags/example_local_kubernetes_executor.py
[2026-06-28T11:07:47.359+0000] {logging_mixin.py:190} INFO - [2026-06-28T11:07:47.359+0000] {dag.py:3211} INFO - Sync 1 DAGs
[2026-06-28T11:07:47.374+0000] {logging_mixin.py:190} INFO - [2026-06-28T11:07:47.374+0000] {dag.py:4138} INFO - Setting next_dagrun for example_local_kubernetes_executor to None, run_after=None
[2026-06-28T11:07:47.395+0000] {processor.py:208} INFO - Processing /home/airflow/.local/lib/python3.12/site-packages/airflow/example_dags/example_local_kubernetes_executor.py took 0.099 seconds
[2026-06-28T11:08:17.682+0000] {processor.py:186} INFO - Started process (PID=860) to work on /home/airflow/.local/lib/python3.12/site-packages/airflow/example_dags/example_local_kubernetes_executor.py
[2026-06-28T11:08:17.683+0000] {processor.py:914} INFO - Processing file /home/airflow/.local/lib/python3.12/site-packages/airflow/example_dags/example_local_kubernetes_executor.py for tasks to queue
[2026-06-28T11:08:17.685+0000] {logging_mixin.py:190} INFO - [2026-06-28T11:08:17.685+0000] {dagbag.py:587} INFO - Filling up the DagBag from /home/airflow/.local/lib/python3.12/site-packages/airflow/example_dags/example_local_kubernetes_executor.py
[2026-06-28T11:08:17.696+0000] {processor.py:925} INFO - DAG(s) 'example_local_kubernetes_executor' retrieved from /home/airflow/.local/lib/python3.12/site-packages/airflow/example_dags/example_local_kubernetes_executor.py
[2026-06-28T11:08:17.735+0000] {logging_mixin.py:190} INFO - [2026-06-28T11:08:17.735+0000] {dag.py:3211} INFO - Sync 1 DAGs
[2026-06-28T11:08:17.748+0000] {logging_mixin.py:190} INFO - [2026-06-28T11:08:17.748+0000] {dag.py:4138} INFO - Setting next_dagrun for example_local_kubernetes_executor to None, run_after=None
[2026-06-28T11:08:17.768+0000] {processor.py:208} INFO - Processing /home/airflow/.local/lib/python3.12/site-packages/airflow/example_dags/example_local_kubernetes_executor.py took 0.091 seconds
