[2026-06-28T11:01:38.046+0000] {processor.py:186} INFO - Started process (PID=40) to work on /home/airflow/.local/lib/python3.12/site-packages/airflow/example_dags/example_datasets.py
[2026-06-28T11:01:38.047+0000] {processor.py:914} INFO - Processing file /home/airflow/.local/lib/python3.12/site-packages/airflow/example_dags/example_datasets.py for tasks to queue
[2026-06-28T11:01:38.049+0000] {logging_mixin.py:190} INFO - [2026-06-28T11:01:38.049+0000] {dagbag.py:587} INFO - Filling up the DagBag from /home/airflow/.local/lib/python3.12/site-packages/airflow/example_dags/example_datasets.py
[2026-06-28T11:01:38.238+0000] {processor.py:925} INFO - DAG(s) 'consume_1_or_both_2_and_3_with_dataset_expressions', 'consume_1_and_2_with_dataset_expressions', 'dataset_consumes_unknown_never_scheduled', 'dataset_produces_2', 'dataset_consumes_1', 'dataset_consumes_1_never_scheduled', 'dataset_consumes_1_and_2', 'conditional_dataset_and_time_based_timetable', 'dataset_produces_1', 'consume_1_or_2_with_dataset_expressions' retrieved from /home/airflow/.local/lib/python3.12/site-packages/airflow/example_dags/example_datasets.py
[2026-06-28T11:01:38.346+0000] {logging_mixin.py:190} INFO - [2026-06-28T11:01:38.345+0000] {override.py:1858} INFO - Created Permission View: can edit on DAG:consume_1_or_both_2_and_3_with_dataset_expressions
[2026-06-28T11:01:38.354+0000] {logging_mixin.py:190} INFO - [2026-06-28T11:01:38.354+0000] {override.py:1858} INFO - Created Permission View: can delete on DAG:consume_1_or_both_2_and_3_with_dataset_expressions
[2026-06-28T11:01:38.360+0000] {logging_mixin.py:190} INFO - [2026-06-28T11:01:38.360+0000] {override.py:1858} INFO - Created Permission View: can read on DAG:consume_1_or_both_2_and_3_with_dataset_expressions
[2026-06-28T11:01:38.373+0000] {logging_mixin.py:190} INFO - [2026-06-28T11:01:38.372+0000] {override.py:1858} INFO - Created Permission View: can edit on DAG:consume_1_and_2_with_dataset_expressions
[2026-06-28T11:01:38.379+0000] {logging_mixin.py:190} INFO - [2026-06-28T11:01:38.378+0000] {override.py:1858} INFO - Created Permission View: can delete on DAG:consume_1_and_2_with_dataset_expressions
[2026-06-28T11:01:38.384+0000] {logging_mixin.py:190} INFO - [2026-06-28T11:01:38.384+0000] {override.py:1858} INFO - Created Permission View: can read on DAG:consume_1_and_2_with_dataset_expressions
[2026-06-28T11:01:38.397+0000] {logging_mixin.py:190} INFO - [2026-06-28T11:01:38.396+0000] {override.py:1858} INFO - Created Permission View: can edit on DAG:dataset_consumes_unknown_never_scheduled
[2026-06-28T11:01:38.403+0000] {logging_mixin.py:190} INFO - [2026-06-28T11:01:38.402+0000] {override.py:1858} INFO - Created Permission View: can delete on DAG:dataset_consumes_unknown_never_scheduled
[2026-06-28T11:01:38.409+0000] {logging_mixin.py:190} INFO - [2026-06-28T11:01:38.409+0000] {override.py:1858} INFO - Created Permission View: can read on DAG:dataset_consumes_unknown_never_scheduled
[2026-06-28T11:01:38.421+0000] {logging_mixin.py:190} INFO - [2026-06-28T11:01:38.421+0000] {override.py:1858} INFO - Created Permission View: can edit on DAG:dataset_produces_2
[2026-06-28T11:01:38.427+0000] {logging_mixin.py:190} INFO - [2026-06-28T11:01:38.427+0000] {override.py:1858} INFO - Created Permission View: can delete on DAG:dataset_produces_2
[2026-06-28T11:01:38.433+0000] {logging_mixin.py:190} INFO - [2026-06-28T11:01:38.433+0000] {override.py:1858} INFO - Created Permission View: can read on DAG:dataset_produces_2
[2026-06-28T11:01:38.445+0000] {logging_mixin.py:190} INFO - [2026-06-28T11:01:38.445+0000] {override.py:1858} INFO - Created Permission View: can edit on DAG:dataset_consumes_1
[2026-06-28T11:01:38.451+0000] {logging_mixin.py:190} INFO - [2026-06-28T11:01:38.451+0000] {override.py:1858} INFO - Created Permission View: can delete on DAG:dataset_consumes_1
[2026-06-28T11:01:38.457+0000] {logging_mixin.py:190} INFO - [2026-06-28T11:01:38.457+0000] {override.py:1858} INFO - Created Permission View: can read on DAG:dataset_consumes_1
[2026-06-28T11:01:38.470+0000] {logging_mixin.py:190} INFO - [2026-06-28T11:01:38.469+0000] {override.py:1858} INFO - Created Permission View: can edit on DAG:dataset_consumes_1_never_scheduled
[2026-06-28T11:01:38.476+0000] {logging_mixin.py:190} INFO - [2026-06-28T11:01:38.476+0000] {override.py:1858} INFO - Created Permission View: can delete on DAG:dataset_consumes_1_never_scheduled
[2026-06-28T11:01:38.482+0000] {logging_mixin.py:190} INFO - [2026-06-28T11:01:38.481+0000] {override.py:1858} INFO - Created Permission View: can read on DAG:dataset_consumes_1_never_scheduled
[2026-06-28T11:01:38.493+0000] {logging_mixin.py:190} INFO - [2026-06-28T11:01:38.493+0000] {override.py:1858} INFO - Created Permission View: can edit on DAG:dataset_consumes_1_and_2
[2026-06-28T11:01:38.500+0000] {logging_mixin.py:190} INFO - [2026-06-28T11:01:38.499+0000] {override.py:1858} INFO - Created Permission View: can delete on DAG:dataset_consumes_1_and_2
[2026-06-28T11:01:38.506+0000] {logging_mixin.py:190} INFO - [2026-06-28T11:01:38.506+0000] {override.py:1858} INFO - Created Permission View: can read on DAG:dataset_consumes_1_and_2
[2026-06-28T11:01:38.523+0000] {logging_mixin.py:190} INFO - [2026-06-28T11:01:38.523+0000] {override.py:1858} INFO - Created Permission View: can edit on DAG:conditional_dataset_and_time_based_timetable
[2026-06-28T11:01:38.539+0000] {logging_mixin.py:190} INFO - [2026-06-28T11:01:38.538+0000] {override.py:1858} INFO - Created Permission View: can delete on DAG:conditional_dataset_and_time_based_timetable
[2026-06-28T11:01:38.546+0000] {logging_mixin.py:190} INFO - [2026-06-28T11:01:38.546+0000] {override.py:1858} INFO - Created Permission View: can read on DAG:conditional_dataset_and_time_based_timetable
[2026-06-28T11:01:38.557+0000] {logging_mixin.py:190} INFO - [2026-06-28T11:01:38.557+0000] {override.py:1858} INFO - Created Permission View: can edit on DAG:dataset_produces_1
[2026-06-28T11:01:38.562+0000] {logging_mixin.py:190} INFO - [2026-06-28T11:01:38.561+0000] {override.py:1858} INFO - Created Permission View: can delete on DAG:dataset_produces_1
[2026-06-28T11:01:38.566+0000] {logging_mixin.py:190} INFO - [2026-06-28T11:01:38.566+0000] {override.py:1858} INFO - Created Permission View: can read on DAG:dataset_produces_1
[2026-06-28T11:01:38.577+0000] {logging_mixin.py:190} INFO - [2026-06-28T11:01:38.577+0000] {override.py:1858} INFO - Created Permission View: can edit on DAG:consume_1_or_2_with_dataset_expressions
[2026-06-28T11:01:38.583+0000] {logging_mixin.py:190} INFO - [2026-06-28T11:01:38.583+0000] {override.py:1858} INFO - Created Permission View: can delete on DAG:consume_1_or_2_with_dataset_expressions
[2026-06-28T11:01:38.589+0000] {logging_mixin.py:190} INFO - [2026-06-28T11:01:38.589+0000] {override.py:1858} INFO - Created Permission View: can read on DAG:consume_1_or_2_with_dataset_expressions
[2026-06-28T11:01:38.590+0000] {logging_mixin.py:190} INFO - [2026-06-28T11:01:38.590+0000] {dag.py:3211} INFO - Sync 10 DAGs
[2026-06-28T11:01:38.606+0000] {logging_mixin.py:190} INFO - [2026-06-28T11:01:38.606+0000] {dag.py:3234} INFO - Creating ORM DAG for consume_1_or_2_with_dataset_expressions
[2026-06-28T11:01:38.607+0000] {logging_mixin.py:190} INFO - [2026-06-28T11:01:38.607+0000] {dag.py:3234} INFO - Creating ORM DAG for dataset_consumes_1
[2026-06-28T11:01:38.607+0000] {logging_mixin.py:190} INFO - [2026-06-28T11:01:38.607+0000] {dag.py:3234} INFO - Creating ORM DAG for dataset_consumes_1_and_2
[2026-06-28T11:01:38.608+0000] {logging_mixin.py:190} INFO - [2026-06-28T11:01:38.608+0000] {dag.py:3234} INFO - Creating ORM DAG for dataset_consumes_1_never_scheduled
[2026-06-28T11:01:38.608+0000] {logging_mixin.py:190} INFO - [2026-06-28T11:01:38.608+0000] {dag.py:3234} INFO - Creating ORM DAG for consume_1_and_2_with_dataset_expressions
[2026-06-28T11:01:38.609+0000] {logging_mixin.py:190} INFO - [2026-06-28T11:01:38.609+0000] {dag.py:3234} INFO - Creating ORM DAG for dataset_produces_1
[2026-06-28T11:01:38.609+0000] {logging_mixin.py:190} INFO - [2026-06-28T11:01:38.609+0000] {dag.py:3234} INFO - Creating ORM DAG for consume_1_or_both_2_and_3_with_dataset_expressions
[2026-06-28T11:01:38.609+0000] {logging_mixin.py:190} INFO - [2026-06-28T11:01:38.609+0000] {dag.py:3234} INFO - Creating ORM DAG for dataset_produces_2
[2026-06-28T11:01:38.610+0000] {logging_mixin.py:190} INFO - [2026-06-28T11:01:38.610+0000] {dag.py:3234} INFO - Creating ORM DAG for conditional_dataset_and_time_based_timetable
[2026-06-28T11:01:38.610+0000] {logging_mixin.py:190} INFO - [2026-06-28T11:01:38.610+0000] {dag.py:3234} INFO - Creating ORM DAG for dataset_consumes_unknown_never_scheduled
[2026-06-28T11:01:38.621+0000] {logging_mixin.py:190} INFO - [2026-06-28T11:01:38.621+0000] {dag.py:4138} INFO - Setting next_dagrun for conditional_dataset_and_time_based_timetable to 2026-06-24 01:00:00+00:00, run_after=2026-06-24 01:00:00+00:00
[2026-06-28T11:01:38.621+0000] {logging_mixin.py:190} INFO - [2026-06-28T11:01:38.621+0000] {dag.py:4138} INFO - Setting next_dagrun for consume_1_and_2_with_dataset_expressions to None, run_after=None
[2026-06-28T11:01:38.622+0000] {logging_mixin.py:190} INFO - [2026-06-28T11:01:38.622+0000] {dag.py:4138} INFO - Setting next_dagrun for consume_1_or_2_with_dataset_expressions to None, run_after=None
[2026-06-28T11:01:38.622+0000] {logging_mixin.py:190} INFO - [2026-06-28T11:01:38.622+0000] {dag.py:4138} INFO - Setting next_dagrun for consume_1_or_both_2_and_3_with_dataset_expressions to None, run_after=None
[2026-06-28T11:01:38.622+0000] {logging_mixin.py:190} INFO - [2026-06-28T11:01:38.622+0000] {dag.py:4138} INFO - Setting next_dagrun for dataset_consumes_1 to None, run_after=None
[2026-06-28T11:01:38.623+0000] {logging_mixin.py:190} INFO - [2026-06-28T11:01:38.622+0000] {dag.py:4138} INFO - Setting next_dagrun for dataset_consumes_1_and_2 to None, run_after=None
[2026-06-28T11:01:38.623+0000] {logging_mixin.py:190} INFO - [2026-06-28T11:01:38.623+0000] {dag.py:4138} INFO - Setting next_dagrun for dataset_consumes_1_never_scheduled to None, run_after=None
[2026-06-28T11:01:38.623+0000] {logging_mixin.py:190} INFO - [2026-06-28T11:01:38.623+0000] {dag.py:4138} INFO - Setting next_dagrun for dataset_consumes_unknown_never_scheduled to None, run_after=None
[2026-06-28T11:01:38.624+0000] {logging_mixin.py:190} INFO - [2026-06-28T11:01:38.624+0000] {dag.py:4138} INFO - Setting next_dagrun for dataset_produces_1 to 2026-06-27 00:00:00+00:00, run_after=2026-06-28 00:00:00+00:00
[2026-06-28T11:01:38.625+0000] {logging_mixin.py:190} INFO - [2026-06-28T11:01:38.625+0000] {dag.py:4138} INFO - Setting next_dagrun for dataset_produces_2 to None, run_after=None
[2026-06-28T11:01:38.681+0000] {processor.py:208} INFO - Processing /home/airflow/.local/lib/python3.12/site-packages/airflow/example_dags/example_datasets.py took 0.642 seconds
[2026-06-28T11:02:09.088+0000] {processor.py:186} INFO - Started process (PID=102) to work on /home/airflow/.local/lib/python3.12/site-packages/airflow/example_dags/example_datasets.py
[2026-06-28T11:02:09.089+0000] {processor.py:914} INFO - Processing file /home/airflow/.local/lib/python3.12/site-packages/airflow/example_dags/example_datasets.py for tasks to queue
[2026-06-28T11:02:09.091+0000] {logging_mixin.py:190} INFO - [2026-06-28T11:02:09.090+0000] {dagbag.py:587} INFO - Filling up the DagBag from /home/airflow/.local/lib/python3.12/site-packages/airflow/example_dags/example_datasets.py
[2026-06-28T11:02:09.217+0000] {processor.py:925} INFO - DAG(s) 'consume_1_or_both_2_and_3_with_dataset_expressions', 'dataset_consumes_1', 'conditional_dataset_and_time_based_timetable', 'dataset_produces_2', 'dataset_consumes_unknown_never_scheduled', 'dataset_consumes_1_never_scheduled', 'dataset_produces_1', 'dataset_consumes_1_and_2', 'consume_1_and_2_with_dataset_expressions', 'consume_1_or_2_with_dataset_expressions' retrieved from /home/airflow/.local/lib/python3.12/site-packages/airflow/example_dags/example_datasets.py
[2026-06-28T11:02:09.260+0000] {logging_mixin.py:190} INFO - [2026-06-28T11:02:09.260+0000] {dag.py:3211} INFO - Sync 10 DAGs
[2026-06-28T11:02:09.282+0000] {logging_mixin.py:190} INFO - [2026-06-28T11:02:09.282+0000] {dag.py:4138} INFO - Setting next_dagrun for conditional_dataset_and_time_based_timetable to 2026-06-24 01:00:00+00:00, run_after=2026-06-24 01:00:00+00:00
[2026-06-28T11:02:09.285+0000] {logging_mixin.py:190} INFO - [2026-06-28T11:02:09.285+0000] {dag.py:4138} INFO - Setting next_dagrun for consume_1_and_2_with_dataset_expressions to None, run_after=None
[2026-06-28T11:02:09.286+0000] {logging_mixin.py:190} INFO - [2026-06-28T11:02:09.286+0000] {dag.py:4138} INFO - Setting next_dagrun for consume_1_or_2_with_dataset_expressions to None, run_after=None
[2026-06-28T11:02:09.287+0000] {logging_mixin.py:190} INFO - [2026-06-28T11:02:09.287+0000] {dag.py:4138} INFO - Setting next_dagrun for consume_1_or_both_2_and_3_with_dataset_expressions to None, run_after=None
[2026-06-28T11:02:09.288+0000] {logging_mixin.py:190} INFO - [2026-06-28T11:02:09.288+0000] {dag.py:4138} INFO - Setting next_dagrun for dataset_consumes_1 to None, run_after=None
[2026-06-28T11:02:09.289+0000] {logging_mixin.py:190} INFO - [2026-06-28T11:02:09.289+0000] {dag.py:4138} INFO - Setting next_dagrun for dataset_consumes_1_and_2 to None, run_after=None
[2026-06-28T11:02:09.290+0000] {logging_mixin.py:190} INFO - [2026-06-28T11:02:09.290+0000] {dag.py:4138} INFO - Setting next_dagrun for dataset_consumes_1_never_scheduled to None, run_after=None
[2026-06-28T11:02:09.291+0000] {logging_mixin.py:190} INFO - [2026-06-28T11:02:09.291+0000] {dag.py:4138} INFO - Setting next_dagrun for dataset_consumes_unknown_never_scheduled to None, run_after=None
[2026-06-28T11:02:09.293+0000] {logging_mixin.py:190} INFO - [2026-06-28T11:02:09.293+0000] {dag.py:4138} INFO - Setting next_dagrun for dataset_produces_1 to 2026-06-27 00:00:00+00:00, run_after=2026-06-28 00:00:00+00:00
[2026-06-28T11:02:09.294+0000] {logging_mixin.py:190} INFO - [2026-06-28T11:02:09.294+0000] {dag.py:4138} INFO - Setting next_dagrun for dataset_produces_2 to None, run_after=None
[2026-06-28T11:02:09.326+0000] {processor.py:208} INFO - Processing /home/airflow/.local/lib/python3.12/site-packages/airflow/example_dags/example_datasets.py took 0.242 seconds
[2026-06-28T11:02:39.725+0000] {processor.py:186} INFO - Started process (PID=164) to work on /home/airflow/.local/lib/python3.12/site-packages/airflow/example_dags/example_datasets.py
[2026-06-28T11:02:39.726+0000] {processor.py:914} INFO - Processing file /home/airflow/.local/lib/python3.12/site-packages/airflow/example_dags/example_datasets.py for tasks to queue
[2026-06-28T11:02:39.728+0000] {logging_mixin.py:190} INFO - [2026-06-28T11:02:39.728+0000] {dagbag.py:587} INFO - Filling up the DagBag from /home/airflow/.local/lib/python3.12/site-packages/airflow/example_dags/example_datasets.py
[2026-06-28T11:02:39.855+0000] {processor.py:925} INFO - DAG(s) 'consume_1_or_2_with_dataset_expressions', 'dataset_produces_1', 'dataset_consumes_1_never_scheduled', 'dataset_consumes_unknown_never_scheduled', 'consume_1_or_both_2_and_3_with_dataset_expressions', 'consume_1_and_2_with_dataset_expressions', 'dataset_consumes_1', 'dataset_produces_2', 'conditional_dataset_and_time_based_timetable', 'dataset_consumes_1_and_2' retrieved from /home/airflow/.local/lib/python3.12/site-packages/airflow/example_dags/example_datasets.py
[2026-06-28T11:02:39.890+0000] {logging_mixin.py:190} INFO - [2026-06-28T11:02:39.890+0000] {dag.py:3211} INFO - Sync 10 DAGs
[2026-06-28T11:02:39.914+0000] {logging_mixin.py:190} INFO - [2026-06-28T11:02:39.914+0000] {dag.py:4138} INFO - Setting next_dagrun for conditional_dataset_and_time_based_timetable to 2026-06-24 01:00:00+00:00, run_after=2026-06-24 01:00:00+00:00
[2026-06-28T11:02:39.917+0000] {logging_mixin.py:190} INFO - [2026-06-28T11:02:39.917+0000] {dag.py:4138} INFO - Setting next_dagrun for consume_1_and_2_with_dataset_expressions to None, run_after=None
[2026-06-28T11:02:39.919+0000] {logging_mixin.py:190} INFO - [2026-06-28T11:02:39.918+0000] {dag.py:4138} INFO - Setting next_dagrun for consume_1_or_2_with_dataset_expressions to None, run_after=None
[2026-06-28T11:02:39.920+0000] {logging_mixin.py:190} INFO - [2026-06-28T11:02:39.920+0000] {dag.py:4138} INFO - Setting next_dagrun for consume_1_or_both_2_and_3_with_dataset_expressions to None, run_after=None
[2026-06-28T11:02:39.921+0000] {logging_mixin.py:190} INFO - [2026-06-28T11:02:39.921+0000] {dag.py:4138} INFO - Setting next_dagrun for dataset_consumes_1 to None, run_after=None
[2026-06-28T11:02:39.922+0000] {logging_mixin.py:190} INFO - [2026-06-28T11:02:39.922+0000] {dag.py:4138} INFO - Setting next_dagrun for dataset_consumes_1_and_2 to None, run_after=None
[2026-06-28T11:02:39.923+0000] {logging_mixin.py:190} INFO - [2026-06-28T11:02:39.923+0000] {dag.py:4138} INFO - Setting next_dagrun for dataset_consumes_1_never_scheduled to None, run_after=None
[2026-06-28T11:02:39.924+0000] {logging_mixin.py:190} INFO - [2026-06-28T11:02:39.924+0000] {dag.py:4138} INFO - Setting next_dagrun for dataset_consumes_unknown_never_scheduled to None, run_after=None
[2026-06-28T11:02:39.926+0000] {logging_mixin.py:190} INFO - [2026-06-28T11:02:39.926+0000] {dag.py:4138} INFO - Setting next_dagrun for dataset_produces_1 to 2026-06-27 00:00:00+00:00, run_after=2026-06-28 00:00:00+00:00
[2026-06-28T11:02:39.927+0000] {logging_mixin.py:190} INFO - [2026-06-28T11:02:39.927+0000] {dag.py:4138} INFO - Setting next_dagrun for dataset_produces_2 to None, run_after=None
[2026-06-28T11:02:39.962+0000] {processor.py:208} INFO - Processing /home/airflow/.local/lib/python3.12/site-packages/airflow/example_dags/example_datasets.py took 0.242 seconds
[2026-06-28T11:03:10.395+0000] {processor.py:186} INFO - Started process (PID=226) to work on /home/airflow/.local/lib/python3.12/site-packages/airflow/example_dags/example_datasets.py
[2026-06-28T11:03:10.396+0000] {processor.py:914} INFO - Processing file /home/airflow/.local/lib/python3.12/site-packages/airflow/example_dags/example_datasets.py for tasks to queue
[2026-06-28T11:03:10.398+0000] {logging_mixin.py:190} INFO - [2026-06-28T11:03:10.398+0000] {dagbag.py:587} INFO - Filling up the DagBag from /home/airflow/.local/lib/python3.12/site-packages/airflow/example_dags/example_datasets.py
[2026-06-28T11:03:10.540+0000] {processor.py:925} INFO - DAG(s) 'dataset_consumes_1_never_scheduled', 'dataset_produces_2', 'consume_1_and_2_with_dataset_expressions', 'dataset_consumes_unknown_never_scheduled', 'consume_1_or_both_2_and_3_with_dataset_expressions', 'dataset_consumes_1', 'dataset_consumes_1_and_2', 'conditional_dataset_and_time_based_timetable', 'consume_1_or_2_with_dataset_expressions', 'dataset_produces_1' retrieved from /home/airflow/.local/lib/python3.12/site-packages/airflow/example_dags/example_datasets.py
[2026-06-28T11:03:10.590+0000] {logging_mixin.py:190} INFO - [2026-06-28T11:03:10.590+0000] {dag.py:3211} INFO - Sync 10 DAGs
[2026-06-28T11:03:10.616+0000] {logging_mixin.py:190} INFO - [2026-06-28T11:03:10.615+0000] {dag.py:4138} INFO - Setting next_dagrun for conditional_dataset_and_time_based_timetable to 2026-06-24 01:00:00+00:00, run_after=2026-06-24 01:00:00+00:00
[2026-06-28T11:03:10.619+0000] {logging_mixin.py:190} INFO - [2026-06-28T11:03:10.619+0000] {dag.py:4138} INFO - Setting next_dagrun for consume_1_and_2_with_dataset_expressions to None, run_after=None
[2026-06-28T11:03:10.620+0000] {logging_mixin.py:190} INFO - [2026-06-28T11:03:10.620+0000] {dag.py:4138} INFO - Setting next_dagrun for consume_1_or_2_with_dataset_expressions to None, run_after=None
[2026-06-28T11:03:10.622+0000] {logging_mixin.py:190} INFO - [2026-06-28T11:03:10.622+0000] {dag.py:4138} INFO - Setting next_dagrun for consume_1_or_both_2_and_3_with_dataset_expressions to None, run_after=None
[2026-06-28T11:03:10.623+0000] {logging_mixin.py:190} INFO - [2026-06-28T11:03:10.623+0000] {dag.py:4138} INFO - Setting next_dagrun for dataset_consumes_1 to None, run_after=None
[2026-06-28T11:03:10.625+0000] {logging_mixin.py:190} INFO - [2026-06-28T11:03:10.624+0000] {dag.py:4138} INFO - Setting next_dagrun for dataset_consumes_1_and_2 to None, run_after=None
[2026-06-28T11:03:10.626+0000] {logging_mixin.py:190} INFO - [2026-06-28T11:03:10.626+0000] {dag.py:4138} INFO - Setting next_dagrun for dataset_consumes_1_never_scheduled to None, run_after=None
[2026-06-28T11:03:10.627+0000] {logging_mixin.py:190} INFO - [2026-06-28T11:03:10.627+0000] {dag.py:4138} INFO - Setting next_dagrun for dataset_consumes_unknown_never_scheduled to None, run_after=None
[2026-06-28T11:03:10.631+0000] {logging_mixin.py:190} INFO - [2026-06-28T11:03:10.630+0000] {dag.py:4138} INFO - Setting next_dagrun for dataset_produces_1 to 2026-06-27 00:00:00+00:00, run_after=2026-06-28 00:00:00+00:00
[2026-06-28T11:03:10.633+0000] {logging_mixin.py:190} INFO - [2026-06-28T11:03:10.632+0000] {dag.py:4138} INFO - Setting next_dagrun for dataset_produces_2 to None, run_after=None
[2026-06-28T11:03:10.679+0000] {processor.py:208} INFO - Processing /home/airflow/.local/lib/python3.12/site-packages/airflow/example_dags/example_datasets.py took 0.290 seconds
[2026-06-28T11:03:41.218+0000] {processor.py:186} INFO - Started process (PID=288) to work on /home/airflow/.local/lib/python3.12/site-packages/airflow/example_dags/example_datasets.py
[2026-06-28T11:03:41.219+0000] {processor.py:914} INFO - Processing file /home/airflow/.local/lib/python3.12/site-packages/airflow/example_dags/example_datasets.py for tasks to queue
[2026-06-28T11:03:41.221+0000] {logging_mixin.py:190} INFO - [2026-06-28T11:03:41.221+0000] {dagbag.py:587} INFO - Filling up the DagBag from /home/airflow/.local/lib/python3.12/site-packages/airflow/example_dags/example_datasets.py
[2026-06-28T11:03:41.421+0000] {processor.py:925} INFO - DAG(s) 'dataset_consumes_1_never_scheduled', 'dataset_consumes_unknown_never_scheduled', 'dataset_consumes_1_and_2', 'dataset_consumes_1', 'dataset_produces_1', 'consume_1_or_both_2_and_3_with_dataset_expressions', 'consume_1_or_2_with_dataset_expressions', 'consume_1_and_2_with_dataset_expressions', 'conditional_dataset_and_time_based_timetable', 'dataset_produces_2' retrieved from /home/airflow/.local/lib/python3.12/site-packages/airflow/example_dags/example_datasets.py
[2026-06-28T11:03:41.478+0000] {logging_mixin.py:190} INFO - [2026-06-28T11:03:41.477+0000] {dag.py:3211} INFO - Sync 10 DAGs
[2026-06-28T11:03:41.510+0000] {logging_mixin.py:190} INFO - [2026-06-28T11:03:41.510+0000] {dag.py:4138} INFO - Setting next_dagrun for conditional_dataset_and_time_based_timetable to 2026-06-24 01:00:00+00:00, run_after=2026-06-24 01:00:00+00:00
[2026-06-28T11:03:41.514+0000] {logging_mixin.py:190} INFO - [2026-06-28T11:03:41.514+0000] {dag.py:4138} INFO - Setting next_dagrun for consume_1_and_2_with_dataset_expressions to None, run_after=None
[2026-06-28T11:03:41.516+0000] {logging_mixin.py:190} INFO - [2026-06-28T11:03:41.516+0000] {dag.py:4138} INFO - Setting next_dagrun for consume_1_or_2_with_dataset_expressions to None, run_after=None
[2026-06-28T11:03:41.517+0000] {logging_mixin.py:190} INFO - [2026-06-28T11:03:41.517+0000] {dag.py:4138} INFO - Setting next_dagrun for consume_1_or_both_2_and_3_with_dataset_expressions to None, run_after=None
[2026-06-28T11:03:41.518+0000] {logging_mixin.py:190} INFO - [2026-06-28T11:03:41.518+0000] {dag.py:4138} INFO - Setting next_dagrun for dataset_consumes_1 to None, run_after=None
[2026-06-28T11:03:41.519+0000] {logging_mixin.py:190} INFO - [2026-06-28T11:03:41.519+0000] {dag.py:4138} INFO - Setting next_dagrun for dataset_consumes_1_and_2 to None, run_after=None
[2026-06-28T11:03:41.520+0000] {logging_mixin.py:190} INFO - [2026-06-28T11:03:41.520+0000] {dag.py:4138} INFO - Setting next_dagrun for dataset_consumes_1_never_scheduled to None, run_after=None
[2026-06-28T11:03:41.521+0000] {logging_mixin.py:190} INFO - [2026-06-28T11:03:41.521+0000] {dag.py:4138} INFO - Setting next_dagrun for dataset_consumes_unknown_never_scheduled to None, run_after=None
[2026-06-28T11:03:41.524+0000] {logging_mixin.py:190} INFO - [2026-06-28T11:03:41.523+0000] {dag.py:4138} INFO - Setting next_dagrun for dataset_produces_1 to 2026-06-27 00:00:00+00:00, run_after=2026-06-28 00:00:00+00:00
[2026-06-28T11:03:41.525+0000] {logging_mixin.py:190} INFO - [2026-06-28T11:03:41.525+0000] {dag.py:4138} INFO - Setting next_dagrun for dataset_produces_2 to None, run_after=None
[2026-06-28T11:03:41.572+0000] {processor.py:208} INFO - Processing /home/airflow/.local/lib/python3.12/site-packages/airflow/example_dags/example_datasets.py took 0.362 seconds
[2026-06-28T11:04:11.747+0000] {processor.py:186} INFO - Started process (PID=350) to work on /home/airflow/.local/lib/python3.12/site-packages/airflow/example_dags/example_datasets.py
[2026-06-28T11:04:11.748+0000] {processor.py:914} INFO - Processing file /home/airflow/.local/lib/python3.12/site-packages/airflow/example_dags/example_datasets.py for tasks to queue
[2026-06-28T11:04:11.750+0000] {logging_mixin.py:190} INFO - [2026-06-28T11:04:11.750+0000] {dagbag.py:587} INFO - Filling up the DagBag from /home/airflow/.local/lib/python3.12/site-packages/airflow/example_dags/example_datasets.py
[2026-06-28T11:04:11.938+0000] {processor.py:925} INFO - DAG(s) 'dataset_produces_1', 'dataset_produces_2', 'dataset_consumes_1', 'conditional_dataset_and_time_based_timetable', 'dataset_consumes_1_never_scheduled', 'consume_1_or_2_with_dataset_expressions', 'consume_1_and_2_with_dataset_expressions', 'dataset_consumes_unknown_never_scheduled', 'consume_1_or_both_2_and_3_with_dataset_expressions', 'dataset_consumes_1_and_2' retrieved from /home/airflow/.local/lib/python3.12/site-packages/airflow/example_dags/example_datasets.py
[2026-06-28T11:04:11.986+0000] {logging_mixin.py:190} INFO - [2026-06-28T11:04:11.985+0000] {dag.py:3211} INFO - Sync 10 DAGs
[2026-06-28T11:04:12.013+0000] {logging_mixin.py:190} INFO - [2026-06-28T11:04:12.013+0000] {dag.py:4138} INFO - Setting next_dagrun for conditional_dataset_and_time_based_timetable to 2026-06-24 01:00:00+00:00, run_after=2026-06-24 01:00:00+00:00
[2026-06-28T11:04:12.017+0000] {logging_mixin.py:190} INFO - [2026-06-28T11:04:12.017+0000] {dag.py:4138} INFO - Setting next_dagrun for consume_1_and_2_with_dataset_expressions to None, run_after=None
[2026-06-28T11:04:12.018+0000] {logging_mixin.py:190} INFO - [2026-06-28T11:04:12.018+0000] {dag.py:4138} INFO - Setting next_dagrun for consume_1_or_2_with_dataset_expressions to None, run_after=None
[2026-06-28T11:04:12.019+0000] {logging_mixin.py:190} INFO - [2026-06-28T11:04:12.019+0000] {dag.py:4138} INFO - Setting next_dagrun for consume_1_or_both_2_and_3_with_dataset_expressions to None, run_after=None
[2026-06-28T11:04:12.020+0000] {logging_mixin.py:190} INFO - [2026-06-28T11:04:12.020+0000] {dag.py:4138} INFO - Setting next_dagrun for dataset_consumes_1 to None, run_after=None
[2026-06-28T11:04:12.021+0000] {logging_mixin.py:190} INFO - [2026-06-28T11:04:12.021+0000] {dag.py:4138} INFO - Setting next_dagrun for dataset_consumes_1_and_2 to None, run_after=None
[2026-06-28T11:04:12.023+0000] {logging_mixin.py:190} INFO - [2026-06-28T11:04:12.022+0000] {dag.py:4138} INFO - Setting next_dagrun for dataset_consumes_1_never_scheduled to None, run_after=None
[2026-06-28T11:04:12.024+0000] {logging_mixin.py:190} INFO - [2026-06-28T11:04:12.024+0000] {dag.py:4138} INFO - Setting next_dagrun for dataset_consumes_unknown_never_scheduled to None, run_after=None
[2026-06-28T11:04:12.026+0000] {logging_mixin.py:190} INFO - [2026-06-28T11:04:12.026+0000] {dag.py:4138} INFO - Setting next_dagrun for dataset_produces_1 to 2026-06-27 00:00:00+00:00, run_after=2026-06-28 00:00:00+00:00
[2026-06-28T11:04:12.027+0000] {logging_mixin.py:190} INFO - [2026-06-28T11:04:12.027+0000] {dag.py:4138} INFO - Setting next_dagrun for dataset_produces_2 to None, run_after=None
[2026-06-28T11:04:12.068+0000] {processor.py:208} INFO - Processing /home/airflow/.local/lib/python3.12/site-packages/airflow/example_dags/example_datasets.py took 0.329 seconds
[2026-06-28T11:04:42.388+0000] {processor.py:186} INFO - Started process (PID=412) to work on /home/airflow/.local/lib/python3.12/site-packages/airflow/example_dags/example_datasets.py
[2026-06-28T11:04:42.389+0000] {processor.py:914} INFO - Processing file /home/airflow/.local/lib/python3.12/site-packages/airflow/example_dags/example_datasets.py for tasks to queue
[2026-06-28T11:04:42.391+0000] {logging_mixin.py:190} INFO - [2026-06-28T11:04:42.391+0000] {dagbag.py:587} INFO - Filling up the DagBag from /home/airflow/.local/lib/python3.12/site-packages/airflow/example_dags/example_datasets.py
[2026-06-28T11:04:42.554+0000] {processor.py:925} INFO - DAG(s) 'dataset_consumes_1', 'dataset_consumes_1_and_2', 'consume_1_and_2_with_dataset_expressions', 'dataset_produces_2', 'dataset_produces_1', 'dataset_consumes_unknown_never_scheduled', 'dataset_consumes_1_never_scheduled', 'consume_1_or_both_2_and_3_with_dataset_expressions', 'consume_1_or_2_with_dataset_expressions', 'conditional_dataset_and_time_based_timetable' retrieved from /home/airflow/.local/lib/python3.12/site-packages/airflow/example_dags/example_datasets.py
[2026-06-28T11:04:42.601+0000] {logging_mixin.py:190} INFO - [2026-06-28T11:04:42.601+0000] {dag.py:3211} INFO - Sync 10 DAGs
[2026-06-28T11:04:42.628+0000] {logging_mixin.py:190} INFO - [2026-06-28T11:04:42.627+0000] {dag.py:4138} INFO - Setting next_dagrun for conditional_dataset_and_time_based_timetable to 2026-06-24 01:00:00+00:00, run_after=2026-06-24 01:00:00+00:00
[2026-06-28T11:04:42.631+0000] {logging_mixin.py:190} INFO - [2026-06-28T11:04:42.631+0000] {dag.py:4138} INFO - Setting next_dagrun for consume_1_and_2_with_dataset_expressions to None, run_after=None
[2026-06-28T11:04:42.633+0000] {logging_mixin.py:190} INFO - [2026-06-28T11:04:42.633+0000] {dag.py:4138} INFO - Setting next_dagrun for consume_1_or_2_with_dataset_expressions to None, run_after=None
[2026-06-28T11:04:42.635+0000] {logging_mixin.py:190} INFO - [2026-06-28T11:04:42.635+0000] {dag.py:4138} INFO - Setting next_dagrun for consume_1_or_both_2_and_3_with_dataset_expressions to None, run_after=None
[2026-06-28T11:04:42.637+0000] {logging_mixin.py:190} INFO - [2026-06-28T11:04:42.637+0000] {dag.py:4138} INFO - Setting next_dagrun for dataset_consumes_1 to None, run_after=None
[2026-06-28T11:04:42.638+0000] {logging_mixin.py:190} INFO - [2026-06-28T11:04:42.638+0000] {dag.py:4138} INFO - Setting next_dagrun for dataset_consumes_1_and_2 to None, run_after=None
[2026-06-28T11:04:42.639+0000] {logging_mixin.py:190} INFO - [2026-06-28T11:04:42.639+0000] {dag.py:4138} INFO - Setting next_dagrun for dataset_consumes_1_never_scheduled to None, run_after=None
[2026-06-28T11:04:42.640+0000] {logging_mixin.py:190} INFO - [2026-06-28T11:04:42.640+0000] {dag.py:4138} INFO - Setting next_dagrun for dataset_consumes_unknown_never_scheduled to None, run_after=None
[2026-06-28T11:04:42.642+0000] {logging_mixin.py:190} INFO - [2026-06-28T11:04:42.642+0000] {dag.py:4138} INFO - Setting next_dagrun for dataset_produces_1 to 2026-06-27 00:00:00+00:00, run_after=2026-06-28 00:00:00+00:00
[2026-06-28T11:04:42.644+0000] {logging_mixin.py:190} INFO - [2026-06-28T11:04:42.643+0000] {dag.py:4138} INFO - Setting next_dagrun for dataset_produces_2 to None, run_after=None
[2026-06-28T11:04:42.681+0000] {processor.py:208} INFO - Processing /home/airflow/.local/lib/python3.12/site-packages/airflow/example_dags/example_datasets.py took 0.298 seconds
[2026-06-28T11:05:13.277+0000] {processor.py:186} INFO - Started process (PID=480) to work on /home/airflow/.local/lib/python3.12/site-packages/airflow/example_dags/example_datasets.py
[2026-06-28T11:05:13.278+0000] {processor.py:914} INFO - Processing file /home/airflow/.local/lib/python3.12/site-packages/airflow/example_dags/example_datasets.py for tasks to queue
[2026-06-28T11:05:13.281+0000] {logging_mixin.py:190} INFO - [2026-06-28T11:05:13.281+0000] {dagbag.py:587} INFO - Filling up the DagBag from /home/airflow/.local/lib/python3.12/site-packages/airflow/example_dags/example_datasets.py
[2026-06-28T11:05:13.502+0000] {processor.py:925} INFO - DAG(s) 'dataset_consumes_1_and_2', 'consume_1_and_2_with_dataset_expressions', 'dataset_produces_1', 'consume_1_or_2_with_dataset_expressions', 'dataset_produces_2', 'dataset_consumes_1', 'dataset_consumes_1_never_scheduled', 'conditional_dataset_and_time_based_timetable', 'consume_1_or_both_2_and_3_with_dataset_expressions', 'dataset_consumes_unknown_never_scheduled' retrieved from /home/airflow/.local/lib/python3.12/site-packages/airflow/example_dags/example_datasets.py
[2026-06-28T11:05:13.551+0000] {logging_mixin.py:190} INFO - [2026-06-28T11:05:13.550+0000] {dag.py:3211} INFO - Sync 10 DAGs
[2026-06-28T11:05:13.579+0000] {logging_mixin.py:190} INFO - [2026-06-28T11:05:13.579+0000] {dag.py:4138} INFO - Setting next_dagrun for conditional_dataset_and_time_based_timetable to 2026-06-24 01:00:00+00:00, run_after=2026-06-24 01:00:00+00:00
[2026-06-28T11:05:13.584+0000] {logging_mixin.py:190} INFO - [2026-06-28T11:05:13.584+0000] {dag.py:4138} INFO - Setting next_dagrun for consume_1_and_2_with_dataset_expressions to None, run_after=None
[2026-06-28T11:05:13.586+0000] {logging_mixin.py:190} INFO - [2026-06-28T11:05:13.586+0000] {dag.py:4138} INFO - Setting next_dagrun for consume_1_or_2_with_dataset_expressions to None, run_after=None
[2026-06-28T11:05:13.587+0000] {logging_mixin.py:190} INFO - [2026-06-28T11:05:13.587+0000] {dag.py:4138} INFO - Setting next_dagrun for consume_1_or_both_2_and_3_with_dataset_expressions to None, run_after=None
[2026-06-28T11:05:13.588+0000] {logging_mixin.py:190} INFO - [2026-06-28T11:05:13.588+0000] {dag.py:4138} INFO - Setting next_dagrun for dataset_consumes_1 to None, run_after=None
[2026-06-28T11:05:13.589+0000] {logging_mixin.py:190} INFO - [2026-06-28T11:05:13.589+0000] {dag.py:4138} INFO - Setting next_dagrun for dataset_consumes_1_and_2 to None, run_after=None
[2026-06-28T11:05:13.590+0000] {logging_mixin.py:190} INFO - [2026-06-28T11:05:13.590+0000] {dag.py:4138} INFO - Setting next_dagrun for dataset_consumes_1_never_scheduled to None, run_after=None
[2026-06-28T11:05:13.591+0000] {logging_mixin.py:190} INFO - [2026-06-28T11:05:13.591+0000] {dag.py:4138} INFO - Setting next_dagrun for dataset_consumes_unknown_never_scheduled to None, run_after=None
[2026-06-28T11:05:13.593+0000] {logging_mixin.py:190} INFO - [2026-06-28T11:05:13.593+0000] {dag.py:4138} INFO - Setting next_dagrun for dataset_produces_1 to 2026-06-27 00:00:00+00:00, run_after=2026-06-28 00:00:00+00:00
[2026-06-28T11:05:13.594+0000] {logging_mixin.py:190} INFO - [2026-06-28T11:05:13.594+0000] {dag.py:4138} INFO - Setting next_dagrun for dataset_produces_2 to None, run_after=None
[2026-06-28T11:05:13.630+0000] {processor.py:208} INFO - Processing /home/airflow/.local/lib/python3.12/site-packages/airflow/example_dags/example_datasets.py took 0.360 seconds
[2026-06-28T11:05:43.715+0000] {processor.py:186} INFO - Started process (PID=541) to work on /home/airflow/.local/lib/python3.12/site-packages/airflow/example_dags/example_datasets.py
[2026-06-28T11:05:43.716+0000] {processor.py:914} INFO - Processing file /home/airflow/.local/lib/python3.12/site-packages/airflow/example_dags/example_datasets.py for tasks to queue
[2026-06-28T11:05:43.719+0000] {logging_mixin.py:190} INFO - [2026-06-28T11:05:43.719+0000] {dagbag.py:587} INFO - Filling up the DagBag from /home/airflow/.local/lib/python3.12/site-packages/airflow/example_dags/example_datasets.py
[2026-06-28T11:05:43.909+0000] {processor.py:925} INFO - DAG(s) 'dataset_produces_2', 'dataset_consumes_unknown_never_scheduled', 'consume_1_and_2_with_dataset_expressions', 'dataset_produces_1', 'conditional_dataset_and_time_based_timetable', 'consume_1_or_2_with_dataset_expressions', 'dataset_consumes_1_never_scheduled', 'consume_1_or_both_2_and_3_with_dataset_expressions', 'dataset_consumes_1_and_2', 'dataset_consumes_1' retrieved from /home/airflow/.local/lib/python3.12/site-packages/airflow/example_dags/example_datasets.py
[2026-06-28T11:05:43.968+0000] {logging_mixin.py:190} INFO - [2026-06-28T11:05:43.968+0000] {dag.py:3211} INFO - Sync 10 DAGs
[2026-06-28T11:05:44.003+0000] {logging_mixin.py:190} INFO - [2026-06-28T11:05:44.002+0000] {dag.py:4138} INFO - Setting next_dagrun for conditional_dataset_and_time_based_timetable to 2026-06-24 01:00:00+00:00, run_after=2026-06-24 01:00:00+00:00
[2026-06-28T11:05:44.008+0000] {logging_mixin.py:190} INFO - [2026-06-28T11:05:44.008+0000] {dag.py:4138} INFO - Setting next_dagrun for consume_1_and_2_with_dataset_expressions to None, run_after=None
[2026-06-28T11:05:44.011+0000] {logging_mixin.py:190} INFO - [2026-06-28T11:05:44.011+0000] {dag.py:4138} INFO - Setting next_dagrun for consume_1_or_2_with_dataset_expressions to None, run_after=None
[2026-06-28T11:05:44.013+0000] {logging_mixin.py:190} INFO - [2026-06-28T11:05:44.013+0000] {dag.py:4138} INFO - Setting next_dagrun for consume_1_or_both_2_and_3_with_dataset_expressions to None, run_after=None
[2026-06-28T11:05:44.016+0000] {logging_mixin.py:190} INFO - [2026-06-28T11:05:44.015+0000] {dag.py:4138} INFO - Setting next_dagrun for dataset_consumes_1 to None, run_after=None
[2026-06-28T11:05:44.018+0000] {logging_mixin.py:190} INFO - [2026-06-28T11:05:44.018+0000] {dag.py:4138} INFO - Setting next_dagrun for dataset_consumes_1_and_2 to None, run_after=None
[2026-06-28T11:05:44.025+0000] {logging_mixin.py:190} INFO - [2026-06-28T11:05:44.025+0000] {dag.py:4138} INFO - Setting next_dagrun for dataset_consumes_1_never_scheduled to None, run_after=None
[2026-06-28T11:05:44.028+0000] {logging_mixin.py:190} INFO - [2026-06-28T11:05:44.028+0000] {dag.py:4138} INFO - Setting next_dagrun for dataset_consumes_unknown_never_scheduled to None, run_after=None
[2026-06-28T11:05:44.035+0000] {logging_mixin.py:190} INFO - [2026-06-28T11:05:44.034+0000] {dag.py:4138} INFO - Setting next_dagrun for dataset_produces_1 to 2026-06-27 00:00:00+00:00, run_after=2026-06-28 00:00:00+00:00
[2026-06-28T11:05:44.037+0000] {logging_mixin.py:190} INFO - [2026-06-28T11:05:44.037+0000] {dag.py:4138} INFO - Setting next_dagrun for dataset_produces_2 to None, run_after=None
[2026-06-28T11:05:44.113+0000] {processor.py:208} INFO - Processing /home/airflow/.local/lib/python3.12/site-packages/airflow/example_dags/example_datasets.py took 0.405 seconds
[2026-06-28T11:06:14.273+0000] {processor.py:186} INFO - Started process (PID=605) to work on /home/airflow/.local/lib/python3.12/site-packages/airflow/example_dags/example_datasets.py
[2026-06-28T11:06:14.274+0000] {processor.py:914} INFO - Processing file /home/airflow/.local/lib/python3.12/site-packages/airflow/example_dags/example_datasets.py for tasks to queue
[2026-06-28T11:06:14.277+0000] {logging_mixin.py:190} INFO - [2026-06-28T11:06:14.277+0000] {dagbag.py:587} INFO - Filling up the DagBag from /home/airflow/.local/lib/python3.12/site-packages/airflow/example_dags/example_datasets.py
[2026-06-28T11:06:14.516+0000] {processor.py:925} INFO - DAG(s) 'consume_1_or_both_2_and_3_with_dataset_expressions', 'dataset_produces_2', 'consume_1_and_2_with_dataset_expressions', 'dataset_consumes_1_never_scheduled', 'dataset_consumes_1_and_2', 'conditional_dataset_and_time_based_timetable', 'consume_1_or_2_with_dataset_expressions', 'dataset_consumes_unknown_never_scheduled', 'dataset_consumes_1', 'dataset_produces_1' retrieved from /home/airflow/.local/lib/python3.12/site-packages/airflow/example_dags/example_datasets.py
[2026-06-28T11:06:14.577+0000] {logging_mixin.py:190} INFO - [2026-06-28T11:06:14.576+0000] {dag.py:3211} INFO - Sync 10 DAGs
[2026-06-28T11:06:14.611+0000] {logging_mixin.py:190} INFO - [2026-06-28T11:06:14.611+0000] {dag.py:4138} INFO - Setting next_dagrun for conditional_dataset_and_time_based_timetable to 2026-06-24 01:00:00+00:00, run_after=2026-06-24 01:00:00+00:00
[2026-06-28T11:06:14.617+0000] {logging_mixin.py:190} INFO - [2026-06-28T11:06:14.616+0000] {dag.py:4138} INFO - Setting next_dagrun for consume_1_and_2_with_dataset_expressions to None, run_after=None
[2026-06-28T11:06:14.619+0000] {logging_mixin.py:190} INFO - [2026-06-28T11:06:14.619+0000] {dag.py:4138} INFO - Setting next_dagrun for consume_1_or_2_with_dataset_expressions to None, run_after=None
[2026-06-28T11:06:14.621+0000] {logging_mixin.py:190} INFO - [2026-06-28T11:06:14.621+0000] {dag.py:4138} INFO - Setting next_dagrun for consume_1_or_both_2_and_3_with_dataset_expressions to None, run_after=None
[2026-06-28T11:06:14.623+0000] {logging_mixin.py:190} INFO - [2026-06-28T11:06:14.622+0000] {dag.py:4138} INFO - Setting next_dagrun for dataset_consumes_1 to None, run_after=None
[2026-06-28T11:06:14.624+0000] {logging_mixin.py:190} INFO - [2026-06-28T11:06:14.624+0000] {dag.py:4138} INFO - Setting next_dagrun for dataset_consumes_1_and_2 to None, run_after=None
[2026-06-28T11:06:14.626+0000] {logging_mixin.py:190} INFO - [2026-06-28T11:06:14.626+0000] {dag.py:4138} INFO - Setting next_dagrun for dataset_consumes_1_never_scheduled to None, run_after=None
[2026-06-28T11:06:14.627+0000] {logging_mixin.py:190} INFO - [2026-06-28T11:06:14.627+0000] {dag.py:4138} INFO - Setting next_dagrun for dataset_consumes_unknown_never_scheduled to None, run_after=None
[2026-06-28T11:06:14.631+0000] {logging_mixin.py:190} INFO - [2026-06-28T11:06:14.630+0000] {dag.py:4138} INFO - Setting next_dagrun for dataset_produces_1 to 2026-06-27 00:00:00+00:00, run_after=2026-06-28 00:00:00+00:00
[2026-06-28T11:06:14.632+0000] {logging_mixin.py:190} INFO - [2026-06-28T11:06:14.632+0000] {dag.py:4138} INFO - Setting next_dagrun for dataset_produces_2 to None, run_after=None
[2026-06-28T11:06:14.677+0000] {processor.py:208} INFO - Processing /home/airflow/.local/lib/python3.12/site-packages/airflow/example_dags/example_datasets.py took 0.412 seconds
[2026-06-28T11:06:44.821+0000] {processor.py:186} INFO - Started process (PID=669) to work on /home/airflow/.local/lib/python3.12/site-packages/airflow/example_dags/example_datasets.py
[2026-06-28T11:06:44.823+0000] {processor.py:914} INFO - Processing file /home/airflow/.local/lib/python3.12/site-packages/airflow/example_dags/example_datasets.py for tasks to queue
[2026-06-28T11:06:44.826+0000] {logging_mixin.py:190} INFO - [2026-06-28T11:06:44.825+0000] {dagbag.py:587} INFO - Filling up the DagBag from /home/airflow/.local/lib/python3.12/site-packages/airflow/example_dags/example_datasets.py
[2026-06-28T11:06:45.008+0000] {processor.py:925} INFO - DAG(s) 'consume_1_or_2_with_dataset_expressions', 'conditional_dataset_and_time_based_timetable', 'dataset_consumes_1', 'consume_1_or_both_2_and_3_with_dataset_expressions', 'dataset_consumes_unknown_never_scheduled', 'dataset_produces_2', 'dataset_consumes_1_and_2', 'dataset_consumes_1_never_scheduled', 'consume_1_and_2_with_dataset_expressions', 'dataset_produces_1' retrieved from /home/airflow/.local/lib/python3.12/site-packages/airflow/example_dags/example_datasets.py
[2026-06-28T11:06:45.068+0000] {logging_mixin.py:190} INFO - [2026-06-28T11:06:45.068+0000] {dag.py:3211} INFO - Sync 10 DAGs
[2026-06-28T11:06:45.102+0000] {logging_mixin.py:190} INFO - [2026-06-28T11:06:45.101+0000] {dag.py:4138} INFO - Setting next_dagrun for conditional_dataset_and_time_based_timetable to 2026-06-24 01:00:00+00:00, run_after=2026-06-24 01:00:00+00:00
[2026-06-28T11:06:45.106+0000] {logging_mixin.py:190} INFO - [2026-06-28T11:06:45.106+0000] {dag.py:4138} INFO - Setting next_dagrun for consume_1_and_2_with_dataset_expressions to None, run_after=None
[2026-06-28T11:06:45.108+0000] {logging_mixin.py:190} INFO - [2026-06-28T11:06:45.107+0000] {dag.py:4138} INFO - Setting next_dagrun for consume_1_or_2_with_dataset_expressions to None, run_after=None
[2026-06-28T11:06:45.109+0000] {logging_mixin.py:190} INFO - [2026-06-28T11:06:45.109+0000] {dag.py:4138} INFO - Setting next_dagrun for consume_1_or_both_2_and_3_with_dataset_expressions to None, run_after=None
[2026-06-28T11:06:45.110+0000] {logging_mixin.py:190} INFO - [2026-06-28T11:06:45.110+0000] {dag.py:4138} INFO - Setting next_dagrun for dataset_consumes_1 to None, run_after=None
[2026-06-28T11:06:45.111+0000] {logging_mixin.py:190} INFO - [2026-06-28T11:06:45.111+0000] {dag.py:4138} INFO - Setting next_dagrun for dataset_consumes_1_and_2 to None, run_after=None
[2026-06-28T11:06:45.112+0000] {logging_mixin.py:190} INFO - [2026-06-28T11:06:45.112+0000] {dag.py:4138} INFO - Setting next_dagrun for dataset_consumes_1_never_scheduled to None, run_after=None
[2026-06-28T11:06:45.113+0000] {logging_mixin.py:190} INFO - [2026-06-28T11:06:45.113+0000] {dag.py:4138} INFO - Setting next_dagrun for dataset_consumes_unknown_never_scheduled to None, run_after=None
[2026-06-28T11:06:45.115+0000] {logging_mixin.py:190} INFO - [2026-06-28T11:06:45.115+0000] {dag.py:4138} INFO - Setting next_dagrun for dataset_produces_1 to 2026-06-27 00:00:00+00:00, run_after=2026-06-28 00:00:00+00:00
[2026-06-28T11:06:45.117+0000] {logging_mixin.py:190} INFO - [2026-06-28T11:06:45.116+0000] {dag.py:4138} INFO - Setting next_dagrun for dataset_produces_2 to None, run_after=None
[2026-06-28T11:06:45.156+0000] {processor.py:208} INFO - Processing /home/airflow/.local/lib/python3.12/site-packages/airflow/example_dags/example_datasets.py took 0.342 seconds
[2026-06-28T11:07:15.313+0000] {processor.py:186} INFO - Started process (PID=731) to work on /home/airflow/.local/lib/python3.12/site-packages/airflow/example_dags/example_datasets.py
[2026-06-28T11:07:15.314+0000] {processor.py:914} INFO - Processing file /home/airflow/.local/lib/python3.12/site-packages/airflow/example_dags/example_datasets.py for tasks to queue
[2026-06-28T11:07:15.316+0000] {logging_mixin.py:190} INFO - [2026-06-28T11:07:15.316+0000] {dagbag.py:587} INFO - Filling up the DagBag from /home/airflow/.local/lib/python3.12/site-packages/airflow/example_dags/example_datasets.py
[2026-06-28T11:07:15.474+0000] {processor.py:925} INFO - DAG(s) 'dataset_consumes_unknown_never_scheduled', 'dataset_consumes_1_never_scheduled', 'conditional_dataset_and_time_based_timetable', 'dataset_produces_1', 'consume_1_and_2_with_dataset_expressions', 'dataset_consumes_1', 'consume_1_or_both_2_and_3_with_dataset_expressions', 'dataset_consumes_1_and_2', 'consume_1_or_2_with_dataset_expressions', 'dataset_produces_2' retrieved from /home/airflow/.local/lib/python3.12/site-packages/airflow/example_dags/example_datasets.py
[2026-06-28T11:07:15.523+0000] {logging_mixin.py:190} INFO - [2026-06-28T11:07:15.523+0000] {dag.py:3211} INFO - Sync 10 DAGs
[2026-06-28T11:07:15.555+0000] {logging_mixin.py:190} INFO - [2026-06-28T11:07:15.554+0000] {dag.py:4138} INFO - Setting next_dagrun for conditional_dataset_and_time_based_timetable to 2026-06-24 01:00:00+00:00, run_after=2026-06-24 01:00:00+00:00
[2026-06-28T11:07:15.558+0000] {logging_mixin.py:190} INFO - [2026-06-28T11:07:15.558+0000] {dag.py:4138} INFO - Setting next_dagrun for consume_1_and_2_with_dataset_expressions to None, run_after=None
[2026-06-28T11:07:15.560+0000] {logging_mixin.py:190} INFO - [2026-06-28T11:07:15.560+0000] {dag.py:4138} INFO - Setting next_dagrun for consume_1_or_2_with_dataset_expressions to None, run_after=None
[2026-06-28T11:07:15.561+0000] {logging_mixin.py:190} INFO - [2026-06-28T11:07:15.561+0000] {dag.py:4138} INFO - Setting next_dagrun for consume_1_or_both_2_and_3_with_dataset_expressions to None, run_after=None
[2026-06-28T11:07:15.562+0000] {logging_mixin.py:190} INFO - [2026-06-28T11:07:15.562+0000] {dag.py:4138} INFO - Setting next_dagrun for dataset_consumes_1 to None, run_after=None
[2026-06-28T11:07:15.563+0000] {logging_mixin.py:190} INFO - [2026-06-28T11:07:15.563+0000] {dag.py:4138} INFO - Setting next_dagrun for dataset_consumes_1_and_2 to None, run_after=None
[2026-06-28T11:07:15.564+0000] {logging_mixin.py:190} INFO - [2026-06-28T11:07:15.564+0000] {dag.py:4138} INFO - Setting next_dagrun for dataset_consumes_1_never_scheduled to None, run_after=None
[2026-06-28T11:07:15.566+0000] {logging_mixin.py:190} INFO - [2026-06-28T11:07:15.565+0000] {dag.py:4138} INFO - Setting next_dagrun for dataset_consumes_unknown_never_scheduled to None, run_after=None
[2026-06-28T11:07:15.568+0000] {logging_mixin.py:190} INFO - [2026-06-28T11:07:15.568+0000] {dag.py:4138} INFO - Setting next_dagrun for dataset_produces_1 to 2026-06-27 00:00:00+00:00, run_after=2026-06-28 00:00:00+00:00
[2026-06-28T11:07:15.569+0000] {logging_mixin.py:190} INFO - [2026-06-28T11:07:15.569+0000] {dag.py:4138} INFO - Setting next_dagrun for dataset_produces_2 to None, run_after=None
[2026-06-28T11:07:15.606+0000] {processor.py:208} INFO - Processing /home/airflow/.local/lib/python3.12/site-packages/airflow/example_dags/example_datasets.py took 0.300 seconds
[2026-06-28T11:07:45.859+0000] {processor.py:186} INFO - Started process (PID=793) to work on /home/airflow/.local/lib/python3.12/site-packages/airflow/example_dags/example_datasets.py
[2026-06-28T11:07:45.860+0000] {processor.py:914} INFO - Processing file /home/airflow/.local/lib/python3.12/site-packages/airflow/example_dags/example_datasets.py for tasks to queue
[2026-06-28T11:07:45.863+0000] {logging_mixin.py:190} INFO - [2026-06-28T11:07:45.862+0000] {dagbag.py:587} INFO - Filling up the DagBag from /home/airflow/.local/lib/python3.12/site-packages/airflow/example_dags/example_datasets.py
[2026-06-28T11:07:46.018+0000] {processor.py:925} INFO - DAG(s) 'dataset_consumes_1', 'consume_1_and_2_with_dataset_expressions', 'dataset_consumes_1_and_2', 'dataset_produces_1', 'consume_1_or_both_2_and_3_with_dataset_expressions', 'dataset_consumes_unknown_never_scheduled', 'dataset_consumes_1_never_scheduled', 'conditional_dataset_and_time_based_timetable', 'consume_1_or_2_with_dataset_expressions', 'dataset_produces_2' retrieved from /home/airflow/.local/lib/python3.12/site-packages/airflow/example_dags/example_datasets.py
[2026-06-28T11:07:46.067+0000] {logging_mixin.py:190} INFO - [2026-06-28T11:07:46.067+0000] {dag.py:3211} INFO - Sync 10 DAGs
[2026-06-28T11:07:46.094+0000] {logging_mixin.py:190} INFO - [2026-06-28T11:07:46.094+0000] {dag.py:4138} INFO - Setting next_dagrun for conditional_dataset_and_time_based_timetable to 2026-06-24 01:00:00+00:00, run_after=2026-06-24 01:00:00+00:00
[2026-06-28T11:07:46.097+0000] {logging_mixin.py:190} INFO - [2026-06-28T11:07:46.097+0000] {dag.py:4138} INFO - Setting next_dagrun for consume_1_and_2_with_dataset_expressions to None, run_after=None
[2026-06-28T11:07:46.100+0000] {logging_mixin.py:190} INFO - [2026-06-28T11:07:46.100+0000] {dag.py:4138} INFO - Setting next_dagrun for consume_1_or_2_with_dataset_expressions to None, run_after=None
[2026-06-28T11:07:46.101+0000] {logging_mixin.py:190} INFO - [2026-06-28T11:07:46.101+0000] {dag.py:4138} INFO - Setting next_dagrun for consume_1_or_both_2_and_3_with_dataset_expressions to None, run_after=None
[2026-06-28T11:07:46.102+0000] {logging_mixin.py:190} INFO - [2026-06-28T11:07:46.102+0000] {dag.py:4138} INFO - Setting next_dagrun for dataset_consumes_1 to None, run_after=None
[2026-06-28T11:07:46.104+0000] {logging_mixin.py:190} INFO - [2026-06-28T11:07:46.103+0000] {dag.py:4138} INFO - Setting next_dagrun for dataset_consumes_1_and_2 to None, run_after=None
[2026-06-28T11:07:46.105+0000] {logging_mixin.py:190} INFO - [2026-06-28T11:07:46.105+0000] {dag.py:4138} INFO - Setting next_dagrun for dataset_consumes_1_never_scheduled to None, run_after=None
[2026-06-28T11:07:46.106+0000] {logging_mixin.py:190} INFO - [2026-06-28T11:07:46.106+0000] {dag.py:4138} INFO - Setting next_dagrun for dataset_consumes_unknown_never_scheduled to None, run_after=None
[2026-06-28T11:07:46.109+0000] {logging_mixin.py:190} INFO - [2026-06-28T11:07:46.108+0000] {dag.py:4138} INFO - Setting next_dagrun for dataset_produces_1 to 2026-06-27 00:00:00+00:00, run_after=2026-06-28 00:00:00+00:00
[2026-06-28T11:07:46.110+0000] {logging_mixin.py:190} INFO - [2026-06-28T11:07:46.110+0000] {dag.py:4138} INFO - Setting next_dagrun for dataset_produces_2 to None, run_after=None
[2026-06-28T11:07:46.148+0000] {processor.py:208} INFO - Processing /home/airflow/.local/lib/python3.12/site-packages/airflow/example_dags/example_datasets.py took 0.295 seconds
[2026-06-28T11:08:16.271+0000] {processor.py:186} INFO - Started process (PID=855) to work on /home/airflow/.local/lib/python3.12/site-packages/airflow/example_dags/example_datasets.py
[2026-06-28T11:08:16.272+0000] {processor.py:914} INFO - Processing file /home/airflow/.local/lib/python3.12/site-packages/airflow/example_dags/example_datasets.py for tasks to queue
[2026-06-28T11:08:16.274+0000] {logging_mixin.py:190} INFO - [2026-06-28T11:08:16.273+0000] {dagbag.py:587} INFO - Filling up the DagBag from /home/airflow/.local/lib/python3.12/site-packages/airflow/example_dags/example_datasets.py
[2026-06-28T11:08:16.426+0000] {processor.py:925} INFO - DAG(s) 'dataset_consumes_1_never_scheduled', 'dataset_consumes_unknown_never_scheduled', 'consume_1_and_2_with_dataset_expressions', 'dataset_produces_2', 'dataset_produces_1', 'dataset_consumes_1', 'conditional_dataset_and_time_based_timetable', 'dataset_consumes_1_and_2', 'consume_1_or_both_2_and_3_with_dataset_expressions', 'consume_1_or_2_with_dataset_expressions' retrieved from /home/airflow/.local/lib/python3.12/site-packages/airflow/example_dags/example_datasets.py
[2026-06-28T11:08:16.473+0000] {logging_mixin.py:190} INFO - [2026-06-28T11:08:16.472+0000] {dag.py:3211} INFO - Sync 10 DAGs
[2026-06-28T11:08:16.499+0000] {logging_mixin.py:190} INFO - [2026-06-28T11:08:16.499+0000] {dag.py:4138} INFO - Setting next_dagrun for conditional_dataset_and_time_based_timetable to 2026-06-24 01:00:00+00:00, run_after=2026-06-24 01:00:00+00:00
[2026-06-28T11:08:16.504+0000] {logging_mixin.py:190} INFO - [2026-06-28T11:08:16.504+0000] {dag.py:4138} INFO - Setting next_dagrun for consume_1_and_2_with_dataset_expressions to None, run_after=None
[2026-06-28T11:08:16.505+0000] {logging_mixin.py:190} INFO - [2026-06-28T11:08:16.505+0000] {dag.py:4138} INFO - Setting next_dagrun for consume_1_or_2_with_dataset_expressions to None, run_after=None
[2026-06-28T11:08:16.506+0000] {logging_mixin.py:190} INFO - [2026-06-28T11:08:16.506+0000] {dag.py:4138} INFO - Setting next_dagrun for consume_1_or_both_2_and_3_with_dataset_expressions to None, run_after=None
[2026-06-28T11:08:16.507+0000] {logging_mixin.py:190} INFO - [2026-06-28T11:08:16.507+0000] {dag.py:4138} INFO - Setting next_dagrun for dataset_consumes_1 to None, run_after=None
[2026-06-28T11:08:16.508+0000] {logging_mixin.py:190} INFO - [2026-06-28T11:08:16.508+0000] {dag.py:4138} INFO - Setting next_dagrun for dataset_consumes_1_and_2 to None, run_after=None
[2026-06-28T11:08:16.509+0000] {logging_mixin.py:190} INFO - [2026-06-28T11:08:16.509+0000] {dag.py:4138} INFO - Setting next_dagrun for dataset_consumes_1_never_scheduled to None, run_after=None
[2026-06-28T11:08:16.512+0000] {logging_mixin.py:190} INFO - [2026-06-28T11:08:16.511+0000] {dag.py:4138} INFO - Setting next_dagrun for dataset_consumes_unknown_never_scheduled to None, run_after=None
[2026-06-28T11:08:16.514+0000] {logging_mixin.py:190} INFO - [2026-06-28T11:08:16.514+0000] {dag.py:4138} INFO - Setting next_dagrun for dataset_produces_1 to 2026-06-27 00:00:00+00:00, run_after=2026-06-28 00:00:00+00:00
[2026-06-28T11:08:16.516+0000] {logging_mixin.py:190} INFO - [2026-06-28T11:08:16.515+0000] {dag.py:4138} INFO - Setting next_dagrun for dataset_produces_2 to None, run_after=None
[2026-06-28T11:08:16.552+0000] {processor.py:208} INFO - Processing /home/airflow/.local/lib/python3.12/site-packages/airflow/example_dags/example_datasets.py took 0.289 seconds
