[2026-06-28T11:01:39.947+0000] {processor.py:186} INFO - Started process (PID=51) to work on /home/airflow/.local/lib/python3.12/site-packages/airflow/example_dags/example_outlet_event_extra.py
[2026-06-28T11:01:39.948+0000] {processor.py:914} INFO - Processing file /home/airflow/.local/lib/python3.12/site-packages/airflow/example_dags/example_outlet_event_extra.py for tasks to queue
[2026-06-28T11:01:39.950+0000] {logging_mixin.py:190} INFO - [2026-06-28T11:01:39.949+0000] {dagbag.py:587} INFO - Filling up the DagBag from /home/airflow/.local/lib/python3.12/site-packages/airflow/example_dags/example_outlet_event_extra.py
[2026-06-28T11:01:40.096+0000] {processor.py:925} INFO - DAG(s) 'dataset_with_extra_from_classic_operator', 'dataset_with_extra_by_yield', 'dataset_with_extra_by_context' retrieved from /home/airflow/.local/lib/python3.12/site-packages/airflow/example_dags/example_outlet_event_extra.py
[2026-06-28T11:01:40.204+0000] {logging_mixin.py:190} INFO - [2026-06-28T11:01:40.198+0000] {override.py:1858} INFO - Created Permission View: can edit on DAG:dataset_with_extra_from_classic_operator
[2026-06-28T11:01:40.214+0000] {logging_mixin.py:190} INFO - [2026-06-28T11:01:40.213+0000] {override.py:1858} INFO - Created Permission View: can delete on DAG:dataset_with_extra_from_classic_operator
[2026-06-28T11:01:40.219+0000] {logging_mixin.py:190} INFO - [2026-06-28T11:01:40.219+0000] {override.py:1858} INFO - Created Permission View: can read on DAG:dataset_with_extra_from_classic_operator
[2026-06-28T11:01:40.235+0000] {logging_mixin.py:190} INFO - [2026-06-28T11:01:40.235+0000] {override.py:1858} INFO - Created Permission View: can edit on DAG:dataset_with_extra_by_yield
[2026-06-28T11:01:40.240+0000] {logging_mixin.py:190} INFO - [2026-06-28T11:01:40.240+0000] {override.py:1858} INFO - Created Permission View: can delete on DAG:dataset_with_extra_by_yield
[2026-06-28T11:01:40.246+0000] {logging_mixin.py:190} INFO - [2026-06-28T11:01:40.246+0000] {override.py:1858} INFO - Created Permission View: can read on DAG:dataset_with_extra_by_yield
[2026-06-28T11:01:40.255+0000] {logging_mixin.py:190} INFO - [2026-06-28T11:01:40.254+0000] {override.py:1858} INFO - Created Permission View: can edit on DAG:dataset_with_extra_by_context
[2026-06-28T11:01:40.259+0000] {logging_mixin.py:190} INFO - [2026-06-28T11:01:40.259+0000] {override.py:1858} INFO - Created Permission View: can delete on DAG:dataset_with_extra_by_context
[2026-06-28T11:01:40.264+0000] {logging_mixin.py:190} INFO - [2026-06-28T11:01:40.264+0000] {override.py:1858} INFO - Created Permission View: can read on DAG:dataset_with_extra_by_context
[2026-06-28T11:01:40.264+0000] {logging_mixin.py:190} INFO - [2026-06-28T11:01:40.264+0000] {dag.py:3211} INFO - Sync 3 DAGs
[2026-06-28T11:01:40.276+0000] {logging_mixin.py:190} INFO - [2026-06-28T11:01:40.276+0000] {dag.py:3234} INFO - Creating ORM DAG for dataset_with_extra_by_yield
[2026-06-28T11:01:40.276+0000] {logging_mixin.py:190} INFO - [2026-06-28T11:01:40.276+0000] {dag.py:3234} INFO - Creating ORM DAG for dataset_with_extra_from_classic_operator
[2026-06-28T11:01:40.277+0000] {logging_mixin.py:190} INFO - [2026-06-28T11:01:40.277+0000] {dag.py:3234} INFO - Creating ORM DAG for dataset_with_extra_by_context
[2026-06-28T11:01:40.290+0000] {logging_mixin.py:190} INFO - [2026-06-28T11:01:40.290+0000] {dag.py:4138} INFO - Setting next_dagrun for dataset_with_extra_by_context to 2026-06-27 00:00:00+00:00, run_after=2026-06-28 00:00:00+00:00
[2026-06-28T11:01:40.291+0000] {logging_mixin.py:190} INFO - [2026-06-28T11:01:40.291+0000] {dag.py:4138} INFO - Setting next_dagrun for dataset_with_extra_by_yield to 2026-06-27 00:00:00+00:00, run_after=2026-06-28 00:00:00+00:00
[2026-06-28T11:01:40.293+0000] {logging_mixin.py:190} INFO - [2026-06-28T11:01:40.292+0000] {dag.py:4138} INFO - Setting next_dagrun for dataset_with_extra_from_classic_operator to 2026-06-27 00:00:00+00:00, run_after=2026-06-28 00:00:00+00:00
[2026-06-28T11:01:40.314+0000] {processor.py:208} INFO - Processing /home/airflow/.local/lib/python3.12/site-packages/airflow/example_dags/example_outlet_event_extra.py took 0.372 seconds
[2026-06-28T11:02:10.855+0000] {processor.py:186} INFO - Started process (PID=113) to work on /home/airflow/.local/lib/python3.12/site-packages/airflow/example_dags/example_outlet_event_extra.py
[2026-06-28T11:02:10.856+0000] {processor.py:914} INFO - Processing file /home/airflow/.local/lib/python3.12/site-packages/airflow/example_dags/example_outlet_event_extra.py for tasks to queue
[2026-06-28T11:02:10.857+0000] {logging_mixin.py:190} INFO - [2026-06-28T11:02:10.857+0000] {dagbag.py:587} INFO - Filling up the DagBag from /home/airflow/.local/lib/python3.12/site-packages/airflow/example_dags/example_outlet_event_extra.py
[2026-06-28T11:02:10.975+0000] {processor.py:925} INFO - DAG(s) 'dataset_with_extra_by_context', 'dataset_with_extra_from_classic_operator', 'dataset_with_extra_by_yield' retrieved from /home/airflow/.local/lib/python3.12/site-packages/airflow/example_dags/example_outlet_event_extra.py
[2026-06-28T11:02:11.002+0000] {logging_mixin.py:190} INFO - [2026-06-28T11:02:11.001+0000] {dag.py:3211} INFO - Sync 3 DAGs
[2026-06-28T11:02:11.021+0000] {logging_mixin.py:190} INFO - [2026-06-28T11:02:11.021+0000] {dag.py:4138} INFO - Setting next_dagrun for dataset_with_extra_by_context to 2026-06-27 00:00:00+00:00, run_after=2026-06-28 00:00:00+00:00
[2026-06-28T11:02:11.025+0000] {logging_mixin.py:190} INFO - [2026-06-28T11:02:11.024+0000] {dag.py:4138} INFO - Setting next_dagrun for dataset_with_extra_by_yield to 2026-06-27 00:00:00+00:00, run_after=2026-06-28 00:00:00+00:00
[2026-06-28T11:02:11.026+0000] {logging_mixin.py:190} INFO - [2026-06-28T11:02:11.026+0000] {dag.py:4138} INFO - Setting next_dagrun for dataset_with_extra_from_classic_operator to 2026-06-27 00:00:00+00:00, run_after=2026-06-28 00:00:00+00:00
[2026-06-28T11:02:11.044+0000] {processor.py:208} INFO - Processing /home/airflow/.local/lib/python3.12/site-packages/airflow/example_dags/example_outlet_event_extra.py took 0.194 seconds
[2026-06-28T11:02:41.477+0000] {processor.py:186} INFO - Started process (PID=175) to work on /home/airflow/.local/lib/python3.12/site-packages/airflow/example_dags/example_outlet_event_extra.py
[2026-06-28T11:02:41.478+0000] {processor.py:914} INFO - Processing file /home/airflow/.local/lib/python3.12/site-packages/airflow/example_dags/example_outlet_event_extra.py for tasks to queue
[2026-06-28T11:02:41.480+0000] {logging_mixin.py:190} INFO - [2026-06-28T11:02:41.479+0000] {dagbag.py:587} INFO - Filling up the DagBag from /home/airflow/.local/lib/python3.12/site-packages/airflow/example_dags/example_outlet_event_extra.py
[2026-06-28T11:02:41.604+0000] {processor.py:925} INFO - DAG(s) 'dataset_with_extra_from_classic_operator', 'dataset_with_extra_by_context', 'dataset_with_extra_by_yield' retrieved from /home/airflow/.local/lib/python3.12/site-packages/airflow/example_dags/example_outlet_event_extra.py
[2026-06-28T11:02:41.633+0000] {logging_mixin.py:190} INFO - [2026-06-28T11:02:41.633+0000] {dag.py:3211} INFO - Sync 3 DAGs
[2026-06-28T11:02:41.660+0000] {logging_mixin.py:190} INFO - [2026-06-28T11:02:41.660+0000] {dag.py:4138} INFO - Setting next_dagrun for dataset_with_extra_by_context to 2026-06-27 00:00:00+00:00, run_after=2026-06-28 00:00:00+00:00
[2026-06-28T11:02:41.666+0000] {logging_mixin.py:190} INFO - [2026-06-28T11:02:41.666+0000] {dag.py:4138} INFO - Setting next_dagrun for dataset_with_extra_by_yield to 2026-06-27 00:00:00+00:00, run_after=2026-06-28 00:00:00+00:00
[2026-06-28T11:02:41.671+0000] {logging_mixin.py:190} INFO - [2026-06-28T11:02:41.670+0000] {dag.py:4138} INFO - Setting next_dagrun for dataset_with_extra_from_classic_operator to 2026-06-27 00:00:00+00:00, run_after=2026-06-28 00:00:00+00:00
[2026-06-28T11:02:41.699+0000] {processor.py:208} INFO - Processing /home/airflow/.local/lib/python3.12/site-packages/airflow/example_dags/example_outlet_event_extra.py took 0.227 seconds
[2026-06-28T11:03:12.652+0000] {processor.py:186} INFO - Started process (PID=237) to work on /home/airflow/.local/lib/python3.12/site-packages/airflow/example_dags/example_outlet_event_extra.py
[2026-06-28T11:03:12.653+0000] {processor.py:914} INFO - Processing file /home/airflow/.local/lib/python3.12/site-packages/airflow/example_dags/example_outlet_event_extra.py for tasks to queue
[2026-06-28T11:03:12.656+0000] {logging_mixin.py:190} INFO - [2026-06-28T11:03:12.655+0000] {dagbag.py:587} INFO - Filling up the DagBag from /home/airflow/.local/lib/python3.12/site-packages/airflow/example_dags/example_outlet_event_extra.py
[2026-06-28T11:03:12.912+0000] {processor.py:925} INFO - DAG(s) 'dataset_with_extra_by_yield', 'dataset_with_extra_from_classic_operator', 'dataset_with_extra_by_context' retrieved from /home/airflow/.local/lib/python3.12/site-packages/airflow/example_dags/example_outlet_event_extra.py
[2026-06-28T11:03:12.961+0000] {logging_mixin.py:190} INFO - [2026-06-28T11:03:12.960+0000] {dag.py:3211} INFO - Sync 3 DAGs
[2026-06-28T11:03:12.998+0000] {logging_mixin.py:190} INFO - [2026-06-28T11:03:12.998+0000] {dag.py:4138} INFO - Setting next_dagrun for dataset_with_extra_by_context to 2026-06-27 00:00:00+00:00, run_after=2026-06-28 00:00:00+00:00
[2026-06-28T11:03:13.005+0000] {logging_mixin.py:190} INFO - [2026-06-28T11:03:13.005+0000] {dag.py:4138} INFO - Setting next_dagrun for dataset_with_extra_by_yield to 2026-06-27 00:00:00+00:00, run_after=2026-06-28 00:00:00+00:00
[2026-06-28T11:03:13.009+0000] {logging_mixin.py:190} INFO - [2026-06-28T11:03:13.009+0000] {dag.py:4138} INFO - Setting next_dagrun for dataset_with_extra_from_classic_operator to 2026-06-27 00:00:00+00:00, run_after=2026-06-28 00:00:00+00:00
[2026-06-28T11:03:13.043+0000] {processor.py:208} INFO - Processing /home/airflow/.local/lib/python3.12/site-packages/airflow/example_dags/example_outlet_event_extra.py took 0.400 seconds
[2026-06-28T11:03:43.168+0000] {processor.py:186} INFO - Started process (PID=305) to work on /home/airflow/.local/lib/python3.12/site-packages/airflow/example_dags/example_outlet_event_extra.py
[2026-06-28T11:03:43.169+0000] {processor.py:914} INFO - Processing file /home/airflow/.local/lib/python3.12/site-packages/airflow/example_dags/example_outlet_event_extra.py for tasks to queue
[2026-06-28T11:03:43.172+0000] {logging_mixin.py:190} INFO - [2026-06-28T11:03:43.171+0000] {dagbag.py:587} INFO - Filling up the DagBag from /home/airflow/.local/lib/python3.12/site-packages/airflow/example_dags/example_outlet_event_extra.py
[2026-06-28T11:03:43.320+0000] {processor.py:925} INFO - DAG(s) 'dataset_with_extra_by_context', 'dataset_with_extra_from_classic_operator', 'dataset_with_extra_by_yield' retrieved from /home/airflow/.local/lib/python3.12/site-packages/airflow/example_dags/example_outlet_event_extra.py
[2026-06-28T11:03:43.352+0000] {logging_mixin.py:190} INFO - [2026-06-28T11:03:43.352+0000] {dag.py:3211} INFO - Sync 3 DAGs
[2026-06-28T11:03:43.378+0000] {logging_mixin.py:190} INFO - [2026-06-28T11:03:43.377+0000] {dag.py:4138} INFO - Setting next_dagrun for dataset_with_extra_by_context to 2026-06-27 00:00:00+00:00, run_after=2026-06-28 00:00:00+00:00
[2026-06-28T11:03:43.382+0000] {logging_mixin.py:190} INFO - [2026-06-28T11:03:43.382+0000] {dag.py:4138} INFO - Setting next_dagrun for dataset_with_extra_by_yield to 2026-06-27 00:00:00+00:00, run_after=2026-06-28 00:00:00+00:00
[2026-06-28T11:03:43.384+0000] {logging_mixin.py:190} INFO - [2026-06-28T11:03:43.384+0000] {dag.py:4138} INFO - Setting next_dagrun for dataset_with_extra_from_classic_operator to 2026-06-27 00:00:00+00:00, run_after=2026-06-28 00:00:00+00:00
[2026-06-28T11:03:43.406+0000] {processor.py:208} INFO - Processing /home/airflow/.local/lib/python3.12/site-packages/airflow/example_dags/example_outlet_event_extra.py took 0.243 seconds
[2026-06-28T11:04:13.837+0000] {processor.py:186} INFO - Started process (PID=367) to work on /home/airflow/.local/lib/python3.12/site-packages/airflow/example_dags/example_outlet_event_extra.py
[2026-06-28T11:04:13.839+0000] {processor.py:914} INFO - Processing file /home/airflow/.local/lib/python3.12/site-packages/airflow/example_dags/example_outlet_event_extra.py for tasks to queue
[2026-06-28T11:04:13.842+0000] {logging_mixin.py:190} INFO - [2026-06-28T11:04:13.841+0000] {dagbag.py:587} INFO - Filling up the DagBag from /home/airflow/.local/lib/python3.12/site-packages/airflow/example_dags/example_outlet_event_extra.py
[2026-06-28T11:04:14.005+0000] {processor.py:925} INFO - DAG(s) 'dataset_with_extra_from_classic_operator', 'dataset_with_extra_by_context', 'dataset_with_extra_by_yield' retrieved from /home/airflow/.local/lib/python3.12/site-packages/airflow/example_dags/example_outlet_event_extra.py
[2026-06-28T11:04:14.038+0000] {logging_mixin.py:190} INFO - [2026-06-28T11:04:14.038+0000] {dag.py:3211} INFO - Sync 3 DAGs
[2026-06-28T11:04:14.066+0000] {logging_mixin.py:190} INFO - [2026-06-28T11:04:14.065+0000] {dag.py:4138} INFO - Setting next_dagrun for dataset_with_extra_by_context to 2026-06-27 00:00:00+00:00, run_after=2026-06-28 00:00:00+00:00
[2026-06-28T11:04:14.070+0000] {logging_mixin.py:190} INFO - [2026-06-28T11:04:14.070+0000] {dag.py:4138} INFO - Setting next_dagrun for dataset_with_extra_by_yield to 2026-06-27 00:00:00+00:00, run_after=2026-06-28 00:00:00+00:00
[2026-06-28T11:04:14.073+0000] {logging_mixin.py:190} INFO - [2026-06-28T11:04:14.073+0000] {dag.py:4138} INFO - Setting next_dagrun for dataset_with_extra_from_classic_operator to 2026-06-27 00:00:00+00:00, run_after=2026-06-28 00:00:00+00:00
[2026-06-28T11:04:14.099+0000] {processor.py:208} INFO - Processing /home/airflow/.local/lib/python3.12/site-packages/airflow/example_dags/example_outlet_event_extra.py took 0.269 seconds
[2026-06-28T11:04:44.246+0000] {processor.py:186} INFO - Started process (PID=429) to work on /home/airflow/.local/lib/python3.12/site-packages/airflow/example_dags/example_outlet_event_extra.py
[2026-06-28T11:04:44.247+0000] {processor.py:914} INFO - Processing file /home/airflow/.local/lib/python3.12/site-packages/airflow/example_dags/example_outlet_event_extra.py for tasks to queue
[2026-06-28T11:04:44.250+0000] {logging_mixin.py:190} INFO - [2026-06-28T11:04:44.249+0000] {dagbag.py:587} INFO - Filling up the DagBag from /home/airflow/.local/lib/python3.12/site-packages/airflow/example_dags/example_outlet_event_extra.py
[2026-06-28T11:04:44.381+0000] {processor.py:925} INFO - DAG(s) 'dataset_with_extra_from_classic_operator', 'dataset_with_extra_by_context', 'dataset_with_extra_by_yield' retrieved from /home/airflow/.local/lib/python3.12/site-packages/airflow/example_dags/example_outlet_event_extra.py
[2026-06-28T11:04:44.411+0000] {logging_mixin.py:190} INFO - [2026-06-28T11:04:44.411+0000] {dag.py:3211} INFO - Sync 3 DAGs
[2026-06-28T11:04:44.435+0000] {logging_mixin.py:190} INFO - [2026-06-28T11:04:44.434+0000] {dag.py:4138} INFO - Setting next_dagrun for dataset_with_extra_by_context to 2026-06-27 00:00:00+00:00, run_after=2026-06-28 00:00:00+00:00
[2026-06-28T11:04:44.438+0000] {logging_mixin.py:190} INFO - [2026-06-28T11:04:44.438+0000] {dag.py:4138} INFO - Setting next_dagrun for dataset_with_extra_by_yield to 2026-06-27 00:00:00+00:00, run_after=2026-06-28 00:00:00+00:00
[2026-06-28T11:04:44.441+0000] {logging_mixin.py:190} INFO - [2026-06-28T11:04:44.440+0000] {dag.py:4138} INFO - Setting next_dagrun for dataset_with_extra_from_classic_operator to 2026-06-27 00:00:00+00:00, run_after=2026-06-28 00:00:00+00:00
[2026-06-28T11:04:44.460+0000] {processor.py:208} INFO - Processing /home/airflow/.local/lib/python3.12/site-packages/airflow/example_dags/example_outlet_event_extra.py took 0.220 seconds
[2026-06-28T11:05:15.165+0000] {processor.py:186} INFO - Started process (PID=491) to work on /home/airflow/.local/lib/python3.12/site-packages/airflow/example_dags/example_outlet_event_extra.py
[2026-06-28T11:05:15.166+0000] {processor.py:914} INFO - Processing file /home/airflow/.local/lib/python3.12/site-packages/airflow/example_dags/example_outlet_event_extra.py for tasks to queue
[2026-06-28T11:05:15.168+0000] {logging_mixin.py:190} INFO - [2026-06-28T11:05:15.167+0000] {dagbag.py:587} INFO - Filling up the DagBag from /home/airflow/.local/lib/python3.12/site-packages/airflow/example_dags/example_outlet_event_extra.py
[2026-06-28T11:05:15.316+0000] {processor.py:925} INFO - DAG(s) 'dataset_with_extra_from_classic_operator', 'dataset_with_extra_by_context', 'dataset_with_extra_by_yield' retrieved from /home/airflow/.local/lib/python3.12/site-packages/airflow/example_dags/example_outlet_event_extra.py
[2026-06-28T11:05:15.355+0000] {logging_mixin.py:190} INFO - [2026-06-28T11:05:15.355+0000] {dag.py:3211} INFO - Sync 3 DAGs
[2026-06-28T11:05:15.378+0000] {logging_mixin.py:190} INFO - [2026-06-28T11:05:15.378+0000] {dag.py:4138} INFO - Setting next_dagrun for dataset_with_extra_by_context to 2026-06-27 00:00:00+00:00, run_after=2026-06-28 00:00:00+00:00
[2026-06-28T11:05:15.383+0000] {logging_mixin.py:190} INFO - [2026-06-28T11:05:15.383+0000] {dag.py:4138} INFO - Setting next_dagrun for dataset_with_extra_by_yield to 2026-06-27 00:00:00+00:00, run_after=2026-06-28 00:00:00+00:00
[2026-06-28T11:05:15.385+0000] {logging_mixin.py:190} INFO - [2026-06-28T11:05:15.385+0000] {dag.py:4138} INFO - Setting next_dagrun for dataset_with_extra_from_classic_operator to 2026-06-27 00:00:00+00:00, run_after=2026-06-28 00:00:00+00:00
[2026-06-28T11:05:15.407+0000] {processor.py:208} INFO - Processing /home/airflow/.local/lib/python3.12/site-packages/airflow/example_dags/example_outlet_event_extra.py took 0.248 seconds
[2026-06-28T11:05:45.728+0000] {processor.py:186} INFO - Started process (PID=552) to work on /home/airflow/.local/lib/python3.12/site-packages/airflow/example_dags/example_outlet_event_extra.py
[2026-06-28T11:05:45.730+0000] {processor.py:914} INFO - Processing file /home/airflow/.local/lib/python3.12/site-packages/airflow/example_dags/example_outlet_event_extra.py for tasks to queue
[2026-06-28T11:05:45.733+0000] {logging_mixin.py:190} INFO - [2026-06-28T11:05:45.732+0000] {dagbag.py:587} INFO - Filling up the DagBag from /home/airflow/.local/lib/python3.12/site-packages/airflow/example_dags/example_outlet_event_extra.py
[2026-06-28T11:05:45.932+0000] {processor.py:925} INFO - DAG(s) 'dataset_with_extra_from_classic_operator', 'dataset_with_extra_by_context', 'dataset_with_extra_by_yield' retrieved from /home/airflow/.local/lib/python3.12/site-packages/airflow/example_dags/example_outlet_event_extra.py
[2026-06-28T11:05:45.972+0000] {logging_mixin.py:190} INFO - [2026-06-28T11:05:45.971+0000] {dag.py:3211} INFO - Sync 3 DAGs
[2026-06-28T11:05:46.006+0000] {logging_mixin.py:190} INFO - [2026-06-28T11:05:46.005+0000] {dag.py:4138} INFO - Setting next_dagrun for dataset_with_extra_by_context to 2026-06-27 00:00:00+00:00, run_after=2026-06-28 00:00:00+00:00
[2026-06-28T11:05:46.012+0000] {logging_mixin.py:190} INFO - [2026-06-28T11:05:46.012+0000] {dag.py:4138} INFO - Setting next_dagrun for dataset_with_extra_by_yield to 2026-06-27 00:00:00+00:00, run_after=2026-06-28 00:00:00+00:00
[2026-06-28T11:05:46.015+0000] {logging_mixin.py:190} INFO - [2026-06-28T11:05:46.015+0000] {dag.py:4138} INFO - Setting next_dagrun for dataset_with_extra_from_classic_operator to 2026-06-27 00:00:00+00:00, run_after=2026-06-28 00:00:00+00:00
[2026-06-28T11:05:46.042+0000] {processor.py:208} INFO - Processing /home/airflow/.local/lib/python3.12/site-packages/airflow/example_dags/example_outlet_event_extra.py took 0.323 seconds
[2026-06-28T11:06:16.319+0000] {processor.py:186} INFO - Started process (PID=614) to work on /home/airflow/.local/lib/python3.12/site-packages/airflow/example_dags/example_outlet_event_extra.py
[2026-06-28T11:06:16.320+0000] {processor.py:914} INFO - Processing file /home/airflow/.local/lib/python3.12/site-packages/airflow/example_dags/example_outlet_event_extra.py for tasks to queue
[2026-06-28T11:06:16.323+0000] {logging_mixin.py:190} INFO - [2026-06-28T11:06:16.322+0000] {dagbag.py:587} INFO - Filling up the DagBag from /home/airflow/.local/lib/python3.12/site-packages/airflow/example_dags/example_outlet_event_extra.py
[2026-06-28T11:06:16.491+0000] {processor.py:925} INFO - DAG(s) 'dataset_with_extra_by_yield', 'dataset_with_extra_from_classic_operator', 'dataset_with_extra_by_context' retrieved from /home/airflow/.local/lib/python3.12/site-packages/airflow/example_dags/example_outlet_event_extra.py
[2026-06-28T11:06:16.523+0000] {logging_mixin.py:190} INFO - [2026-06-28T11:06:16.523+0000] {dag.py:3211} INFO - Sync 3 DAGs
[2026-06-28T11:06:16.555+0000] {logging_mixin.py:190} INFO - [2026-06-28T11:06:16.555+0000] {dag.py:4138} INFO - Setting next_dagrun for dataset_with_extra_by_context to 2026-06-27 00:00:00+00:00, run_after=2026-06-28 00:00:00+00:00
[2026-06-28T11:06:16.562+0000] {logging_mixin.py:190} INFO - [2026-06-28T11:06:16.561+0000] {dag.py:4138} INFO - Setting next_dagrun for dataset_with_extra_by_yield to 2026-06-27 00:00:00+00:00, run_after=2026-06-28 00:00:00+00:00
[2026-06-28T11:06:16.565+0000] {logging_mixin.py:190} INFO - [2026-06-28T11:06:16.565+0000] {dag.py:4138} INFO - Setting next_dagrun for dataset_with_extra_from_classic_operator to 2026-06-27 00:00:00+00:00, run_after=2026-06-28 00:00:00+00:00
[2026-06-28T11:06:16.596+0000] {processor.py:208} INFO - Processing /home/airflow/.local/lib/python3.12/site-packages/airflow/example_dags/example_outlet_event_extra.py took 0.283 seconds
[2026-06-28T11:06:46.655+0000] {processor.py:186} INFO - Started process (PID=676) to work on /home/airflow/.local/lib/python3.12/site-packages/airflow/example_dags/example_outlet_event_extra.py
[2026-06-28T11:06:46.656+0000] {processor.py:914} INFO - Processing file /home/airflow/.local/lib/python3.12/site-packages/airflow/example_dags/example_outlet_event_extra.py for tasks to queue
[2026-06-28T11:06:46.658+0000] {logging_mixin.py:190} INFO - [2026-06-28T11:06:46.658+0000] {dagbag.py:587} INFO - Filling up the DagBag from /home/airflow/.local/lib/python3.12/site-packages/airflow/example_dags/example_outlet_event_extra.py
[2026-06-28T11:06:46.804+0000] {processor.py:925} INFO - DAG(s) 'dataset_with_extra_from_classic_operator', 'dataset_with_extra_by_yield', 'dataset_with_extra_by_context' retrieved from /home/airflow/.local/lib/python3.12/site-packages/airflow/example_dags/example_outlet_event_extra.py
[2026-06-28T11:06:46.836+0000] {logging_mixin.py:190} INFO - [2026-06-28T11:06:46.835+0000] {dag.py:3211} INFO - Sync 3 DAGs
[2026-06-28T11:06:46.865+0000] {logging_mixin.py:190} INFO - [2026-06-28T11:06:46.864+0000] {dag.py:4138} INFO - Setting next_dagrun for dataset_with_extra_by_context to 2026-06-27 00:00:00+00:00, run_after=2026-06-28 00:00:00+00:00
[2026-06-28T11:06:46.869+0000] {logging_mixin.py:190} INFO - [2026-06-28T11:06:46.869+0000] {dag.py:4138} INFO - Setting next_dagrun for dataset_with_extra_by_yield to 2026-06-27 00:00:00+00:00, run_after=2026-06-28 00:00:00+00:00
[2026-06-28T11:06:46.871+0000] {logging_mixin.py:190} INFO - [2026-06-28T11:06:46.871+0000] {dag.py:4138} INFO - Setting next_dagrun for dataset_with_extra_from_classic_operator to 2026-06-27 00:00:00+00:00, run_after=2026-06-28 00:00:00+00:00
[2026-06-28T11:06:46.893+0000] {processor.py:208} INFO - Processing /home/airflow/.local/lib/python3.12/site-packages/airflow/example_dags/example_outlet_event_extra.py took 0.245 seconds
[2026-06-28T11:07:17.168+0000] {processor.py:186} INFO - Started process (PID=738) to work on /home/airflow/.local/lib/python3.12/site-packages/airflow/example_dags/example_outlet_event_extra.py
[2026-06-28T11:07:17.169+0000] {processor.py:914} INFO - Processing file /home/airflow/.local/lib/python3.12/site-packages/airflow/example_dags/example_outlet_event_extra.py for tasks to queue
[2026-06-28T11:07:17.172+0000] {logging_mixin.py:190} INFO - [2026-06-28T11:07:17.171+0000] {dagbag.py:587} INFO - Filling up the DagBag from /home/airflow/.local/lib/python3.12/site-packages/airflow/example_dags/example_outlet_event_extra.py
[2026-06-28T11:07:17.343+0000] {processor.py:925} INFO - DAG(s) 'dataset_with_extra_from_classic_operator', 'dataset_with_extra_by_context', 'dataset_with_extra_by_yield' retrieved from /home/airflow/.local/lib/python3.12/site-packages/airflow/example_dags/example_outlet_event_extra.py
[2026-06-28T11:07:17.386+0000] {logging_mixin.py:190} INFO - [2026-06-28T11:07:17.386+0000] {dag.py:3211} INFO - Sync 3 DAGs
[2026-06-28T11:07:17.425+0000] {logging_mixin.py:190} INFO - [2026-06-28T11:07:17.425+0000] {dag.py:4138} INFO - Setting next_dagrun for dataset_with_extra_by_context to 2026-06-27 00:00:00+00:00, run_after=2026-06-28 00:00:00+00:00
[2026-06-28T11:07:17.433+0000] {logging_mixin.py:190} INFO - [2026-06-28T11:07:17.432+0000] {dag.py:4138} INFO - Setting next_dagrun for dataset_with_extra_by_yield to 2026-06-27 00:00:00+00:00, run_after=2026-06-28 00:00:00+00:00
[2026-06-28T11:07:17.436+0000] {logging_mixin.py:190} INFO - [2026-06-28T11:07:17.436+0000] {dag.py:4138} INFO - Setting next_dagrun for dataset_with_extra_from_classic_operator to 2026-06-27 00:00:00+00:00, run_after=2026-06-28 00:00:00+00:00
[2026-06-28T11:07:17.472+0000] {processor.py:208} INFO - Processing /home/airflow/.local/lib/python3.12/site-packages/airflow/example_dags/example_outlet_event_extra.py took 0.310 seconds
[2026-06-28T11:07:47.560+0000] {processor.py:186} INFO - Started process (PID=801) to work on /home/airflow/.local/lib/python3.12/site-packages/airflow/example_dags/example_outlet_event_extra.py
[2026-06-28T11:07:47.561+0000] {processor.py:914} INFO - Processing file /home/airflow/.local/lib/python3.12/site-packages/airflow/example_dags/example_outlet_event_extra.py for tasks to queue
[2026-06-28T11:07:47.563+0000] {logging_mixin.py:190} INFO - [2026-06-28T11:07:47.562+0000] {dagbag.py:587} INFO - Filling up the DagBag from /home/airflow/.local/lib/python3.12/site-packages/airflow/example_dags/example_outlet_event_extra.py
[2026-06-28T11:07:47.716+0000] {processor.py:925} INFO - DAG(s) 'dataset_with_extra_by_yield', 'dataset_with_extra_by_context', 'dataset_with_extra_from_classic_operator' retrieved from /home/airflow/.local/lib/python3.12/site-packages/airflow/example_dags/example_outlet_event_extra.py
[2026-06-28T11:07:47.749+0000] {logging_mixin.py:190} INFO - [2026-06-28T11:07:47.749+0000] {dag.py:3211} INFO - Sync 3 DAGs
[2026-06-28T11:07:47.778+0000] {logging_mixin.py:190} INFO - [2026-06-28T11:07:47.777+0000] {dag.py:4138} INFO - Setting next_dagrun for dataset_with_extra_by_context to 2026-06-27 00:00:00+00:00, run_after=2026-06-28 00:00:00+00:00
[2026-06-28T11:07:47.783+0000] {logging_mixin.py:190} INFO - [2026-06-28T11:07:47.783+0000] {dag.py:4138} INFO - Setting next_dagrun for dataset_with_extra_by_yield to 2026-06-27 00:00:00+00:00, run_after=2026-06-28 00:00:00+00:00
[2026-06-28T11:07:47.785+0000] {logging_mixin.py:190} INFO - [2026-06-28T11:07:47.785+0000] {dag.py:4138} INFO - Setting next_dagrun for dataset_with_extra_from_classic_operator to 2026-06-27 00:00:00+00:00, run_after=2026-06-28 00:00:00+00:00
[2026-06-28T11:07:47.813+0000] {processor.py:208} INFO - Processing /home/airflow/.local/lib/python3.12/site-packages/airflow/example_dags/example_outlet_event_extra.py took 0.260 seconds
[2026-06-28T11:08:17.936+0000] {processor.py:186} INFO - Started process (PID=863) to work on /home/airflow/.local/lib/python3.12/site-packages/airflow/example_dags/example_outlet_event_extra.py
[2026-06-28T11:08:17.937+0000] {processor.py:914} INFO - Processing file /home/airflow/.local/lib/python3.12/site-packages/airflow/example_dags/example_outlet_event_extra.py for tasks to queue
[2026-06-28T11:08:17.940+0000] {logging_mixin.py:190} INFO - [2026-06-28T11:08:17.939+0000] {dagbag.py:587} INFO - Filling up the DagBag from /home/airflow/.local/lib/python3.12/site-packages/airflow/example_dags/example_outlet_event_extra.py
[2026-06-28T11:08:18.089+0000] {processor.py:925} INFO - DAG(s) 'dataset_with_extra_by_yield', 'dataset_with_extra_from_classic_operator', 'dataset_with_extra_by_context' retrieved from /home/airflow/.local/lib/python3.12/site-packages/airflow/example_dags/example_outlet_event_extra.py
[2026-06-28T11:08:18.119+0000] {logging_mixin.py:190} INFO - [2026-06-28T11:08:18.119+0000] {dag.py:3211} INFO - Sync 3 DAGs
[2026-06-28T11:08:18.144+0000] {logging_mixin.py:190} INFO - [2026-06-28T11:08:18.144+0000] {dag.py:4138} INFO - Setting next_dagrun for dataset_with_extra_by_context to 2026-06-27 00:00:00+00:00, run_after=2026-06-28 00:00:00+00:00
[2026-06-28T11:08:18.149+0000] {logging_mixin.py:190} INFO - [2026-06-28T11:08:18.149+0000] {dag.py:4138} INFO - Setting next_dagrun for dataset_with_extra_by_yield to 2026-06-27 00:00:00+00:00, run_after=2026-06-28 00:00:00+00:00
[2026-06-28T11:08:18.151+0000] {logging_mixin.py:190} INFO - [2026-06-28T11:08:18.151+0000] {dag.py:4138} INFO - Setting next_dagrun for dataset_with_extra_from_classic_operator to 2026-06-27 00:00:00+00:00, run_after=2026-06-28 00:00:00+00:00
[2026-06-28T11:08:18.175+0000] {processor.py:208} INFO - Processing /home/airflow/.local/lib/python3.12/site-packages/airflow/example_dags/example_outlet_event_extra.py took 0.246 seconds
