[2026-06-28T11:01:34.887+0000] {processor.py:186} INFO - Started process (PID=31) to work on /home/airflow/.local/lib/python3.12/site-packages/airflow/example_dags/example_branch_day_of_week_operator.py
[2026-06-28T11:01:34.888+0000] {processor.py:914} INFO - Processing file /home/airflow/.local/lib/python3.12/site-packages/airflow/example_dags/example_branch_day_of_week_operator.py for tasks to queue
[2026-06-28T11:01:34.890+0000] {logging_mixin.py:190} INFO - [2026-06-28T11:01:34.890+0000] {dagbag.py:587} INFO - Filling up the DagBag from /home/airflow/.local/lib/python3.12/site-packages/airflow/example_dags/example_branch_day_of_week_operator.py
[2026-06-28T11:01:34.901+0000] {processor.py:925} INFO - DAG(s) 'example_weekday_branch_operator' retrieved from /home/airflow/.local/lib/python3.12/site-packages/airflow/example_dags/example_branch_day_of_week_operator.py
[2026-06-28T11:01:35.057+0000] {logging_mixin.py:190} INFO - [2026-06-28T11:01:35.056+0000] {override.py:1858} INFO - Created Permission View: can edit on DAG:example_weekday_branch_operator
[2026-06-28T11:01:35.066+0000] {logging_mixin.py:190} INFO - [2026-06-28T11:01:35.066+0000] {override.py:1858} INFO - Created Permission View: can delete on DAG:example_weekday_branch_operator
[2026-06-28T11:01:35.071+0000] {logging_mixin.py:190} INFO - [2026-06-28T11:01:35.071+0000] {override.py:1858} INFO - Created Permission View: can read on DAG:example_weekday_branch_operator
[2026-06-28T11:01:35.072+0000] {logging_mixin.py:190} INFO - [2026-06-28T11:01:35.072+0000] {dag.py:3211} INFO - Sync 1 DAGs
[2026-06-28T11:01:35.083+0000] {logging_mixin.py:190} INFO - [2026-06-28T11:01:35.083+0000] {dag.py:3234} INFO - Creating ORM DAG for example_weekday_branch_operator
[2026-06-28T11:01:35.098+0000] {logging_mixin.py:190} INFO - [2026-06-28T11:01:35.098+0000] {dag.py:4138} INFO - Setting next_dagrun for example_weekday_branch_operator to 2026-06-27 00:00:00+00:00, run_after=2026-06-28 00:00:00+00:00
[2026-06-28T11:01:35.114+0000] {processor.py:208} INFO - Processing /home/airflow/.local/lib/python3.12/site-packages/airflow/example_dags/example_branch_day_of_week_operator.py took 0.232 seconds
[2026-06-28T11:02:05.367+0000] {processor.py:186} INFO - Started process (PID=93) to work on /home/airflow/.local/lib/python3.12/site-packages/airflow/example_dags/example_branch_day_of_week_operator.py
[2026-06-28T11:02:05.368+0000] {processor.py:914} INFO - Processing file /home/airflow/.local/lib/python3.12/site-packages/airflow/example_dags/example_branch_day_of_week_operator.py for tasks to queue
[2026-06-28T11:02:05.370+0000] {logging_mixin.py:190} INFO - [2026-06-28T11:02:05.370+0000] {dagbag.py:587} INFO - Filling up the DagBag from /home/airflow/.local/lib/python3.12/site-packages/airflow/example_dags/example_branch_day_of_week_operator.py
[2026-06-28T11:02:05.381+0000] {processor.py:925} INFO - DAG(s) 'example_weekday_branch_operator' retrieved from /home/airflow/.local/lib/python3.12/site-packages/airflow/example_dags/example_branch_day_of_week_operator.py
[2026-06-28T11:02:05.405+0000] {logging_mixin.py:190} INFO - [2026-06-28T11:02:05.405+0000] {dag.py:3211} INFO - Sync 1 DAGs
[2026-06-28T11:02:05.427+0000] {logging_mixin.py:190} INFO - [2026-06-28T11:02:05.427+0000] {dag.py:4138} INFO - Setting next_dagrun for example_weekday_branch_operator to 2026-06-27 00:00:00+00:00, run_after=2026-06-28 00:00:00+00:00
[2026-06-28T11:02:05.447+0000] {processor.py:208} INFO - Processing /home/airflow/.local/lib/python3.12/site-packages/airflow/example_dags/example_branch_day_of_week_operator.py took 0.086 seconds
[2026-06-28T11:02:36.150+0000] {processor.py:186} INFO - Started process (PID=155) to work on /home/airflow/.local/lib/python3.12/site-packages/airflow/example_dags/example_branch_day_of_week_operator.py
[2026-06-28T11:02:36.151+0000] {processor.py:914} INFO - Processing file /home/airflow/.local/lib/python3.12/site-packages/airflow/example_dags/example_branch_day_of_week_operator.py for tasks to queue
[2026-06-28T11:02:36.153+0000] {logging_mixin.py:190} INFO - [2026-06-28T11:02:36.152+0000] {dagbag.py:587} INFO - Filling up the DagBag from /home/airflow/.local/lib/python3.12/site-packages/airflow/example_dags/example_branch_day_of_week_operator.py
[2026-06-28T11:02:36.161+0000] {processor.py:925} INFO - DAG(s) 'example_weekday_branch_operator' retrieved from /home/airflow/.local/lib/python3.12/site-packages/airflow/example_dags/example_branch_day_of_week_operator.py
[2026-06-28T11:02:36.185+0000] {logging_mixin.py:190} INFO - [2026-06-28T11:02:36.185+0000] {dag.py:3211} INFO - Sync 1 DAGs
[2026-06-28T11:02:36.207+0000] {logging_mixin.py:190} INFO - [2026-06-28T11:02:36.207+0000] {dag.py:4138} INFO - Setting next_dagrun for example_weekday_branch_operator to 2026-06-27 00:00:00+00:00, run_after=2026-06-28 00:00:00+00:00
[2026-06-28T11:02:36.226+0000] {processor.py:208} INFO - Processing /home/airflow/.local/lib/python3.12/site-packages/airflow/example_dags/example_branch_day_of_week_operator.py took 0.080 seconds
[2026-06-28T11:03:06.920+0000] {processor.py:186} INFO - Started process (PID=217) to work on /home/airflow/.local/lib/python3.12/site-packages/airflow/example_dags/example_branch_day_of_week_operator.py
[2026-06-28T11:03:06.922+0000] {processor.py:914} INFO - Processing file /home/airflow/.local/lib/python3.12/site-packages/airflow/example_dags/example_branch_day_of_week_operator.py for tasks to queue
[2026-06-28T11:03:06.924+0000] {logging_mixin.py:190} INFO - [2026-06-28T11:03:06.923+0000] {dagbag.py:587} INFO - Filling up the DagBag from /home/airflow/.local/lib/python3.12/site-packages/airflow/example_dags/example_branch_day_of_week_operator.py
[2026-06-28T11:03:06.933+0000] {processor.py:925} INFO - DAG(s) 'example_weekday_branch_operator' retrieved from /home/airflow/.local/lib/python3.12/site-packages/airflow/example_dags/example_branch_day_of_week_operator.py
[2026-06-28T11:03:06.955+0000] {logging_mixin.py:190} INFO - [2026-06-28T11:03:06.954+0000] {dag.py:3211} INFO - Sync 1 DAGs
[2026-06-28T11:03:06.976+0000] {logging_mixin.py:190} INFO - [2026-06-28T11:03:06.976+0000] {dag.py:4138} INFO - Setting next_dagrun for example_weekday_branch_operator to 2026-06-27 00:00:00+00:00, run_after=2026-06-28 00:00:00+00:00
[2026-06-28T11:03:06.993+0000] {processor.py:208} INFO - Processing /home/airflow/.local/lib/python3.12/site-packages/airflow/example_dags/example_branch_day_of_week_operator.py took 0.078 seconds
[2026-06-28T11:03:37.562+0000] {processor.py:186} INFO - Started process (PID=279) to work on /home/airflow/.local/lib/python3.12/site-packages/airflow/example_dags/example_branch_day_of_week_operator.py
[2026-06-28T11:03:37.563+0000] {processor.py:914} INFO - Processing file /home/airflow/.local/lib/python3.12/site-packages/airflow/example_dags/example_branch_day_of_week_operator.py for tasks to queue
[2026-06-28T11:03:37.566+0000] {logging_mixin.py:190} INFO - [2026-06-28T11:03:37.565+0000] {dagbag.py:587} INFO - Filling up the DagBag from /home/airflow/.local/lib/python3.12/site-packages/airflow/example_dags/example_branch_day_of_week_operator.py
[2026-06-28T11:03:37.578+0000] {processor.py:925} INFO - DAG(s) 'example_weekday_branch_operator' retrieved from /home/airflow/.local/lib/python3.12/site-packages/airflow/example_dags/example_branch_day_of_week_operator.py
[2026-06-28T11:03:37.617+0000] {logging_mixin.py:190} INFO - [2026-06-28T11:03:37.617+0000] {dag.py:3211} INFO - Sync 1 DAGs
[2026-06-28T11:03:37.645+0000] {logging_mixin.py:190} INFO - [2026-06-28T11:03:37.645+0000] {dag.py:4138} INFO - Setting next_dagrun for example_weekday_branch_operator to 2026-06-27 00:00:00+00:00, run_after=2026-06-28 00:00:00+00:00
[2026-06-28T11:03:37.666+0000] {processor.py:208} INFO - Processing /home/airflow/.local/lib/python3.12/site-packages/airflow/example_dags/example_branch_day_of_week_operator.py took 0.111 seconds
[2026-06-28T11:04:07.978+0000] {processor.py:186} INFO - Started process (PID=341) to work on /home/airflow/.local/lib/python3.12/site-packages/airflow/example_dags/example_branch_day_of_week_operator.py
[2026-06-28T11:04:07.979+0000] {processor.py:914} INFO - Processing file /home/airflow/.local/lib/python3.12/site-packages/airflow/example_dags/example_branch_day_of_week_operator.py for tasks to queue
[2026-06-28T11:04:07.981+0000] {logging_mixin.py:190} INFO - [2026-06-28T11:04:07.981+0000] {dagbag.py:587} INFO - Filling up the DagBag from /home/airflow/.local/lib/python3.12/site-packages/airflow/example_dags/example_branch_day_of_week_operator.py
[2026-06-28T11:04:07.993+0000] {processor.py:925} INFO - DAG(s) 'example_weekday_branch_operator' retrieved from /home/airflow/.local/lib/python3.12/site-packages/airflow/example_dags/example_branch_day_of_week_operator.py
[2026-06-28T11:04:08.026+0000] {logging_mixin.py:190} INFO - [2026-06-28T11:04:08.025+0000] {dag.py:3211} INFO - Sync 1 DAGs
[2026-06-28T11:04:08.056+0000] {logging_mixin.py:190} INFO - [2026-06-28T11:04:08.055+0000] {dag.py:4138} INFO - Setting next_dagrun for example_weekday_branch_operator to 2026-06-27 00:00:00+00:00, run_after=2026-06-28 00:00:00+00:00
[2026-06-28T11:04:08.078+0000] {processor.py:208} INFO - Processing /home/airflow/.local/lib/python3.12/site-packages/airflow/example_dags/example_branch_day_of_week_operator.py took 0.107 seconds
[2026-06-28T11:04:38.766+0000] {processor.py:186} INFO - Started process (PID=403) to work on /home/airflow/.local/lib/python3.12/site-packages/airflow/example_dags/example_branch_day_of_week_operator.py
[2026-06-28T11:04:38.767+0000] {processor.py:914} INFO - Processing file /home/airflow/.local/lib/python3.12/site-packages/airflow/example_dags/example_branch_day_of_week_operator.py for tasks to queue
[2026-06-28T11:04:38.770+0000] {logging_mixin.py:190} INFO - [2026-06-28T11:04:38.769+0000] {dagbag.py:587} INFO - Filling up the DagBag from /home/airflow/.local/lib/python3.12/site-packages/airflow/example_dags/example_branch_day_of_week_operator.py
[2026-06-28T11:04:38.783+0000] {processor.py:925} INFO - DAG(s) 'example_weekday_branch_operator' retrieved from /home/airflow/.local/lib/python3.12/site-packages/airflow/example_dags/example_branch_day_of_week_operator.py
[2026-06-28T11:04:38.814+0000] {logging_mixin.py:190} INFO - [2026-06-28T11:04:38.814+0000] {dag.py:3211} INFO - Sync 1 DAGs
[2026-06-28T11:04:38.846+0000] {logging_mixin.py:190} INFO - [2026-06-28T11:04:38.846+0000] {dag.py:4138} INFO - Setting next_dagrun for example_weekday_branch_operator to 2026-06-27 00:00:00+00:00, run_after=2026-06-28 00:00:00+00:00
[2026-06-28T11:04:38.868+0000] {processor.py:208} INFO - Processing /home/airflow/.local/lib/python3.12/site-packages/airflow/example_dags/example_branch_day_of_week_operator.py took 0.109 seconds
[2026-06-28T11:05:09.800+0000] {processor.py:186} INFO - Started process (PID=465) to work on /home/airflow/.local/lib/python3.12/site-packages/airflow/example_dags/example_branch_day_of_week_operator.py
[2026-06-28T11:05:09.801+0000] {processor.py:914} INFO - Processing file /home/airflow/.local/lib/python3.12/site-packages/airflow/example_dags/example_branch_day_of_week_operator.py for tasks to queue
[2026-06-28T11:05:09.804+0000] {logging_mixin.py:190} INFO - [2026-06-28T11:05:09.803+0000] {dagbag.py:587} INFO - Filling up the DagBag from /home/airflow/.local/lib/python3.12/site-packages/airflow/example_dags/example_branch_day_of_week_operator.py
[2026-06-28T11:05:09.814+0000] {processor.py:925} INFO - DAG(s) 'example_weekday_branch_operator' retrieved from /home/airflow/.local/lib/python3.12/site-packages/airflow/example_dags/example_branch_day_of_week_operator.py
[2026-06-28T11:05:09.842+0000] {logging_mixin.py:190} INFO - [2026-06-28T11:05:09.842+0000] {dag.py:3211} INFO - Sync 1 DAGs
[2026-06-28T11:05:09.874+0000] {logging_mixin.py:190} INFO - [2026-06-28T11:05:09.874+0000] {dag.py:4138} INFO - Setting next_dagrun for example_weekday_branch_operator to 2026-06-27 00:00:00+00:00, run_after=2026-06-28 00:00:00+00:00
[2026-06-28T11:05:09.898+0000] {processor.py:208} INFO - Processing /home/airflow/.local/lib/python3.12/site-packages/airflow/example_dags/example_branch_day_of_week_operator.py took 0.104 seconds
[2026-06-28T11:05:40.709+0000] {processor.py:186} INFO - Started process (PID=527) to work on /home/airflow/.local/lib/python3.12/site-packages/airflow/example_dags/example_branch_day_of_week_operator.py
[2026-06-28T11:05:40.710+0000] {processor.py:914} INFO - Processing file /home/airflow/.local/lib/python3.12/site-packages/airflow/example_dags/example_branch_day_of_week_operator.py for tasks to queue
[2026-06-28T11:05:40.712+0000] {logging_mixin.py:190} INFO - [2026-06-28T11:05:40.712+0000] {dagbag.py:587} INFO - Filling up the DagBag from /home/airflow/.local/lib/python3.12/site-packages/airflow/example_dags/example_branch_day_of_week_operator.py
[2026-06-28T11:05:40.722+0000] {processor.py:925} INFO - DAG(s) 'example_weekday_branch_operator' retrieved from /home/airflow/.local/lib/python3.12/site-packages/airflow/example_dags/example_branch_day_of_week_operator.py
[2026-06-28T11:05:40.747+0000] {logging_mixin.py:190} INFO - [2026-06-28T11:05:40.746+0000] {dag.py:3211} INFO - Sync 1 DAGs
[2026-06-28T11:05:40.773+0000] {logging_mixin.py:190} INFO - [2026-06-28T11:05:40.772+0000] {dag.py:4138} INFO - Setting next_dagrun for example_weekday_branch_operator to 2026-06-27 00:00:00+00:00, run_after=2026-06-28 00:00:00+00:00
[2026-06-28T11:05:40.795+0000] {processor.py:208} INFO - Processing /home/airflow/.local/lib/python3.12/site-packages/airflow/example_dags/example_branch_day_of_week_operator.py took 0.095 seconds
[2026-06-28T11:06:11.434+0000] {processor.py:186} INFO - Started process (PID=588) to work on /home/airflow/.local/lib/python3.12/site-packages/airflow/example_dags/example_branch_day_of_week_operator.py
[2026-06-28T11:06:11.435+0000] {processor.py:914} INFO - Processing file /home/airflow/.local/lib/python3.12/site-packages/airflow/example_dags/example_branch_day_of_week_operator.py for tasks to queue
[2026-06-28T11:06:11.437+0000] {logging_mixin.py:190} INFO - [2026-06-28T11:06:11.437+0000] {dagbag.py:587} INFO - Filling up the DagBag from /home/airflow/.local/lib/python3.12/site-packages/airflow/example_dags/example_branch_day_of_week_operator.py
[2026-06-28T11:06:11.449+0000] {processor.py:925} INFO - DAG(s) 'example_weekday_branch_operator' retrieved from /home/airflow/.local/lib/python3.12/site-packages/airflow/example_dags/example_branch_day_of_week_operator.py
[2026-06-28T11:06:11.476+0000] {logging_mixin.py:190} INFO - [2026-06-28T11:06:11.476+0000] {dag.py:3211} INFO - Sync 1 DAGs
[2026-06-28T11:06:11.505+0000] {logging_mixin.py:190} INFO - [2026-06-28T11:06:11.505+0000] {dag.py:4138} INFO - Setting next_dagrun for example_weekday_branch_operator to 2026-06-27 00:00:00+00:00, run_after=2026-06-28 00:00:00+00:00
[2026-06-28T11:06:11.523+0000] {processor.py:208} INFO - Processing /home/airflow/.local/lib/python3.12/site-packages/airflow/example_dags/example_branch_day_of_week_operator.py took 0.095 seconds
[2026-06-28T11:06:41.724+0000] {processor.py:186} INFO - Started process (PID=650) to work on /home/airflow/.local/lib/python3.12/site-packages/airflow/example_dags/example_branch_day_of_week_operator.py
[2026-06-28T11:06:41.725+0000] {processor.py:914} INFO - Processing file /home/airflow/.local/lib/python3.12/site-packages/airflow/example_dags/example_branch_day_of_week_operator.py for tasks to queue
[2026-06-28T11:06:41.728+0000] {logging_mixin.py:190} INFO - [2026-06-28T11:06:41.728+0000] {dagbag.py:587} INFO - Filling up the DagBag from /home/airflow/.local/lib/python3.12/site-packages/airflow/example_dags/example_branch_day_of_week_operator.py
[2026-06-28T11:06:41.739+0000] {processor.py:925} INFO - DAG(s) 'example_weekday_branch_operator' retrieved from /home/airflow/.local/lib/python3.12/site-packages/airflow/example_dags/example_branch_day_of_week_operator.py
[2026-06-28T11:06:41.767+0000] {logging_mixin.py:190} INFO - [2026-06-28T11:06:41.767+0000] {dag.py:3211} INFO - Sync 1 DAGs
[2026-06-28T11:06:41.799+0000] {logging_mixin.py:190} INFO - [2026-06-28T11:06:41.798+0000] {dag.py:4138} INFO - Setting next_dagrun for example_weekday_branch_operator to 2026-06-27 00:00:00+00:00, run_after=2026-06-28 00:00:00+00:00
[2026-06-28T11:06:41.819+0000] {processor.py:208} INFO - Processing /home/airflow/.local/lib/python3.12/site-packages/airflow/example_dags/example_branch_day_of_week_operator.py took 0.102 seconds
[2026-06-28T11:07:12.406+0000] {processor.py:186} INFO - Started process (PID=712) to work on /home/airflow/.local/lib/python3.12/site-packages/airflow/example_dags/example_branch_day_of_week_operator.py
[2026-06-28T11:07:12.407+0000] {processor.py:914} INFO - Processing file /home/airflow/.local/lib/python3.12/site-packages/airflow/example_dags/example_branch_day_of_week_operator.py for tasks to queue
[2026-06-28T11:07:12.409+0000] {logging_mixin.py:190} INFO - [2026-06-28T11:07:12.409+0000] {dagbag.py:587} INFO - Filling up the DagBag from /home/airflow/.local/lib/python3.12/site-packages/airflow/example_dags/example_branch_day_of_week_operator.py
[2026-06-28T11:07:12.421+0000] {processor.py:925} INFO - DAG(s) 'example_weekday_branch_operator' retrieved from /home/airflow/.local/lib/python3.12/site-packages/airflow/example_dags/example_branch_day_of_week_operator.py
[2026-06-28T11:07:12.446+0000] {logging_mixin.py:190} INFO - [2026-06-28T11:07:12.446+0000] {dag.py:3211} INFO - Sync 1 DAGs
[2026-06-28T11:07:12.472+0000] {logging_mixin.py:190} INFO - [2026-06-28T11:07:12.472+0000] {dag.py:4138} INFO - Setting next_dagrun for example_weekday_branch_operator to 2026-06-27 00:00:00+00:00, run_after=2026-06-28 00:00:00+00:00
[2026-06-28T11:07:12.493+0000] {processor.py:208} INFO - Processing /home/airflow/.local/lib/python3.12/site-packages/airflow/example_dags/example_branch_day_of_week_operator.py took 0.094 seconds
[2026-06-28T11:07:42.946+0000] {processor.py:186} INFO - Started process (PID=774) to work on /home/airflow/.local/lib/python3.12/site-packages/airflow/example_dags/example_branch_day_of_week_operator.py
[2026-06-28T11:07:42.947+0000] {processor.py:914} INFO - Processing file /home/airflow/.local/lib/python3.12/site-packages/airflow/example_dags/example_branch_day_of_week_operator.py for tasks to queue
[2026-06-28T11:07:42.949+0000] {logging_mixin.py:190} INFO - [2026-06-28T11:07:42.949+0000] {dagbag.py:587} INFO - Filling up the DagBag from /home/airflow/.local/lib/python3.12/site-packages/airflow/example_dags/example_branch_day_of_week_operator.py
[2026-06-28T11:07:42.960+0000] {processor.py:925} INFO - DAG(s) 'example_weekday_branch_operator' retrieved from /home/airflow/.local/lib/python3.12/site-packages/airflow/example_dags/example_branch_day_of_week_operator.py
[2026-06-28T11:07:42.988+0000] {logging_mixin.py:190} INFO - [2026-06-28T11:07:42.987+0000] {dag.py:3211} INFO - Sync 1 DAGs
[2026-06-28T11:07:43.013+0000] {logging_mixin.py:190} INFO - [2026-06-28T11:07:43.013+0000] {dag.py:4138} INFO - Setting next_dagrun for example_weekday_branch_operator to 2026-06-27 00:00:00+00:00, run_after=2026-06-28 00:00:00+00:00
[2026-06-28T11:07:43.034+0000] {processor.py:208} INFO - Processing /home/airflow/.local/lib/python3.12/site-packages/airflow/example_dags/example_branch_day_of_week_operator.py took 0.094 seconds
[2026-06-28T11:08:13.275+0000] {processor.py:186} INFO - Started process (PID=836) to work on /home/airflow/.local/lib/python3.12/site-packages/airflow/example_dags/example_branch_day_of_week_operator.py
[2026-06-28T11:08:13.277+0000] {processor.py:914} INFO - Processing file /home/airflow/.local/lib/python3.12/site-packages/airflow/example_dags/example_branch_day_of_week_operator.py for tasks to queue
[2026-06-28T11:08:13.280+0000] {logging_mixin.py:190} INFO - [2026-06-28T11:08:13.279+0000] {dagbag.py:587} INFO - Filling up the DagBag from /home/airflow/.local/lib/python3.12/site-packages/airflow/example_dags/example_branch_day_of_week_operator.py
[2026-06-28T11:08:13.293+0000] {processor.py:925} INFO - DAG(s) 'example_weekday_branch_operator' retrieved from /home/airflow/.local/lib/python3.12/site-packages/airflow/example_dags/example_branch_day_of_week_operator.py
[2026-06-28T11:08:13.326+0000] {logging_mixin.py:190} INFO - [2026-06-28T11:08:13.325+0000] {dag.py:3211} INFO - Sync 1 DAGs
[2026-06-28T11:08:13.352+0000] {logging_mixin.py:190} INFO - [2026-06-28T11:08:13.352+0000] {dag.py:4138} INFO - Setting next_dagrun for example_weekday_branch_operator to 2026-06-27 00:00:00+00:00, run_after=2026-06-28 00:00:00+00:00
[2026-06-28T11:08:13.381+0000] {processor.py:208} INFO - Processing /home/airflow/.local/lib/python3.12/site-packages/airflow/example_dags/example_branch_day_of_week_operator.py took 0.113 seconds
