[2026-06-28T11:01:41.455+0000] {processor.py:186} INFO - Started process (PID=64) to work on /home/airflow/.local/lib/python3.12/site-packages/airflow/example_dags/example_sla_dag.py
[2026-06-28T11:01:41.455+0000] {processor.py:914} INFO - Processing file /home/airflow/.local/lib/python3.12/site-packages/airflow/example_dags/example_sla_dag.py for tasks to queue
[2026-06-28T11:01:41.458+0000] {logging_mixin.py:190} INFO - [2026-06-28T11:01:41.458+0000] {dagbag.py:587} INFO - Filling up the DagBag from /home/airflow/.local/lib/python3.12/site-packages/airflow/example_dags/example_sla_dag.py
[2026-06-28T11:01:41.474+0000] {processor.py:925} INFO - DAG(s) 'example_sla_dag' retrieved from /home/airflow/.local/lib/python3.12/site-packages/airflow/example_dags/example_sla_dag.py
[2026-06-28T11:01:41.634+0000] {logging_mixin.py:190} INFO - [2026-06-28T11:01:41.633+0000] {override.py:1858} INFO - Created Permission View: can edit on DAG:example_sla_dag
[2026-06-28T11:01:41.644+0000] {logging_mixin.py:190} INFO - [2026-06-28T11:01:41.644+0000] {override.py:1858} INFO - Created Permission View: can delete on DAG:example_sla_dag
[2026-06-28T11:01:41.658+0000] {logging_mixin.py:190} INFO - [2026-06-28T11:01:41.657+0000] {override.py:1858} INFO - Created Permission View: can read on DAG:example_sla_dag
[2026-06-28T11:01:41.658+0000] {logging_mixin.py:190} INFO - [2026-06-28T11:01:41.658+0000] {dag.py:3211} INFO - Sync 1 DAGs
[2026-06-28T11:01:41.677+0000] {logging_mixin.py:190} INFO - [2026-06-28T11:01:41.676+0000] {dag.py:3234} INFO - Creating ORM DAG for example_sla_dag
[2026-06-28T11:01:41.691+0000] {logging_mixin.py:190} INFO - [2026-06-28T11:01:41.690+0000] {dag.py:4138} INFO - Setting next_dagrun for example_sla_dag to 2026-06-28 10:58:00+00:00, run_after=2026-06-28 11:00:00+00:00
[2026-06-28T11:01:41.708+0000] {processor.py:208} INFO - Processing /home/airflow/.local/lib/python3.12/site-packages/airflow/example_dags/example_sla_dag.py took 0.258 seconds
[2026-06-28T11:02:11.889+0000] {processor.py:186} INFO - Started process (PID=126) to work on /home/airflow/.local/lib/python3.12/site-packages/airflow/example_dags/example_sla_dag.py
[2026-06-28T11:02:11.890+0000] {processor.py:914} INFO - Processing file /home/airflow/.local/lib/python3.12/site-packages/airflow/example_dags/example_sla_dag.py for tasks to queue
[2026-06-28T11:02:11.892+0000] {logging_mixin.py:190} INFO - [2026-06-28T11:02:11.891+0000] {dagbag.py:587} INFO - Filling up the DagBag from /home/airflow/.local/lib/python3.12/site-packages/airflow/example_dags/example_sla_dag.py
[2026-06-28T11:02:11.901+0000] {processor.py:925} INFO - DAG(s) 'example_sla_dag' retrieved from /home/airflow/.local/lib/python3.12/site-packages/airflow/example_dags/example_sla_dag.py
[2026-06-28T11:02:11.921+0000] {logging_mixin.py:190} INFO - [2026-06-28T11:02:11.921+0000] {dag.py:3211} INFO - Sync 1 DAGs
[2026-06-28T11:02:11.941+0000] {logging_mixin.py:190} INFO - [2026-06-28T11:02:11.941+0000] {dag.py:4138} INFO - Setting next_dagrun for example_sla_dag to 2026-06-28 11:00:00+00:00, run_after=2026-06-28 11:02:00+00:00
[2026-06-28T11:02:11.958+0000] {processor.py:208} INFO - Processing /home/airflow/.local/lib/python3.12/site-packages/airflow/example_dags/example_sla_dag.py took 0.074 seconds
[2026-06-28T11:02:42.587+0000] {processor.py:186} INFO - Started process (PID=188) to work on /home/airflow/.local/lib/python3.12/site-packages/airflow/example_dags/example_sla_dag.py
[2026-06-28T11:02:42.588+0000] {processor.py:914} INFO - Processing file /home/airflow/.local/lib/python3.12/site-packages/airflow/example_dags/example_sla_dag.py for tasks to queue
[2026-06-28T11:02:42.590+0000] {logging_mixin.py:190} INFO - [2026-06-28T11:02:42.590+0000] {dagbag.py:587} INFO - Filling up the DagBag from /home/airflow/.local/lib/python3.12/site-packages/airflow/example_dags/example_sla_dag.py
[2026-06-28T11:02:42.600+0000] {processor.py:925} INFO - DAG(s) 'example_sla_dag' retrieved from /home/airflow/.local/lib/python3.12/site-packages/airflow/example_dags/example_sla_dag.py
[2026-06-28T11:02:42.627+0000] {logging_mixin.py:190} INFO - [2026-06-28T11:02:42.627+0000] {dag.py:3211} INFO - Sync 1 DAGs
[2026-06-28T11:02:42.656+0000] {logging_mixin.py:190} INFO - [2026-06-28T11:02:42.655+0000] {dag.py:4138} INFO - Setting next_dagrun for example_sla_dag to 2026-06-28 11:00:00+00:00, run_after=2026-06-28 11:02:00+00:00
[2026-06-28T11:02:42.679+0000] {processor.py:208} INFO - Processing /home/airflow/.local/lib/python3.12/site-packages/airflow/example_dags/example_sla_dag.py took 0.098 seconds
[2026-06-28T11:03:14.634+0000] {processor.py:186} INFO - Started process (PID=256) to work on /home/airflow/.local/lib/python3.12/site-packages/airflow/example_dags/example_sla_dag.py
[2026-06-28T11:03:14.635+0000] {processor.py:914} INFO - Processing file /home/airflow/.local/lib/python3.12/site-packages/airflow/example_dags/example_sla_dag.py for tasks to queue
[2026-06-28T11:03:14.638+0000] {logging_mixin.py:190} INFO - [2026-06-28T11:03:14.637+0000] {dagbag.py:587} INFO - Filling up the DagBag from /home/airflow/.local/lib/python3.12/site-packages/airflow/example_dags/example_sla_dag.py
[2026-06-28T11:03:14.651+0000] {processor.py:925} INFO - DAG(s) 'example_sla_dag' retrieved from /home/airflow/.local/lib/python3.12/site-packages/airflow/example_dags/example_sla_dag.py
[2026-06-28T11:03:14.678+0000] {logging_mixin.py:190} INFO - [2026-06-28T11:03:14.677+0000] {dag.py:3211} INFO - Sync 1 DAGs
[2026-06-28T11:03:14.704+0000] {logging_mixin.py:190} INFO - [2026-06-28T11:03:14.703+0000] {dag.py:4138} INFO - Setting next_dagrun for example_sla_dag to 2026-06-28 11:00:00+00:00, run_after=2026-06-28 11:02:00+00:00
[2026-06-28T11:03:14.721+0000] {processor.py:208} INFO - Processing /home/airflow/.local/lib/python3.12/site-packages/airflow/example_dags/example_sla_dag.py took 0.096 seconds
[2026-06-28T11:03:45.151+0000] {processor.py:186} INFO - Started process (PID=318) to work on /home/airflow/.local/lib/python3.12/site-packages/airflow/example_dags/example_sla_dag.py
[2026-06-28T11:03:45.152+0000] {processor.py:914} INFO - Processing file /home/airflow/.local/lib/python3.12/site-packages/airflow/example_dags/example_sla_dag.py for tasks to queue
[2026-06-28T11:03:45.155+0000] {logging_mixin.py:190} INFO - [2026-06-28T11:03:45.155+0000] {dagbag.py:587} INFO - Filling up the DagBag from /home/airflow/.local/lib/python3.12/site-packages/airflow/example_dags/example_sla_dag.py
[2026-06-28T11:03:45.166+0000] {processor.py:925} INFO - DAG(s) 'example_sla_dag' retrieved from /home/airflow/.local/lib/python3.12/site-packages/airflow/example_dags/example_sla_dag.py
[2026-06-28T11:03:45.193+0000] {logging_mixin.py:190} INFO - [2026-06-28T11:03:45.192+0000] {dag.py:3211} INFO - Sync 1 DAGs
[2026-06-28T11:03:45.223+0000] {logging_mixin.py:190} INFO - [2026-06-28T11:03:45.223+0000] {dag.py:4138} INFO - Setting next_dagrun for example_sla_dag to 2026-06-28 11:00:00+00:00, run_after=2026-06-28 11:02:00+00:00
[2026-06-28T11:03:45.244+0000] {processor.py:208} INFO - Processing /home/airflow/.local/lib/python3.12/site-packages/airflow/example_dags/example_sla_dag.py took 0.099 seconds
[2026-06-28T11:04:15.932+0000] {processor.py:186} INFO - Started process (PID=380) to work on /home/airflow/.local/lib/python3.12/site-packages/airflow/example_dags/example_sla_dag.py
[2026-06-28T11:04:15.933+0000] {processor.py:914} INFO - Processing file /home/airflow/.local/lib/python3.12/site-packages/airflow/example_dags/example_sla_dag.py for tasks to queue
[2026-06-28T11:04:15.936+0000] {logging_mixin.py:190} INFO - [2026-06-28T11:04:15.936+0000] {dagbag.py:587} INFO - Filling up the DagBag from /home/airflow/.local/lib/python3.12/site-packages/airflow/example_dags/example_sla_dag.py
[2026-06-28T11:04:15.949+0000] {processor.py:925} INFO - DAG(s) 'example_sla_dag' retrieved from /home/airflow/.local/lib/python3.12/site-packages/airflow/example_dags/example_sla_dag.py
[2026-06-28T11:04:15.977+0000] {logging_mixin.py:190} INFO - [2026-06-28T11:04:15.977+0000] {dag.py:3211} INFO - Sync 1 DAGs
[2026-06-28T11:04:16.008+0000] {logging_mixin.py:190} INFO - [2026-06-28T11:04:16.007+0000] {dag.py:4138} INFO - Setting next_dagrun for example_sla_dag to 2026-06-28 11:02:00+00:00, run_after=2026-06-28 11:04:00+00:00
[2026-06-28T11:04:16.031+0000] {processor.py:208} INFO - Processing /home/airflow/.local/lib/python3.12/site-packages/airflow/example_dags/example_sla_dag.py took 0.106 seconds
[2026-06-28T11:04:46.280+0000] {processor.py:186} INFO - Started process (PID=442) to work on /home/airflow/.local/lib/python3.12/site-packages/airflow/example_dags/example_sla_dag.py
[2026-06-28T11:04:46.281+0000] {processor.py:914} INFO - Processing file /home/airflow/.local/lib/python3.12/site-packages/airflow/example_dags/example_sla_dag.py for tasks to queue
[2026-06-28T11:04:46.283+0000] {logging_mixin.py:190} INFO - [2026-06-28T11:04:46.283+0000] {dagbag.py:587} INFO - Filling up the DagBag from /home/airflow/.local/lib/python3.12/site-packages/airflow/example_dags/example_sla_dag.py
[2026-06-28T11:04:46.296+0000] {processor.py:925} INFO - DAG(s) 'example_sla_dag' retrieved from /home/airflow/.local/lib/python3.12/site-packages/airflow/example_dags/example_sla_dag.py
[2026-06-28T11:04:46.322+0000] {logging_mixin.py:190} INFO - [2026-06-28T11:04:46.321+0000] {dag.py:3211} INFO - Sync 1 DAGs
[2026-06-28T11:04:46.349+0000] {logging_mixin.py:190} INFO - [2026-06-28T11:04:46.349+0000] {dag.py:4138} INFO - Setting next_dagrun for example_sla_dag to 2026-06-28 11:02:00+00:00, run_after=2026-06-28 11:04:00+00:00
[2026-06-28T11:04:46.369+0000] {processor.py:208} INFO - Processing /home/airflow/.local/lib/python3.12/site-packages/airflow/example_dags/example_sla_dag.py took 0.095 seconds
[2026-06-28T11:05:17.111+0000] {processor.py:186} INFO - Started process (PID=504) to work on /home/airflow/.local/lib/python3.12/site-packages/airflow/example_dags/example_sla_dag.py
[2026-06-28T11:05:17.112+0000] {processor.py:914} INFO - Processing file /home/airflow/.local/lib/python3.12/site-packages/airflow/example_dags/example_sla_dag.py for tasks to queue
[2026-06-28T11:05:17.115+0000] {logging_mixin.py:190} INFO - [2026-06-28T11:05:17.115+0000] {dagbag.py:587} INFO - Filling up the DagBag from /home/airflow/.local/lib/python3.12/site-packages/airflow/example_dags/example_sla_dag.py
[2026-06-28T11:05:17.125+0000] {processor.py:925} INFO - DAG(s) 'example_sla_dag' retrieved from /home/airflow/.local/lib/python3.12/site-packages/airflow/example_dags/example_sla_dag.py
[2026-06-28T11:05:17.150+0000] {logging_mixin.py:190} INFO - [2026-06-28T11:05:17.150+0000] {dag.py:3211} INFO - Sync 1 DAGs
[2026-06-28T11:05:17.177+0000] {logging_mixin.py:190} INFO - [2026-06-28T11:05:17.177+0000] {dag.py:4138} INFO - Setting next_dagrun for example_sla_dag to 2026-06-28 11:02:00+00:00, run_after=2026-06-28 11:04:00+00:00
[2026-06-28T11:05:17.198+0000] {processor.py:208} INFO - Processing /home/airflow/.local/lib/python3.12/site-packages/airflow/example_dags/example_sla_dag.py took 0.092 seconds
[2026-06-28T11:05:47.723+0000] {processor.py:186} INFO - Started process (PID=565) to work on /home/airflow/.local/lib/python3.12/site-packages/airflow/example_dags/example_sla_dag.py
[2026-06-28T11:05:47.724+0000] {processor.py:914} INFO - Processing file /home/airflow/.local/lib/python3.12/site-packages/airflow/example_dags/example_sla_dag.py for tasks to queue
[2026-06-28T11:05:47.727+0000] {logging_mixin.py:190} INFO - [2026-06-28T11:05:47.726+0000] {dagbag.py:587} INFO - Filling up the DagBag from /home/airflow/.local/lib/python3.12/site-packages/airflow/example_dags/example_sla_dag.py
[2026-06-28T11:05:47.740+0000] {processor.py:925} INFO - DAG(s) 'example_sla_dag' retrieved from /home/airflow/.local/lib/python3.12/site-packages/airflow/example_dags/example_sla_dag.py
[2026-06-28T11:05:47.767+0000] {logging_mixin.py:190} INFO - [2026-06-28T11:05:47.766+0000] {dag.py:3211} INFO - Sync 1 DAGs
[2026-06-28T11:05:47.795+0000] {logging_mixin.py:190} INFO - [2026-06-28T11:05:47.795+0000] {dag.py:4138} INFO - Setting next_dagrun for example_sla_dag to 2026-06-28 11:02:00+00:00, run_after=2026-06-28 11:04:00+00:00
[2026-06-28T11:05:47.819+0000] {processor.py:208} INFO - Processing /home/airflow/.local/lib/python3.12/site-packages/airflow/example_dags/example_sla_dag.py took 0.102 seconds
[2026-06-28T11:06:18.648+0000] {processor.py:186} INFO - Started process (PID=627) to work on /home/airflow/.local/lib/python3.12/site-packages/airflow/example_dags/example_sla_dag.py
[2026-06-28T11:06:18.649+0000] {processor.py:914} INFO - Processing file /home/airflow/.local/lib/python3.12/site-packages/airflow/example_dags/example_sla_dag.py for tasks to queue
[2026-06-28T11:06:18.652+0000] {logging_mixin.py:190} INFO - [2026-06-28T11:06:18.651+0000] {dagbag.py:587} INFO - Filling up the DagBag from /home/airflow/.local/lib/python3.12/site-packages/airflow/example_dags/example_sla_dag.py
[2026-06-28T11:06:18.664+0000] {processor.py:925} INFO - DAG(s) 'example_sla_dag' retrieved from /home/airflow/.local/lib/python3.12/site-packages/airflow/example_dags/example_sla_dag.py
[2026-06-28T11:06:18.695+0000] {logging_mixin.py:190} INFO - [2026-06-28T11:06:18.695+0000] {dag.py:3211} INFO - Sync 1 DAGs
[2026-06-28T11:06:18.729+0000] {logging_mixin.py:190} INFO - [2026-06-28T11:06:18.729+0000] {dag.py:4138} INFO - Setting next_dagrun for example_sla_dag to 2026-06-28 11:04:00+00:00, run_after=2026-06-28 11:06:00+00:00
[2026-06-28T11:06:18.755+0000] {processor.py:208} INFO - Processing /home/airflow/.local/lib/python3.12/site-packages/airflow/example_dags/example_sla_dag.py took 0.114 seconds
[2026-06-28T11:06:49.724+0000] {processor.py:186} INFO - Started process (PID=689) to work on /home/airflow/.local/lib/python3.12/site-packages/airflow/example_dags/example_sla_dag.py
[2026-06-28T11:06:49.725+0000] {processor.py:914} INFO - Processing file /home/airflow/.local/lib/python3.12/site-packages/airflow/example_dags/example_sla_dag.py for tasks to queue
[2026-06-28T11:06:49.727+0000] {logging_mixin.py:190} INFO - [2026-06-28T11:06:49.727+0000] {dagbag.py:587} INFO - Filling up the DagBag from /home/airflow/.local/lib/python3.12/site-packages/airflow/example_dags/example_sla_dag.py
[2026-06-28T11:06:49.739+0000] {processor.py:925} INFO - DAG(s) 'example_sla_dag' retrieved from /home/airflow/.local/lib/python3.12/site-packages/airflow/example_dags/example_sla_dag.py
[2026-06-28T11:06:49.767+0000] {logging_mixin.py:190} INFO - [2026-06-28T11:06:49.767+0000] {dag.py:3211} INFO - Sync 1 DAGs
[2026-06-28T11:06:49.796+0000] {logging_mixin.py:190} INFO - [2026-06-28T11:06:49.796+0000] {dag.py:4138} INFO - Setting next_dagrun for example_sla_dag to 2026-06-28 11:04:00+00:00, run_after=2026-06-28 11:06:00+00:00
[2026-06-28T11:06:49.817+0000] {processor.py:208} INFO - Processing /home/airflow/.local/lib/python3.12/site-packages/airflow/example_dags/example_sla_dag.py took 0.099 seconds
[2026-06-28T11:07:20.181+0000] {processor.py:186} INFO - Started process (PID=751) to work on /home/airflow/.local/lib/python3.12/site-packages/airflow/example_dags/example_sla_dag.py
[2026-06-28T11:07:20.182+0000] {processor.py:914} INFO - Processing file /home/airflow/.local/lib/python3.12/site-packages/airflow/example_dags/example_sla_dag.py for tasks to queue
[2026-06-28T11:07:20.184+0000] {logging_mixin.py:190} INFO - [2026-06-28T11:07:20.184+0000] {dagbag.py:587} INFO - Filling up the DagBag from /home/airflow/.local/lib/python3.12/site-packages/airflow/example_dags/example_sla_dag.py
[2026-06-28T11:07:20.196+0000] {processor.py:925} INFO - DAG(s) 'example_sla_dag' retrieved from /home/airflow/.local/lib/python3.12/site-packages/airflow/example_dags/example_sla_dag.py
[2026-06-28T11:07:20.221+0000] {logging_mixin.py:190} INFO - [2026-06-28T11:07:20.221+0000] {dag.py:3211} INFO - Sync 1 DAGs
[2026-06-28T11:07:20.251+0000] {logging_mixin.py:190} INFO - [2026-06-28T11:07:20.250+0000] {dag.py:4138} INFO - Setting next_dagrun for example_sla_dag to 2026-06-28 11:04:00+00:00, run_after=2026-06-28 11:06:00+00:00
[2026-06-28T11:07:20.275+0000] {processor.py:208} INFO - Processing /home/airflow/.local/lib/python3.12/site-packages/airflow/example_dags/example_sla_dag.py took 0.100 seconds
[2026-06-28T11:07:50.481+0000] {processor.py:186} INFO - Started process (PID=813) to work on /home/airflow/.local/lib/python3.12/site-packages/airflow/example_dags/example_sla_dag.py
[2026-06-28T11:07:50.482+0000] {processor.py:914} INFO - Processing file /home/airflow/.local/lib/python3.12/site-packages/airflow/example_dags/example_sla_dag.py for tasks to queue
[2026-06-28T11:07:50.484+0000] {logging_mixin.py:190} INFO - [2026-06-28T11:07:50.483+0000] {dagbag.py:587} INFO - Filling up the DagBag from /home/airflow/.local/lib/python3.12/site-packages/airflow/example_dags/example_sla_dag.py
[2026-06-28T11:07:50.493+0000] {processor.py:925} INFO - DAG(s) 'example_sla_dag' retrieved from /home/airflow/.local/lib/python3.12/site-packages/airflow/example_dags/example_sla_dag.py
[2026-06-28T11:07:50.518+0000] {logging_mixin.py:190} INFO - [2026-06-28T11:07:50.518+0000] {dag.py:3211} INFO - Sync 1 DAGs
[2026-06-28T11:07:50.544+0000] {logging_mixin.py:190} INFO - [2026-06-28T11:07:50.544+0000] {dag.py:4138} INFO - Setting next_dagrun for example_sla_dag to 2026-06-28 11:04:00+00:00, run_after=2026-06-28 11:06:00+00:00
[2026-06-28T11:07:50.563+0000] {processor.py:208} INFO - Processing /home/airflow/.local/lib/python3.12/site-packages/airflow/example_dags/example_sla_dag.py took 0.088 seconds
[2026-06-28T11:08:20.674+0000] {processor.py:186} INFO - Started process (PID=875) to work on /home/airflow/.local/lib/python3.12/site-packages/airflow/example_dags/example_sla_dag.py
[2026-06-28T11:08:20.675+0000] {processor.py:914} INFO - Processing file /home/airflow/.local/lib/python3.12/site-packages/airflow/example_dags/example_sla_dag.py for tasks to queue
[2026-06-28T11:08:20.677+0000] {logging_mixin.py:190} INFO - [2026-06-28T11:08:20.677+0000] {dagbag.py:587} INFO - Filling up the DagBag from /home/airflow/.local/lib/python3.12/site-packages/airflow/example_dags/example_sla_dag.py
[2026-06-28T11:08:20.687+0000] {processor.py:925} INFO - DAG(s) 'example_sla_dag' retrieved from /home/airflow/.local/lib/python3.12/site-packages/airflow/example_dags/example_sla_dag.py
[2026-06-28T11:08:20.710+0000] {logging_mixin.py:190} INFO - [2026-06-28T11:08:20.710+0000] {dag.py:3211} INFO - Sync 1 DAGs
[2026-06-28T11:08:20.737+0000] {logging_mixin.py:190} INFO - [2026-06-28T11:08:20.736+0000] {dag.py:4138} INFO - Setting next_dagrun for example_sla_dag to 2026-06-28 11:06:00+00:00, run_after=2026-06-28 11:08:00+00:00
[2026-06-28T11:08:20.755+0000] {processor.py:208} INFO - Processing /home/airflow/.local/lib/python3.12/site-packages/airflow/example_dags/example_sla_dag.py took 0.087 seconds
