[2026-06-28T11:01:40.788+0000] {processor.py:186} INFO - Started process (PID=58) to work on /home/airflow/.local/lib/python3.12/site-packages/airflow/example_dags/example_sensors.py
[2026-06-28T11:01:40.789+0000] {processor.py:914} INFO - Processing file /home/airflow/.local/lib/python3.12/site-packages/airflow/example_dags/example_sensors.py for tasks to queue
[2026-06-28T11:01:40.791+0000] {logging_mixin.py:190} INFO - [2026-06-28T11:01:40.790+0000] {dagbag.py:587} INFO - Filling up the DagBag from /home/airflow/.local/lib/python3.12/site-packages/airflow/example_dags/example_sensors.py
[2026-06-28T11:01:40.802+0000] {processor.py:925} INFO - DAG(s) 'example_sensors' retrieved from /home/airflow/.local/lib/python3.12/site-packages/airflow/example_dags/example_sensors.py
[2026-06-28T11:01:40.905+0000] {logging_mixin.py:190} INFO - [2026-06-28T11:01:40.904+0000] {override.py:1858} INFO - Created Permission View: can edit on DAG:example_sensors
[2026-06-28T11:01:40.917+0000] {logging_mixin.py:190} INFO - [2026-06-28T11:01:40.916+0000] {override.py:1858} INFO - Created Permission View: can delete on DAG:example_sensors
[2026-06-28T11:01:40.924+0000] {logging_mixin.py:190} INFO - [2026-06-28T11:01:40.924+0000] {override.py:1858} INFO - Created Permission View: can read on DAG:example_sensors
[2026-06-28T11:01:40.925+0000] {logging_mixin.py:190} INFO - [2026-06-28T11:01:40.924+0000] {dag.py:3211} INFO - Sync 1 DAGs
[2026-06-28T11:01:40.939+0000] {logging_mixin.py:190} INFO - [2026-06-28T11:01:40.939+0000] {dag.py:3234} INFO - Creating ORM DAG for example_sensors
[2026-06-28T11:01:40.940+0000] {logging_mixin.py:190} INFO - [2026-06-28T11:01:40.940+0000] {dag.py:4138} INFO - Setting next_dagrun for example_sensors to None, run_after=None
[2026-06-28T11:01:40.962+0000] {processor.py:208} INFO - Processing /home/airflow/.local/lib/python3.12/site-packages/airflow/example_dags/example_sensors.py took 0.179 seconds
[2026-06-28T11:02:11.472+0000] {processor.py:186} INFO - Started process (PID=120) to work on /home/airflow/.local/lib/python3.12/site-packages/airflow/example_dags/example_sensors.py
[2026-06-28T11:02:11.473+0000] {processor.py:914} INFO - Processing file /home/airflow/.local/lib/python3.12/site-packages/airflow/example_dags/example_sensors.py for tasks to queue
[2026-06-28T11:02:11.475+0000] {logging_mixin.py:190} INFO - [2026-06-28T11:02:11.475+0000] {dagbag.py:587} INFO - Filling up the DagBag from /home/airflow/.local/lib/python3.12/site-packages/airflow/example_dags/example_sensors.py
[2026-06-28T11:02:11.484+0000] {processor.py:925} INFO - DAG(s) 'example_sensors' retrieved from /home/airflow/.local/lib/python3.12/site-packages/airflow/example_dags/example_sensors.py
[2026-06-28T11:02:11.507+0000] {logging_mixin.py:190} INFO - [2026-06-28T11:02:11.507+0000] {dag.py:3211} INFO - Sync 1 DAGs
[2026-06-28T11:02:11.518+0000] {logging_mixin.py:190} INFO - [2026-06-28T11:02:11.518+0000] {dag.py:4138} INFO - Setting next_dagrun for example_sensors to None, run_after=None
[2026-06-28T11:02:11.531+0000] {processor.py:208} INFO - Processing /home/airflow/.local/lib/python3.12/site-packages/airflow/example_dags/example_sensors.py took 0.064 seconds
[2026-06-28T11:02:42.248+0000] {processor.py:186} INFO - Started process (PID=182) to work on /home/airflow/.local/lib/python3.12/site-packages/airflow/example_dags/example_sensors.py
[2026-06-28T11:02:42.249+0000] {processor.py:914} INFO - Processing file /home/airflow/.local/lib/python3.12/site-packages/airflow/example_dags/example_sensors.py for tasks to queue
[2026-06-28T11:02:42.251+0000] {logging_mixin.py:190} INFO - [2026-06-28T11:02:42.251+0000] {dagbag.py:587} INFO - Filling up the DagBag from /home/airflow/.local/lib/python3.12/site-packages/airflow/example_dags/example_sensors.py
[2026-06-28T11:02:42.261+0000] {processor.py:925} INFO - DAG(s) 'example_sensors' retrieved from /home/airflow/.local/lib/python3.12/site-packages/airflow/example_dags/example_sensors.py
[2026-06-28T11:02:42.289+0000] {logging_mixin.py:190} INFO - [2026-06-28T11:02:42.289+0000] {dag.py:3211} INFO - Sync 1 DAGs
[2026-06-28T11:02:42.301+0000] {logging_mixin.py:190} INFO - [2026-06-28T11:02:42.300+0000] {dag.py:4138} INFO - Setting next_dagrun for example_sensors to None, run_after=None
[2026-06-28T11:02:42.319+0000] {processor.py:208} INFO - Processing /home/airflow/.local/lib/python3.12/site-packages/airflow/example_dags/example_sensors.py took 0.077 seconds
[2026-06-28T11:03:13.993+0000] {processor.py:186} INFO - Started process (PID=250) to work on /home/airflow/.local/lib/python3.12/site-packages/airflow/example_dags/example_sensors.py
[2026-06-28T11:03:13.994+0000] {processor.py:914} INFO - Processing file /home/airflow/.local/lib/python3.12/site-packages/airflow/example_dags/example_sensors.py for tasks to queue
[2026-06-28T11:03:13.996+0000] {logging_mixin.py:190} INFO - [2026-06-28T11:03:13.996+0000] {dagbag.py:587} INFO - Filling up the DagBag from /home/airflow/.local/lib/python3.12/site-packages/airflow/example_dags/example_sensors.py
[2026-06-28T11:03:14.010+0000] {processor.py:925} INFO - DAG(s) 'example_sensors' retrieved from /home/airflow/.local/lib/python3.12/site-packages/airflow/example_dags/example_sensors.py
[2026-06-28T11:03:14.049+0000] {logging_mixin.py:190} INFO - [2026-06-28T11:03:14.049+0000] {dag.py:3211} INFO - Sync 1 DAGs
[2026-06-28T11:03:14.067+0000] {logging_mixin.py:190} INFO - [2026-06-28T11:03:14.066+0000] {dag.py:4138} INFO - Setting next_dagrun for example_sensors to None, run_after=None
[2026-06-28T11:03:14.097+0000] {processor.py:208} INFO - Processing /home/airflow/.local/lib/python3.12/site-packages/airflow/example_dags/example_sensors.py took 0.112 seconds
[2026-06-28T11:03:44.753+0000] {processor.py:186} INFO - Started process (PID=312) to work on /home/airflow/.local/lib/python3.12/site-packages/airflow/example_dags/example_sensors.py
[2026-06-28T11:03:44.754+0000] {processor.py:914} INFO - Processing file /home/airflow/.local/lib/python3.12/site-packages/airflow/example_dags/example_sensors.py for tasks to queue
[2026-06-28T11:03:44.756+0000] {logging_mixin.py:190} INFO - [2026-06-28T11:03:44.756+0000] {dagbag.py:587} INFO - Filling up the DagBag from /home/airflow/.local/lib/python3.12/site-packages/airflow/example_dags/example_sensors.py
[2026-06-28T11:03:44.768+0000] {processor.py:925} INFO - DAG(s) 'example_sensors' retrieved from /home/airflow/.local/lib/python3.12/site-packages/airflow/example_dags/example_sensors.py
[2026-06-28T11:03:44.799+0000] {logging_mixin.py:190} INFO - [2026-06-28T11:03:44.799+0000] {dag.py:3211} INFO - Sync 1 DAGs
[2026-06-28T11:03:44.813+0000] {logging_mixin.py:190} INFO - [2026-06-28T11:03:44.813+0000] {dag.py:4138} INFO - Setting next_dagrun for example_sensors to None, run_after=None
[2026-06-28T11:03:44.842+0000] {processor.py:208} INFO - Processing /home/airflow/.local/lib/python3.12/site-packages/airflow/example_dags/example_sensors.py took 0.096 seconds
[2026-06-28T11:04:15.512+0000] {processor.py:186} INFO - Started process (PID=374) to work on /home/airflow/.local/lib/python3.12/site-packages/airflow/example_dags/example_sensors.py
[2026-06-28T11:04:15.513+0000] {processor.py:914} INFO - Processing file /home/airflow/.local/lib/python3.12/site-packages/airflow/example_dags/example_sensors.py for tasks to queue
[2026-06-28T11:04:15.515+0000] {logging_mixin.py:190} INFO - [2026-06-28T11:04:15.515+0000] {dagbag.py:587} INFO - Filling up the DagBag from /home/airflow/.local/lib/python3.12/site-packages/airflow/example_dags/example_sensors.py
[2026-06-28T11:04:15.529+0000] {processor.py:925} INFO - DAG(s) 'example_sensors' retrieved from /home/airflow/.local/lib/python3.12/site-packages/airflow/example_dags/example_sensors.py
[2026-06-28T11:04:15.564+0000] {logging_mixin.py:190} INFO - [2026-06-28T11:04:15.563+0000] {dag.py:3211} INFO - Sync 1 DAGs
[2026-06-28T11:04:15.582+0000] {logging_mixin.py:190} INFO - [2026-06-28T11:04:15.582+0000] {dag.py:4138} INFO - Setting next_dagrun for example_sensors to None, run_after=None
[2026-06-28T11:04:15.616+0000] {processor.py:208} INFO - Processing /home/airflow/.local/lib/python3.12/site-packages/airflow/example_dags/example_sensors.py took 0.111 seconds
[2026-06-28T11:04:45.788+0000] {processor.py:186} INFO - Started process (PID=436) to work on /home/airflow/.local/lib/python3.12/site-packages/airflow/example_dags/example_sensors.py
[2026-06-28T11:04:45.789+0000] {processor.py:914} INFO - Processing file /home/airflow/.local/lib/python3.12/site-packages/airflow/example_dags/example_sensors.py for tasks to queue
[2026-06-28T11:04:45.791+0000] {logging_mixin.py:190} INFO - [2026-06-28T11:04:45.791+0000] {dagbag.py:587} INFO - Filling up the DagBag from /home/airflow/.local/lib/python3.12/site-packages/airflow/example_dags/example_sensors.py
[2026-06-28T11:04:45.802+0000] {processor.py:925} INFO - DAG(s) 'example_sensors' retrieved from /home/airflow/.local/lib/python3.12/site-packages/airflow/example_dags/example_sensors.py
[2026-06-28T11:04:45.833+0000] {logging_mixin.py:190} INFO - [2026-06-28T11:04:45.833+0000] {dag.py:3211} INFO - Sync 1 DAGs
[2026-06-28T11:04:45.850+0000] {logging_mixin.py:190} INFO - [2026-06-28T11:04:45.849+0000] {dag.py:4138} INFO - Setting next_dagrun for example_sensors to None, run_after=None
[2026-06-28T11:04:45.867+0000] {processor.py:208} INFO - Processing /home/airflow/.local/lib/python3.12/site-packages/airflow/example_dags/example_sensors.py took 0.085 seconds
[2026-06-28T11:05:16.730+0000] {processor.py:186} INFO - Started process (PID=498) to work on /home/airflow/.local/lib/python3.12/site-packages/airflow/example_dags/example_sensors.py
[2026-06-28T11:05:16.730+0000] {processor.py:914} INFO - Processing file /home/airflow/.local/lib/python3.12/site-packages/airflow/example_dags/example_sensors.py for tasks to queue
[2026-06-28T11:05:16.733+0000] {logging_mixin.py:190} INFO - [2026-06-28T11:05:16.732+0000] {dagbag.py:587} INFO - Filling up the DagBag from /home/airflow/.local/lib/python3.12/site-packages/airflow/example_dags/example_sensors.py
[2026-06-28T11:05:16.744+0000] {processor.py:925} INFO - DAG(s) 'example_sensors' retrieved from /home/airflow/.local/lib/python3.12/site-packages/airflow/example_dags/example_sensors.py
[2026-06-28T11:05:16.777+0000] {logging_mixin.py:190} INFO - [2026-06-28T11:05:16.776+0000] {dag.py:3211} INFO - Sync 1 DAGs
[2026-06-28T11:05:16.793+0000] {logging_mixin.py:190} INFO - [2026-06-28T11:05:16.793+0000] {dag.py:4138} INFO - Setting next_dagrun for example_sensors to None, run_after=None
[2026-06-28T11:05:16.822+0000] {processor.py:208} INFO - Processing /home/airflow/.local/lib/python3.12/site-packages/airflow/example_dags/example_sensors.py took 0.099 seconds
[2026-06-28T11:05:47.310+0000] {processor.py:186} INFO - Started process (PID=559) to work on /home/airflow/.local/lib/python3.12/site-packages/airflow/example_dags/example_sensors.py
[2026-06-28T11:05:47.311+0000] {processor.py:914} INFO - Processing file /home/airflow/.local/lib/python3.12/site-packages/airflow/example_dags/example_sensors.py for tasks to queue
[2026-06-28T11:05:47.314+0000] {logging_mixin.py:190} INFO - [2026-06-28T11:05:47.314+0000] {dagbag.py:587} INFO - Filling up the DagBag from /home/airflow/.local/lib/python3.12/site-packages/airflow/example_dags/example_sensors.py
[2026-06-28T11:05:47.328+0000] {processor.py:925} INFO - DAG(s) 'example_sensors' retrieved from /home/airflow/.local/lib/python3.12/site-packages/airflow/example_dags/example_sensors.py
[2026-06-28T11:05:47.363+0000] {logging_mixin.py:190} INFO - [2026-06-28T11:05:47.362+0000] {dag.py:3211} INFO - Sync 1 DAGs
[2026-06-28T11:05:47.381+0000] {logging_mixin.py:190} INFO - [2026-06-28T11:05:47.381+0000] {dag.py:4138} INFO - Setting next_dagrun for example_sensors to None, run_after=None
[2026-06-28T11:05:47.403+0000] {processor.py:208} INFO - Processing /home/airflow/.local/lib/python3.12/site-packages/airflow/example_dags/example_sensors.py took 0.101 seconds
[2026-06-28T11:06:18.098+0000] {processor.py:186} INFO - Started process (PID=621) to work on /home/airflow/.local/lib/python3.12/site-packages/airflow/example_dags/example_sensors.py
[2026-06-28T11:06:18.099+0000] {processor.py:914} INFO - Processing file /home/airflow/.local/lib/python3.12/site-packages/airflow/example_dags/example_sensors.py for tasks to queue
[2026-06-28T11:06:18.102+0000] {logging_mixin.py:190} INFO - [2026-06-28T11:06:18.102+0000] {dagbag.py:587} INFO - Filling up the DagBag from /home/airflow/.local/lib/python3.12/site-packages/airflow/example_dags/example_sensors.py
[2026-06-28T11:06:18.116+0000] {processor.py:925} INFO - DAG(s) 'example_sensors' retrieved from /home/airflow/.local/lib/python3.12/site-packages/airflow/example_dags/example_sensors.py
[2026-06-28T11:06:18.160+0000] {logging_mixin.py:190} INFO - [2026-06-28T11:06:18.160+0000] {dag.py:3211} INFO - Sync 1 DAGs
[2026-06-28T11:06:18.179+0000] {logging_mixin.py:190} INFO - [2026-06-28T11:06:18.179+0000] {dag.py:4138} INFO - Setting next_dagrun for example_sensors to None, run_after=None
[2026-06-28T11:06:18.202+0000] {processor.py:208} INFO - Processing /home/airflow/.local/lib/python3.12/site-packages/airflow/example_dags/example_sensors.py took 0.113 seconds
[2026-06-28T11:06:49.229+0000] {processor.py:186} INFO - Started process (PID=683) to work on /home/airflow/.local/lib/python3.12/site-packages/airflow/example_dags/example_sensors.py
[2026-06-28T11:06:49.230+0000] {processor.py:914} INFO - Processing file /home/airflow/.local/lib/python3.12/site-packages/airflow/example_dags/example_sensors.py for tasks to queue
[2026-06-28T11:06:49.232+0000] {logging_mixin.py:190} INFO - [2026-06-28T11:06:49.232+0000] {dagbag.py:587} INFO - Filling up the DagBag from /home/airflow/.local/lib/python3.12/site-packages/airflow/example_dags/example_sensors.py
[2026-06-28T11:06:49.244+0000] {processor.py:925} INFO - DAG(s) 'example_sensors' retrieved from /home/airflow/.local/lib/python3.12/site-packages/airflow/example_dags/example_sensors.py
[2026-06-28T11:06:49.281+0000] {logging_mixin.py:190} INFO - [2026-06-28T11:06:49.280+0000] {dag.py:3211} INFO - Sync 1 DAGs
[2026-06-28T11:06:49.297+0000] {logging_mixin.py:190} INFO - [2026-06-28T11:06:49.297+0000] {dag.py:4138} INFO - Setting next_dagrun for example_sensors to None, run_after=None
[2026-06-28T11:06:49.320+0000] {processor.py:208} INFO - Processing /home/airflow/.local/lib/python3.12/site-packages/airflow/example_dags/example_sensors.py took 0.098 seconds
[2026-06-28T11:07:19.687+0000] {processor.py:186} INFO - Started process (PID=745) to work on /home/airflow/.local/lib/python3.12/site-packages/airflow/example_dags/example_sensors.py
[2026-06-28T11:07:19.688+0000] {processor.py:914} INFO - Processing file /home/airflow/.local/lib/python3.12/site-packages/airflow/example_dags/example_sensors.py for tasks to queue
[2026-06-28T11:07:19.691+0000] {logging_mixin.py:190} INFO - [2026-06-28T11:07:19.690+0000] {dagbag.py:587} INFO - Filling up the DagBag from /home/airflow/.local/lib/python3.12/site-packages/airflow/example_dags/example_sensors.py
[2026-06-28T11:07:19.712+0000] {processor.py:925} INFO - DAG(s) 'example_sensors' retrieved from /home/airflow/.local/lib/python3.12/site-packages/airflow/example_dags/example_sensors.py
[2026-06-28T11:07:19.771+0000] {logging_mixin.py:190} INFO - [2026-06-28T11:07:19.770+0000] {dag.py:3211} INFO - Sync 1 DAGs
[2026-06-28T11:07:19.798+0000] {logging_mixin.py:190} INFO - [2026-06-28T11:07:19.798+0000] {dag.py:4138} INFO - Setting next_dagrun for example_sensors to None, run_after=None
[2026-06-28T11:07:19.829+0000] {processor.py:208} INFO - Processing /home/airflow/.local/lib/python3.12/site-packages/airflow/example_dags/example_sensors.py took 0.151 seconds
[2026-06-28T11:07:49.897+0000] {processor.py:186} INFO - Started process (PID=807) to work on /home/airflow/.local/lib/python3.12/site-packages/airflow/example_dags/example_sensors.py
[2026-06-28T11:07:49.898+0000] {processor.py:914} INFO - Processing file /home/airflow/.local/lib/python3.12/site-packages/airflow/example_dags/example_sensors.py for tasks to queue
[2026-06-28T11:07:49.900+0000] {logging_mixin.py:190} INFO - [2026-06-28T11:07:49.900+0000] {dagbag.py:587} INFO - Filling up the DagBag from /home/airflow/.local/lib/python3.12/site-packages/airflow/example_dags/example_sensors.py
[2026-06-28T11:07:49.912+0000] {processor.py:925} INFO - DAG(s) 'example_sensors' retrieved from /home/airflow/.local/lib/python3.12/site-packages/airflow/example_dags/example_sensors.py
[2026-06-28T11:07:49.946+0000] {logging_mixin.py:190} INFO - [2026-06-28T11:07:49.946+0000] {dag.py:3211} INFO - Sync 1 DAGs
[2026-06-28T11:07:49.964+0000] {logging_mixin.py:190} INFO - [2026-06-28T11:07:49.963+0000] {dag.py:4138} INFO - Setting next_dagrun for example_sensors to None, run_after=None
[2026-06-28T11:07:49.990+0000] {processor.py:208} INFO - Processing /home/airflow/.local/lib/python3.12/site-packages/airflow/example_dags/example_sensors.py took 0.100 seconds
[2026-06-28T11:08:20.238+0000] {processor.py:186} INFO - Started process (PID=869) to work on /home/airflow/.local/lib/python3.12/site-packages/airflow/example_dags/example_sensors.py
[2026-06-28T11:08:20.240+0000] {processor.py:914} INFO - Processing file /home/airflow/.local/lib/python3.12/site-packages/airflow/example_dags/example_sensors.py for tasks to queue
[2026-06-28T11:08:20.242+0000] {logging_mixin.py:190} INFO - [2026-06-28T11:08:20.241+0000] {dagbag.py:587} INFO - Filling up the DagBag from /home/airflow/.local/lib/python3.12/site-packages/airflow/example_dags/example_sensors.py
[2026-06-28T11:08:20.252+0000] {processor.py:925} INFO - DAG(s) 'example_sensors' retrieved from /home/airflow/.local/lib/python3.12/site-packages/airflow/example_dags/example_sensors.py
[2026-06-28T11:08:20.280+0000] {logging_mixin.py:190} INFO - [2026-06-28T11:08:20.280+0000] {dag.py:3211} INFO - Sync 1 DAGs
[2026-06-28T11:08:20.294+0000] {logging_mixin.py:190} INFO - [2026-06-28T11:08:20.294+0000] {dag.py:4138} INFO - Setting next_dagrun for example_sensors to None, run_after=None
[2026-06-28T11:08:20.316+0000] {processor.py:208} INFO - Processing /home/airflow/.local/lib/python3.12/site-packages/airflow/example_dags/example_sensors.py took 0.084 seconds
