[2026-06-28T11:01:41.206+0000] {processor.py:186} INFO - Started process (PID=62) to work on /home/airflow/.local/lib/python3.12/site-packages/airflow/example_dags/example_short_circuit_operator.py
[2026-06-28T11:01:41.207+0000] {processor.py:914} INFO - Processing file /home/airflow/.local/lib/python3.12/site-packages/airflow/example_dags/example_short_circuit_operator.py for tasks to queue
[2026-06-28T11:01:41.209+0000] {logging_mixin.py:190} INFO - [2026-06-28T11:01:41.208+0000] {dagbag.py:587} INFO - Filling up the DagBag from /home/airflow/.local/lib/python3.12/site-packages/airflow/example_dags/example_short_circuit_operator.py
[2026-06-28T11:01:41.217+0000] {processor.py:925} INFO - DAG(s) 'example_short_circuit_operator' retrieved from /home/airflow/.local/lib/python3.12/site-packages/airflow/example_dags/example_short_circuit_operator.py
[2026-06-28T11:01:41.345+0000] {logging_mixin.py:190} INFO - [2026-06-28T11:01:41.344+0000] {override.py:1858} INFO - Created Permission View: can edit on DAG:example_short_circuit_operator
[2026-06-28T11:01:41.363+0000] {logging_mixin.py:190} INFO - [2026-06-28T11:01:41.363+0000] {override.py:1858} INFO - Created Permission View: can delete on DAG:example_short_circuit_operator
[2026-06-28T11:01:41.370+0000] {logging_mixin.py:190} INFO - [2026-06-28T11:01:41.370+0000] {override.py:1858} INFO - Created Permission View: can read on DAG:example_short_circuit_operator
[2026-06-28T11:01:41.371+0000] {logging_mixin.py:190} INFO - [2026-06-28T11:01:41.370+0000] {dag.py:3211} INFO - Sync 1 DAGs
[2026-06-28T11:01:41.383+0000] {logging_mixin.py:190} INFO - [2026-06-28T11:01:41.382+0000] {dag.py:3234} INFO - Creating ORM DAG for example_short_circuit_operator
[2026-06-28T11:01:41.396+0000] {logging_mixin.py:190} INFO - [2026-06-28T11:01:41.396+0000] {dag.py:4138} INFO - Setting next_dagrun for example_short_circuit_operator to 2026-06-27 00:00:00+00:00, run_after=2026-06-28 00:00:00+00:00
[2026-06-28T11:01:41.410+0000] {processor.py:208} INFO - Processing /home/airflow/.local/lib/python3.12/site-packages/airflow/example_dags/example_short_circuit_operator.py took 0.210 seconds
[2026-06-28T11:02:11.673+0000] {processor.py:186} INFO - Started process (PID=124) to work on /home/airflow/.local/lib/python3.12/site-packages/airflow/example_dags/example_short_circuit_operator.py
[2026-06-28T11:02:11.675+0000] {processor.py:914} INFO - Processing file /home/airflow/.local/lib/python3.12/site-packages/airflow/example_dags/example_short_circuit_operator.py for tasks to queue
[2026-06-28T11:02:11.677+0000] {logging_mixin.py:190} INFO - [2026-06-28T11:02:11.676+0000] {dagbag.py:587} INFO - Filling up the DagBag from /home/airflow/.local/lib/python3.12/site-packages/airflow/example_dags/example_short_circuit_operator.py
[2026-06-28T11:02:11.685+0000] {processor.py:925} INFO - DAG(s) 'example_short_circuit_operator' retrieved from /home/airflow/.local/lib/python3.12/site-packages/airflow/example_dags/example_short_circuit_operator.py
[2026-06-28T11:02:11.712+0000] {logging_mixin.py:190} INFO - [2026-06-28T11:02:11.712+0000] {dag.py:3211} INFO - Sync 1 DAGs
[2026-06-28T11:02:11.735+0000] {logging_mixin.py:190} INFO - [2026-06-28T11:02:11.735+0000] {dag.py:4138} INFO - Setting next_dagrun for example_short_circuit_operator to 2026-06-27 00:00:00+00:00, run_after=2026-06-28 00:00:00+00:00
[2026-06-28T11:02:11.768+0000] {processor.py:208} INFO - Processing /home/airflow/.local/lib/python3.12/site-packages/airflow/example_dags/example_short_circuit_operator.py took 0.100 seconds
[2026-06-28T11:02:42.469+0000] {processor.py:186} INFO - Started process (PID=186) to work on /home/airflow/.local/lib/python3.12/site-packages/airflow/example_dags/example_short_circuit_operator.py
[2026-06-28T11:02:42.470+0000] {processor.py:914} INFO - Processing file /home/airflow/.local/lib/python3.12/site-packages/airflow/example_dags/example_short_circuit_operator.py for tasks to queue
[2026-06-28T11:02:42.473+0000] {logging_mixin.py:190} INFO - [2026-06-28T11:02:42.472+0000] {dagbag.py:587} INFO - Filling up the DagBag from /home/airflow/.local/lib/python3.12/site-packages/airflow/example_dags/example_short_circuit_operator.py
[2026-06-28T11:02:42.481+0000] {processor.py:925} INFO - DAG(s) 'example_short_circuit_operator' retrieved from /home/airflow/.local/lib/python3.12/site-packages/airflow/example_dags/example_short_circuit_operator.py
[2026-06-28T11:02:42.509+0000] {logging_mixin.py:190} INFO - [2026-06-28T11:02:42.509+0000] {dag.py:3211} INFO - Sync 1 DAGs
[2026-06-28T11:02:42.533+0000] {logging_mixin.py:190} INFO - [2026-06-28T11:02:42.533+0000] {dag.py:4138} INFO - Setting next_dagrun for example_short_circuit_operator to 2026-06-27 00:00:00+00:00, run_after=2026-06-28 00:00:00+00:00
[2026-06-28T11:02:42.554+0000] {processor.py:208} INFO - Processing /home/airflow/.local/lib/python3.12/site-packages/airflow/example_dags/example_short_circuit_operator.py took 0.091 seconds
[2026-06-28T11:03:14.319+0000] {processor.py:186} INFO - Started process (PID=254) to work on /home/airflow/.local/lib/python3.12/site-packages/airflow/example_dags/example_short_circuit_operator.py
[2026-06-28T11:03:14.320+0000] {processor.py:914} INFO - Processing file /home/airflow/.local/lib/python3.12/site-packages/airflow/example_dags/example_short_circuit_operator.py for tasks to queue
[2026-06-28T11:03:14.324+0000] {logging_mixin.py:190} INFO - [2026-06-28T11:03:14.323+0000] {dagbag.py:587} INFO - Filling up the DagBag from /home/airflow/.local/lib/python3.12/site-packages/airflow/example_dags/example_short_circuit_operator.py
[2026-06-28T11:03:14.338+0000] {processor.py:925} INFO - DAG(s) 'example_short_circuit_operator' retrieved from /home/airflow/.local/lib/python3.12/site-packages/airflow/example_dags/example_short_circuit_operator.py
[2026-06-28T11:03:14.378+0000] {logging_mixin.py:190} INFO - [2026-06-28T11:03:14.378+0000] {dag.py:3211} INFO - Sync 1 DAGs
[2026-06-28T11:03:14.424+0000] {logging_mixin.py:190} INFO - [2026-06-28T11:03:14.423+0000] {dag.py:4138} INFO - Setting next_dagrun for example_short_circuit_operator to 2026-06-27 00:00:00+00:00, run_after=2026-06-28 00:00:00+00:00
[2026-06-28T11:03:14.456+0000] {processor.py:208} INFO - Processing /home/airflow/.local/lib/python3.12/site-packages/airflow/example_dags/example_short_circuit_operator.py took 0.146 seconds
[2026-06-28T11:03:45.014+0000] {processor.py:186} INFO - Started process (PID=316) to work on /home/airflow/.local/lib/python3.12/site-packages/airflow/example_dags/example_short_circuit_operator.py
[2026-06-28T11:03:45.015+0000] {processor.py:914} INFO - Processing file /home/airflow/.local/lib/python3.12/site-packages/airflow/example_dags/example_short_circuit_operator.py for tasks to queue
[2026-06-28T11:03:45.018+0000] {logging_mixin.py:190} INFO - [2026-06-28T11:03:45.017+0000] {dagbag.py:587} INFO - Filling up the DagBag from /home/airflow/.local/lib/python3.12/site-packages/airflow/example_dags/example_short_circuit_operator.py
[2026-06-28T11:03:45.027+0000] {processor.py:925} INFO - DAG(s) 'example_short_circuit_operator' retrieved from /home/airflow/.local/lib/python3.12/site-packages/airflow/example_dags/example_short_circuit_operator.py
[2026-06-28T11:03:45.058+0000] {logging_mixin.py:190} INFO - [2026-06-28T11:03:45.057+0000] {dag.py:3211} INFO - Sync 1 DAGs
[2026-06-28T11:03:45.087+0000] {logging_mixin.py:190} INFO - [2026-06-28T11:03:45.086+0000] {dag.py:4138} INFO - Setting next_dagrun for example_short_circuit_operator to 2026-06-27 00:00:00+00:00, run_after=2026-06-28 00:00:00+00:00
[2026-06-28T11:03:45.118+0000] {processor.py:208} INFO - Processing /home/airflow/.local/lib/python3.12/site-packages/airflow/example_dags/example_short_circuit_operator.py took 0.111 seconds
[2026-06-28T11:04:15.793+0000] {processor.py:186} INFO - Started process (PID=378) to work on /home/airflow/.local/lib/python3.12/site-packages/airflow/example_dags/example_short_circuit_operator.py
[2026-06-28T11:04:15.794+0000] {processor.py:914} INFO - Processing file /home/airflow/.local/lib/python3.12/site-packages/airflow/example_dags/example_short_circuit_operator.py for tasks to queue
[2026-06-28T11:04:15.796+0000] {logging_mixin.py:190} INFO - [2026-06-28T11:04:15.796+0000] {dagbag.py:587} INFO - Filling up the DagBag from /home/airflow/.local/lib/python3.12/site-packages/airflow/example_dags/example_short_circuit_operator.py
[2026-06-28T11:04:15.807+0000] {processor.py:925} INFO - DAG(s) 'example_short_circuit_operator' retrieved from /home/airflow/.local/lib/python3.12/site-packages/airflow/example_dags/example_short_circuit_operator.py
[2026-06-28T11:04:15.840+0000] {logging_mixin.py:190} INFO - [2026-06-28T11:04:15.840+0000] {dag.py:3211} INFO - Sync 1 DAGs
[2026-06-28T11:04:15.870+0000] {logging_mixin.py:190} INFO - [2026-06-28T11:04:15.870+0000] {dag.py:4138} INFO - Setting next_dagrun for example_short_circuit_operator to 2026-06-27 00:00:00+00:00, run_after=2026-06-28 00:00:00+00:00
[2026-06-28T11:04:15.894+0000] {processor.py:208} INFO - Processing /home/airflow/.local/lib/python3.12/site-packages/airflow/example_dags/example_short_circuit_operator.py took 0.108 seconds
[2026-06-28T11:04:46.151+0000] {processor.py:186} INFO - Started process (PID=440) to work on /home/airflow/.local/lib/python3.12/site-packages/airflow/example_dags/example_short_circuit_operator.py
[2026-06-28T11:04:46.152+0000] {processor.py:914} INFO - Processing file /home/airflow/.local/lib/python3.12/site-packages/airflow/example_dags/example_short_circuit_operator.py for tasks to queue
[2026-06-28T11:04:46.154+0000] {logging_mixin.py:190} INFO - [2026-06-28T11:04:46.154+0000] {dagbag.py:587} INFO - Filling up the DagBag from /home/airflow/.local/lib/python3.12/site-packages/airflow/example_dags/example_short_circuit_operator.py
[2026-06-28T11:04:46.164+0000] {processor.py:925} INFO - DAG(s) 'example_short_circuit_operator' retrieved from /home/airflow/.local/lib/python3.12/site-packages/airflow/example_dags/example_short_circuit_operator.py
[2026-06-28T11:04:46.196+0000] {logging_mixin.py:190} INFO - [2026-06-28T11:04:46.196+0000] {dag.py:3211} INFO - Sync 1 DAGs
[2026-06-28T11:04:46.225+0000] {logging_mixin.py:190} INFO - [2026-06-28T11:04:46.225+0000] {dag.py:4138} INFO - Setting next_dagrun for example_short_circuit_operator to 2026-06-27 00:00:00+00:00, run_after=2026-06-28 00:00:00+00:00
[2026-06-28T11:04:46.246+0000] {processor.py:208} INFO - Processing /home/airflow/.local/lib/python3.12/site-packages/airflow/example_dags/example_short_circuit_operator.py took 0.101 seconds
[2026-06-28T11:05:16.995+0000] {processor.py:186} INFO - Started process (PID=502) to work on /home/airflow/.local/lib/python3.12/site-packages/airflow/example_dags/example_short_circuit_operator.py
[2026-06-28T11:05:16.996+0000] {processor.py:914} INFO - Processing file /home/airflow/.local/lib/python3.12/site-packages/airflow/example_dags/example_short_circuit_operator.py for tasks to queue
[2026-06-28T11:05:16.999+0000] {logging_mixin.py:190} INFO - [2026-06-28T11:05:16.998+0000] {dagbag.py:587} INFO - Filling up the DagBag from /home/airflow/.local/lib/python3.12/site-packages/airflow/example_dags/example_short_circuit_operator.py
[2026-06-28T11:05:17.008+0000] {processor.py:925} INFO - DAG(s) 'example_short_circuit_operator' retrieved from /home/airflow/.local/lib/python3.12/site-packages/airflow/example_dags/example_short_circuit_operator.py
[2026-06-28T11:05:17.036+0000] {logging_mixin.py:190} INFO - [2026-06-28T11:05:17.036+0000] {dag.py:3211} INFO - Sync 1 DAGs
[2026-06-28T11:05:17.059+0000] {logging_mixin.py:190} INFO - [2026-06-28T11:05:17.059+0000] {dag.py:4138} INFO - Setting next_dagrun for example_short_circuit_operator to 2026-06-27 00:00:00+00:00, run_after=2026-06-28 00:00:00+00:00
[2026-06-28T11:05:17.081+0000] {processor.py:208} INFO - Processing /home/airflow/.local/lib/python3.12/site-packages/airflow/example_dags/example_short_circuit_operator.py took 0.091 seconds
[2026-06-28T11:05:47.581+0000] {processor.py:186} INFO - Started process (PID=563) to work on /home/airflow/.local/lib/python3.12/site-packages/airflow/example_dags/example_short_circuit_operator.py
[2026-06-28T11:05:47.583+0000] {processor.py:914} INFO - Processing file /home/airflow/.local/lib/python3.12/site-packages/airflow/example_dags/example_short_circuit_operator.py for tasks to queue
[2026-06-28T11:05:47.586+0000] {logging_mixin.py:190} INFO - [2026-06-28T11:05:47.585+0000] {dagbag.py:587} INFO - Filling up the DagBag from /home/airflow/.local/lib/python3.12/site-packages/airflow/example_dags/example_short_circuit_operator.py
[2026-06-28T11:05:47.597+0000] {processor.py:925} INFO - DAG(s) 'example_short_circuit_operator' retrieved from /home/airflow/.local/lib/python3.12/site-packages/airflow/example_dags/example_short_circuit_operator.py
[2026-06-28T11:05:47.629+0000] {logging_mixin.py:190} INFO - [2026-06-28T11:05:47.628+0000] {dag.py:3211} INFO - Sync 1 DAGs
[2026-06-28T11:05:47.658+0000] {logging_mixin.py:190} INFO - [2026-06-28T11:05:47.658+0000] {dag.py:4138} INFO - Setting next_dagrun for example_short_circuit_operator to 2026-06-27 00:00:00+00:00, run_after=2026-06-28 00:00:00+00:00
[2026-06-28T11:05:47.686+0000] {processor.py:208} INFO - Processing /home/airflow/.local/lib/python3.12/site-packages/airflow/example_dags/example_short_circuit_operator.py took 0.112 seconds
[2026-06-28T11:06:18.408+0000] {processor.py:186} INFO - Started process (PID=625) to work on /home/airflow/.local/lib/python3.12/site-packages/airflow/example_dags/example_short_circuit_operator.py
[2026-06-28T11:06:18.409+0000] {processor.py:914} INFO - Processing file /home/airflow/.local/lib/python3.12/site-packages/airflow/example_dags/example_short_circuit_operator.py for tasks to queue
[2026-06-28T11:06:18.412+0000] {logging_mixin.py:190} INFO - [2026-06-28T11:06:18.412+0000] {dagbag.py:587} INFO - Filling up the DagBag from /home/airflow/.local/lib/python3.12/site-packages/airflow/example_dags/example_short_circuit_operator.py
[2026-06-28T11:06:18.441+0000] {processor.py:925} INFO - DAG(s) 'example_short_circuit_operator' retrieved from /home/airflow/.local/lib/python3.12/site-packages/airflow/example_dags/example_short_circuit_operator.py
[2026-06-28T11:06:18.542+0000] {logging_mixin.py:190} INFO - [2026-06-28T11:06:18.542+0000] {dag.py:3211} INFO - Sync 1 DAGs
[2026-06-28T11:06:18.584+0000] {logging_mixin.py:190} INFO - [2026-06-28T11:06:18.584+0000] {dag.py:4138} INFO - Setting next_dagrun for example_short_circuit_operator to 2026-06-27 00:00:00+00:00, run_after=2026-06-28 00:00:00+00:00
[2026-06-28T11:06:18.607+0000] {processor.py:208} INFO - Processing /home/airflow/.local/lib/python3.12/site-packages/airflow/example_dags/example_short_circuit_operator.py took 0.207 seconds
[2026-06-28T11:06:49.484+0000] {processor.py:186} INFO - Started process (PID=687) to work on /home/airflow/.local/lib/python3.12/site-packages/airflow/example_dags/example_short_circuit_operator.py
[2026-06-28T11:06:49.485+0000] {processor.py:914} INFO - Processing file /home/airflow/.local/lib/python3.12/site-packages/airflow/example_dags/example_short_circuit_operator.py for tasks to queue
[2026-06-28T11:06:49.487+0000] {logging_mixin.py:190} INFO - [2026-06-28T11:06:49.487+0000] {dagbag.py:587} INFO - Filling up the DagBag from /home/airflow/.local/lib/python3.12/site-packages/airflow/example_dags/example_short_circuit_operator.py
[2026-06-28T11:06:49.498+0000] {processor.py:925} INFO - DAG(s) 'example_short_circuit_operator' retrieved from /home/airflow/.local/lib/python3.12/site-packages/airflow/example_dags/example_short_circuit_operator.py
[2026-06-28T11:06:49.528+0000] {logging_mixin.py:190} INFO - [2026-06-28T11:06:49.528+0000] {dag.py:3211} INFO - Sync 1 DAGs
[2026-06-28T11:06:49.555+0000] {logging_mixin.py:190} INFO - [2026-06-28T11:06:49.554+0000] {dag.py:4138} INFO - Setting next_dagrun for example_short_circuit_operator to 2026-06-27 00:00:00+00:00, run_after=2026-06-28 00:00:00+00:00
[2026-06-28T11:06:49.575+0000] {processor.py:208} INFO - Processing /home/airflow/.local/lib/python3.12/site-packages/airflow/example_dags/example_short_circuit_operator.py took 0.098 seconds
[2026-06-28T11:07:20.028+0000] {processor.py:186} INFO - Started process (PID=749) to work on /home/airflow/.local/lib/python3.12/site-packages/airflow/example_dags/example_short_circuit_operator.py
[2026-06-28T11:07:20.029+0000] {processor.py:914} INFO - Processing file /home/airflow/.local/lib/python3.12/site-packages/airflow/example_dags/example_short_circuit_operator.py for tasks to queue
[2026-06-28T11:07:20.032+0000] {logging_mixin.py:190} INFO - [2026-06-28T11:07:20.031+0000] {dagbag.py:587} INFO - Filling up the DagBag from /home/airflow/.local/lib/python3.12/site-packages/airflow/example_dags/example_short_circuit_operator.py
[2026-06-28T11:07:20.043+0000] {processor.py:925} INFO - DAG(s) 'example_short_circuit_operator' retrieved from /home/airflow/.local/lib/python3.12/site-packages/airflow/example_dags/example_short_circuit_operator.py
[2026-06-28T11:07:20.079+0000] {logging_mixin.py:190} INFO - [2026-06-28T11:07:20.079+0000] {dag.py:3211} INFO - Sync 1 DAGs
[2026-06-28T11:07:20.111+0000] {logging_mixin.py:190} INFO - [2026-06-28T11:07:20.111+0000] {dag.py:4138} INFO - Setting next_dagrun for example_short_circuit_operator to 2026-06-27 00:00:00+00:00, run_after=2026-06-28 00:00:00+00:00
[2026-06-28T11:07:20.143+0000] {processor.py:208} INFO - Processing /home/airflow/.local/lib/python3.12/site-packages/airflow/example_dags/example_short_circuit_operator.py took 0.122 seconds
[2026-06-28T11:07:50.252+0000] {processor.py:186} INFO - Started process (PID=811) to work on /home/airflow/.local/lib/python3.12/site-packages/airflow/example_dags/example_short_circuit_operator.py
[2026-06-28T11:07:50.253+0000] {processor.py:914} INFO - Processing file /home/airflow/.local/lib/python3.12/site-packages/airflow/example_dags/example_short_circuit_operator.py for tasks to queue
[2026-06-28T11:07:50.255+0000] {logging_mixin.py:190} INFO - [2026-06-28T11:07:50.254+0000] {dagbag.py:587} INFO - Filling up the DagBag from /home/airflow/.local/lib/python3.12/site-packages/airflow/example_dags/example_short_circuit_operator.py
[2026-06-28T11:07:50.265+0000] {processor.py:925} INFO - DAG(s) 'example_short_circuit_operator' retrieved from /home/airflow/.local/lib/python3.12/site-packages/airflow/example_dags/example_short_circuit_operator.py
[2026-06-28T11:07:50.293+0000] {logging_mixin.py:190} INFO - [2026-06-28T11:07:50.293+0000] {dag.py:3211} INFO - Sync 1 DAGs
[2026-06-28T11:07:50.319+0000] {logging_mixin.py:190} INFO - [2026-06-28T11:07:50.319+0000] {dag.py:4138} INFO - Setting next_dagrun for example_short_circuit_operator to 2026-06-27 00:00:00+00:00, run_after=2026-06-28 00:00:00+00:00
[2026-06-28T11:07:50.339+0000] {processor.py:208} INFO - Processing /home/airflow/.local/lib/python3.12/site-packages/airflow/example_dags/example_short_circuit_operator.py took 0.094 seconds
[2026-06-28T11:08:20.473+0000] {processor.py:186} INFO - Started process (PID=873) to work on /home/airflow/.local/lib/python3.12/site-packages/airflow/example_dags/example_short_circuit_operator.py
[2026-06-28T11:08:20.474+0000] {processor.py:914} INFO - Processing file /home/airflow/.local/lib/python3.12/site-packages/airflow/example_dags/example_short_circuit_operator.py for tasks to queue
[2026-06-28T11:08:20.476+0000] {logging_mixin.py:190} INFO - [2026-06-28T11:08:20.476+0000] {dagbag.py:587} INFO - Filling up the DagBag from /home/airflow/.local/lib/python3.12/site-packages/airflow/example_dags/example_short_circuit_operator.py
[2026-06-28T11:08:20.485+0000] {processor.py:925} INFO - DAG(s) 'example_short_circuit_operator' retrieved from /home/airflow/.local/lib/python3.12/site-packages/airflow/example_dags/example_short_circuit_operator.py
[2026-06-28T11:08:20.511+0000] {logging_mixin.py:190} INFO - [2026-06-28T11:08:20.511+0000] {dag.py:3211} INFO - Sync 1 DAGs
[2026-06-28T11:08:20.536+0000] {logging_mixin.py:190} INFO - [2026-06-28T11:08:20.536+0000] {dag.py:4138} INFO - Setting next_dagrun for example_short_circuit_operator to 2026-06-27 00:00:00+00:00, run_after=2026-06-28 00:00:00+00:00
[2026-06-28T11:08:20.557+0000] {processor.py:208} INFO - Processing /home/airflow/.local/lib/python3.12/site-packages/airflow/example_dags/example_short_circuit_operator.py took 0.089 seconds
