[2026-06-28T11:01:35.811+0000] {processor.py:186} INFO - Started process (PID=37) to work on /home/airflow/.local/lib/python3.12/site-packages/airflow/example_dags/example_dag_decorator.py
[2026-06-28T11:01:35.812+0000] {processor.py:914} INFO - Processing file /home/airflow/.local/lib/python3.12/site-packages/airflow/example_dags/example_dag_decorator.py for tasks to queue
[2026-06-28T11:01:35.815+0000] {logging_mixin.py:190} INFO - [2026-06-28T11:01:35.815+0000] {dagbag.py:587} INFO - Filling up the DagBag from /home/airflow/.local/lib/python3.12/site-packages/airflow/example_dags/example_dag_decorator.py
[2026-06-28T11:01:35.836+0000] {processor.py:925} INFO - DAG(s) 'example_dag_decorator' retrieved from /home/airflow/.local/lib/python3.12/site-packages/airflow/example_dags/example_dag_decorator.py
[2026-06-28T11:01:36.066+0000] {logging_mixin.py:190} INFO - [2026-06-28T11:01:36.066+0000] {override.py:1858} INFO - Created Permission View: can edit on DAG:example_dag_decorator
[2026-06-28T11:01:36.083+0000] {logging_mixin.py:190} INFO - [2026-06-28T11:01:36.082+0000] {override.py:1858} INFO - Created Permission View: can delete on DAG:example_dag_decorator
[2026-06-28T11:01:36.093+0000] {logging_mixin.py:190} INFO - [2026-06-28T11:01:36.093+0000] {override.py:1858} INFO - Created Permission View: can read on DAG:example_dag_decorator
[2026-06-28T11:01:36.094+0000] {logging_mixin.py:190} INFO - [2026-06-28T11:01:36.094+0000] {dag.py:3211} INFO - Sync 1 DAGs
[2026-06-28T11:01:36.130+0000] {logging_mixin.py:190} INFO - [2026-06-28T11:01:36.130+0000] {dag.py:3234} INFO - Creating ORM DAG for example_dag_decorator
[2026-06-28T11:01:36.131+0000] {logging_mixin.py:190} INFO - [2026-06-28T11:01:36.131+0000] {dag.py:4138} INFO - Setting next_dagrun for example_dag_decorator to None, run_after=None
[2026-06-28T11:01:36.148+0000] {processor.py:208} INFO - Processing /home/airflow/.local/lib/python3.12/site-packages/airflow/example_dags/example_dag_decorator.py took 0.357 seconds
[2026-06-28T11:02:06.857+0000] {processor.py:186} INFO - Started process (PID=99) to work on /home/airflow/.local/lib/python3.12/site-packages/airflow/example_dags/example_dag_decorator.py
[2026-06-28T11:02:06.857+0000] {processor.py:914} INFO - Processing file /home/airflow/.local/lib/python3.12/site-packages/airflow/example_dags/example_dag_decorator.py for tasks to queue
[2026-06-28T11:02:06.859+0000] {logging_mixin.py:190} INFO - [2026-06-28T11:02:06.859+0000] {dagbag.py:587} INFO - Filling up the DagBag from /home/airflow/.local/lib/python3.12/site-packages/airflow/example_dags/example_dag_decorator.py
[2026-06-28T11:02:06.871+0000] {processor.py:925} INFO - DAG(s) 'example_dag_decorator' retrieved from /home/airflow/.local/lib/python3.12/site-packages/airflow/example_dags/example_dag_decorator.py
[2026-06-28T11:02:06.997+0000] {logging_mixin.py:190} INFO - [2026-06-28T11:02:06.997+0000] {dag.py:3211} INFO - Sync 1 DAGs
[2026-06-28T11:02:07.008+0000] {logging_mixin.py:190} INFO - [2026-06-28T11:02:07.007+0000] {dag.py:4138} INFO - Setting next_dagrun for example_dag_decorator to None, run_after=None
[2026-06-28T11:02:07.026+0000] {processor.py:208} INFO - Processing /home/airflow/.local/lib/python3.12/site-packages/airflow/example_dags/example_dag_decorator.py took 0.175 seconds
[2026-06-28T11:02:37.501+0000] {processor.py:186} INFO - Started process (PID=161) to work on /home/airflow/.local/lib/python3.12/site-packages/airflow/example_dags/example_dag_decorator.py
[2026-06-28T11:02:37.502+0000] {processor.py:914} INFO - Processing file /home/airflow/.local/lib/python3.12/site-packages/airflow/example_dags/example_dag_decorator.py for tasks to queue
[2026-06-28T11:02:37.504+0000] {logging_mixin.py:190} INFO - [2026-06-28T11:02:37.503+0000] {dagbag.py:587} INFO - Filling up the DagBag from /home/airflow/.local/lib/python3.12/site-packages/airflow/example_dags/example_dag_decorator.py
[2026-06-28T11:02:37.515+0000] {processor.py:925} INFO - DAG(s) 'example_dag_decorator' retrieved from /home/airflow/.local/lib/python3.12/site-packages/airflow/example_dags/example_dag_decorator.py
[2026-06-28T11:02:37.652+0000] {logging_mixin.py:190} INFO - [2026-06-28T11:02:37.652+0000] {dag.py:3211} INFO - Sync 1 DAGs
[2026-06-28T11:02:37.662+0000] {logging_mixin.py:190} INFO - [2026-06-28T11:02:37.662+0000] {dag.py:4138} INFO - Setting next_dagrun for example_dag_decorator to None, run_after=None
[2026-06-28T11:02:37.680+0000] {processor.py:208} INFO - Processing /home/airflow/.local/lib/python3.12/site-packages/airflow/example_dags/example_dag_decorator.py took 0.183 seconds
[2026-06-28T11:03:08.270+0000] {processor.py:186} INFO - Started process (PID=223) to work on /home/airflow/.local/lib/python3.12/site-packages/airflow/example_dags/example_dag_decorator.py
[2026-06-28T11:03:08.271+0000] {processor.py:914} INFO - Processing file /home/airflow/.local/lib/python3.12/site-packages/airflow/example_dags/example_dag_decorator.py for tasks to queue
[2026-06-28T11:03:08.273+0000] {logging_mixin.py:190} INFO - [2026-06-28T11:03:08.273+0000] {dagbag.py:587} INFO - Filling up the DagBag from /home/airflow/.local/lib/python3.12/site-packages/airflow/example_dags/example_dag_decorator.py
[2026-06-28T11:03:08.285+0000] {processor.py:925} INFO - DAG(s) 'example_dag_decorator' retrieved from /home/airflow/.local/lib/python3.12/site-packages/airflow/example_dags/example_dag_decorator.py
[2026-06-28T11:03:08.312+0000] {logging_mixin.py:190} INFO - [2026-06-28T11:03:08.312+0000] {dag.py:3211} INFO - Sync 1 DAGs
[2026-06-28T11:03:08.325+0000] {logging_mixin.py:190} INFO - [2026-06-28T11:03:08.325+0000] {dag.py:4138} INFO - Setting next_dagrun for example_dag_decorator to None, run_after=None
[2026-06-28T11:03:08.344+0000] {processor.py:208} INFO - Processing /home/airflow/.local/lib/python3.12/site-packages/airflow/example_dags/example_dag_decorator.py took 0.079 seconds
[2026-06-28T11:03:38.879+0000] {processor.py:186} INFO - Started process (PID=285) to work on /home/airflow/.local/lib/python3.12/site-packages/airflow/example_dags/example_dag_decorator.py
[2026-06-28T11:03:38.881+0000] {processor.py:914} INFO - Processing file /home/airflow/.local/lib/python3.12/site-packages/airflow/example_dags/example_dag_decorator.py for tasks to queue
[2026-06-28T11:03:38.883+0000] {logging_mixin.py:190} INFO - [2026-06-28T11:03:38.883+0000] {dagbag.py:587} INFO - Filling up the DagBag from /home/airflow/.local/lib/python3.12/site-packages/airflow/example_dags/example_dag_decorator.py
[2026-06-28T11:03:38.896+0000] {processor.py:925} INFO - DAG(s) 'example_dag_decorator' retrieved from /home/airflow/.local/lib/python3.12/site-packages/airflow/example_dags/example_dag_decorator.py
[2026-06-28T11:03:39.124+0000] {logging_mixin.py:190} INFO - [2026-06-28T11:03:39.124+0000] {dag.py:3211} INFO - Sync 1 DAGs
[2026-06-28T11:03:39.139+0000] {logging_mixin.py:190} INFO - [2026-06-28T11:03:39.138+0000] {dag.py:4138} INFO - Setting next_dagrun for example_dag_decorator to None, run_after=None
[2026-06-28T11:03:39.163+0000] {processor.py:208} INFO - Processing /home/airflow/.local/lib/python3.12/site-packages/airflow/example_dags/example_dag_decorator.py took 0.291 seconds
[2026-06-28T11:04:09.304+0000] {processor.py:186} INFO - Started process (PID=347) to work on /home/airflow/.local/lib/python3.12/site-packages/airflow/example_dags/example_dag_decorator.py
[2026-06-28T11:04:09.305+0000] {processor.py:914} INFO - Processing file /home/airflow/.local/lib/python3.12/site-packages/airflow/example_dags/example_dag_decorator.py for tasks to queue
[2026-06-28T11:04:09.308+0000] {logging_mixin.py:190} INFO - [2026-06-28T11:04:09.308+0000] {dagbag.py:587} INFO - Filling up the DagBag from /home/airflow/.local/lib/python3.12/site-packages/airflow/example_dags/example_dag_decorator.py
[2026-06-28T11:04:09.325+0000] {processor.py:925} INFO - DAG(s) 'example_dag_decorator' retrieved from /home/airflow/.local/lib/python3.12/site-packages/airflow/example_dags/example_dag_decorator.py
[2026-06-28T11:04:09.639+0000] {logging_mixin.py:190} INFO - [2026-06-28T11:04:09.638+0000] {dag.py:3211} INFO - Sync 1 DAGs
[2026-06-28T11:04:09.658+0000] {logging_mixin.py:190} INFO - [2026-06-28T11:04:09.657+0000] {dag.py:4138} INFO - Setting next_dagrun for example_dag_decorator to None, run_after=None
[2026-06-28T11:04:09.687+0000] {processor.py:208} INFO - Processing /home/airflow/.local/lib/python3.12/site-packages/airflow/example_dags/example_dag_decorator.py took 0.392 seconds
[2026-06-28T11:04:40.155+0000] {processor.py:186} INFO - Started process (PID=409) to work on /home/airflow/.local/lib/python3.12/site-packages/airflow/example_dags/example_dag_decorator.py
[2026-06-28T11:04:40.156+0000] {processor.py:914} INFO - Processing file /home/airflow/.local/lib/python3.12/site-packages/airflow/example_dags/example_dag_decorator.py for tasks to queue
[2026-06-28T11:04:40.159+0000] {logging_mixin.py:190} INFO - [2026-06-28T11:04:40.159+0000] {dagbag.py:587} INFO - Filling up the DagBag from /home/airflow/.local/lib/python3.12/site-packages/airflow/example_dags/example_dag_decorator.py
[2026-06-28T11:04:40.173+0000] {processor.py:925} INFO - DAG(s) 'example_dag_decorator' retrieved from /home/airflow/.local/lib/python3.12/site-packages/airflow/example_dags/example_dag_decorator.py
[2026-06-28T11:04:40.313+0000] {logging_mixin.py:190} INFO - [2026-06-28T11:04:40.312+0000] {dag.py:3211} INFO - Sync 1 DAGs
[2026-06-28T11:04:40.324+0000] {logging_mixin.py:190} INFO - [2026-06-28T11:04:40.324+0000] {dag.py:4138} INFO - Setting next_dagrun for example_dag_decorator to None, run_after=None
[2026-06-28T11:04:40.341+0000] {processor.py:208} INFO - Processing /home/airflow/.local/lib/python3.12/site-packages/airflow/example_dags/example_dag_decorator.py took 0.195 seconds
[2026-06-28T11:05:10.453+0000] {processor.py:186} INFO - Started process (PID=471) to work on /home/airflow/.local/lib/python3.12/site-packages/airflow/example_dags/example_dag_decorator.py
[2026-06-28T11:05:10.455+0000] {processor.py:914} INFO - Processing file /home/airflow/.local/lib/python3.12/site-packages/airflow/example_dags/example_dag_decorator.py for tasks to queue
[2026-06-28T11:05:10.457+0000] {logging_mixin.py:190} INFO - [2026-06-28T11:05:10.457+0000] {dagbag.py:587} INFO - Filling up the DagBag from /home/airflow/.local/lib/python3.12/site-packages/airflow/example_dags/example_dag_decorator.py
[2026-06-28T11:05:10.474+0000] {processor.py:925} INFO - DAG(s) 'example_dag_decorator' retrieved from /home/airflow/.local/lib/python3.12/site-packages/airflow/example_dags/example_dag_decorator.py
[2026-06-28T11:05:10.617+0000] {logging_mixin.py:190} INFO - [2026-06-28T11:05:10.617+0000] {dag.py:3211} INFO - Sync 1 DAGs
[2026-06-28T11:05:10.634+0000] {logging_mixin.py:190} INFO - [2026-06-28T11:05:10.634+0000] {dag.py:4138} INFO - Setting next_dagrun for example_dag_decorator to None, run_after=None
[2026-06-28T11:05:10.661+0000] {processor.py:208} INFO - Processing /home/airflow/.local/lib/python3.12/site-packages/airflow/example_dags/example_dag_decorator.py took 0.216 seconds
[2026-06-28T11:05:41.128+0000] {processor.py:186} INFO - Started process (PID=533) to work on /home/airflow/.local/lib/python3.12/site-packages/airflow/example_dags/example_dag_decorator.py
[2026-06-28T11:05:41.129+0000] {processor.py:914} INFO - Processing file /home/airflow/.local/lib/python3.12/site-packages/airflow/example_dags/example_dag_decorator.py for tasks to queue
[2026-06-28T11:05:41.131+0000] {logging_mixin.py:190} INFO - [2026-06-28T11:05:41.131+0000] {dagbag.py:587} INFO - Filling up the DagBag from /home/airflow/.local/lib/python3.12/site-packages/airflow/example_dags/example_dag_decorator.py
[2026-06-28T11:05:41.145+0000] {processor.py:925} INFO - DAG(s) 'example_dag_decorator' retrieved from /home/airflow/.local/lib/python3.12/site-packages/airflow/example_dags/example_dag_decorator.py
[2026-06-28T11:05:41.277+0000] {logging_mixin.py:190} INFO - [2026-06-28T11:05:41.277+0000] {dag.py:3211} INFO - Sync 1 DAGs
[2026-06-28T11:05:41.290+0000] {logging_mixin.py:190} INFO - [2026-06-28T11:05:41.289+0000] {dag.py:4138} INFO - Setting next_dagrun for example_dag_decorator to None, run_after=None
[2026-06-28T11:05:41.313+0000] {processor.py:208} INFO - Processing /home/airflow/.local/lib/python3.12/site-packages/airflow/example_dags/example_dag_decorator.py took 0.191 seconds
[2026-06-28T11:06:11.858+0000] {processor.py:186} INFO - Started process (PID=594) to work on /home/airflow/.local/lib/python3.12/site-packages/airflow/example_dags/example_dag_decorator.py
[2026-06-28T11:06:11.859+0000] {processor.py:914} INFO - Processing file /home/airflow/.local/lib/python3.12/site-packages/airflow/example_dags/example_dag_decorator.py for tasks to queue
[2026-06-28T11:06:11.863+0000] {logging_mixin.py:190} INFO - [2026-06-28T11:06:11.862+0000] {dagbag.py:587} INFO - Filling up the DagBag from /home/airflow/.local/lib/python3.12/site-packages/airflow/example_dags/example_dag_decorator.py
[2026-06-28T11:06:11.879+0000] {processor.py:925} INFO - DAG(s) 'example_dag_decorator' retrieved from /home/airflow/.local/lib/python3.12/site-packages/airflow/example_dags/example_dag_decorator.py
[2026-06-28T11:06:12.025+0000] {logging_mixin.py:190} INFO - [2026-06-28T11:06:12.025+0000] {dag.py:3211} INFO - Sync 1 DAGs
[2026-06-28T11:06:12.042+0000] {logging_mixin.py:190} INFO - [2026-06-28T11:06:12.041+0000] {dag.py:4138} INFO - Setting next_dagrun for example_dag_decorator to None, run_after=None
[2026-06-28T11:06:12.067+0000] {processor.py:208} INFO - Processing /home/airflow/.local/lib/python3.12/site-packages/airflow/example_dags/example_dag_decorator.py took 0.218 seconds
[2026-06-28T11:06:42.314+0000] {processor.py:186} INFO - Started process (PID=656) to work on /home/airflow/.local/lib/python3.12/site-packages/airflow/example_dags/example_dag_decorator.py
[2026-06-28T11:06:42.315+0000] {processor.py:914} INFO - Processing file /home/airflow/.local/lib/python3.12/site-packages/airflow/example_dags/example_dag_decorator.py for tasks to queue
[2026-06-28T11:06:42.318+0000] {logging_mixin.py:190} INFO - [2026-06-28T11:06:42.317+0000] {dagbag.py:587} INFO - Filling up the DagBag from /home/airflow/.local/lib/python3.12/site-packages/airflow/example_dags/example_dag_decorator.py
[2026-06-28T11:06:42.331+0000] {processor.py:925} INFO - DAG(s) 'example_dag_decorator' retrieved from /home/airflow/.local/lib/python3.12/site-packages/airflow/example_dags/example_dag_decorator.py
[2026-06-28T11:06:42.450+0000] {logging_mixin.py:190} INFO - [2026-06-28T11:06:42.450+0000] {dag.py:3211} INFO - Sync 1 DAGs
[2026-06-28T11:06:42.463+0000] {logging_mixin.py:190} INFO - [2026-06-28T11:06:42.463+0000] {dag.py:4138} INFO - Setting next_dagrun for example_dag_decorator to None, run_after=None
[2026-06-28T11:06:42.485+0000] {processor.py:208} INFO - Processing /home/airflow/.local/lib/python3.12/site-packages/airflow/example_dags/example_dag_decorator.py took 0.177 seconds
[2026-06-28T11:07:12.938+0000] {processor.py:186} INFO - Started process (PID=718) to work on /home/airflow/.local/lib/python3.12/site-packages/airflow/example_dags/example_dag_decorator.py
[2026-06-28T11:07:12.940+0000] {processor.py:914} INFO - Processing file /home/airflow/.local/lib/python3.12/site-packages/airflow/example_dags/example_dag_decorator.py for tasks to queue
[2026-06-28T11:07:12.942+0000] {logging_mixin.py:190} INFO - [2026-06-28T11:07:12.942+0000] {dagbag.py:587} INFO - Filling up the DagBag from /home/airflow/.local/lib/python3.12/site-packages/airflow/example_dags/example_dag_decorator.py
[2026-06-28T11:07:12.956+0000] {processor.py:925} INFO - DAG(s) 'example_dag_decorator' retrieved from /home/airflow/.local/lib/python3.12/site-packages/airflow/example_dags/example_dag_decorator.py
[2026-06-28T11:07:12.988+0000] {logging_mixin.py:190} INFO - [2026-06-28T11:07:12.988+0000] {dag.py:3211} INFO - Sync 1 DAGs
[2026-06-28T11:07:13.004+0000] {logging_mixin.py:190} INFO - [2026-06-28T11:07:13.004+0000] {dag.py:4138} INFO - Setting next_dagrun for example_dag_decorator to None, run_after=None
[2026-06-28T11:07:13.027+0000] {processor.py:208} INFO - Processing /home/airflow/.local/lib/python3.12/site-packages/airflow/example_dags/example_dag_decorator.py took 0.095 seconds
[2026-06-28T11:07:43.367+0000] {processor.py:186} INFO - Started process (PID=780) to work on /home/airflow/.local/lib/python3.12/site-packages/airflow/example_dags/example_dag_decorator.py
[2026-06-28T11:07:43.368+0000] {processor.py:914} INFO - Processing file /home/airflow/.local/lib/python3.12/site-packages/airflow/example_dags/example_dag_decorator.py for tasks to queue
[2026-06-28T11:07:43.370+0000] {logging_mixin.py:190} INFO - [2026-06-28T11:07:43.369+0000] {dagbag.py:587} INFO - Filling up the DagBag from /home/airflow/.local/lib/python3.12/site-packages/airflow/example_dags/example_dag_decorator.py
[2026-06-28T11:07:43.383+0000] {processor.py:925} INFO - DAG(s) 'example_dag_decorator' retrieved from /home/airflow/.local/lib/python3.12/site-packages/airflow/example_dags/example_dag_decorator.py
[2026-06-28T11:07:43.498+0000] {logging_mixin.py:190} INFO - [2026-06-28T11:07:43.498+0000] {dag.py:3211} INFO - Sync 1 DAGs
[2026-06-28T11:07:43.513+0000] {logging_mixin.py:190} INFO - [2026-06-28T11:07:43.512+0000] {dag.py:4138} INFO - Setting next_dagrun for example_dag_decorator to None, run_after=None
[2026-06-28T11:07:43.535+0000] {processor.py:208} INFO - Processing /home/airflow/.local/lib/python3.12/site-packages/airflow/example_dags/example_dag_decorator.py took 0.175 seconds
[2026-06-28T11:08:13.840+0000] {processor.py:186} INFO - Started process (PID=848) to work on /home/airflow/.local/lib/python3.12/site-packages/airflow/example_dags/example_dag_decorator.py
[2026-06-28T11:08:13.841+0000] {processor.py:914} INFO - Processing file /home/airflow/.local/lib/python3.12/site-packages/airflow/example_dags/example_dag_decorator.py for tasks to queue
[2026-06-28T11:08:13.844+0000] {logging_mixin.py:190} INFO - [2026-06-28T11:08:13.843+0000] {dagbag.py:587} INFO - Filling up the DagBag from /home/airflow/.local/lib/python3.12/site-packages/airflow/example_dags/example_dag_decorator.py
[2026-06-28T11:08:13.857+0000] {processor.py:925} INFO - DAG(s) 'example_dag_decorator' retrieved from /home/airflow/.local/lib/python3.12/site-packages/airflow/example_dags/example_dag_decorator.py
[2026-06-28T11:08:13.970+0000] {logging_mixin.py:190} INFO - [2026-06-28T11:08:13.970+0000] {dag.py:3211} INFO - Sync 1 DAGs
[2026-06-28T11:08:13.984+0000] {logging_mixin.py:190} INFO - [2026-06-28T11:08:13.984+0000] {dag.py:4138} INFO - Setting next_dagrun for example_dag_decorator to None, run_after=None
[2026-06-28T11:08:14.007+0000] {processor.py:208} INFO - Processing /home/airflow/.local/lib/python3.12/site-packages/airflow/example_dags/example_dag_decorator.py took 0.173 seconds
