[2026-06-28T11:01:39.865+0000] {processor.py:186} INFO - Started process (PID=50) to work on /home/airflow/.local/lib/python3.12/site-packages/airflow/example_dags/example_nested_branch_dag.py
[2026-06-28T11:01:39.866+0000] {processor.py:914} INFO - Processing file /home/airflow/.local/lib/python3.12/site-packages/airflow/example_dags/example_nested_branch_dag.py for tasks to queue
[2026-06-28T11:01:39.868+0000] {logging_mixin.py:190} INFO - [2026-06-28T11:01:39.868+0000] {dagbag.py:587} INFO - Filling up the DagBag from /home/airflow/.local/lib/python3.12/site-packages/airflow/example_dags/example_nested_branch_dag.py
[2026-06-28T11:01:39.880+0000] {processor.py:925} INFO - DAG(s) 'example_nested_branch_dag' retrieved from /home/airflow/.local/lib/python3.12/site-packages/airflow/example_dags/example_nested_branch_dag.py
[2026-06-28T11:01:39.993+0000] {logging_mixin.py:190} INFO - [2026-06-28T11:01:39.993+0000] {override.py:1858} INFO - Created Permission View: can edit on DAG:example_nested_branch_dag
[2026-06-28T11:01:40.003+0000] {logging_mixin.py:190} INFO - [2026-06-28T11:01:40.003+0000] {override.py:1858} INFO - Created Permission View: can delete on DAG:example_nested_branch_dag
[2026-06-28T11:01:40.009+0000] {logging_mixin.py:190} INFO - [2026-06-28T11:01:40.008+0000] {override.py:1858} INFO - Created Permission View: can read on DAG:example_nested_branch_dag
[2026-06-28T11:01:40.010+0000] {logging_mixin.py:190} INFO - [2026-06-28T11:01:40.009+0000] {dag.py:3211} INFO - Sync 1 DAGs
[2026-06-28T11:01:40.023+0000] {logging_mixin.py:190} INFO - [2026-06-28T11:01:40.022+0000] {dag.py:3234} INFO - Creating ORM DAG for example_nested_branch_dag
[2026-06-28T11:01:40.036+0000] {logging_mixin.py:190} INFO - [2026-06-28T11:01:40.036+0000] {dag.py:4138} INFO - Setting next_dagrun for example_nested_branch_dag to 2026-06-27 00:00:00+00:00, run_after=2026-06-28 00:00:00+00:00
[2026-06-28T11:01:40.051+0000] {processor.py:208} INFO - Processing /home/airflow/.local/lib/python3.12/site-packages/airflow/example_dags/example_nested_branch_dag.py took 0.191 seconds
[2026-06-28T11:02:10.762+0000] {processor.py:186} INFO - Started process (PID=112) to work on /home/airflow/.local/lib/python3.12/site-packages/airflow/example_dags/example_nested_branch_dag.py
[2026-06-28T11:02:10.763+0000] {processor.py:914} INFO - Processing file /home/airflow/.local/lib/python3.12/site-packages/airflow/example_dags/example_nested_branch_dag.py for tasks to queue
[2026-06-28T11:02:10.765+0000] {logging_mixin.py:190} INFO - [2026-06-28T11:02:10.764+0000] {dagbag.py:587} INFO - Filling up the DagBag from /home/airflow/.local/lib/python3.12/site-packages/airflow/example_dags/example_nested_branch_dag.py
[2026-06-28T11:02:10.775+0000] {processor.py:925} INFO - DAG(s) 'example_nested_branch_dag' retrieved from /home/airflow/.local/lib/python3.12/site-packages/airflow/example_dags/example_nested_branch_dag.py
[2026-06-28T11:02:10.797+0000] {logging_mixin.py:190} INFO - [2026-06-28T11:02:10.796+0000] {dag.py:3211} INFO - Sync 1 DAGs
[2026-06-28T11:02:10.817+0000] {logging_mixin.py:190} INFO - [2026-06-28T11:02:10.817+0000] {dag.py:4138} INFO - Setting next_dagrun for example_nested_branch_dag to 2026-06-27 00:00:00+00:00, run_after=2026-06-28 00:00:00+00:00
[2026-06-28T11:02:10.835+0000] {processor.py:208} INFO - Processing /home/airflow/.local/lib/python3.12/site-packages/airflow/example_dags/example_nested_branch_dag.py took 0.077 seconds
[2026-06-28T11:02:41.376+0000] {processor.py:186} INFO - Started process (PID=174) to work on /home/airflow/.local/lib/python3.12/site-packages/airflow/example_dags/example_nested_branch_dag.py
[2026-06-28T11:02:41.377+0000] {processor.py:914} INFO - Processing file /home/airflow/.local/lib/python3.12/site-packages/airflow/example_dags/example_nested_branch_dag.py for tasks to queue
[2026-06-28T11:02:41.379+0000] {logging_mixin.py:190} INFO - [2026-06-28T11:02:41.379+0000] {dagbag.py:587} INFO - Filling up the DagBag from /home/airflow/.local/lib/python3.12/site-packages/airflow/example_dags/example_nested_branch_dag.py
[2026-06-28T11:02:41.389+0000] {processor.py:925} INFO - DAG(s) 'example_nested_branch_dag' retrieved from /home/airflow/.local/lib/python3.12/site-packages/airflow/example_dags/example_nested_branch_dag.py
[2026-06-28T11:02:41.413+0000] {logging_mixin.py:190} INFO - [2026-06-28T11:02:41.413+0000] {dag.py:3211} INFO - Sync 1 DAGs
[2026-06-28T11:02:41.435+0000] {logging_mixin.py:190} INFO - [2026-06-28T11:02:41.434+0000] {dag.py:4138} INFO - Setting next_dagrun for example_nested_branch_dag to 2026-06-27 00:00:00+00:00, run_after=2026-06-28 00:00:00+00:00
[2026-06-28T11:02:41.452+0000] {processor.py:208} INFO - Processing /home/airflow/.local/lib/python3.12/site-packages/airflow/example_dags/example_nested_branch_dag.py took 0.081 seconds
[2026-06-28T11:03:12.450+0000] {processor.py:186} INFO - Started process (PID=236) to work on /home/airflow/.local/lib/python3.12/site-packages/airflow/example_dags/example_nested_branch_dag.py
[2026-06-28T11:03:12.452+0000] {processor.py:914} INFO - Processing file /home/airflow/.local/lib/python3.12/site-packages/airflow/example_dags/example_nested_branch_dag.py for tasks to queue
[2026-06-28T11:03:12.455+0000] {logging_mixin.py:190} INFO - [2026-06-28T11:03:12.454+0000] {dagbag.py:587} INFO - Filling up the DagBag from /home/airflow/.local/lib/python3.12/site-packages/airflow/example_dags/example_nested_branch_dag.py
[2026-06-28T11:03:12.475+0000] {processor.py:925} INFO - DAG(s) 'example_nested_branch_dag' retrieved from /home/airflow/.local/lib/python3.12/site-packages/airflow/example_dags/example_nested_branch_dag.py
[2026-06-28T11:03:12.515+0000] {logging_mixin.py:190} INFO - [2026-06-28T11:03:12.514+0000] {dag.py:3211} INFO - Sync 1 DAGs
[2026-06-28T11:03:12.562+0000] {logging_mixin.py:190} INFO - [2026-06-28T11:03:12.561+0000] {dag.py:4138} INFO - Setting next_dagrun for example_nested_branch_dag to 2026-06-27 00:00:00+00:00, run_after=2026-06-28 00:00:00+00:00
[2026-06-28T11:03:12.609+0000] {processor.py:208} INFO - Processing /home/airflow/.local/lib/python3.12/site-packages/airflow/example_dags/example_nested_branch_dag.py took 0.170 seconds
[2026-06-28T11:03:43.049+0000] {processor.py:186} INFO - Started process (PID=304) to work on /home/airflow/.local/lib/python3.12/site-packages/airflow/example_dags/example_nested_branch_dag.py
[2026-06-28T11:03:43.050+0000] {processor.py:914} INFO - Processing file /home/airflow/.local/lib/python3.12/site-packages/airflow/example_dags/example_nested_branch_dag.py for tasks to queue
[2026-06-28T11:03:43.053+0000] {logging_mixin.py:190} INFO - [2026-06-28T11:03:43.052+0000] {dagbag.py:587} INFO - Filling up the DagBag from /home/airflow/.local/lib/python3.12/site-packages/airflow/example_dags/example_nested_branch_dag.py
[2026-06-28T11:03:43.066+0000] {processor.py:925} INFO - DAG(s) 'example_nested_branch_dag' retrieved from /home/airflow/.local/lib/python3.12/site-packages/airflow/example_dags/example_nested_branch_dag.py
[2026-06-28T11:03:43.097+0000] {logging_mixin.py:190} INFO - [2026-06-28T11:03:43.096+0000] {dag.py:3211} INFO - Sync 1 DAGs
[2026-06-28T11:03:43.125+0000] {logging_mixin.py:190} INFO - [2026-06-28T11:03:43.124+0000] {dag.py:4138} INFO - Setting next_dagrun for example_nested_branch_dag to 2026-06-27 00:00:00+00:00, run_after=2026-06-28 00:00:00+00:00
[2026-06-28T11:03:43.147+0000] {processor.py:208} INFO - Processing /home/airflow/.local/lib/python3.12/site-packages/airflow/example_dags/example_nested_branch_dag.py took 0.104 seconds
[2026-06-28T11:04:13.679+0000] {processor.py:186} INFO - Started process (PID=366) to work on /home/airflow/.local/lib/python3.12/site-packages/airflow/example_dags/example_nested_branch_dag.py
[2026-06-28T11:04:13.680+0000] {processor.py:914} INFO - Processing file /home/airflow/.local/lib/python3.12/site-packages/airflow/example_dags/example_nested_branch_dag.py for tasks to queue
[2026-06-28T11:04:13.683+0000] {logging_mixin.py:190} INFO - [2026-06-28T11:04:13.683+0000] {dagbag.py:587} INFO - Filling up the DagBag from /home/airflow/.local/lib/python3.12/site-packages/airflow/example_dags/example_nested_branch_dag.py
[2026-06-28T11:04:13.698+0000] {processor.py:925} INFO - DAG(s) 'example_nested_branch_dag' retrieved from /home/airflow/.local/lib/python3.12/site-packages/airflow/example_dags/example_nested_branch_dag.py
[2026-06-28T11:04:13.734+0000] {logging_mixin.py:190} INFO - [2026-06-28T11:04:13.734+0000] {dag.py:3211} INFO - Sync 1 DAGs
[2026-06-28T11:04:13.771+0000] {logging_mixin.py:190} INFO - [2026-06-28T11:04:13.770+0000] {dag.py:4138} INFO - Setting next_dagrun for example_nested_branch_dag to 2026-06-27 00:00:00+00:00, run_after=2026-06-28 00:00:00+00:00
[2026-06-28T11:04:13.797+0000] {processor.py:208} INFO - Processing /home/airflow/.local/lib/python3.12/site-packages/airflow/example_dags/example_nested_branch_dag.py took 0.124 seconds
[2026-06-28T11:04:44.132+0000] {processor.py:186} INFO - Started process (PID=428) to work on /home/airflow/.local/lib/python3.12/site-packages/airflow/example_dags/example_nested_branch_dag.py
[2026-06-28T11:04:44.133+0000] {processor.py:914} INFO - Processing file /home/airflow/.local/lib/python3.12/site-packages/airflow/example_dags/example_nested_branch_dag.py for tasks to queue
[2026-06-28T11:04:44.136+0000] {logging_mixin.py:190} INFO - [2026-06-28T11:04:44.135+0000] {dagbag.py:587} INFO - Filling up the DagBag from /home/airflow/.local/lib/python3.12/site-packages/airflow/example_dags/example_nested_branch_dag.py
[2026-06-28T11:04:44.147+0000] {processor.py:925} INFO - DAG(s) 'example_nested_branch_dag' retrieved from /home/airflow/.local/lib/python3.12/site-packages/airflow/example_dags/example_nested_branch_dag.py
[2026-06-28T11:04:44.174+0000] {logging_mixin.py:190} INFO - [2026-06-28T11:04:44.174+0000] {dag.py:3211} INFO - Sync 1 DAGs
[2026-06-28T11:04:44.200+0000] {logging_mixin.py:190} INFO - [2026-06-28T11:04:44.200+0000] {dag.py:4138} INFO - Setting next_dagrun for example_nested_branch_dag to 2026-06-27 00:00:00+00:00, run_after=2026-06-28 00:00:00+00:00
[2026-06-28T11:04:44.225+0000] {processor.py:208} INFO - Processing /home/airflow/.local/lib/python3.12/site-packages/airflow/example_dags/example_nested_branch_dag.py took 0.098 seconds
[2026-06-28T11:05:15.053+0000] {processor.py:186} INFO - Started process (PID=490) to work on /home/airflow/.local/lib/python3.12/site-packages/airflow/example_dags/example_nested_branch_dag.py
[2026-06-28T11:05:15.054+0000] {processor.py:914} INFO - Processing file /home/airflow/.local/lib/python3.12/site-packages/airflow/example_dags/example_nested_branch_dag.py for tasks to queue
[2026-06-28T11:05:15.057+0000] {logging_mixin.py:190} INFO - [2026-06-28T11:05:15.056+0000] {dagbag.py:587} INFO - Filling up the DagBag from /home/airflow/.local/lib/python3.12/site-packages/airflow/example_dags/example_nested_branch_dag.py
[2026-06-28T11:05:15.070+0000] {processor.py:925} INFO - DAG(s) 'example_nested_branch_dag' retrieved from /home/airflow/.local/lib/python3.12/site-packages/airflow/example_dags/example_nested_branch_dag.py
[2026-06-28T11:05:15.097+0000] {logging_mixin.py:190} INFO - [2026-06-28T11:05:15.097+0000] {dag.py:3211} INFO - Sync 1 DAGs
[2026-06-28T11:05:15.123+0000] {logging_mixin.py:190} INFO - [2026-06-28T11:05:15.123+0000] {dag.py:4138} INFO - Setting next_dagrun for example_nested_branch_dag to 2026-06-27 00:00:00+00:00, run_after=2026-06-28 00:00:00+00:00
[2026-06-28T11:05:15.145+0000] {processor.py:208} INFO - Processing /home/airflow/.local/lib/python3.12/site-packages/airflow/example_dags/example_nested_branch_dag.py took 0.098 seconds
[2026-06-28T11:05:45.664+0000] {processor.py:186} INFO - Started process (PID=551) to work on /home/airflow/.local/lib/python3.12/site-packages/airflow/example_dags/example_nested_branch_dag.py
[2026-06-28T11:05:45.665+0000] {processor.py:914} INFO - Processing file /home/airflow/.local/lib/python3.12/site-packages/airflow/example_dags/example_nested_branch_dag.py for tasks to queue
[2026-06-28T11:05:45.668+0000] {logging_mixin.py:190} INFO - [2026-06-28T11:05:45.667+0000] {dagbag.py:587} INFO - Filling up the DagBag from /home/airflow/.local/lib/python3.12/site-packages/airflow/example_dags/example_nested_branch_dag.py
[2026-06-28T11:05:45.683+0000] {processor.py:925} INFO - DAG(s) 'example_nested_branch_dag' retrieved from /home/airflow/.local/lib/python3.12/site-packages/airflow/example_dags/example_nested_branch_dag.py
[2026-06-28T11:05:45.714+0000] {logging_mixin.py:190} INFO - [2026-06-28T11:05:45.714+0000] {dag.py:3211} INFO - Sync 1 DAGs
[2026-06-28T11:05:45.745+0000] {logging_mixin.py:190} INFO - [2026-06-28T11:05:45.745+0000] {dag.py:4138} INFO - Setting next_dagrun for example_nested_branch_dag to 2026-06-27 00:00:00+00:00, run_after=2026-06-28 00:00:00+00:00
[2026-06-28T11:05:45.767+0000] {processor.py:208} INFO - Processing /home/airflow/.local/lib/python3.12/site-packages/airflow/example_dags/example_nested_branch_dag.py took 0.110 seconds
[2026-06-28T11:06:16.172+0000] {processor.py:186} INFO - Started process (PID=613) to work on /home/airflow/.local/lib/python3.12/site-packages/airflow/example_dags/example_nested_branch_dag.py
[2026-06-28T11:06:16.173+0000] {processor.py:914} INFO - Processing file /home/airflow/.local/lib/python3.12/site-packages/airflow/example_dags/example_nested_branch_dag.py for tasks to queue
[2026-06-28T11:06:16.175+0000] {logging_mixin.py:190} INFO - [2026-06-28T11:06:16.175+0000] {dagbag.py:587} INFO - Filling up the DagBag from /home/airflow/.local/lib/python3.12/site-packages/airflow/example_dags/example_nested_branch_dag.py
[2026-06-28T11:06:16.190+0000] {processor.py:925} INFO - DAG(s) 'example_nested_branch_dag' retrieved from /home/airflow/.local/lib/python3.12/site-packages/airflow/example_dags/example_nested_branch_dag.py
[2026-06-28T11:06:16.225+0000] {logging_mixin.py:190} INFO - [2026-06-28T11:06:16.224+0000] {dag.py:3211} INFO - Sync 1 DAGs
[2026-06-28T11:06:16.265+0000] {logging_mixin.py:190} INFO - [2026-06-28T11:06:16.265+0000] {dag.py:4138} INFO - Setting next_dagrun for example_nested_branch_dag to 2026-06-27 00:00:00+00:00, run_after=2026-06-28 00:00:00+00:00
[2026-06-28T11:06:16.287+0000] {processor.py:208} INFO - Processing /home/airflow/.local/lib/python3.12/site-packages/airflow/example_dags/example_nested_branch_dag.py took 0.124 seconds
[2026-06-28T11:06:46.521+0000] {processor.py:186} INFO - Started process (PID=675) to work on /home/airflow/.local/lib/python3.12/site-packages/airflow/example_dags/example_nested_branch_dag.py
[2026-06-28T11:06:46.522+0000] {processor.py:914} INFO - Processing file /home/airflow/.local/lib/python3.12/site-packages/airflow/example_dags/example_nested_branch_dag.py for tasks to queue
[2026-06-28T11:06:46.525+0000] {logging_mixin.py:190} INFO - [2026-06-28T11:06:46.525+0000] {dagbag.py:587} INFO - Filling up the DagBag from /home/airflow/.local/lib/python3.12/site-packages/airflow/example_dags/example_nested_branch_dag.py
[2026-06-28T11:06:46.539+0000] {processor.py:925} INFO - DAG(s) 'example_nested_branch_dag' retrieved from /home/airflow/.local/lib/python3.12/site-packages/airflow/example_dags/example_nested_branch_dag.py
[2026-06-28T11:06:46.575+0000] {logging_mixin.py:190} INFO - [2026-06-28T11:06:46.575+0000] {dag.py:3211} INFO - Sync 1 DAGs
[2026-06-28T11:06:46.599+0000] {logging_mixin.py:190} INFO - [2026-06-28T11:06:46.599+0000] {dag.py:4138} INFO - Setting next_dagrun for example_nested_branch_dag to 2026-06-27 00:00:00+00:00, run_after=2026-06-28 00:00:00+00:00
[2026-06-28T11:06:46.622+0000] {processor.py:208} INFO - Processing /home/airflow/.local/lib/python3.12/site-packages/airflow/example_dags/example_nested_branch_dag.py took 0.106 seconds
[2026-06-28T11:07:17.034+0000] {processor.py:186} INFO - Started process (PID=737) to work on /home/airflow/.local/lib/python3.12/site-packages/airflow/example_dags/example_nested_branch_dag.py
[2026-06-28T11:07:17.035+0000] {processor.py:914} INFO - Processing file /home/airflow/.local/lib/python3.12/site-packages/airflow/example_dags/example_nested_branch_dag.py for tasks to queue
[2026-06-28T11:07:17.037+0000] {logging_mixin.py:190} INFO - [2026-06-28T11:07:17.037+0000] {dagbag.py:587} INFO - Filling up the DagBag from /home/airflow/.local/lib/python3.12/site-packages/airflow/example_dags/example_nested_branch_dag.py
[2026-06-28T11:07:17.052+0000] {processor.py:925} INFO - DAG(s) 'example_nested_branch_dag' retrieved from /home/airflow/.local/lib/python3.12/site-packages/airflow/example_dags/example_nested_branch_dag.py
[2026-06-28T11:07:17.080+0000] {logging_mixin.py:190} INFO - [2026-06-28T11:07:17.080+0000] {dag.py:3211} INFO - Sync 1 DAGs
[2026-06-28T11:07:17.108+0000] {logging_mixin.py:190} INFO - [2026-06-28T11:07:17.108+0000] {dag.py:4138} INFO - Setting next_dagrun for example_nested_branch_dag to 2026-06-27 00:00:00+00:00, run_after=2026-06-28 00:00:00+00:00
[2026-06-28T11:07:17.131+0000] {processor.py:208} INFO - Processing /home/airflow/.local/lib/python3.12/site-packages/airflow/example_dags/example_nested_branch_dag.py took 0.103 seconds
[2026-06-28T11:07:47.311+0000] {processor.py:186} INFO - Started process (PID=799) to work on /home/airflow/.local/lib/python3.12/site-packages/airflow/example_dags/example_nested_branch_dag.py
[2026-06-28T11:07:47.312+0000] {processor.py:914} INFO - Processing file /home/airflow/.local/lib/python3.12/site-packages/airflow/example_dags/example_nested_branch_dag.py for tasks to queue
[2026-06-28T11:07:47.314+0000] {logging_mixin.py:190} INFO - [2026-06-28T11:07:47.314+0000] {dagbag.py:587} INFO - Filling up the DagBag from /home/airflow/.local/lib/python3.12/site-packages/airflow/example_dags/example_nested_branch_dag.py
[2026-06-28T11:07:47.328+0000] {processor.py:925} INFO - DAG(s) 'example_nested_branch_dag' retrieved from /home/airflow/.local/lib/python3.12/site-packages/airflow/example_dags/example_nested_branch_dag.py
[2026-06-28T11:07:47.357+0000] {logging_mixin.py:190} INFO - [2026-06-28T11:07:47.356+0000] {dag.py:3211} INFO - Sync 1 DAGs
[2026-06-28T11:07:47.384+0000] {logging_mixin.py:190} INFO - [2026-06-28T11:07:47.384+0000] {dag.py:4138} INFO - Setting next_dagrun for example_nested_branch_dag to 2026-06-27 00:00:00+00:00, run_after=2026-06-28 00:00:00+00:00
[2026-06-28T11:07:47.405+0000] {processor.py:208} INFO - Processing /home/airflow/.local/lib/python3.12/site-packages/airflow/example_dags/example_nested_branch_dag.py took 0.100 seconds
[2026-06-28T11:08:17.690+0000] {processor.py:186} INFO - Started process (PID=861) to work on /home/airflow/.local/lib/python3.12/site-packages/airflow/example_dags/example_nested_branch_dag.py
[2026-06-28T11:08:17.691+0000] {processor.py:914} INFO - Processing file /home/airflow/.local/lib/python3.12/site-packages/airflow/example_dags/example_nested_branch_dag.py for tasks to queue
[2026-06-28T11:08:17.693+0000] {logging_mixin.py:190} INFO - [2026-06-28T11:08:17.693+0000] {dagbag.py:587} INFO - Filling up the DagBag from /home/airflow/.local/lib/python3.12/site-packages/airflow/example_dags/example_nested_branch_dag.py
[2026-06-28T11:08:17.705+0000] {processor.py:925} INFO - DAG(s) 'example_nested_branch_dag' retrieved from /home/airflow/.local/lib/python3.12/site-packages/airflow/example_dags/example_nested_branch_dag.py
[2026-06-28T11:08:17.730+0000] {logging_mixin.py:190} INFO - [2026-06-28T11:08:17.730+0000] {dag.py:3211} INFO - Sync 1 DAGs
[2026-06-28T11:08:17.754+0000] {logging_mixin.py:190} INFO - [2026-06-28T11:08:17.754+0000] {dag.py:4138} INFO - Setting next_dagrun for example_nested_branch_dag to 2026-06-27 00:00:00+00:00, run_after=2026-06-28 00:00:00+00:00
[2026-06-28T11:08:17.777+0000] {processor.py:208} INFO - Processing /home/airflow/.local/lib/python3.12/site-packages/airflow/example_dags/example_nested_branch_dag.py took 0.092 seconds
