[2026-06-28T11:01:40.319+0000] {processor.py:186} INFO - Started process (PID=53) to work on /home/airflow/.local/lib/python3.12/site-packages/airflow/example_dags/example_params_ui_tutorial.py
[2026-06-28T11:01:40.320+0000] {processor.py:914} INFO - Processing file /home/airflow/.local/lib/python3.12/site-packages/airflow/example_dags/example_params_ui_tutorial.py for tasks to queue
[2026-06-28T11:01:40.322+0000] {logging_mixin.py:190} INFO - [2026-06-28T11:01:40.321+0000] {dagbag.py:587} INFO - Filling up the DagBag from /home/airflow/.local/lib/python3.12/site-packages/airflow/example_dags/example_params_ui_tutorial.py
[2026-06-28T11:01:40.333+0000] {processor.py:925} INFO - DAG(s) 'example_params_ui_tutorial' retrieved from /home/airflow/.local/lib/python3.12/site-packages/airflow/example_dags/example_params_ui_tutorial.py
[2026-06-28T11:01:40.497+0000] {logging_mixin.py:190} INFO - [2026-06-28T11:01:40.496+0000] {override.py:1858} INFO - Created Permission View: can edit on DAG:example_params_ui_tutorial
[2026-06-28T11:01:40.507+0000] {logging_mixin.py:190} INFO - [2026-06-28T11:01:40.506+0000] {override.py:1858} INFO - Created Permission View: can delete on DAG:example_params_ui_tutorial
[2026-06-28T11:01:40.513+0000] {logging_mixin.py:190} INFO - [2026-06-28T11:01:40.512+0000] {override.py:1858} INFO - Created Permission View: can read on DAG:example_params_ui_tutorial
[2026-06-28T11:01:40.513+0000] {logging_mixin.py:190} INFO - [2026-06-28T11:01:40.513+0000] {dag.py:3211} INFO - Sync 1 DAGs
[2026-06-28T11:01:40.527+0000] {logging_mixin.py:190} INFO - [2026-06-28T11:01:40.526+0000] {dag.py:3234} INFO - Creating ORM DAG for example_params_ui_tutorial
[2026-06-28T11:01:40.527+0000] {logging_mixin.py:190} INFO - [2026-06-28T11:01:40.527+0000] {dag.py:4138} INFO - Setting next_dagrun for example_params_ui_tutorial to None, run_after=None
[2026-06-28T11:01:40.549+0000] {processor.py:208} INFO - Processing /home/airflow/.local/lib/python3.12/site-packages/airflow/example_dags/example_params_ui_tutorial.py took 0.236 seconds
[2026-06-28T11:02:11.183+0000] {processor.py:186} INFO - Started process (PID=115) to work on /home/airflow/.local/lib/python3.12/site-packages/airflow/example_dags/example_params_ui_tutorial.py
[2026-06-28T11:02:11.184+0000] {processor.py:914} INFO - Processing file /home/airflow/.local/lib/python3.12/site-packages/airflow/example_dags/example_params_ui_tutorial.py for tasks to queue
[2026-06-28T11:02:11.186+0000] {logging_mixin.py:190} INFO - [2026-06-28T11:02:11.186+0000] {dagbag.py:587} INFO - Filling up the DagBag from /home/airflow/.local/lib/python3.12/site-packages/airflow/example_dags/example_params_ui_tutorial.py
[2026-06-28T11:02:11.195+0000] {processor.py:925} INFO - DAG(s) 'example_params_ui_tutorial' retrieved from /home/airflow/.local/lib/python3.12/site-packages/airflow/example_dags/example_params_ui_tutorial.py
[2026-06-28T11:02:11.235+0000] {logging_mixin.py:190} INFO - [2026-06-28T11:02:11.235+0000] {dag.py:3211} INFO - Sync 1 DAGs
[2026-06-28T11:02:11.247+0000] {logging_mixin.py:190} INFO - [2026-06-28T11:02:11.247+0000] {dag.py:4138} INFO - Setting next_dagrun for example_params_ui_tutorial to None, run_after=None
[2026-06-28T11:02:11.265+0000] {processor.py:208} INFO - Processing /home/airflow/.local/lib/python3.12/site-packages/airflow/example_dags/example_params_ui_tutorial.py took 0.087 seconds
[2026-06-28T11:02:41.744+0000] {processor.py:186} INFO - Started process (PID=177) to work on /home/airflow/.local/lib/python3.12/site-packages/airflow/example_dags/example_params_ui_tutorial.py
[2026-06-28T11:02:41.745+0000] {processor.py:914} INFO - Processing file /home/airflow/.local/lib/python3.12/site-packages/airflow/example_dags/example_params_ui_tutorial.py for tasks to queue
[2026-06-28T11:02:41.748+0000] {logging_mixin.py:190} INFO - [2026-06-28T11:02:41.747+0000] {dagbag.py:587} INFO - Filling up the DagBag from /home/airflow/.local/lib/python3.12/site-packages/airflow/example_dags/example_params_ui_tutorial.py
[2026-06-28T11:02:41.756+0000] {processor.py:925} INFO - DAG(s) 'example_params_ui_tutorial' retrieved from /home/airflow/.local/lib/python3.12/site-packages/airflow/example_dags/example_params_ui_tutorial.py
[2026-06-28T11:02:41.810+0000] {logging_mixin.py:190} INFO - [2026-06-28T11:02:41.809+0000] {dag.py:3211} INFO - Sync 1 DAGs
[2026-06-28T11:02:41.824+0000] {logging_mixin.py:190} INFO - [2026-06-28T11:02:41.824+0000] {dag.py:4138} INFO - Setting next_dagrun for example_params_ui_tutorial to None, run_after=None
[2026-06-28T11:02:41.853+0000] {processor.py:208} INFO - Processing /home/airflow/.local/lib/python3.12/site-packages/airflow/example_dags/example_params_ui_tutorial.py took 0.115 seconds
[2026-06-28T11:03:13.109+0000] {processor.py:186} INFO - Started process (PID=245) to work on /home/airflow/.local/lib/python3.12/site-packages/airflow/example_dags/example_params_ui_tutorial.py
[2026-06-28T11:03:13.111+0000] {processor.py:914} INFO - Processing file /home/airflow/.local/lib/python3.12/site-packages/airflow/example_dags/example_params_ui_tutorial.py for tasks to queue
[2026-06-28T11:03:13.115+0000] {logging_mixin.py:190} INFO - [2026-06-28T11:03:13.114+0000] {dagbag.py:587} INFO - Filling up the DagBag from /home/airflow/.local/lib/python3.12/site-packages/airflow/example_dags/example_params_ui_tutorial.py
[2026-06-28T11:03:13.131+0000] {processor.py:925} INFO - DAG(s) 'example_params_ui_tutorial' retrieved from /home/airflow/.local/lib/python3.12/site-packages/airflow/example_dags/example_params_ui_tutorial.py
[2026-06-28T11:03:13.212+0000] {logging_mixin.py:190} INFO - [2026-06-28T11:03:13.211+0000] {dag.py:3211} INFO - Sync 1 DAGs
[2026-06-28T11:03:13.234+0000] {logging_mixin.py:190} INFO - [2026-06-28T11:03:13.233+0000] {dag.py:4138} INFO - Setting next_dagrun for example_params_ui_tutorial to None, run_after=None
[2026-06-28T11:03:13.269+0000] {processor.py:208} INFO - Processing /home/airflow/.local/lib/python3.12/site-packages/airflow/example_dags/example_params_ui_tutorial.py took 0.170 seconds
[2026-06-28T11:03:43.459+0000] {processor.py:186} INFO - Started process (PID=307) to work on /home/airflow/.local/lib/python3.12/site-packages/airflow/example_dags/example_params_ui_tutorial.py
[2026-06-28T11:03:43.460+0000] {processor.py:914} INFO - Processing file /home/airflow/.local/lib/python3.12/site-packages/airflow/example_dags/example_params_ui_tutorial.py for tasks to queue
[2026-06-28T11:03:43.463+0000] {logging_mixin.py:190} INFO - [2026-06-28T11:03:43.462+0000] {dagbag.py:587} INFO - Filling up the DagBag from /home/airflow/.local/lib/python3.12/site-packages/airflow/example_dags/example_params_ui_tutorial.py
[2026-06-28T11:03:43.475+0000] {processor.py:925} INFO - DAG(s) 'example_params_ui_tutorial' retrieved from /home/airflow/.local/lib/python3.12/site-packages/airflow/example_dags/example_params_ui_tutorial.py
[2026-06-28T11:03:43.544+0000] {logging_mixin.py:190} INFO - [2026-06-28T11:03:43.543+0000] {dag.py:3211} INFO - Sync 1 DAGs
[2026-06-28T11:03:43.562+0000] {logging_mixin.py:190} INFO - [2026-06-28T11:03:43.561+0000] {dag.py:4138} INFO - Setting next_dagrun for example_params_ui_tutorial to None, run_after=None
[2026-06-28T11:03:43.585+0000] {processor.py:208} INFO - Processing /home/airflow/.local/lib/python3.12/site-packages/airflow/example_dags/example_params_ui_tutorial.py took 0.135 seconds
[2026-06-28T11:04:14.144+0000] {processor.py:186} INFO - Started process (PID=369) to work on /home/airflow/.local/lib/python3.12/site-packages/airflow/example_dags/example_params_ui_tutorial.py
[2026-06-28T11:04:14.145+0000] {processor.py:914} INFO - Processing file /home/airflow/.local/lib/python3.12/site-packages/airflow/example_dags/example_params_ui_tutorial.py for tasks to queue
[2026-06-28T11:04:14.148+0000] {logging_mixin.py:190} INFO - [2026-06-28T11:04:14.147+0000] {dagbag.py:587} INFO - Filling up the DagBag from /home/airflow/.local/lib/python3.12/site-packages/airflow/example_dags/example_params_ui_tutorial.py
[2026-06-28T11:04:14.159+0000] {processor.py:925} INFO - DAG(s) 'example_params_ui_tutorial' retrieved from /home/airflow/.local/lib/python3.12/site-packages/airflow/example_dags/example_params_ui_tutorial.py
[2026-06-28T11:04:14.211+0000] {logging_mixin.py:190} INFO - [2026-06-28T11:04:14.211+0000] {dag.py:3211} INFO - Sync 1 DAGs
[2026-06-28T11:04:14.228+0000] {logging_mixin.py:190} INFO - [2026-06-28T11:04:14.228+0000] {dag.py:4138} INFO - Setting next_dagrun for example_params_ui_tutorial to None, run_after=None
[2026-06-28T11:04:14.249+0000] {processor.py:208} INFO - Processing /home/airflow/.local/lib/python3.12/site-packages/airflow/example_dags/example_params_ui_tutorial.py took 0.112 seconds
[2026-06-28T11:04:44.507+0000] {processor.py:186} INFO - Started process (PID=431) to work on /home/airflow/.local/lib/python3.12/site-packages/airflow/example_dags/example_params_ui_tutorial.py
[2026-06-28T11:04:44.508+0000] {processor.py:914} INFO - Processing file /home/airflow/.local/lib/python3.12/site-packages/airflow/example_dags/example_params_ui_tutorial.py for tasks to queue
[2026-06-28T11:04:44.510+0000] {logging_mixin.py:190} INFO - [2026-06-28T11:04:44.510+0000] {dagbag.py:587} INFO - Filling up the DagBag from /home/airflow/.local/lib/python3.12/site-packages/airflow/example_dags/example_params_ui_tutorial.py
[2026-06-28T11:04:44.522+0000] {processor.py:925} INFO - DAG(s) 'example_params_ui_tutorial' retrieved from /home/airflow/.local/lib/python3.12/site-packages/airflow/example_dags/example_params_ui_tutorial.py
[2026-06-28T11:04:44.575+0000] {logging_mixin.py:190} INFO - [2026-06-28T11:04:44.575+0000] {dag.py:3211} INFO - Sync 1 DAGs
[2026-06-28T11:04:44.591+0000] {logging_mixin.py:190} INFO - [2026-06-28T11:04:44.591+0000] {dag.py:4138} INFO - Setting next_dagrun for example_params_ui_tutorial to None, run_after=None
[2026-06-28T11:04:44.614+0000] {processor.py:208} INFO - Processing /home/airflow/.local/lib/python3.12/site-packages/airflow/example_dags/example_params_ui_tutorial.py took 0.113 seconds
[2026-06-28T11:05:15.454+0000] {processor.py:186} INFO - Started process (PID=493) to work on /home/airflow/.local/lib/python3.12/site-packages/airflow/example_dags/example_params_ui_tutorial.py
[2026-06-28T11:05:15.455+0000] {processor.py:914} INFO - Processing file /home/airflow/.local/lib/python3.12/site-packages/airflow/example_dags/example_params_ui_tutorial.py for tasks to queue
[2026-06-28T11:05:15.457+0000] {logging_mixin.py:190} INFO - [2026-06-28T11:05:15.457+0000] {dagbag.py:587} INFO - Filling up the DagBag from /home/airflow/.local/lib/python3.12/site-packages/airflow/example_dags/example_params_ui_tutorial.py
[2026-06-28T11:05:15.467+0000] {processor.py:925} INFO - DAG(s) 'example_params_ui_tutorial' retrieved from /home/airflow/.local/lib/python3.12/site-packages/airflow/example_dags/example_params_ui_tutorial.py
[2026-06-28T11:05:15.517+0000] {logging_mixin.py:190} INFO - [2026-06-28T11:05:15.516+0000] {dag.py:3211} INFO - Sync 1 DAGs
[2026-06-28T11:05:15.533+0000] {logging_mixin.py:190} INFO - [2026-06-28T11:05:15.533+0000] {dag.py:4138} INFO - Setting next_dagrun for example_params_ui_tutorial to None, run_after=None
[2026-06-28T11:05:15.554+0000] {processor.py:208} INFO - Processing /home/airflow/.local/lib/python3.12/site-packages/airflow/example_dags/example_params_ui_tutorial.py took 0.106 seconds
[2026-06-28T11:05:45.993+0000] {processor.py:186} INFO - Started process (PID=554) to work on /home/airflow/.local/lib/python3.12/site-packages/airflow/example_dags/example_params_ui_tutorial.py
[2026-06-28T11:05:45.994+0000] {processor.py:914} INFO - Processing file /home/airflow/.local/lib/python3.12/site-packages/airflow/example_dags/example_params_ui_tutorial.py for tasks to queue
[2026-06-28T11:05:45.997+0000] {logging_mixin.py:190} INFO - [2026-06-28T11:05:45.997+0000] {dagbag.py:587} INFO - Filling up the DagBag from /home/airflow/.local/lib/python3.12/site-packages/airflow/example_dags/example_params_ui_tutorial.py
[2026-06-28T11:05:46.010+0000] {processor.py:925} INFO - DAG(s) 'example_params_ui_tutorial' retrieved from /home/airflow/.local/lib/python3.12/site-packages/airflow/example_dags/example_params_ui_tutorial.py
[2026-06-28T11:05:46.064+0000] {logging_mixin.py:190} INFO - [2026-06-28T11:05:46.064+0000] {dag.py:3211} INFO - Sync 1 DAGs
[2026-06-28T11:05:46.081+0000] {logging_mixin.py:190} INFO - [2026-06-28T11:05:46.080+0000] {dag.py:4138} INFO - Setting next_dagrun for example_params_ui_tutorial to None, run_after=None
[2026-06-28T11:05:46.102+0000] {processor.py:208} INFO - Processing /home/airflow/.local/lib/python3.12/site-packages/airflow/example_dags/example_params_ui_tutorial.py took 0.117 seconds
[2026-06-28T11:06:16.662+0000] {processor.py:186} INFO - Started process (PID=616) to work on /home/airflow/.local/lib/python3.12/site-packages/airflow/example_dags/example_params_ui_tutorial.py
[2026-06-28T11:06:16.663+0000] {processor.py:914} INFO - Processing file /home/airflow/.local/lib/python3.12/site-packages/airflow/example_dags/example_params_ui_tutorial.py for tasks to queue
[2026-06-28T11:06:16.667+0000] {logging_mixin.py:190} INFO - [2026-06-28T11:06:16.666+0000] {dagbag.py:587} INFO - Filling up the DagBag from /home/airflow/.local/lib/python3.12/site-packages/airflow/example_dags/example_params_ui_tutorial.py
[2026-06-28T11:06:16.681+0000] {processor.py:925} INFO - DAG(s) 'example_params_ui_tutorial' retrieved from /home/airflow/.local/lib/python3.12/site-packages/airflow/example_dags/example_params_ui_tutorial.py
[2026-06-28T11:06:16.740+0000] {logging_mixin.py:190} INFO - [2026-06-28T11:06:16.739+0000] {dag.py:3211} INFO - Sync 1 DAGs
[2026-06-28T11:06:16.756+0000] {logging_mixin.py:190} INFO - [2026-06-28T11:06:16.756+0000] {dag.py:4138} INFO - Setting next_dagrun for example_params_ui_tutorial to None, run_after=None
[2026-06-28T11:06:16.775+0000] {processor.py:208} INFO - Processing /home/airflow/.local/lib/python3.12/site-packages/airflow/example_dags/example_params_ui_tutorial.py took 0.121 seconds
[2026-06-28T11:06:46.939+0000] {processor.py:186} INFO - Started process (PID=678) to work on /home/airflow/.local/lib/python3.12/site-packages/airflow/example_dags/example_params_ui_tutorial.py
[2026-06-28T11:06:46.940+0000] {processor.py:914} INFO - Processing file /home/airflow/.local/lib/python3.12/site-packages/airflow/example_dags/example_params_ui_tutorial.py for tasks to queue
[2026-06-28T11:06:46.942+0000] {logging_mixin.py:190} INFO - [2026-06-28T11:06:46.942+0000] {dagbag.py:587} INFO - Filling up the DagBag from /home/airflow/.local/lib/python3.12/site-packages/airflow/example_dags/example_params_ui_tutorial.py
[2026-06-28T11:06:46.953+0000] {processor.py:925} INFO - DAG(s) 'example_params_ui_tutorial' retrieved from /home/airflow/.local/lib/python3.12/site-packages/airflow/example_dags/example_params_ui_tutorial.py
[2026-06-28T11:06:47.008+0000] {logging_mixin.py:190} INFO - [2026-06-28T11:06:47.008+0000] {dag.py:3211} INFO - Sync 1 DAGs
[2026-06-28T11:06:47.026+0000] {logging_mixin.py:190} INFO - [2026-06-28T11:06:47.025+0000] {dag.py:4138} INFO - Setting next_dagrun for example_params_ui_tutorial to None, run_after=None
[2026-06-28T11:06:47.052+0000] {processor.py:208} INFO - Processing /home/airflow/.local/lib/python3.12/site-packages/airflow/example_dags/example_params_ui_tutorial.py took 0.120 seconds
[2026-06-28T11:07:17.332+0000] {processor.py:186} INFO - Started process (PID=740) to work on /home/airflow/.local/lib/python3.12/site-packages/airflow/example_dags/example_params_ui_tutorial.py
[2026-06-28T11:07:17.334+0000] {processor.py:914} INFO - Processing file /home/airflow/.local/lib/python3.12/site-packages/airflow/example_dags/example_params_ui_tutorial.py for tasks to queue
[2026-06-28T11:07:17.337+0000] {logging_mixin.py:190} INFO - [2026-06-28T11:07:17.336+0000] {dagbag.py:587} INFO - Filling up the DagBag from /home/airflow/.local/lib/python3.12/site-packages/airflow/example_dags/example_params_ui_tutorial.py
[2026-06-28T11:07:17.350+0000] {processor.py:925} INFO - DAG(s) 'example_params_ui_tutorial' retrieved from /home/airflow/.local/lib/python3.12/site-packages/airflow/example_dags/example_params_ui_tutorial.py
[2026-06-28T11:07:17.412+0000] {logging_mixin.py:190} INFO - [2026-06-28T11:07:17.411+0000] {dag.py:3211} INFO - Sync 1 DAGs
[2026-06-28T11:07:17.433+0000] {logging_mixin.py:190} INFO - [2026-06-28T11:07:17.432+0000] {dag.py:4138} INFO - Setting next_dagrun for example_params_ui_tutorial to None, run_after=None
[2026-06-28T11:07:17.462+0000] {processor.py:208} INFO - Processing /home/airflow/.local/lib/python3.12/site-packages/airflow/example_dags/example_params_ui_tutorial.py took 0.138 seconds
[2026-06-28T11:07:47.572+0000] {processor.py:186} INFO - Started process (PID=802) to work on /home/airflow/.local/lib/python3.12/site-packages/airflow/example_dags/example_params_ui_tutorial.py
[2026-06-28T11:07:47.572+0000] {processor.py:914} INFO - Processing file /home/airflow/.local/lib/python3.12/site-packages/airflow/example_dags/example_params_ui_tutorial.py for tasks to queue
[2026-06-28T11:07:47.575+0000] {logging_mixin.py:190} INFO - [2026-06-28T11:07:47.574+0000] {dagbag.py:587} INFO - Filling up the DagBag from /home/airflow/.local/lib/python3.12/site-packages/airflow/example_dags/example_params_ui_tutorial.py
[2026-06-28T11:07:47.585+0000] {processor.py:925} INFO - DAG(s) 'example_params_ui_tutorial' retrieved from /home/airflow/.local/lib/python3.12/site-packages/airflow/example_dags/example_params_ui_tutorial.py
[2026-06-28T11:07:47.631+0000] {logging_mixin.py:190} INFO - [2026-06-28T11:07:47.631+0000] {dag.py:3211} INFO - Sync 1 DAGs
[2026-06-28T11:07:47.647+0000] {logging_mixin.py:190} INFO - [2026-06-28T11:07:47.647+0000] {dag.py:4138} INFO - Setting next_dagrun for example_params_ui_tutorial to None, run_after=None
[2026-06-28T11:07:47.667+0000] {processor.py:208} INFO - Processing /home/airflow/.local/lib/python3.12/site-packages/airflow/example_dags/example_params_ui_tutorial.py took 0.102 seconds
[2026-06-28T11:08:17.947+0000] {processor.py:186} INFO - Started process (PID=864) to work on /home/airflow/.local/lib/python3.12/site-packages/airflow/example_dags/example_params_ui_tutorial.py
[2026-06-28T11:08:17.948+0000] {processor.py:914} INFO - Processing file /home/airflow/.local/lib/python3.12/site-packages/airflow/example_dags/example_params_ui_tutorial.py for tasks to queue
[2026-06-28T11:08:17.950+0000] {logging_mixin.py:190} INFO - [2026-06-28T11:08:17.950+0000] {dagbag.py:587} INFO - Filling up the DagBag from /home/airflow/.local/lib/python3.12/site-packages/airflow/example_dags/example_params_ui_tutorial.py
[2026-06-28T11:08:17.959+0000] {processor.py:925} INFO - DAG(s) 'example_params_ui_tutorial' retrieved from /home/airflow/.local/lib/python3.12/site-packages/airflow/example_dags/example_params_ui_tutorial.py
[2026-06-28T11:08:18.006+0000] {logging_mixin.py:190} INFO - [2026-06-28T11:08:18.006+0000] {dag.py:3211} INFO - Sync 1 DAGs
[2026-06-28T11:08:18.020+0000] {logging_mixin.py:190} INFO - [2026-06-28T11:08:18.020+0000] {dag.py:4138} INFO - Setting next_dagrun for example_params_ui_tutorial to None, run_after=None
[2026-06-28T11:08:18.040+0000] {processor.py:208} INFO - Processing /home/airflow/.local/lib/python3.12/site-packages/airflow/example_dags/example_params_ui_tutorial.py took 0.100 seconds
