[2026-06-28T11:01:40.585+0000] {processor.py:186} INFO - Started process (PID=56) to work on /home/airflow/.local/lib/python3.12/site-packages/airflow/example_dags/example_python_operator.py
[2026-06-28T11:01:40.585+0000] {processor.py:914} INFO - Processing file /home/airflow/.local/lib/python3.12/site-packages/airflow/example_dags/example_python_operator.py for tasks to queue
[2026-06-28T11:01:40.587+0000] {logging_mixin.py:190} INFO - [2026-06-28T11:01:40.587+0000] {dagbag.py:587} INFO - Filling up the DagBag from /home/airflow/.local/lib/python3.12/site-packages/airflow/example_dags/example_python_operator.py
[2026-06-28T11:01:40.599+0000] {processor.py:925} INFO - DAG(s) 'example_python_operator' retrieved from /home/airflow/.local/lib/python3.12/site-packages/airflow/example_dags/example_python_operator.py
[2026-06-28T11:01:40.703+0000] {logging_mixin.py:190} INFO - [2026-06-28T11:01:40.702+0000] {override.py:1858} INFO - Created Permission View: can edit on DAG:example_python_operator
[2026-06-28T11:01:40.711+0000] {logging_mixin.py:190} INFO - [2026-06-28T11:01:40.711+0000] {override.py:1858} INFO - Created Permission View: can delete on DAG:example_python_operator
[2026-06-28T11:01:40.715+0000] {logging_mixin.py:190} INFO - [2026-06-28T11:01:40.715+0000] {override.py:1858} INFO - Created Permission View: can read on DAG:example_python_operator
[2026-06-28T11:01:40.715+0000] {logging_mixin.py:190} INFO - [2026-06-28T11:01:40.715+0000] {dag.py:3211} INFO - Sync 1 DAGs
[2026-06-28T11:01:40.727+0000] {logging_mixin.py:190} INFO - [2026-06-28T11:01:40.727+0000] {dag.py:3234} INFO - Creating ORM DAG for example_python_operator
[2026-06-28T11:01:40.727+0000] {logging_mixin.py:190} INFO - [2026-06-28T11:01:40.727+0000] {dag.py:4138} INFO - Setting next_dagrun for example_python_operator to None, run_after=None
[2026-06-28T11:01:40.740+0000] {processor.py:208} INFO - Processing /home/airflow/.local/lib/python3.12/site-packages/airflow/example_dags/example_python_operator.py took 0.161 seconds
[2026-06-28T11:02:11.303+0000] {processor.py:186} INFO - Started process (PID=118) to work on /home/airflow/.local/lib/python3.12/site-packages/airflow/example_dags/example_python_operator.py
[2026-06-28T11:02:11.304+0000] {processor.py:914} INFO - Processing file /home/airflow/.local/lib/python3.12/site-packages/airflow/example_dags/example_python_operator.py for tasks to queue
[2026-06-28T11:02:11.306+0000] {logging_mixin.py:190} INFO - [2026-06-28T11:02:11.306+0000] {dagbag.py:587} INFO - Filling up the DagBag from /home/airflow/.local/lib/python3.12/site-packages/airflow/example_dags/example_python_operator.py
[2026-06-28T11:02:11.316+0000] {processor.py:925} INFO - DAG(s) 'example_python_operator' retrieved from /home/airflow/.local/lib/python3.12/site-packages/airflow/example_dags/example_python_operator.py
[2026-06-28T11:02:11.340+0000] {logging_mixin.py:190} INFO - [2026-06-28T11:02:11.340+0000] {dag.py:3211} INFO - Sync 1 DAGs
[2026-06-28T11:02:11.352+0000] {logging_mixin.py:190} INFO - [2026-06-28T11:02:11.352+0000] {dag.py:4138} INFO - Setting next_dagrun for example_python_operator to None, run_after=None
[2026-06-28T11:02:11.369+0000] {processor.py:208} INFO - Processing /home/airflow/.local/lib/python3.12/site-packages/airflow/example_dags/example_python_operator.py took 0.071 seconds
[2026-06-28T11:02:42.028+0000] {processor.py:186} INFO - Started process (PID=180) to work on /home/airflow/.local/lib/python3.12/site-packages/airflow/example_dags/example_python_operator.py
[2026-06-28T11:02:42.032+0000] {processor.py:914} INFO - Processing file /home/airflow/.local/lib/python3.12/site-packages/airflow/example_dags/example_python_operator.py for tasks to queue
[2026-06-28T11:02:42.036+0000] {logging_mixin.py:190} INFO - [2026-06-28T11:02:42.035+0000] {dagbag.py:587} INFO - Filling up the DagBag from /home/airflow/.local/lib/python3.12/site-packages/airflow/example_dags/example_python_operator.py
[2026-06-28T11:02:42.058+0000] {processor.py:925} INFO - DAG(s) 'example_python_operator' retrieved from /home/airflow/.local/lib/python3.12/site-packages/airflow/example_dags/example_python_operator.py
[2026-06-28T11:02:42.090+0000] {logging_mixin.py:190} INFO - [2026-06-28T11:02:42.089+0000] {dag.py:3211} INFO - Sync 1 DAGs
[2026-06-28T11:02:42.106+0000] {logging_mixin.py:190} INFO - [2026-06-28T11:02:42.105+0000] {dag.py:4138} INFO - Setting next_dagrun for example_python_operator to None, run_after=None
[2026-06-28T11:02:42.129+0000] {processor.py:208} INFO - Processing /home/airflow/.local/lib/python3.12/site-packages/airflow/example_dags/example_python_operator.py took 0.109 seconds
[2026-06-28T11:03:13.568+0000] {processor.py:186} INFO - Started process (PID=248) to work on /home/airflow/.local/lib/python3.12/site-packages/airflow/example_dags/example_python_operator.py
[2026-06-28T11:03:13.569+0000] {processor.py:914} INFO - Processing file /home/airflow/.local/lib/python3.12/site-packages/airflow/example_dags/example_python_operator.py for tasks to queue
[2026-06-28T11:03:13.573+0000] {logging_mixin.py:190} INFO - [2026-06-28T11:03:13.572+0000] {dagbag.py:587} INFO - Filling up the DagBag from /home/airflow/.local/lib/python3.12/site-packages/airflow/example_dags/example_python_operator.py
[2026-06-28T11:03:13.598+0000] {processor.py:925} INFO - DAG(s) 'example_python_operator' retrieved from /home/airflow/.local/lib/python3.12/site-packages/airflow/example_dags/example_python_operator.py
[2026-06-28T11:03:13.667+0000] {logging_mixin.py:190} INFO - [2026-06-28T11:03:13.666+0000] {dag.py:3211} INFO - Sync 1 DAGs
[2026-06-28T11:03:13.697+0000] {logging_mixin.py:190} INFO - [2026-06-28T11:03:13.696+0000] {dag.py:4138} INFO - Setting next_dagrun for example_python_operator to None, run_after=None
[2026-06-28T11:03:13.753+0000] {processor.py:208} INFO - Processing /home/airflow/.local/lib/python3.12/site-packages/airflow/example_dags/example_python_operator.py took 0.195 seconds
[2026-06-28T11:03:44.635+0000] {processor.py:186} INFO - Started process (PID=310) to work on /home/airflow/.local/lib/python3.12/site-packages/airflow/example_dags/example_python_operator.py
[2026-06-28T11:03:44.636+0000] {processor.py:914} INFO - Processing file /home/airflow/.local/lib/python3.12/site-packages/airflow/example_dags/example_python_operator.py for tasks to queue
[2026-06-28T11:03:44.639+0000] {logging_mixin.py:190} INFO - [2026-06-28T11:03:44.639+0000] {dagbag.py:587} INFO - Filling up the DagBag from /home/airflow/.local/lib/python3.12/site-packages/airflow/example_dags/example_python_operator.py
[2026-06-28T11:03:44.654+0000] {processor.py:925} INFO - DAG(s) 'example_python_operator' retrieved from /home/airflow/.local/lib/python3.12/site-packages/airflow/example_dags/example_python_operator.py
[2026-06-28T11:03:44.681+0000] {logging_mixin.py:190} INFO - [2026-06-28T11:03:44.681+0000] {dag.py:3211} INFO - Sync 1 DAGs
[2026-06-28T11:03:44.696+0000] {logging_mixin.py:190} INFO - [2026-06-28T11:03:44.696+0000] {dag.py:4138} INFO - Setting next_dagrun for example_python_operator to None, run_after=None
[2026-06-28T11:03:44.714+0000] {processor.py:208} INFO - Processing /home/airflow/.local/lib/python3.12/site-packages/airflow/example_dags/example_python_operator.py took 0.084 seconds
[2026-06-28T11:04:15.340+0000] {processor.py:186} INFO - Started process (PID=372) to work on /home/airflow/.local/lib/python3.12/site-packages/airflow/example_dags/example_python_operator.py
[2026-06-28T11:04:15.342+0000] {processor.py:914} INFO - Processing file /home/airflow/.local/lib/python3.12/site-packages/airflow/example_dags/example_python_operator.py for tasks to queue
[2026-06-28T11:04:15.346+0000] {logging_mixin.py:190} INFO - [2026-06-28T11:04:15.345+0000] {dagbag.py:587} INFO - Filling up the DagBag from /home/airflow/.local/lib/python3.12/site-packages/airflow/example_dags/example_python_operator.py
[2026-06-28T11:04:15.370+0000] {processor.py:925} INFO - DAG(s) 'example_python_operator' retrieved from /home/airflow/.local/lib/python3.12/site-packages/airflow/example_dags/example_python_operator.py
[2026-06-28T11:04:15.411+0000] {logging_mixin.py:190} INFO - [2026-06-28T11:04:15.410+0000] {dag.py:3211} INFO - Sync 1 DAGs
[2026-06-28T11:04:15.439+0000] {logging_mixin.py:190} INFO - [2026-06-28T11:04:15.438+0000] {dag.py:4138} INFO - Setting next_dagrun for example_python_operator to None, run_after=None
[2026-06-28T11:04:15.473+0000] {processor.py:208} INFO - Processing /home/airflow/.local/lib/python3.12/site-packages/airflow/example_dags/example_python_operator.py took 0.147 seconds
[2026-06-28T11:04:45.664+0000] {processor.py:186} INFO - Started process (PID=434) to work on /home/airflow/.local/lib/python3.12/site-packages/airflow/example_dags/example_python_operator.py
[2026-06-28T11:04:45.665+0000] {processor.py:914} INFO - Processing file /home/airflow/.local/lib/python3.12/site-packages/airflow/example_dags/example_python_operator.py for tasks to queue
[2026-06-28T11:04:45.667+0000] {logging_mixin.py:190} INFO - [2026-06-28T11:04:45.667+0000] {dagbag.py:587} INFO - Filling up the DagBag from /home/airflow/.local/lib/python3.12/site-packages/airflow/example_dags/example_python_operator.py
[2026-06-28T11:04:45.681+0000] {processor.py:925} INFO - DAG(s) 'example_python_operator' retrieved from /home/airflow/.local/lib/python3.12/site-packages/airflow/example_dags/example_python_operator.py
[2026-06-28T11:04:45.709+0000] {logging_mixin.py:190} INFO - [2026-06-28T11:04:45.709+0000] {dag.py:3211} INFO - Sync 1 DAGs
[2026-06-28T11:04:45.727+0000] {logging_mixin.py:190} INFO - [2026-06-28T11:04:45.726+0000] {dag.py:4138} INFO - Setting next_dagrun for example_python_operator to None, run_after=None
[2026-06-28T11:04:45.748+0000] {processor.py:208} INFO - Processing /home/airflow/.local/lib/python3.12/site-packages/airflow/example_dags/example_python_operator.py took 0.089 seconds
[2026-06-28T11:05:16.608+0000] {processor.py:186} INFO - Started process (PID=496) to work on /home/airflow/.local/lib/python3.12/site-packages/airflow/example_dags/example_python_operator.py
[2026-06-28T11:05:16.609+0000] {processor.py:914} INFO - Processing file /home/airflow/.local/lib/python3.12/site-packages/airflow/example_dags/example_python_operator.py for tasks to queue
[2026-06-28T11:05:16.611+0000] {logging_mixin.py:190} INFO - [2026-06-28T11:05:16.611+0000] {dagbag.py:587} INFO - Filling up the DagBag from /home/airflow/.local/lib/python3.12/site-packages/airflow/example_dags/example_python_operator.py
[2026-06-28T11:05:16.624+0000] {processor.py:925} INFO - DAG(s) 'example_python_operator' retrieved from /home/airflow/.local/lib/python3.12/site-packages/airflow/example_dags/example_python_operator.py
[2026-06-28T11:05:16.651+0000] {logging_mixin.py:190} INFO - [2026-06-28T11:05:16.651+0000] {dag.py:3211} INFO - Sync 1 DAGs
[2026-06-28T11:05:16.668+0000] {logging_mixin.py:190} INFO - [2026-06-28T11:05:16.668+0000] {dag.py:4138} INFO - Setting next_dagrun for example_python_operator to None, run_after=None
[2026-06-28T11:05:16.692+0000] {processor.py:208} INFO - Processing /home/airflow/.local/lib/python3.12/site-packages/airflow/example_dags/example_python_operator.py took 0.089 seconds
[2026-06-28T11:05:47.170+0000] {processor.py:186} INFO - Started process (PID=557) to work on /home/airflow/.local/lib/python3.12/site-packages/airflow/example_dags/example_python_operator.py
[2026-06-28T11:05:47.171+0000] {processor.py:914} INFO - Processing file /home/airflow/.local/lib/python3.12/site-packages/airflow/example_dags/example_python_operator.py for tasks to queue
[2026-06-28T11:05:47.174+0000] {logging_mixin.py:190} INFO - [2026-06-28T11:05:47.173+0000] {dagbag.py:587} INFO - Filling up the DagBag from /home/airflow/.local/lib/python3.12/site-packages/airflow/example_dags/example_python_operator.py
[2026-06-28T11:05:47.191+0000] {processor.py:925} INFO - DAG(s) 'example_python_operator' retrieved from /home/airflow/.local/lib/python3.12/site-packages/airflow/example_dags/example_python_operator.py
[2026-06-28T11:05:47.224+0000] {logging_mixin.py:190} INFO - [2026-06-28T11:05:47.223+0000] {dag.py:3211} INFO - Sync 1 DAGs
[2026-06-28T11:05:47.241+0000] {logging_mixin.py:190} INFO - [2026-06-28T11:05:47.241+0000] {dag.py:4138} INFO - Setting next_dagrun for example_python_operator to None, run_after=None
[2026-06-28T11:05:47.271+0000] {processor.py:208} INFO - Processing /home/airflow/.local/lib/python3.12/site-packages/airflow/example_dags/example_python_operator.py took 0.109 seconds
[2026-06-28T11:06:17.832+0000] {processor.py:186} INFO - Started process (PID=619) to work on /home/airflow/.local/lib/python3.12/site-packages/airflow/example_dags/example_python_operator.py
[2026-06-28T11:06:17.833+0000] {processor.py:914} INFO - Processing file /home/airflow/.local/lib/python3.12/site-packages/airflow/example_dags/example_python_operator.py for tasks to queue
[2026-06-28T11:06:17.836+0000] {logging_mixin.py:190} INFO - [2026-06-28T11:06:17.835+0000] {dagbag.py:587} INFO - Filling up the DagBag from /home/airflow/.local/lib/python3.12/site-packages/airflow/example_dags/example_python_operator.py
[2026-06-28T11:06:17.852+0000] {processor.py:925} INFO - DAG(s) 'example_python_operator' retrieved from /home/airflow/.local/lib/python3.12/site-packages/airflow/example_dags/example_python_operator.py
[2026-06-28T11:06:17.885+0000] {logging_mixin.py:190} INFO - [2026-06-28T11:06:17.884+0000] {dag.py:3211} INFO - Sync 1 DAGs
[2026-06-28T11:06:17.902+0000] {logging_mixin.py:190} INFO - [2026-06-28T11:06:17.901+0000] {dag.py:4138} INFO - Setting next_dagrun for example_python_operator to None, run_after=None
[2026-06-28T11:06:17.930+0000] {processor.py:208} INFO - Processing /home/airflow/.local/lib/python3.12/site-packages/airflow/example_dags/example_python_operator.py took 0.105 seconds
[2026-06-28T11:06:48.110+0000] {processor.py:186} INFO - Started process (PID=681) to work on /home/airflow/.local/lib/python3.12/site-packages/airflow/example_dags/example_python_operator.py
[2026-06-28T11:06:48.111+0000] {processor.py:914} INFO - Processing file /home/airflow/.local/lib/python3.12/site-packages/airflow/example_dags/example_python_operator.py for tasks to queue
[2026-06-28T11:06:48.114+0000] {logging_mixin.py:190} INFO - [2026-06-28T11:06:48.113+0000] {dagbag.py:587} INFO - Filling up the DagBag from /home/airflow/.local/lib/python3.12/site-packages/airflow/example_dags/example_python_operator.py
[2026-06-28T11:06:48.129+0000] {processor.py:925} INFO - DAG(s) 'example_python_operator' retrieved from /home/airflow/.local/lib/python3.12/site-packages/airflow/example_dags/example_python_operator.py
[2026-06-28T11:06:48.160+0000] {logging_mixin.py:190} INFO - [2026-06-28T11:06:48.160+0000] {dag.py:3211} INFO - Sync 1 DAGs
[2026-06-28T11:06:48.176+0000] {logging_mixin.py:190} INFO - [2026-06-28T11:06:48.176+0000] {dag.py:4138} INFO - Setting next_dagrun for example_python_operator to None, run_after=None
[2026-06-28T11:06:48.199+0000] {processor.py:208} INFO - Processing /home/airflow/.local/lib/python3.12/site-packages/airflow/example_dags/example_python_operator.py took 0.096 seconds
[2026-06-28T11:07:18.528+0000] {processor.py:186} INFO - Started process (PID=743) to work on /home/airflow/.local/lib/python3.12/site-packages/airflow/example_dags/example_python_operator.py
[2026-06-28T11:07:18.529+0000] {processor.py:914} INFO - Processing file /home/airflow/.local/lib/python3.12/site-packages/airflow/example_dags/example_python_operator.py for tasks to queue
[2026-06-28T11:07:18.532+0000] {logging_mixin.py:190} INFO - [2026-06-28T11:07:18.532+0000] {dagbag.py:587} INFO - Filling up the DagBag from /home/airflow/.local/lib/python3.12/site-packages/airflow/example_dags/example_python_operator.py
[2026-06-28T11:07:18.548+0000] {processor.py:925} INFO - DAG(s) 'example_python_operator' retrieved from /home/airflow/.local/lib/python3.12/site-packages/airflow/example_dags/example_python_operator.py
[2026-06-28T11:07:18.583+0000] {logging_mixin.py:190} INFO - [2026-06-28T11:07:18.583+0000] {dag.py:3211} INFO - Sync 1 DAGs
[2026-06-28T11:07:18.603+0000] {logging_mixin.py:190} INFO - [2026-06-28T11:07:18.603+0000] {dag.py:4138} INFO - Setting next_dagrun for example_python_operator to None, run_after=None
[2026-06-28T11:07:18.634+0000] {processor.py:208} INFO - Processing /home/airflow/.local/lib/python3.12/site-packages/airflow/example_dags/example_python_operator.py took 0.114 seconds
[2026-06-28T11:07:48.865+0000] {processor.py:186} INFO - Started process (PID=805) to work on /home/airflow/.local/lib/python3.12/site-packages/airflow/example_dags/example_python_operator.py
[2026-06-28T11:07:48.866+0000] {processor.py:914} INFO - Processing file /home/airflow/.local/lib/python3.12/site-packages/airflow/example_dags/example_python_operator.py for tasks to queue
[2026-06-28T11:07:48.869+0000] {logging_mixin.py:190} INFO - [2026-06-28T11:07:48.868+0000] {dagbag.py:587} INFO - Filling up the DagBag from /home/airflow/.local/lib/python3.12/site-packages/airflow/example_dags/example_python_operator.py
[2026-06-28T11:07:48.886+0000] {processor.py:925} INFO - DAG(s) 'example_python_operator' retrieved from /home/airflow/.local/lib/python3.12/site-packages/airflow/example_dags/example_python_operator.py
[2026-06-28T11:07:48.918+0000] {logging_mixin.py:190} INFO - [2026-06-28T11:07:48.918+0000] {dag.py:3211} INFO - Sync 1 DAGs
[2026-06-28T11:07:48.936+0000] {logging_mixin.py:190} INFO - [2026-06-28T11:07:48.935+0000] {dag.py:4138} INFO - Setting next_dagrun for example_python_operator to None, run_after=None
[2026-06-28T11:07:48.959+0000] {processor.py:208} INFO - Processing /home/airflow/.local/lib/python3.12/site-packages/airflow/example_dags/example_python_operator.py took 0.103 seconds
[2026-06-28T11:08:19.208+0000] {processor.py:186} INFO - Started process (PID=867) to work on /home/airflow/.local/lib/python3.12/site-packages/airflow/example_dags/example_python_operator.py
[2026-06-28T11:08:19.210+0000] {processor.py:914} INFO - Processing file /home/airflow/.local/lib/python3.12/site-packages/airflow/example_dags/example_python_operator.py for tasks to queue
[2026-06-28T11:08:19.212+0000] {logging_mixin.py:190} INFO - [2026-06-28T11:08:19.211+0000] {dagbag.py:587} INFO - Filling up the DagBag from /home/airflow/.local/lib/python3.12/site-packages/airflow/example_dags/example_python_operator.py
[2026-06-28T11:08:19.224+0000] {processor.py:925} INFO - DAG(s) 'example_python_operator' retrieved from /home/airflow/.local/lib/python3.12/site-packages/airflow/example_dags/example_python_operator.py
[2026-06-28T11:08:19.250+0000] {logging_mixin.py:190} INFO - [2026-06-28T11:08:19.249+0000] {dag.py:3211} INFO - Sync 1 DAGs
[2026-06-28T11:08:19.264+0000] {logging_mixin.py:190} INFO - [2026-06-28T11:08:19.263+0000] {dag.py:4138} INFO - Setting next_dagrun for example_python_operator to None, run_after=None
[2026-06-28T11:08:19.281+0000] {processor.py:208} INFO - Processing /home/airflow/.local/lib/python3.12/site-packages/airflow/example_dags/example_python_operator.py took 0.078 seconds
