[2026-06-28T11:01:41.364+0000] {processor.py:186} INFO - Started process (PID=63) to work on /home/airflow/.local/lib/python3.12/site-packages/airflow/example_dags/example_skip_dag.py
[2026-06-28T11:01:41.365+0000] {processor.py:914} INFO - Processing file /home/airflow/.local/lib/python3.12/site-packages/airflow/example_dags/example_skip_dag.py for tasks to queue
[2026-06-28T11:01:41.367+0000] {logging_mixin.py:190} INFO - [2026-06-28T11:01:41.367+0000] {dagbag.py:587} INFO - Filling up the DagBag from /home/airflow/.local/lib/python3.12/site-packages/airflow/example_dags/example_skip_dag.py
[2026-06-28T11:01:41.375+0000] {processor.py:925} INFO - DAG(s) 'example_skip_dag' retrieved from /home/airflow/.local/lib/python3.12/site-packages/airflow/example_dags/example_skip_dag.py
[2026-06-28T11:01:41.545+0000] {logging_mixin.py:190} INFO - [2026-06-28T11:01:41.544+0000] {override.py:1858} INFO - Created Permission View: can edit on DAG:example_skip_dag
[2026-06-28T11:01:41.553+0000] {logging_mixin.py:190} INFO - [2026-06-28T11:01:41.552+0000] {override.py:1858} INFO - Created Permission View: can delete on DAG:example_skip_dag
[2026-06-28T11:01:41.558+0000] {logging_mixin.py:190} INFO - [2026-06-28T11:01:41.558+0000] {override.py:1858} INFO - Created Permission View: can read on DAG:example_skip_dag
[2026-06-28T11:01:41.558+0000] {logging_mixin.py:190} INFO - [2026-06-28T11:01:41.558+0000] {dag.py:3211} INFO - Sync 1 DAGs
[2026-06-28T11:01:41.572+0000] {logging_mixin.py:190} INFO - [2026-06-28T11:01:41.572+0000] {dag.py:3234} INFO - Creating ORM DAG for example_skip_dag
[2026-06-28T11:01:41.584+0000] {logging_mixin.py:190} INFO - [2026-06-28T11:01:41.584+0000] {dag.py:4138} INFO - Setting next_dagrun for example_skip_dag to 2026-06-27 00:00:00+00:00, run_after=2026-06-28 00:00:00+00:00
[2026-06-28T11:01:41.600+0000] {processor.py:208} INFO - Processing /home/airflow/.local/lib/python3.12/site-packages/airflow/example_dags/example_skip_dag.py took 0.242 seconds
[2026-06-28T11:02:11.795+0000] {processor.py:186} INFO - Started process (PID=125) to work on /home/airflow/.local/lib/python3.12/site-packages/airflow/example_dags/example_skip_dag.py
[2026-06-28T11:02:11.796+0000] {processor.py:914} INFO - Processing file /home/airflow/.local/lib/python3.12/site-packages/airflow/example_dags/example_skip_dag.py for tasks to queue
[2026-06-28T11:02:11.798+0000] {logging_mixin.py:190} INFO - [2026-06-28T11:02:11.797+0000] {dagbag.py:587} INFO - Filling up the DagBag from /home/airflow/.local/lib/python3.12/site-packages/airflow/example_dags/example_skip_dag.py
[2026-06-28T11:02:11.805+0000] {processor.py:925} INFO - DAG(s) 'example_skip_dag' retrieved from /home/airflow/.local/lib/python3.12/site-packages/airflow/example_dags/example_skip_dag.py
[2026-06-28T11:02:11.826+0000] {logging_mixin.py:190} INFO - [2026-06-28T11:02:11.825+0000] {dag.py:3211} INFO - Sync 1 DAGs
[2026-06-28T11:02:11.845+0000] {logging_mixin.py:190} INFO - [2026-06-28T11:02:11.844+0000] {dag.py:4138} INFO - Setting next_dagrun for example_skip_dag to 2026-06-27 00:00:00+00:00, run_after=2026-06-28 00:00:00+00:00
[2026-06-28T11:02:11.861+0000] {processor.py:208} INFO - Processing /home/airflow/.local/lib/python3.12/site-packages/airflow/example_dags/example_skip_dag.py took 0.072 seconds
[2026-06-28T11:02:42.487+0000] {processor.py:186} INFO - Started process (PID=187) to work on /home/airflow/.local/lib/python3.12/site-packages/airflow/example_dags/example_skip_dag.py
[2026-06-28T11:02:42.488+0000] {processor.py:914} INFO - Processing file /home/airflow/.local/lib/python3.12/site-packages/airflow/example_dags/example_skip_dag.py for tasks to queue
[2026-06-28T11:02:42.490+0000] {logging_mixin.py:190} INFO - [2026-06-28T11:02:42.490+0000] {dagbag.py:587} INFO - Filling up the DagBag from /home/airflow/.local/lib/python3.12/site-packages/airflow/example_dags/example_skip_dag.py
[2026-06-28T11:02:42.498+0000] {processor.py:925} INFO - DAG(s) 'example_skip_dag' retrieved from /home/airflow/.local/lib/python3.12/site-packages/airflow/example_dags/example_skip_dag.py
[2026-06-28T11:02:42.523+0000] {logging_mixin.py:190} INFO - [2026-06-28T11:02:42.522+0000] {dag.py:3211} INFO - Sync 1 DAGs
[2026-06-28T11:02:42.546+0000] {logging_mixin.py:190} INFO - [2026-06-28T11:02:42.546+0000] {dag.py:4138} INFO - Setting next_dagrun for example_skip_dag to 2026-06-27 00:00:00+00:00, run_after=2026-06-28 00:00:00+00:00
[2026-06-28T11:02:42.571+0000] {processor.py:208} INFO - Processing /home/airflow/.local/lib/python3.12/site-packages/airflow/example_dags/example_skip_dag.py took 0.089 seconds
[2026-06-28T11:03:14.489+0000] {processor.py:186} INFO - Started process (PID=255) to work on /home/airflow/.local/lib/python3.12/site-packages/airflow/example_dags/example_skip_dag.py
[2026-06-28T11:03:14.491+0000] {processor.py:914} INFO - Processing file /home/airflow/.local/lib/python3.12/site-packages/airflow/example_dags/example_skip_dag.py for tasks to queue
[2026-06-28T11:03:14.495+0000] {logging_mixin.py:190} INFO - [2026-06-28T11:03:14.494+0000] {dagbag.py:587} INFO - Filling up the DagBag from /home/airflow/.local/lib/python3.12/site-packages/airflow/example_dags/example_skip_dag.py
[2026-06-28T11:03:14.506+0000] {processor.py:925} INFO - DAG(s) 'example_skip_dag' retrieved from /home/airflow/.local/lib/python3.12/site-packages/airflow/example_dags/example_skip_dag.py
[2026-06-28T11:03:14.538+0000] {logging_mixin.py:190} INFO - [2026-06-28T11:03:14.538+0000] {dag.py:3211} INFO - Sync 1 DAGs
[2026-06-28T11:03:14.569+0000] {logging_mixin.py:190} INFO - [2026-06-28T11:03:14.569+0000] {dag.py:4138} INFO - Setting next_dagrun for example_skip_dag to 2026-06-27 00:00:00+00:00, run_after=2026-06-28 00:00:00+00:00
[2026-06-28T11:03:14.595+0000] {processor.py:208} INFO - Processing /home/airflow/.local/lib/python3.12/site-packages/airflow/example_dags/example_skip_dag.py took 0.115 seconds
[2026-06-28T11:03:45.108+0000] {processor.py:186} INFO - Started process (PID=317) to work on /home/airflow/.local/lib/python3.12/site-packages/airflow/example_dags/example_skip_dag.py
[2026-06-28T11:03:45.110+0000] {processor.py:914} INFO - Processing file /home/airflow/.local/lib/python3.12/site-packages/airflow/example_dags/example_skip_dag.py for tasks to queue
[2026-06-28T11:03:45.112+0000] {logging_mixin.py:190} INFO - [2026-06-28T11:03:45.111+0000] {dagbag.py:587} INFO - Filling up the DagBag from /home/airflow/.local/lib/python3.12/site-packages/airflow/example_dags/example_skip_dag.py
[2026-06-28T11:03:45.122+0000] {processor.py:925} INFO - DAG(s) 'example_skip_dag' retrieved from /home/airflow/.local/lib/python3.12/site-packages/airflow/example_dags/example_skip_dag.py
[2026-06-28T11:03:45.148+0000] {logging_mixin.py:190} INFO - [2026-06-28T11:03:45.148+0000] {dag.py:3211} INFO - Sync 1 DAGs
[2026-06-28T11:03:45.175+0000] {logging_mixin.py:190} INFO - [2026-06-28T11:03:45.175+0000] {dag.py:4138} INFO - Setting next_dagrun for example_skip_dag to 2026-06-27 00:00:00+00:00, run_after=2026-06-28 00:00:00+00:00
[2026-06-28T11:03:45.197+0000] {processor.py:208} INFO - Processing /home/airflow/.local/lib/python3.12/site-packages/airflow/example_dags/example_skip_dag.py took 0.095 seconds
[2026-06-28T11:04:15.896+0000] {processor.py:186} INFO - Started process (PID=379) to work on /home/airflow/.local/lib/python3.12/site-packages/airflow/example_dags/example_skip_dag.py
[2026-06-28T11:04:15.897+0000] {processor.py:914} INFO - Processing file /home/airflow/.local/lib/python3.12/site-packages/airflow/example_dags/example_skip_dag.py for tasks to queue
[2026-06-28T11:04:15.901+0000] {logging_mixin.py:190} INFO - [2026-06-28T11:04:15.900+0000] {dagbag.py:587} INFO - Filling up the DagBag from /home/airflow/.local/lib/python3.12/site-packages/airflow/example_dags/example_skip_dag.py
[2026-06-28T11:04:15.910+0000] {processor.py:925} INFO - DAG(s) 'example_skip_dag' retrieved from /home/airflow/.local/lib/python3.12/site-packages/airflow/example_dags/example_skip_dag.py
[2026-06-28T11:04:15.938+0000] {logging_mixin.py:190} INFO - [2026-06-28T11:04:15.938+0000] {dag.py:3211} INFO - Sync 1 DAGs
[2026-06-28T11:04:15.966+0000] {logging_mixin.py:190} INFO - [2026-06-28T11:04:15.966+0000] {dag.py:4138} INFO - Setting next_dagrun for example_skip_dag to 2026-06-27 00:00:00+00:00, run_after=2026-06-28 00:00:00+00:00
[2026-06-28T11:04:15.989+0000] {processor.py:208} INFO - Processing /home/airflow/.local/lib/python3.12/site-packages/airflow/example_dags/example_skip_dag.py took 0.100 seconds
[2026-06-28T11:04:46.159+0000] {processor.py:186} INFO - Started process (PID=441) to work on /home/airflow/.local/lib/python3.12/site-packages/airflow/example_dags/example_skip_dag.py
[2026-06-28T11:04:46.161+0000] {processor.py:914} INFO - Processing file /home/airflow/.local/lib/python3.12/site-packages/airflow/example_dags/example_skip_dag.py for tasks to queue
[2026-06-28T11:04:46.163+0000] {logging_mixin.py:190} INFO - [2026-06-28T11:04:46.162+0000] {dagbag.py:587} INFO - Filling up the DagBag from /home/airflow/.local/lib/python3.12/site-packages/airflow/example_dags/example_skip_dag.py
[2026-06-28T11:04:46.171+0000] {processor.py:925} INFO - DAG(s) 'example_skip_dag' retrieved from /home/airflow/.local/lib/python3.12/site-packages/airflow/example_dags/example_skip_dag.py
[2026-06-28T11:04:46.200+0000] {logging_mixin.py:190} INFO - [2026-06-28T11:04:46.200+0000] {dag.py:3211} INFO - Sync 1 DAGs
[2026-06-28T11:04:46.227+0000] {logging_mixin.py:190} INFO - [2026-06-28T11:04:46.227+0000] {dag.py:4138} INFO - Setting next_dagrun for example_skip_dag to 2026-06-27 00:00:00+00:00, run_after=2026-06-28 00:00:00+00:00
[2026-06-28T11:04:46.252+0000] {processor.py:208} INFO - Processing /home/airflow/.local/lib/python3.12/site-packages/airflow/example_dags/example_skip_dag.py took 0.099 seconds
[2026-06-28T11:05:17.069+0000] {processor.py:186} INFO - Started process (PID=503) to work on /home/airflow/.local/lib/python3.12/site-packages/airflow/example_dags/example_skip_dag.py
[2026-06-28T11:05:17.071+0000] {processor.py:914} INFO - Processing file /home/airflow/.local/lib/python3.12/site-packages/airflow/example_dags/example_skip_dag.py for tasks to queue
[2026-06-28T11:05:17.073+0000] {logging_mixin.py:190} INFO - [2026-06-28T11:05:17.073+0000] {dagbag.py:587} INFO - Filling up the DagBag from /home/airflow/.local/lib/python3.12/site-packages/airflow/example_dags/example_skip_dag.py
[2026-06-28T11:05:17.082+0000] {processor.py:925} INFO - DAG(s) 'example_skip_dag' retrieved from /home/airflow/.local/lib/python3.12/site-packages/airflow/example_dags/example_skip_dag.py
[2026-06-28T11:05:17.109+0000] {logging_mixin.py:190} INFO - [2026-06-28T11:05:17.109+0000] {dag.py:3211} INFO - Sync 1 DAGs
[2026-06-28T11:05:17.135+0000] {logging_mixin.py:190} INFO - [2026-06-28T11:05:17.135+0000] {dag.py:4138} INFO - Setting next_dagrun for example_skip_dag to 2026-06-27 00:00:00+00:00, run_after=2026-06-28 00:00:00+00:00
[2026-06-28T11:05:17.154+0000] {processor.py:208} INFO - Processing /home/airflow/.local/lib/python3.12/site-packages/airflow/example_dags/example_skip_dag.py took 0.091 seconds
[2026-06-28T11:05:47.701+0000] {processor.py:186} INFO - Started process (PID=564) to work on /home/airflow/.local/lib/python3.12/site-packages/airflow/example_dags/example_skip_dag.py
[2026-06-28T11:05:47.702+0000] {processor.py:914} INFO - Processing file /home/airflow/.local/lib/python3.12/site-packages/airflow/example_dags/example_skip_dag.py for tasks to queue
[2026-06-28T11:05:47.704+0000] {logging_mixin.py:190} INFO - [2026-06-28T11:05:47.704+0000] {dagbag.py:587} INFO - Filling up the DagBag from /home/airflow/.local/lib/python3.12/site-packages/airflow/example_dags/example_skip_dag.py
[2026-06-28T11:05:47.713+0000] {processor.py:925} INFO - DAG(s) 'example_skip_dag' retrieved from /home/airflow/.local/lib/python3.12/site-packages/airflow/example_dags/example_skip_dag.py
[2026-06-28T11:05:47.745+0000] {logging_mixin.py:190} INFO - [2026-06-28T11:05:47.744+0000] {dag.py:3211} INFO - Sync 1 DAGs
[2026-06-28T11:05:47.772+0000] {logging_mixin.py:190} INFO - [2026-06-28T11:05:47.772+0000] {dag.py:4138} INFO - Setting next_dagrun for example_skip_dag to 2026-06-27 00:00:00+00:00, run_after=2026-06-28 00:00:00+00:00
[2026-06-28T11:05:47.794+0000] {processor.py:208} INFO - Processing /home/airflow/.local/lib/python3.12/site-packages/airflow/example_dags/example_skip_dag.py took 0.104 seconds
[2026-06-28T11:06:18.486+0000] {processor.py:186} INFO - Started process (PID=626) to work on /home/airflow/.local/lib/python3.12/site-packages/airflow/example_dags/example_skip_dag.py
[2026-06-28T11:06:18.486+0000] {processor.py:914} INFO - Processing file /home/airflow/.local/lib/python3.12/site-packages/airflow/example_dags/example_skip_dag.py for tasks to queue
[2026-06-28T11:06:18.490+0000] {logging_mixin.py:190} INFO - [2026-06-28T11:06:18.490+0000] {dagbag.py:587} INFO - Filling up the DagBag from /home/airflow/.local/lib/python3.12/site-packages/airflow/example_dags/example_skip_dag.py
[2026-06-28T11:06:18.503+0000] {processor.py:925} INFO - DAG(s) 'example_skip_dag' retrieved from /home/airflow/.local/lib/python3.12/site-packages/airflow/example_dags/example_skip_dag.py
[2026-06-28T11:06:18.547+0000] {logging_mixin.py:190} INFO - [2026-06-28T11:06:18.547+0000] {dag.py:3211} INFO - Sync 1 DAGs
[2026-06-28T11:06:18.586+0000] {logging_mixin.py:190} INFO - [2026-06-28T11:06:18.585+0000] {dag.py:4138} INFO - Setting next_dagrun for example_skip_dag to 2026-06-27 00:00:00+00:00, run_after=2026-06-28 00:00:00+00:00
[2026-06-28T11:06:18.607+0000] {processor.py:208} INFO - Processing /home/airflow/.local/lib/python3.12/site-packages/airflow/example_dags/example_skip_dag.py took 0.129 seconds
[2026-06-28T11:06:49.605+0000] {processor.py:186} INFO - Started process (PID=688) to work on /home/airflow/.local/lib/python3.12/site-packages/airflow/example_dags/example_skip_dag.py
[2026-06-28T11:06:49.606+0000] {processor.py:914} INFO - Processing file /home/airflow/.local/lib/python3.12/site-packages/airflow/example_dags/example_skip_dag.py for tasks to queue
[2026-06-28T11:06:49.608+0000] {logging_mixin.py:190} INFO - [2026-06-28T11:06:49.608+0000] {dagbag.py:587} INFO - Filling up the DagBag from /home/airflow/.local/lib/python3.12/site-packages/airflow/example_dags/example_skip_dag.py
[2026-06-28T11:06:49.616+0000] {processor.py:925} INFO - DAG(s) 'example_skip_dag' retrieved from /home/airflow/.local/lib/python3.12/site-packages/airflow/example_dags/example_skip_dag.py
[2026-06-28T11:06:49.644+0000] {logging_mixin.py:190} INFO - [2026-06-28T11:06:49.644+0000] {dag.py:3211} INFO - Sync 1 DAGs
[2026-06-28T11:06:49.668+0000] {logging_mixin.py:190} INFO - [2026-06-28T11:06:49.668+0000] {dag.py:4138} INFO - Setting next_dagrun for example_skip_dag to 2026-06-27 00:00:00+00:00, run_after=2026-06-28 00:00:00+00:00
[2026-06-28T11:06:49.690+0000] {processor.py:208} INFO - Processing /home/airflow/.local/lib/python3.12/site-packages/airflow/example_dags/example_skip_dag.py took 0.092 seconds
[2026-06-28T11:07:20.147+0000] {processor.py:186} INFO - Started process (PID=750) to work on /home/airflow/.local/lib/python3.12/site-packages/airflow/example_dags/example_skip_dag.py
[2026-06-28T11:07:20.148+0000] {processor.py:914} INFO - Processing file /home/airflow/.local/lib/python3.12/site-packages/airflow/example_dags/example_skip_dag.py for tasks to queue
[2026-06-28T11:07:20.151+0000] {logging_mixin.py:190} INFO - [2026-06-28T11:07:20.150+0000] {dagbag.py:587} INFO - Filling up the DagBag from /home/airflow/.local/lib/python3.12/site-packages/airflow/example_dags/example_skip_dag.py
[2026-06-28T11:07:20.161+0000] {processor.py:925} INFO - DAG(s) 'example_skip_dag' retrieved from /home/airflow/.local/lib/python3.12/site-packages/airflow/example_dags/example_skip_dag.py
[2026-06-28T11:07:20.189+0000] {logging_mixin.py:190} INFO - [2026-06-28T11:07:20.189+0000] {dag.py:3211} INFO - Sync 1 DAGs
[2026-06-28T11:07:20.215+0000] {logging_mixin.py:190} INFO - [2026-06-28T11:07:20.215+0000] {dag.py:4138} INFO - Setting next_dagrun for example_skip_dag to 2026-06-27 00:00:00+00:00, run_after=2026-06-28 00:00:00+00:00
[2026-06-28T11:07:20.238+0000] {processor.py:208} INFO - Processing /home/airflow/.local/lib/python3.12/site-packages/airflow/example_dags/example_skip_dag.py took 0.098 seconds
[2026-06-28T11:07:50.371+0000] {processor.py:186} INFO - Started process (PID=812) to work on /home/airflow/.local/lib/python3.12/site-packages/airflow/example_dags/example_skip_dag.py
[2026-06-28T11:07:50.372+0000] {processor.py:914} INFO - Processing file /home/airflow/.local/lib/python3.12/site-packages/airflow/example_dags/example_skip_dag.py for tasks to queue
[2026-06-28T11:07:50.375+0000] {logging_mixin.py:190} INFO - [2026-06-28T11:07:50.374+0000] {dagbag.py:587} INFO - Filling up the DagBag from /home/airflow/.local/lib/python3.12/site-packages/airflow/example_dags/example_skip_dag.py
[2026-06-28T11:07:50.383+0000] {processor.py:925} INFO - DAG(s) 'example_skip_dag' retrieved from /home/airflow/.local/lib/python3.12/site-packages/airflow/example_dags/example_skip_dag.py
[2026-06-28T11:07:50.409+0000] {logging_mixin.py:190} INFO - [2026-06-28T11:07:50.408+0000] {dag.py:3211} INFO - Sync 1 DAGs
[2026-06-28T11:07:50.432+0000] {logging_mixin.py:190} INFO - [2026-06-28T11:07:50.432+0000] {dag.py:4138} INFO - Setting next_dagrun for example_skip_dag to 2026-06-27 00:00:00+00:00, run_after=2026-06-28 00:00:00+00:00
[2026-06-28T11:07:50.451+0000] {processor.py:208} INFO - Processing /home/airflow/.local/lib/python3.12/site-packages/airflow/example_dags/example_skip_dag.py took 0.085 seconds
[2026-06-28T11:08:20.567+0000] {processor.py:186} INFO - Started process (PID=874) to work on /home/airflow/.local/lib/python3.12/site-packages/airflow/example_dags/example_skip_dag.py
[2026-06-28T11:08:20.569+0000] {processor.py:914} INFO - Processing file /home/airflow/.local/lib/python3.12/site-packages/airflow/example_dags/example_skip_dag.py for tasks to queue
[2026-06-28T11:08:20.571+0000] {logging_mixin.py:190} INFO - [2026-06-28T11:08:20.570+0000] {dagbag.py:587} INFO - Filling up the DagBag from /home/airflow/.local/lib/python3.12/site-packages/airflow/example_dags/example_skip_dag.py
[2026-06-28T11:08:20.580+0000] {processor.py:925} INFO - DAG(s) 'example_skip_dag' retrieved from /home/airflow/.local/lib/python3.12/site-packages/airflow/example_dags/example_skip_dag.py
[2026-06-28T11:08:20.605+0000] {logging_mixin.py:190} INFO - [2026-06-28T11:08:20.605+0000] {dag.py:3211} INFO - Sync 1 DAGs
[2026-06-28T11:08:20.628+0000] {logging_mixin.py:190} INFO - [2026-06-28T11:08:20.627+0000] {dag.py:4138} INFO - Setting next_dagrun for example_skip_dag to 2026-06-27 00:00:00+00:00, run_after=2026-06-28 00:00:00+00:00
[2026-06-28T11:08:20.645+0000] {processor.py:208} INFO - Processing /home/airflow/.local/lib/python3.12/site-packages/airflow/example_dags/example_skip_dag.py took 0.084 seconds
