[2026-06-28T11:01:40.754+0000] {processor.py:186} INFO - Started process (PID=57) to work on /home/airflow/.local/lib/python3.12/site-packages/airflow/example_dags/example_sensor_decorator.py
[2026-06-28T11:01:40.755+0000] {processor.py:914} INFO - Processing file /home/airflow/.local/lib/python3.12/site-packages/airflow/example_dags/example_sensor_decorator.py for tasks to queue
[2026-06-28T11:01:40.757+0000] {logging_mixin.py:190} INFO - [2026-06-28T11:01:40.757+0000] {dagbag.py:587} INFO - Filling up the DagBag from /home/airflow/.local/lib/python3.12/site-packages/airflow/example_dags/example_sensor_decorator.py
[2026-06-28T11:01:40.766+0000] {processor.py:925} INFO - DAG(s) 'example_sensor_decorator' retrieved from /home/airflow/.local/lib/python3.12/site-packages/airflow/example_dags/example_sensor_decorator.py
[2026-06-28T11:01:40.870+0000] {logging_mixin.py:190} INFO - [2026-06-28T11:01:40.869+0000] {override.py:1858} INFO - Created Permission View: can edit on DAG:example_sensor_decorator
[2026-06-28T11:01:40.877+0000] {logging_mixin.py:190} INFO - [2026-06-28T11:01:40.876+0000] {override.py:1858} INFO - Created Permission View: can delete on DAG:example_sensor_decorator
[2026-06-28T11:01:40.881+0000] {logging_mixin.py:190} INFO - [2026-06-28T11:01:40.881+0000] {override.py:1858} INFO - Created Permission View: can read on DAG:example_sensor_decorator
[2026-06-28T11:01:40.881+0000] {logging_mixin.py:190} INFO - [2026-06-28T11:01:40.881+0000] {dag.py:3211} INFO - Sync 1 DAGs
[2026-06-28T11:01:40.892+0000] {logging_mixin.py:190} INFO - [2026-06-28T11:01:40.892+0000] {dag.py:3234} INFO - Creating ORM DAG for example_sensor_decorator
[2026-06-28T11:01:40.893+0000] {logging_mixin.py:190} INFO - [2026-06-28T11:01:40.893+0000] {dag.py:4138} INFO - Setting next_dagrun for example_sensor_decorator to None, run_after=None
[2026-06-28T11:01:40.912+0000] {processor.py:208} INFO - Processing /home/airflow/.local/lib/python3.12/site-packages/airflow/example_dags/example_sensor_decorator.py took 0.164 seconds
[2026-06-28T11:02:11.385+0000] {processor.py:186} INFO - Started process (PID=119) to work on /home/airflow/.local/lib/python3.12/site-packages/airflow/example_dags/example_sensor_decorator.py
[2026-06-28T11:02:11.386+0000] {processor.py:914} INFO - Processing file /home/airflow/.local/lib/python3.12/site-packages/airflow/example_dags/example_sensor_decorator.py for tasks to queue
[2026-06-28T11:02:11.388+0000] {logging_mixin.py:190} INFO - [2026-06-28T11:02:11.388+0000] {dagbag.py:587} INFO - Filling up the DagBag from /home/airflow/.local/lib/python3.12/site-packages/airflow/example_dags/example_sensor_decorator.py
[2026-06-28T11:02:11.396+0000] {processor.py:925} INFO - DAG(s) 'example_sensor_decorator' retrieved from /home/airflow/.local/lib/python3.12/site-packages/airflow/example_dags/example_sensor_decorator.py
[2026-06-28T11:02:11.417+0000] {logging_mixin.py:190} INFO - [2026-06-28T11:02:11.416+0000] {dag.py:3211} INFO - Sync 1 DAGs
[2026-06-28T11:02:11.428+0000] {logging_mixin.py:190} INFO - [2026-06-28T11:02:11.428+0000] {dag.py:4138} INFO - Setting next_dagrun for example_sensor_decorator to None, run_after=None
[2026-06-28T11:02:11.445+0000] {processor.py:208} INFO - Processing /home/airflow/.local/lib/python3.12/site-packages/airflow/example_dags/example_sensor_decorator.py took 0.065 seconds
[2026-06-28T11:02:42.154+0000] {processor.py:186} INFO - Started process (PID=181) to work on /home/airflow/.local/lib/python3.12/site-packages/airflow/example_dags/example_sensor_decorator.py
[2026-06-28T11:02:42.155+0000] {processor.py:914} INFO - Processing file /home/airflow/.local/lib/python3.12/site-packages/airflow/example_dags/example_sensor_decorator.py for tasks to queue
[2026-06-28T11:02:42.157+0000] {logging_mixin.py:190} INFO - [2026-06-28T11:02:42.157+0000] {dagbag.py:587} INFO - Filling up the DagBag from /home/airflow/.local/lib/python3.12/site-packages/airflow/example_dags/example_sensor_decorator.py
[2026-06-28T11:02:42.165+0000] {processor.py:925} INFO - DAG(s) 'example_sensor_decorator' retrieved from /home/airflow/.local/lib/python3.12/site-packages/airflow/example_dags/example_sensor_decorator.py
[2026-06-28T11:02:42.187+0000] {logging_mixin.py:190} INFO - [2026-06-28T11:02:42.187+0000] {dag.py:3211} INFO - Sync 1 DAGs
[2026-06-28T11:02:42.200+0000] {logging_mixin.py:190} INFO - [2026-06-28T11:02:42.200+0000] {dag.py:4138} INFO - Setting next_dagrun for example_sensor_decorator to None, run_after=None
[2026-06-28T11:02:42.217+0000] {processor.py:208} INFO - Processing /home/airflow/.local/lib/python3.12/site-packages/airflow/example_dags/example_sensor_decorator.py took 0.069 seconds
[2026-06-28T11:03:13.795+0000] {processor.py:186} INFO - Started process (PID=249) to work on /home/airflow/.local/lib/python3.12/site-packages/airflow/example_dags/example_sensor_decorator.py
[2026-06-28T11:03:13.797+0000] {processor.py:914} INFO - Processing file /home/airflow/.local/lib/python3.12/site-packages/airflow/example_dags/example_sensor_decorator.py for tasks to queue
[2026-06-28T11:03:13.800+0000] {logging_mixin.py:190} INFO - [2026-06-28T11:03:13.800+0000] {dagbag.py:587} INFO - Filling up the DagBag from /home/airflow/.local/lib/python3.12/site-packages/airflow/example_dags/example_sensor_decorator.py
[2026-06-28T11:03:13.813+0000] {processor.py:925} INFO - DAG(s) 'example_sensor_decorator' retrieved from /home/airflow/.local/lib/python3.12/site-packages/airflow/example_dags/example_sensor_decorator.py
[2026-06-28T11:03:13.873+0000] {logging_mixin.py:190} INFO - [2026-06-28T11:03:13.872+0000] {dag.py:3211} INFO - Sync 1 DAGs
[2026-06-28T11:03:13.908+0000] {logging_mixin.py:190} INFO - [2026-06-28T11:03:13.908+0000] {dag.py:4138} INFO - Setting next_dagrun for example_sensor_decorator to None, run_after=None
[2026-06-28T11:03:13.949+0000] {processor.py:208} INFO - Processing /home/airflow/.local/lib/python3.12/site-packages/airflow/example_dags/example_sensor_decorator.py took 0.163 seconds
[2026-06-28T11:03:44.743+0000] {processor.py:186} INFO - Started process (PID=311) to work on /home/airflow/.local/lib/python3.12/site-packages/airflow/example_dags/example_sensor_decorator.py
[2026-06-28T11:03:44.744+0000] {processor.py:914} INFO - Processing file /home/airflow/.local/lib/python3.12/site-packages/airflow/example_dags/example_sensor_decorator.py for tasks to queue
[2026-06-28T11:03:44.746+0000] {logging_mixin.py:190} INFO - [2026-06-28T11:03:44.746+0000] {dagbag.py:587} INFO - Filling up the DagBag from /home/airflow/.local/lib/python3.12/site-packages/airflow/example_dags/example_sensor_decorator.py
[2026-06-28T11:03:44.756+0000] {processor.py:925} INFO - DAG(s) 'example_sensor_decorator' retrieved from /home/airflow/.local/lib/python3.12/site-packages/airflow/example_dags/example_sensor_decorator.py
[2026-06-28T11:03:44.780+0000] {logging_mixin.py:190} INFO - [2026-06-28T11:03:44.780+0000] {dag.py:3211} INFO - Sync 1 DAGs
[2026-06-28T11:03:44.796+0000] {logging_mixin.py:190} INFO - [2026-06-28T11:03:44.796+0000] {dag.py:4138} INFO - Setting next_dagrun for example_sensor_decorator to None, run_after=None
[2026-06-28T11:03:44.816+0000] {processor.py:208} INFO - Processing /home/airflow/.local/lib/python3.12/site-packages/airflow/example_dags/example_sensor_decorator.py took 0.079 seconds
[2026-06-28T11:04:15.493+0000] {processor.py:186} INFO - Started process (PID=373) to work on /home/airflow/.local/lib/python3.12/site-packages/airflow/example_dags/example_sensor_decorator.py
[2026-06-28T11:04:15.494+0000] {processor.py:914} INFO - Processing file /home/airflow/.local/lib/python3.12/site-packages/airflow/example_dags/example_sensor_decorator.py for tasks to queue
[2026-06-28T11:04:15.497+0000] {logging_mixin.py:190} INFO - [2026-06-28T11:04:15.496+0000] {dagbag.py:587} INFO - Filling up the DagBag from /home/airflow/.local/lib/python3.12/site-packages/airflow/example_dags/example_sensor_decorator.py
[2026-06-28T11:04:15.506+0000] {processor.py:925} INFO - DAG(s) 'example_sensor_decorator' retrieved from /home/airflow/.local/lib/python3.12/site-packages/airflow/example_dags/example_sensor_decorator.py
[2026-06-28T11:04:15.533+0000] {logging_mixin.py:190} INFO - [2026-06-28T11:04:15.532+0000] {dag.py:3211} INFO - Sync 1 DAGs
[2026-06-28T11:04:15.551+0000] {logging_mixin.py:190} INFO - [2026-06-28T11:04:15.550+0000] {dag.py:4138} INFO - Setting next_dagrun for example_sensor_decorator to None, run_after=None
[2026-06-28T11:04:15.573+0000] {processor.py:208} INFO - Processing /home/airflow/.local/lib/python3.12/site-packages/airflow/example_dags/example_sensor_decorator.py took 0.087 seconds
[2026-06-28T11:04:45.778+0000] {processor.py:186} INFO - Started process (PID=435) to work on /home/airflow/.local/lib/python3.12/site-packages/airflow/example_dags/example_sensor_decorator.py
[2026-06-28T11:04:45.780+0000] {processor.py:914} INFO - Processing file /home/airflow/.local/lib/python3.12/site-packages/airflow/example_dags/example_sensor_decorator.py for tasks to queue
[2026-06-28T11:04:45.783+0000] {logging_mixin.py:190} INFO - [2026-06-28T11:04:45.782+0000] {dagbag.py:587} INFO - Filling up the DagBag from /home/airflow/.local/lib/python3.12/site-packages/airflow/example_dags/example_sensor_decorator.py
[2026-06-28T11:04:45.791+0000] {processor.py:925} INFO - DAG(s) 'example_sensor_decorator' retrieved from /home/airflow/.local/lib/python3.12/site-packages/airflow/example_dags/example_sensor_decorator.py
[2026-06-28T11:04:45.817+0000] {logging_mixin.py:190} INFO - [2026-06-28T11:04:45.817+0000] {dag.py:3211} INFO - Sync 1 DAGs
[2026-06-28T11:04:45.835+0000] {logging_mixin.py:190} INFO - [2026-06-28T11:04:45.834+0000] {dag.py:4138} INFO - Setting next_dagrun for example_sensor_decorator to None, run_after=None
[2026-06-28T11:04:45.857+0000] {processor.py:208} INFO - Processing /home/airflow/.local/lib/python3.12/site-packages/airflow/example_dags/example_sensor_decorator.py took 0.085 seconds
[2026-06-28T11:05:16.720+0000] {processor.py:186} INFO - Started process (PID=497) to work on /home/airflow/.local/lib/python3.12/site-packages/airflow/example_dags/example_sensor_decorator.py
[2026-06-28T11:05:16.722+0000] {processor.py:914} INFO - Processing file /home/airflow/.local/lib/python3.12/site-packages/airflow/example_dags/example_sensor_decorator.py for tasks to queue
[2026-06-28T11:05:16.724+0000] {logging_mixin.py:190} INFO - [2026-06-28T11:05:16.724+0000] {dagbag.py:587} INFO - Filling up the DagBag from /home/airflow/.local/lib/python3.12/site-packages/airflow/example_dags/example_sensor_decorator.py
[2026-06-28T11:05:16.732+0000] {processor.py:925} INFO - DAG(s) 'example_sensor_decorator' retrieved from /home/airflow/.local/lib/python3.12/site-packages/airflow/example_dags/example_sensor_decorator.py
[2026-06-28T11:05:16.759+0000] {logging_mixin.py:190} INFO - [2026-06-28T11:05:16.759+0000] {dag.py:3211} INFO - Sync 1 DAGs
[2026-06-28T11:05:16.776+0000] {logging_mixin.py:190} INFO - [2026-06-28T11:05:16.775+0000] {dag.py:4138} INFO - Setting next_dagrun for example_sensor_decorator to None, run_after=None
[2026-06-28T11:05:16.797+0000] {processor.py:208} INFO - Processing /home/airflow/.local/lib/python3.12/site-packages/airflow/example_dags/example_sensor_decorator.py took 0.082 seconds
[2026-06-28T11:05:47.292+0000] {processor.py:186} INFO - Started process (PID=558) to work on /home/airflow/.local/lib/python3.12/site-packages/airflow/example_dags/example_sensor_decorator.py
[2026-06-28T11:05:47.293+0000] {processor.py:914} INFO - Processing file /home/airflow/.local/lib/python3.12/site-packages/airflow/example_dags/example_sensor_decorator.py for tasks to queue
[2026-06-28T11:05:47.295+0000] {logging_mixin.py:190} INFO - [2026-06-28T11:05:47.295+0000] {dagbag.py:587} INFO - Filling up the DagBag from /home/airflow/.local/lib/python3.12/site-packages/airflow/example_dags/example_sensor_decorator.py
[2026-06-28T11:05:47.305+0000] {processor.py:925} INFO - DAG(s) 'example_sensor_decorator' retrieved from /home/airflow/.local/lib/python3.12/site-packages/airflow/example_dags/example_sensor_decorator.py
[2026-06-28T11:05:47.334+0000] {logging_mixin.py:190} INFO - [2026-06-28T11:05:47.334+0000] {dag.py:3211} INFO - Sync 1 DAGs
[2026-06-28T11:05:47.352+0000] {logging_mixin.py:190} INFO - [2026-06-28T11:05:47.352+0000] {dag.py:4138} INFO - Setting next_dagrun for example_sensor_decorator to None, run_after=None
[2026-06-28T11:05:47.378+0000] {processor.py:208} INFO - Processing /home/airflow/.local/lib/python3.12/site-packages/airflow/example_dags/example_sensor_decorator.py took 0.093 seconds
[2026-06-28T11:06:17.966+0000] {processor.py:186} INFO - Started process (PID=620) to work on /home/airflow/.local/lib/python3.12/site-packages/airflow/example_dags/example_sensor_decorator.py
[2026-06-28T11:06:17.967+0000] {processor.py:914} INFO - Processing file /home/airflow/.local/lib/python3.12/site-packages/airflow/example_dags/example_sensor_decorator.py for tasks to queue
[2026-06-28T11:06:17.970+0000] {logging_mixin.py:190} INFO - [2026-06-28T11:06:17.970+0000] {dagbag.py:587} INFO - Filling up the DagBag from /home/airflow/.local/lib/python3.12/site-packages/airflow/example_dags/example_sensor_decorator.py
[2026-06-28T11:06:17.981+0000] {processor.py:925} INFO - DAG(s) 'example_sensor_decorator' retrieved from /home/airflow/.local/lib/python3.12/site-packages/airflow/example_dags/example_sensor_decorator.py
[2026-06-28T11:06:18.013+0000] {logging_mixin.py:190} INFO - [2026-06-28T11:06:18.012+0000] {dag.py:3211} INFO - Sync 1 DAGs
[2026-06-28T11:06:18.032+0000] {logging_mixin.py:190} INFO - [2026-06-28T11:06:18.031+0000] {dag.py:4138} INFO - Setting next_dagrun for example_sensor_decorator to None, run_after=None
[2026-06-28T11:06:18.057+0000] {processor.py:208} INFO - Processing /home/airflow/.local/lib/python3.12/site-packages/airflow/example_dags/example_sensor_decorator.py took 0.098 seconds
[2026-06-28T11:06:49.124+0000] {processor.py:186} INFO - Started process (PID=682) to work on /home/airflow/.local/lib/python3.12/site-packages/airflow/example_dags/example_sensor_decorator.py
[2026-06-28T11:06:49.125+0000] {processor.py:914} INFO - Processing file /home/airflow/.local/lib/python3.12/site-packages/airflow/example_dags/example_sensor_decorator.py for tasks to queue
[2026-06-28T11:06:49.127+0000] {logging_mixin.py:190} INFO - [2026-06-28T11:06:49.127+0000] {dagbag.py:587} INFO - Filling up the DagBag from /home/airflow/.local/lib/python3.12/site-packages/airflow/example_dags/example_sensor_decorator.py
[2026-06-28T11:06:49.135+0000] {processor.py:925} INFO - DAG(s) 'example_sensor_decorator' retrieved from /home/airflow/.local/lib/python3.12/site-packages/airflow/example_dags/example_sensor_decorator.py
[2026-06-28T11:06:49.159+0000] {logging_mixin.py:190} INFO - [2026-06-28T11:06:49.159+0000] {dag.py:3211} INFO - Sync 1 DAGs
[2026-06-28T11:06:49.175+0000] {logging_mixin.py:190} INFO - [2026-06-28T11:06:49.174+0000] {dag.py:4138} INFO - Setting next_dagrun for example_sensor_decorator to None, run_after=None
[2026-06-28T11:06:49.194+0000] {processor.py:208} INFO - Processing /home/airflow/.local/lib/python3.12/site-packages/airflow/example_dags/example_sensor_decorator.py took 0.075 seconds
[2026-06-28T11:07:19.674+0000] {processor.py:186} INFO - Started process (PID=744) to work on /home/airflow/.local/lib/python3.12/site-packages/airflow/example_dags/example_sensor_decorator.py
[2026-06-28T11:07:19.675+0000] {processor.py:914} INFO - Processing file /home/airflow/.local/lib/python3.12/site-packages/airflow/example_dags/example_sensor_decorator.py for tasks to queue
[2026-06-28T11:07:19.679+0000] {logging_mixin.py:190} INFO - [2026-06-28T11:07:19.678+0000] {dagbag.py:587} INFO - Filling up the DagBag from /home/airflow/.local/lib/python3.12/site-packages/airflow/example_dags/example_sensor_decorator.py
[2026-06-28T11:07:19.692+0000] {processor.py:925} INFO - DAG(s) 'example_sensor_decorator' retrieved from /home/airflow/.local/lib/python3.12/site-packages/airflow/example_dags/example_sensor_decorator.py
[2026-06-28T11:07:19.738+0000] {logging_mixin.py:190} INFO - [2026-06-28T11:07:19.738+0000] {dag.py:3211} INFO - Sync 1 DAGs
[2026-06-28T11:07:19.767+0000] {logging_mixin.py:190} INFO - [2026-06-28T11:07:19.766+0000] {dag.py:4138} INFO - Setting next_dagrun for example_sensor_decorator to None, run_after=None
[2026-06-28T11:07:19.799+0000] {processor.py:208} INFO - Processing /home/airflow/.local/lib/python3.12/site-packages/airflow/example_dags/example_sensor_decorator.py took 0.135 seconds
[2026-06-28T11:07:49.888+0000] {processor.py:186} INFO - Started process (PID=806) to work on /home/airflow/.local/lib/python3.12/site-packages/airflow/example_dags/example_sensor_decorator.py
[2026-06-28T11:07:49.889+0000] {processor.py:914} INFO - Processing file /home/airflow/.local/lib/python3.12/site-packages/airflow/example_dags/example_sensor_decorator.py for tasks to queue
[2026-06-28T11:07:49.891+0000] {logging_mixin.py:190} INFO - [2026-06-28T11:07:49.891+0000] {dagbag.py:587} INFO - Filling up the DagBag from /home/airflow/.local/lib/python3.12/site-packages/airflow/example_dags/example_sensor_decorator.py
[2026-06-28T11:07:49.900+0000] {processor.py:925} INFO - DAG(s) 'example_sensor_decorator' retrieved from /home/airflow/.local/lib/python3.12/site-packages/airflow/example_dags/example_sensor_decorator.py
[2026-06-28T11:07:49.927+0000] {logging_mixin.py:190} INFO - [2026-06-28T11:07:49.927+0000] {dag.py:3211} INFO - Sync 1 DAGs
[2026-06-28T11:07:49.946+0000] {logging_mixin.py:190} INFO - [2026-06-28T11:07:49.946+0000] {dag.py:4138} INFO - Setting next_dagrun for example_sensor_decorator to None, run_after=None
[2026-06-28T11:07:49.971+0000] {processor.py:208} INFO - Processing /home/airflow/.local/lib/python3.12/site-packages/airflow/example_dags/example_sensor_decorator.py took 0.090 seconds
[2026-06-28T11:08:20.230+0000] {processor.py:186} INFO - Started process (PID=868) to work on /home/airflow/.local/lib/python3.12/site-packages/airflow/example_dags/example_sensor_decorator.py
[2026-06-28T11:08:20.231+0000] {processor.py:914} INFO - Processing file /home/airflow/.local/lib/python3.12/site-packages/airflow/example_dags/example_sensor_decorator.py for tasks to queue
[2026-06-28T11:08:20.233+0000] {logging_mixin.py:190} INFO - [2026-06-28T11:08:20.232+0000] {dagbag.py:587} INFO - Filling up the DagBag from /home/airflow/.local/lib/python3.12/site-packages/airflow/example_dags/example_sensor_decorator.py
[2026-06-28T11:08:20.241+0000] {processor.py:925} INFO - DAG(s) 'example_sensor_decorator' retrieved from /home/airflow/.local/lib/python3.12/site-packages/airflow/example_dags/example_sensor_decorator.py
[2026-06-28T11:08:20.265+0000] {logging_mixin.py:190} INFO - [2026-06-28T11:08:20.265+0000] {dag.py:3211} INFO - Sync 1 DAGs
[2026-06-28T11:08:20.280+0000] {logging_mixin.py:190} INFO - [2026-06-28T11:08:20.279+0000] {dag.py:4138} INFO - Setting next_dagrun for example_sensor_decorator to None, run_after=None
[2026-06-28T11:08:20.302+0000] {processor.py:208} INFO - Processing /home/airflow/.local/lib/python3.12/site-packages/airflow/example_dags/example_sensor_decorator.py took 0.078 seconds
