[2026-06-28T11:01:34.632+0000] {processor.py:186} INFO - Started process (PID=30) to work on /home/airflow/.local/lib/python3.12/site-packages/airflow/example_dags/example_branch_datetime_operator.py
[2026-06-28T11:01:34.633+0000] {processor.py:914} INFO - Processing file /home/airflow/.local/lib/python3.12/site-packages/airflow/example_dags/example_branch_datetime_operator.py for tasks to queue
[2026-06-28T11:01:34.635+0000] {logging_mixin.py:190} INFO - [2026-06-28T11:01:34.635+0000] {dagbag.py:587} INFO - Filling up the DagBag from /home/airflow/.local/lib/python3.12/site-packages/airflow/example_dags/example_branch_datetime_operator.py
[2026-06-28T11:01:34.648+0000] {processor.py:925} INFO - DAG(s) 'example_branch_datetime_operator', 'example_branch_datetime_operator_3', 'example_branch_datetime_operator_2' retrieved from /home/airflow/.local/lib/python3.12/site-packages/airflow/example_dags/example_branch_datetime_operator.py
[2026-06-28T11:01:34.758+0000] {logging_mixin.py:190} INFO - [2026-06-28T11:01:34.757+0000] {override.py:1858} INFO - Created Permission View: can edit on DAG:example_branch_datetime_operator
[2026-06-28T11:01:34.766+0000] {logging_mixin.py:190} INFO - [2026-06-28T11:01:34.765+0000] {override.py:1858} INFO - Created Permission View: can delete on DAG:example_branch_datetime_operator
[2026-06-28T11:01:34.770+0000] {logging_mixin.py:190} INFO - [2026-06-28T11:01:34.770+0000] {override.py:1858} INFO - Created Permission View: can read on DAG:example_branch_datetime_operator
[2026-06-28T11:01:34.781+0000] {logging_mixin.py:190} INFO - [2026-06-28T11:01:34.781+0000] {override.py:1858} INFO - Created Permission View: can edit on DAG:example_branch_datetime_operator_3
[2026-06-28T11:01:34.787+0000] {logging_mixin.py:190} INFO - [2026-06-28T11:01:34.786+0000] {override.py:1858} INFO - Created Permission View: can delete on DAG:example_branch_datetime_operator_3
[2026-06-28T11:01:34.791+0000] {logging_mixin.py:190} INFO - [2026-06-28T11:01:34.791+0000] {override.py:1858} INFO - Created Permission View: can read on DAG:example_branch_datetime_operator_3
[2026-06-28T11:01:34.802+0000] {logging_mixin.py:190} INFO - [2026-06-28T11:01:34.801+0000] {override.py:1858} INFO - Created Permission View: can edit on DAG:example_branch_datetime_operator_2
[2026-06-28T11:01:34.807+0000] {logging_mixin.py:190} INFO - [2026-06-28T11:01:34.806+0000] {override.py:1858} INFO - Created Permission View: can delete on DAG:example_branch_datetime_operator_2
[2026-06-28T11:01:34.811+0000] {logging_mixin.py:190} INFO - [2026-06-28T11:01:34.811+0000] {override.py:1858} INFO - Created Permission View: can read on DAG:example_branch_datetime_operator_2
[2026-06-28T11:01:34.812+0000] {logging_mixin.py:190} INFO - [2026-06-28T11:01:34.812+0000] {dag.py:3211} INFO - Sync 3 DAGs
[2026-06-28T11:01:34.823+0000] {logging_mixin.py:190} INFO - [2026-06-28T11:01:34.823+0000] {dag.py:3234} INFO - Creating ORM DAG for example_branch_datetime_operator_3
[2026-06-28T11:01:34.824+0000] {logging_mixin.py:190} INFO - [2026-06-28T11:01:34.824+0000] {dag.py:3234} INFO - Creating ORM DAG for example_branch_datetime_operator_2
[2026-06-28T11:01:34.825+0000] {logging_mixin.py:190} INFO - [2026-06-28T11:01:34.825+0000] {dag.py:3234} INFO - Creating ORM DAG for example_branch_datetime_operator
[2026-06-28T11:01:34.836+0000] {logging_mixin.py:190} INFO - [2026-06-28T11:01:34.836+0000] {dag.py:4138} INFO - Setting next_dagrun for example_branch_datetime_operator to 2026-06-27 00:00:00+00:00, run_after=2026-06-28 00:00:00+00:00
[2026-06-28T11:01:34.838+0000] {logging_mixin.py:190} INFO - [2026-06-28T11:01:34.838+0000] {dag.py:4138} INFO - Setting next_dagrun for example_branch_datetime_operator_2 to 2026-06-27 00:00:00+00:00, run_after=2026-06-28 00:00:00+00:00
[2026-06-28T11:01:34.839+0000] {logging_mixin.py:190} INFO - [2026-06-28T11:01:34.839+0000] {dag.py:4138} INFO - Setting next_dagrun for example_branch_datetime_operator_3 to 2026-06-27 00:00:00+00:00, run_after=2026-06-28 00:00:00+00:00
[2026-06-28T11:01:34.855+0000] {processor.py:208} INFO - Processing /home/airflow/.local/lib/python3.12/site-packages/airflow/example_dags/example_branch_datetime_operator.py took 0.235 seconds
[2026-06-28T11:02:05.350+0000] {processor.py:186} INFO - Started process (PID=92) to work on /home/airflow/.local/lib/python3.12/site-packages/airflow/example_dags/example_branch_datetime_operator.py
[2026-06-28T11:02:05.351+0000] {processor.py:914} INFO - Processing file /home/airflow/.local/lib/python3.12/site-packages/airflow/example_dags/example_branch_datetime_operator.py for tasks to queue
[2026-06-28T11:02:05.353+0000] {logging_mixin.py:190} INFO - [2026-06-28T11:02:05.353+0000] {dagbag.py:587} INFO - Filling up the DagBag from /home/airflow/.local/lib/python3.12/site-packages/airflow/example_dags/example_branch_datetime_operator.py
[2026-06-28T11:02:05.366+0000] {processor.py:925} INFO - DAG(s) 'example_branch_datetime_operator', 'example_branch_datetime_operator_2', 'example_branch_datetime_operator_3' retrieved from /home/airflow/.local/lib/python3.12/site-packages/airflow/example_dags/example_branch_datetime_operator.py
[2026-06-28T11:02:05.402+0000] {logging_mixin.py:190} INFO - [2026-06-28T11:02:05.402+0000] {dag.py:3211} INFO - Sync 3 DAGs
[2026-06-28T11:02:05.425+0000] {logging_mixin.py:190} INFO - [2026-06-28T11:02:05.424+0000] {dag.py:4138} INFO - Setting next_dagrun for example_branch_datetime_operator to 2026-06-27 00:00:00+00:00, run_after=2026-06-28 00:00:00+00:00
[2026-06-28T11:02:05.430+0000] {logging_mixin.py:190} INFO - [2026-06-28T11:02:05.429+0000] {dag.py:4138} INFO - Setting next_dagrun for example_branch_datetime_operator_2 to 2026-06-27 00:00:00+00:00, run_after=2026-06-28 00:00:00+00:00
[2026-06-28T11:02:05.432+0000] {logging_mixin.py:190} INFO - [2026-06-28T11:02:05.432+0000] {dag.py:4138} INFO - Setting next_dagrun for example_branch_datetime_operator_3 to 2026-06-27 00:00:00+00:00, run_after=2026-06-28 00:00:00+00:00
[2026-06-28T11:02:05.446+0000] {processor.py:208} INFO - Processing /home/airflow/.local/lib/python3.12/site-packages/airflow/example_dags/example_branch_datetime_operator.py took 0.101 seconds
[2026-06-28T11:02:36.039+0000] {processor.py:186} INFO - Started process (PID=154) to work on /home/airflow/.local/lib/python3.12/site-packages/airflow/example_dags/example_branch_datetime_operator.py
[2026-06-28T11:02:36.040+0000] {processor.py:914} INFO - Processing file /home/airflow/.local/lib/python3.12/site-packages/airflow/example_dags/example_branch_datetime_operator.py for tasks to queue
[2026-06-28T11:02:36.042+0000] {logging_mixin.py:190} INFO - [2026-06-28T11:02:36.042+0000] {dagbag.py:587} INFO - Filling up the DagBag from /home/airflow/.local/lib/python3.12/site-packages/airflow/example_dags/example_branch_datetime_operator.py
[2026-06-28T11:02:36.052+0000] {processor.py:925} INFO - DAG(s) 'example_branch_datetime_operator_3', 'example_branch_datetime_operator_2', 'example_branch_datetime_operator' retrieved from /home/airflow/.local/lib/python3.12/site-packages/airflow/example_dags/example_branch_datetime_operator.py
[2026-06-28T11:02:36.079+0000] {logging_mixin.py:190} INFO - [2026-06-28T11:02:36.079+0000] {dag.py:3211} INFO - Sync 3 DAGs
[2026-06-28T11:02:36.101+0000] {logging_mixin.py:190} INFO - [2026-06-28T11:02:36.100+0000] {dag.py:4138} INFO - Setting next_dagrun for example_branch_datetime_operator to 2026-06-27 00:00:00+00:00, run_after=2026-06-28 00:00:00+00:00
[2026-06-28T11:02:36.105+0000] {logging_mixin.py:190} INFO - [2026-06-28T11:02:36.105+0000] {dag.py:4138} INFO - Setting next_dagrun for example_branch_datetime_operator_2 to 2026-06-27 00:00:00+00:00, run_after=2026-06-28 00:00:00+00:00
[2026-06-28T11:02:36.107+0000] {logging_mixin.py:190} INFO - [2026-06-28T11:02:36.107+0000] {dag.py:4138} INFO - Setting next_dagrun for example_branch_datetime_operator_3 to 2026-06-27 00:00:00+00:00, run_after=2026-06-28 00:00:00+00:00
[2026-06-28T11:02:36.122+0000] {processor.py:208} INFO - Processing /home/airflow/.local/lib/python3.12/site-packages/airflow/example_dags/example_branch_datetime_operator.py took 0.088 seconds
[2026-06-28T11:03:06.905+0000] {processor.py:186} INFO - Started process (PID=216) to work on /home/airflow/.local/lib/python3.12/site-packages/airflow/example_dags/example_branch_datetime_operator.py
[2026-06-28T11:03:06.906+0000] {processor.py:914} INFO - Processing file /home/airflow/.local/lib/python3.12/site-packages/airflow/example_dags/example_branch_datetime_operator.py for tasks to queue
[2026-06-28T11:03:06.908+0000] {logging_mixin.py:190} INFO - [2026-06-28T11:03:06.908+0000] {dagbag.py:587} INFO - Filling up the DagBag from /home/airflow/.local/lib/python3.12/site-packages/airflow/example_dags/example_branch_datetime_operator.py
[2026-06-28T11:03:06.918+0000] {processor.py:925} INFO - DAG(s) 'example_branch_datetime_operator', 'example_branch_datetime_operator_2', 'example_branch_datetime_operator_3' retrieved from /home/airflow/.local/lib/python3.12/site-packages/airflow/example_dags/example_branch_datetime_operator.py
[2026-06-28T11:03:06.944+0000] {logging_mixin.py:190} INFO - [2026-06-28T11:03:06.944+0000] {dag.py:3211} INFO - Sync 3 DAGs
[2026-06-28T11:03:06.964+0000] {logging_mixin.py:190} INFO - [2026-06-28T11:03:06.964+0000] {dag.py:4138} INFO - Setting next_dagrun for example_branch_datetime_operator to 2026-06-27 00:00:00+00:00, run_after=2026-06-28 00:00:00+00:00
[2026-06-28T11:03:06.968+0000] {logging_mixin.py:190} INFO - [2026-06-28T11:03:06.968+0000] {dag.py:4138} INFO - Setting next_dagrun for example_branch_datetime_operator_2 to 2026-06-27 00:00:00+00:00, run_after=2026-06-28 00:00:00+00:00
[2026-06-28T11:03:06.969+0000] {logging_mixin.py:190} INFO - [2026-06-28T11:03:06.969+0000] {dag.py:4138} INFO - Setting next_dagrun for example_branch_datetime_operator_3 to 2026-06-27 00:00:00+00:00, run_after=2026-06-28 00:00:00+00:00
[2026-06-28T11:03:06.981+0000] {processor.py:208} INFO - Processing /home/airflow/.local/lib/python3.12/site-packages/airflow/example_dags/example_branch_datetime_operator.py took 0.080 seconds
[2026-06-28T11:03:37.412+0000] {processor.py:186} INFO - Started process (PID=278) to work on /home/airflow/.local/lib/python3.12/site-packages/airflow/example_dags/example_branch_datetime_operator.py
[2026-06-28T11:03:37.413+0000] {processor.py:914} INFO - Processing file /home/airflow/.local/lib/python3.12/site-packages/airflow/example_dags/example_branch_datetime_operator.py for tasks to queue
[2026-06-28T11:03:37.416+0000] {logging_mixin.py:190} INFO - [2026-06-28T11:03:37.415+0000] {dagbag.py:587} INFO - Filling up the DagBag from /home/airflow/.local/lib/python3.12/site-packages/airflow/example_dags/example_branch_datetime_operator.py
[2026-06-28T11:03:37.429+0000] {processor.py:925} INFO - DAG(s) 'example_branch_datetime_operator_3', 'example_branch_datetime_operator_2', 'example_branch_datetime_operator' retrieved from /home/airflow/.local/lib/python3.12/site-packages/airflow/example_dags/example_branch_datetime_operator.py
[2026-06-28T11:03:37.464+0000] {logging_mixin.py:190} INFO - [2026-06-28T11:03:37.464+0000] {dag.py:3211} INFO - Sync 3 DAGs
[2026-06-28T11:03:37.495+0000] {logging_mixin.py:190} INFO - [2026-06-28T11:03:37.495+0000] {dag.py:4138} INFO - Setting next_dagrun for example_branch_datetime_operator to 2026-06-27 00:00:00+00:00, run_after=2026-06-28 00:00:00+00:00
[2026-06-28T11:03:37.502+0000] {logging_mixin.py:190} INFO - [2026-06-28T11:03:37.501+0000] {dag.py:4138} INFO - Setting next_dagrun for example_branch_datetime_operator_2 to 2026-06-27 00:00:00+00:00, run_after=2026-06-28 00:00:00+00:00
[2026-06-28T11:03:37.505+0000] {logging_mixin.py:190} INFO - [2026-06-28T11:03:37.504+0000] {dag.py:4138} INFO - Setting next_dagrun for example_branch_datetime_operator_3 to 2026-06-27 00:00:00+00:00, run_after=2026-06-28 00:00:00+00:00
[2026-06-28T11:03:37.530+0000] {processor.py:208} INFO - Processing /home/airflow/.local/lib/python3.12/site-packages/airflow/example_dags/example_branch_datetime_operator.py took 0.124 seconds
[2026-06-28T11:04:07.830+0000] {processor.py:186} INFO - Started process (PID=340) to work on /home/airflow/.local/lib/python3.12/site-packages/airflow/example_dags/example_branch_datetime_operator.py
[2026-06-28T11:04:07.831+0000] {processor.py:914} INFO - Processing file /home/airflow/.local/lib/python3.12/site-packages/airflow/example_dags/example_branch_datetime_operator.py for tasks to queue
[2026-06-28T11:04:07.834+0000] {logging_mixin.py:190} INFO - [2026-06-28T11:04:07.833+0000] {dagbag.py:587} INFO - Filling up the DagBag from /home/airflow/.local/lib/python3.12/site-packages/airflow/example_dags/example_branch_datetime_operator.py
[2026-06-28T11:04:07.847+0000] {processor.py:925} INFO - DAG(s) 'example_branch_datetime_operator', 'example_branch_datetime_operator_3', 'example_branch_datetime_operator_2' retrieved from /home/airflow/.local/lib/python3.12/site-packages/airflow/example_dags/example_branch_datetime_operator.py
[2026-06-28T11:04:07.883+0000] {logging_mixin.py:190} INFO - [2026-06-28T11:04:07.883+0000] {dag.py:3211} INFO - Sync 3 DAGs
[2026-06-28T11:04:07.914+0000] {logging_mixin.py:190} INFO - [2026-06-28T11:04:07.914+0000] {dag.py:4138} INFO - Setting next_dagrun for example_branch_datetime_operator to 2026-06-27 00:00:00+00:00, run_after=2026-06-28 00:00:00+00:00
[2026-06-28T11:04:07.920+0000] {logging_mixin.py:190} INFO - [2026-06-28T11:04:07.920+0000] {dag.py:4138} INFO - Setting next_dagrun for example_branch_datetime_operator_2 to 2026-06-27 00:00:00+00:00, run_after=2026-06-28 00:00:00+00:00
[2026-06-28T11:04:07.922+0000] {logging_mixin.py:190} INFO - [2026-06-28T11:04:07.922+0000] {dag.py:4138} INFO - Setting next_dagrun for example_branch_datetime_operator_3 to 2026-06-27 00:00:00+00:00, run_after=2026-06-28 00:00:00+00:00
[2026-06-28T11:04:07.942+0000] {processor.py:208} INFO - Processing /home/airflow/.local/lib/python3.12/site-packages/airflow/example_dags/example_branch_datetime_operator.py took 0.120 seconds
[2026-06-28T11:04:38.623+0000] {processor.py:186} INFO - Started process (PID=402) to work on /home/airflow/.local/lib/python3.12/site-packages/airflow/example_dags/example_branch_datetime_operator.py
[2026-06-28T11:04:38.634+0000] {processor.py:914} INFO - Processing file /home/airflow/.local/lib/python3.12/site-packages/airflow/example_dags/example_branch_datetime_operator.py for tasks to queue
[2026-06-28T11:04:38.637+0000] {logging_mixin.py:190} INFO - [2026-06-28T11:04:38.637+0000] {dagbag.py:587} INFO - Filling up the DagBag from /home/airflow/.local/lib/python3.12/site-packages/airflow/example_dags/example_branch_datetime_operator.py
[2026-06-28T11:04:38.693+0000] {processor.py:925} INFO - DAG(s) 'example_branch_datetime_operator', 'example_branch_datetime_operator_2', 'example_branch_datetime_operator_3' retrieved from /home/airflow/.local/lib/python3.12/site-packages/airflow/example_dags/example_branch_datetime_operator.py
[2026-06-28T11:04:38.734+0000] {logging_mixin.py:190} INFO - [2026-06-28T11:04:38.734+0000] {dag.py:3211} INFO - Sync 3 DAGs
[2026-06-28T11:04:38.770+0000] {logging_mixin.py:190} INFO - [2026-06-28T11:04:38.770+0000] {dag.py:4138} INFO - Setting next_dagrun for example_branch_datetime_operator to 2026-06-27 00:00:00+00:00, run_after=2026-06-28 00:00:00+00:00
[2026-06-28T11:04:38.777+0000] {logging_mixin.py:190} INFO - [2026-06-28T11:04:38.776+0000] {dag.py:4138} INFO - Setting next_dagrun for example_branch_datetime_operator_2 to 2026-06-27 00:00:00+00:00, run_after=2026-06-28 00:00:00+00:00
[2026-06-28T11:04:38.780+0000] {logging_mixin.py:190} INFO - [2026-06-28T11:04:38.780+0000] {dag.py:4138} INFO - Setting next_dagrun for example_branch_datetime_operator_3 to 2026-06-27 00:00:00+00:00, run_after=2026-06-28 00:00:00+00:00
[2026-06-28T11:04:38.804+0000] {processor.py:208} INFO - Processing /home/airflow/.local/lib/python3.12/site-packages/airflow/example_dags/example_branch_datetime_operator.py took 0.202 seconds
[2026-06-28T11:05:09.677+0000] {processor.py:186} INFO - Started process (PID=464) to work on /home/airflow/.local/lib/python3.12/site-packages/airflow/example_dags/example_branch_datetime_operator.py
[2026-06-28T11:05:09.678+0000] {processor.py:914} INFO - Processing file /home/airflow/.local/lib/python3.12/site-packages/airflow/example_dags/example_branch_datetime_operator.py for tasks to queue
[2026-06-28T11:05:09.680+0000] {logging_mixin.py:190} INFO - [2026-06-28T11:05:09.680+0000] {dagbag.py:587} INFO - Filling up the DagBag from /home/airflow/.local/lib/python3.12/site-packages/airflow/example_dags/example_branch_datetime_operator.py
[2026-06-28T11:05:09.694+0000] {processor.py:925} INFO - DAG(s) 'example_branch_datetime_operator_3', 'example_branch_datetime_operator', 'example_branch_datetime_operator_2' retrieved from /home/airflow/.local/lib/python3.12/site-packages/airflow/example_dags/example_branch_datetime_operator.py
[2026-06-28T11:05:09.726+0000] {logging_mixin.py:190} INFO - [2026-06-28T11:05:09.726+0000] {dag.py:3211} INFO - Sync 3 DAGs
[2026-06-28T11:05:09.756+0000] {logging_mixin.py:190} INFO - [2026-06-28T11:05:09.755+0000] {dag.py:4138} INFO - Setting next_dagrun for example_branch_datetime_operator to 2026-06-27 00:00:00+00:00, run_after=2026-06-28 00:00:00+00:00
[2026-06-28T11:05:09.761+0000] {logging_mixin.py:190} INFO - [2026-06-28T11:05:09.761+0000] {dag.py:4138} INFO - Setting next_dagrun for example_branch_datetime_operator_2 to 2026-06-27 00:00:00+00:00, run_after=2026-06-28 00:00:00+00:00
[2026-06-28T11:05:09.764+0000] {logging_mixin.py:190} INFO - [2026-06-28T11:05:09.764+0000] {dag.py:4138} INFO - Setting next_dagrun for example_branch_datetime_operator_3 to 2026-06-27 00:00:00+00:00, run_after=2026-06-28 00:00:00+00:00
[2026-06-28T11:05:09.800+0000] {processor.py:208} INFO - Processing /home/airflow/.local/lib/python3.12/site-packages/airflow/example_dags/example_branch_datetime_operator.py took 0.130 seconds
[2026-06-28T11:05:40.584+0000] {processor.py:186} INFO - Started process (PID=526) to work on /home/airflow/.local/lib/python3.12/site-packages/airflow/example_dags/example_branch_datetime_operator.py
[2026-06-28T11:05:40.585+0000] {processor.py:914} INFO - Processing file /home/airflow/.local/lib/python3.12/site-packages/airflow/example_dags/example_branch_datetime_operator.py for tasks to queue
[2026-06-28T11:05:40.588+0000] {logging_mixin.py:190} INFO - [2026-06-28T11:05:40.587+0000] {dagbag.py:587} INFO - Filling up the DagBag from /home/airflow/.local/lib/python3.12/site-packages/airflow/example_dags/example_branch_datetime_operator.py
[2026-06-28T11:05:40.601+0000] {processor.py:925} INFO - DAG(s) 'example_branch_datetime_operator_3', 'example_branch_datetime_operator_2', 'example_branch_datetime_operator' retrieved from /home/airflow/.local/lib/python3.12/site-packages/airflow/example_dags/example_branch_datetime_operator.py
[2026-06-28T11:05:40.633+0000] {logging_mixin.py:190} INFO - [2026-06-28T11:05:40.633+0000] {dag.py:3211} INFO - Sync 3 DAGs
[2026-06-28T11:05:40.661+0000] {logging_mixin.py:190} INFO - [2026-06-28T11:05:40.660+0000] {dag.py:4138} INFO - Setting next_dagrun for example_branch_datetime_operator to 2026-06-27 00:00:00+00:00, run_after=2026-06-28 00:00:00+00:00
[2026-06-28T11:05:40.665+0000] {logging_mixin.py:190} INFO - [2026-06-28T11:05:40.665+0000] {dag.py:4138} INFO - Setting next_dagrun for example_branch_datetime_operator_2 to 2026-06-27 00:00:00+00:00, run_after=2026-06-28 00:00:00+00:00
[2026-06-28T11:05:40.667+0000] {logging_mixin.py:190} INFO - [2026-06-28T11:05:40.667+0000] {dag.py:4138} INFO - Setting next_dagrun for example_branch_datetime_operator_3 to 2026-06-27 00:00:00+00:00, run_after=2026-06-28 00:00:00+00:00
[2026-06-28T11:05:40.682+0000] {processor.py:208} INFO - Processing /home/airflow/.local/lib/python3.12/site-packages/airflow/example_dags/example_branch_datetime_operator.py took 0.103 seconds
[2026-06-28T11:06:11.266+0000] {processor.py:186} INFO - Started process (PID=587) to work on /home/airflow/.local/lib/python3.12/site-packages/airflow/example_dags/example_branch_datetime_operator.py
[2026-06-28T11:06:11.267+0000] {processor.py:914} INFO - Processing file /home/airflow/.local/lib/python3.12/site-packages/airflow/example_dags/example_branch_datetime_operator.py for tasks to queue
[2026-06-28T11:06:11.270+0000] {logging_mixin.py:190} INFO - [2026-06-28T11:06:11.270+0000] {dagbag.py:587} INFO - Filling up the DagBag from /home/airflow/.local/lib/python3.12/site-packages/airflow/example_dags/example_branch_datetime_operator.py
[2026-06-28T11:06:11.291+0000] {processor.py:925} INFO - DAG(s) 'example_branch_datetime_operator_3', 'example_branch_datetime_operator', 'example_branch_datetime_operator_2' retrieved from /home/airflow/.local/lib/python3.12/site-packages/airflow/example_dags/example_branch_datetime_operator.py
[2026-06-28T11:06:11.346+0000] {logging_mixin.py:190} INFO - [2026-06-28T11:06:11.345+0000] {dag.py:3211} INFO - Sync 3 DAGs
[2026-06-28T11:06:11.392+0000] {logging_mixin.py:190} INFO - [2026-06-28T11:06:11.392+0000] {dag.py:4138} INFO - Setting next_dagrun for example_branch_datetime_operator to 2026-06-27 00:00:00+00:00, run_after=2026-06-28 00:00:00+00:00
[2026-06-28T11:06:11.398+0000] {logging_mixin.py:190} INFO - [2026-06-28T11:06:11.398+0000] {dag.py:4138} INFO - Setting next_dagrun for example_branch_datetime_operator_2 to 2026-06-27 00:00:00+00:00, run_after=2026-06-28 00:00:00+00:00
[2026-06-28T11:06:11.401+0000] {logging_mixin.py:190} INFO - [2026-06-28T11:06:11.400+0000] {dag.py:4138} INFO - Setting next_dagrun for example_branch_datetime_operator_3 to 2026-06-27 00:00:00+00:00, run_after=2026-06-28 00:00:00+00:00
[2026-06-28T11:06:11.422+0000] {processor.py:208} INFO - Processing /home/airflow/.local/lib/python3.12/site-packages/airflow/example_dags/example_branch_datetime_operator.py took 0.165 seconds
[2026-06-28T11:06:41.577+0000] {processor.py:186} INFO - Started process (PID=649) to work on /home/airflow/.local/lib/python3.12/site-packages/airflow/example_dags/example_branch_datetime_operator.py
[2026-06-28T11:06:41.578+0000] {processor.py:914} INFO - Processing file /home/airflow/.local/lib/python3.12/site-packages/airflow/example_dags/example_branch_datetime_operator.py for tasks to queue
[2026-06-28T11:06:41.581+0000] {logging_mixin.py:190} INFO - [2026-06-28T11:06:41.581+0000] {dagbag.py:587} INFO - Filling up the DagBag from /home/airflow/.local/lib/python3.12/site-packages/airflow/example_dags/example_branch_datetime_operator.py
[2026-06-28T11:06:41.596+0000] {processor.py:925} INFO - DAG(s) 'example_branch_datetime_operator_2', 'example_branch_datetime_operator_3', 'example_branch_datetime_operator' retrieved from /home/airflow/.local/lib/python3.12/site-packages/airflow/example_dags/example_branch_datetime_operator.py
[2026-06-28T11:06:41.633+0000] {logging_mixin.py:190} INFO - [2026-06-28T11:06:41.633+0000] {dag.py:3211} INFO - Sync 3 DAGs
[2026-06-28T11:06:41.664+0000] {logging_mixin.py:190} INFO - [2026-06-28T11:06:41.664+0000] {dag.py:4138} INFO - Setting next_dagrun for example_branch_datetime_operator to 2026-06-27 00:00:00+00:00, run_after=2026-06-28 00:00:00+00:00
[2026-06-28T11:06:41.671+0000] {logging_mixin.py:190} INFO - [2026-06-28T11:06:41.670+0000] {dag.py:4138} INFO - Setting next_dagrun for example_branch_datetime_operator_2 to 2026-06-27 00:00:00+00:00, run_after=2026-06-28 00:00:00+00:00
[2026-06-28T11:06:41.673+0000] {logging_mixin.py:190} INFO - [2026-06-28T11:06:41.673+0000] {dag.py:4138} INFO - Setting next_dagrun for example_branch_datetime_operator_3 to 2026-06-27 00:00:00+00:00, run_after=2026-06-28 00:00:00+00:00
[2026-06-28T11:06:41.690+0000] {processor.py:208} INFO - Processing /home/airflow/.local/lib/python3.12/site-packages/airflow/example_dags/example_branch_datetime_operator.py took 0.120 seconds
[2026-06-28T11:07:12.291+0000] {processor.py:186} INFO - Started process (PID=711) to work on /home/airflow/.local/lib/python3.12/site-packages/airflow/example_dags/example_branch_datetime_operator.py
[2026-06-28T11:07:12.292+0000] {processor.py:914} INFO - Processing file /home/airflow/.local/lib/python3.12/site-packages/airflow/example_dags/example_branch_datetime_operator.py for tasks to queue
[2026-06-28T11:07:12.295+0000] {logging_mixin.py:190} INFO - [2026-06-28T11:07:12.294+0000] {dagbag.py:587} INFO - Filling up the DagBag from /home/airflow/.local/lib/python3.12/site-packages/airflow/example_dags/example_branch_datetime_operator.py
[2026-06-28T11:07:12.307+0000] {processor.py:925} INFO - DAG(s) 'example_branch_datetime_operator_2', 'example_branch_datetime_operator', 'example_branch_datetime_operator_3' retrieved from /home/airflow/.local/lib/python3.12/site-packages/airflow/example_dags/example_branch_datetime_operator.py
[2026-06-28T11:07:12.334+0000] {logging_mixin.py:190} INFO - [2026-06-28T11:07:12.334+0000] {dag.py:3211} INFO - Sync 3 DAGs
[2026-06-28T11:07:12.361+0000] {logging_mixin.py:190} INFO - [2026-06-28T11:07:12.361+0000] {dag.py:4138} INFO - Setting next_dagrun for example_branch_datetime_operator to 2026-06-27 00:00:00+00:00, run_after=2026-06-28 00:00:00+00:00
[2026-06-28T11:07:12.366+0000] {logging_mixin.py:190} INFO - [2026-06-28T11:07:12.365+0000] {dag.py:4138} INFO - Setting next_dagrun for example_branch_datetime_operator_2 to 2026-06-27 00:00:00+00:00, run_after=2026-06-28 00:00:00+00:00
[2026-06-28T11:07:12.368+0000] {logging_mixin.py:190} INFO - [2026-06-28T11:07:12.367+0000] {dag.py:4138} INFO - Setting next_dagrun for example_branch_datetime_operator_3 to 2026-06-27 00:00:00+00:00, run_after=2026-06-28 00:00:00+00:00
[2026-06-28T11:07:12.385+0000] {processor.py:208} INFO - Processing /home/airflow/.local/lib/python3.12/site-packages/airflow/example_dags/example_branch_datetime_operator.py took 0.099 seconds
[2026-06-28T11:07:42.820+0000] {processor.py:186} INFO - Started process (PID=773) to work on /home/airflow/.local/lib/python3.12/site-packages/airflow/example_dags/example_branch_datetime_operator.py
[2026-06-28T11:07:42.821+0000] {processor.py:914} INFO - Processing file /home/airflow/.local/lib/python3.12/site-packages/airflow/example_dags/example_branch_datetime_operator.py for tasks to queue
[2026-06-28T11:07:42.824+0000] {logging_mixin.py:190} INFO - [2026-06-28T11:07:42.823+0000] {dagbag.py:587} INFO - Filling up the DagBag from /home/airflow/.local/lib/python3.12/site-packages/airflow/example_dags/example_branch_datetime_operator.py
[2026-06-28T11:07:42.837+0000] {processor.py:925} INFO - DAG(s) 'example_branch_datetime_operator_3', 'example_branch_datetime_operator_2', 'example_branch_datetime_operator' retrieved from /home/airflow/.local/lib/python3.12/site-packages/airflow/example_dags/example_branch_datetime_operator.py
[2026-06-28T11:07:42.876+0000] {logging_mixin.py:190} INFO - [2026-06-28T11:07:42.876+0000] {dag.py:3211} INFO - Sync 3 DAGs
[2026-06-28T11:07:42.904+0000] {logging_mixin.py:190} INFO - [2026-06-28T11:07:42.903+0000] {dag.py:4138} INFO - Setting next_dagrun for example_branch_datetime_operator to 2026-06-27 00:00:00+00:00, run_after=2026-06-28 00:00:00+00:00
[2026-06-28T11:07:42.909+0000] {logging_mixin.py:190} INFO - [2026-06-28T11:07:42.909+0000] {dag.py:4138} INFO - Setting next_dagrun for example_branch_datetime_operator_2 to 2026-06-27 00:00:00+00:00, run_after=2026-06-28 00:00:00+00:00
[2026-06-28T11:07:42.911+0000] {logging_mixin.py:190} INFO - [2026-06-28T11:07:42.911+0000] {dag.py:4138} INFO - Setting next_dagrun for example_branch_datetime_operator_3 to 2026-06-27 00:00:00+00:00, run_after=2026-06-28 00:00:00+00:00
[2026-06-28T11:07:42.932+0000] {processor.py:208} INFO - Processing /home/airflow/.local/lib/python3.12/site-packages/airflow/example_dags/example_branch_datetime_operator.py took 0.118 seconds
[2026-06-28T11:08:13.145+0000] {processor.py:186} INFO - Started process (PID=835) to work on /home/airflow/.local/lib/python3.12/site-packages/airflow/example_dags/example_branch_datetime_operator.py
[2026-06-28T11:08:13.146+0000] {processor.py:914} INFO - Processing file /home/airflow/.local/lib/python3.12/site-packages/airflow/example_dags/example_branch_datetime_operator.py for tasks to queue
[2026-06-28T11:08:13.148+0000] {logging_mixin.py:190} INFO - [2026-06-28T11:08:13.148+0000] {dagbag.py:587} INFO - Filling up the DagBag from /home/airflow/.local/lib/python3.12/site-packages/airflow/example_dags/example_branch_datetime_operator.py
[2026-06-28T11:08:13.161+0000] {processor.py:925} INFO - DAG(s) 'example_branch_datetime_operator', 'example_branch_datetime_operator_3', 'example_branch_datetime_operator_2' retrieved from /home/airflow/.local/lib/python3.12/site-packages/airflow/example_dags/example_branch_datetime_operator.py
[2026-06-28T11:08:13.195+0000] {logging_mixin.py:190} INFO - [2026-06-28T11:08:13.195+0000] {dag.py:3211} INFO - Sync 3 DAGs
[2026-06-28T11:08:13.226+0000] {logging_mixin.py:190} INFO - [2026-06-28T11:08:13.225+0000] {dag.py:4138} INFO - Setting next_dagrun for example_branch_datetime_operator to 2026-06-27 00:00:00+00:00, run_after=2026-06-28 00:00:00+00:00
[2026-06-28T11:08:13.230+0000] {logging_mixin.py:190} INFO - [2026-06-28T11:08:13.230+0000] {dag.py:4138} INFO - Setting next_dagrun for example_branch_datetime_operator_2 to 2026-06-27 00:00:00+00:00, run_after=2026-06-28 00:00:00+00:00
[2026-06-28T11:08:13.233+0000] {logging_mixin.py:190} INFO - [2026-06-28T11:08:13.233+0000] {dag.py:4138} INFO - Setting next_dagrun for example_branch_datetime_operator_3 to 2026-06-27 00:00:00+00:00, run_after=2026-06-28 00:00:00+00:00
[2026-06-28T11:08:13.249+0000] {processor.py:208} INFO - Processing /home/airflow/.local/lib/python3.12/site-packages/airflow/example_dags/example_branch_datetime_operator.py took 0.110 seconds
