[2026-06-28T11:01:35.978+0000] {processor.py:186} INFO - Started process (PID=38) to work on /home/airflow/.local/lib/python3.12/site-packages/airflow/example_dags/example_dataset_alias.py
[2026-06-28T11:01:35.980+0000] {processor.py:914} INFO - Processing file /home/airflow/.local/lib/python3.12/site-packages/airflow/example_dags/example_dataset_alias.py for tasks to queue
[2026-06-28T11:01:35.985+0000] {logging_mixin.py:190} INFO - [2026-06-28T11:01:35.985+0000] {dagbag.py:587} INFO - Filling up the DagBag from /home/airflow/.local/lib/python3.12/site-packages/airflow/example_dags/example_dataset_alias.py
[2026-06-28T11:01:37.664+0000] {processor.py:925} INFO - DAG(s) 'dataset_alias_example_alias_consumer', 'dataset_s3_bucket_producer', 'dataset_alias_example_alias_producer', 'dataset_s3_bucket_consumer' retrieved from /home/airflow/.local/lib/python3.12/site-packages/airflow/example_dags/example_dataset_alias.py
[2026-06-28T11:01:37.842+0000] {logging_mixin.py:190} INFO - [2026-06-28T11:01:37.840+0000] {override.py:1858} INFO - Created Permission View: can edit on DAG:dataset_alias_example_alias_consumer
[2026-06-28T11:01:37.857+0000] {logging_mixin.py:190} INFO - [2026-06-28T11:01:37.857+0000] {override.py:1858} INFO - Created Permission View: can delete on DAG:dataset_alias_example_alias_consumer
[2026-06-28T11:01:37.863+0000] {logging_mixin.py:190} INFO - [2026-06-28T11:01:37.863+0000] {override.py:1858} INFO - Created Permission View: can read on DAG:dataset_alias_example_alias_consumer
[2026-06-28T11:01:37.875+0000] {logging_mixin.py:190} INFO - [2026-06-28T11:01:37.875+0000] {override.py:1858} INFO - Created Permission View: can edit on DAG:dataset_s3_bucket_producer
[2026-06-28T11:01:37.882+0000] {logging_mixin.py:190} INFO - [2026-06-28T11:01:37.881+0000] {override.py:1858} INFO - Created Permission View: can delete on DAG:dataset_s3_bucket_producer
[2026-06-28T11:01:37.887+0000] {logging_mixin.py:190} INFO - [2026-06-28T11:01:37.887+0000] {override.py:1858} INFO - Created Permission View: can read on DAG:dataset_s3_bucket_producer
[2026-06-28T11:01:37.898+0000] {logging_mixin.py:190} INFO - [2026-06-28T11:01:37.897+0000] {override.py:1858} INFO - Created Permission View: can edit on DAG:dataset_alias_example_alias_producer
[2026-06-28T11:01:37.902+0000] {logging_mixin.py:190} INFO - [2026-06-28T11:01:37.902+0000] {override.py:1858} INFO - Created Permission View: can delete on DAG:dataset_alias_example_alias_producer
[2026-06-28T11:01:37.907+0000] {logging_mixin.py:190} INFO - [2026-06-28T11:01:37.907+0000] {override.py:1858} INFO - Created Permission View: can read on DAG:dataset_alias_example_alias_producer
[2026-06-28T11:01:37.916+0000] {logging_mixin.py:190} INFO - [2026-06-28T11:01:37.915+0000] {override.py:1858} INFO - Created Permission View: can edit on DAG:dataset_s3_bucket_consumer
[2026-06-28T11:01:37.921+0000] {logging_mixin.py:190} INFO - [2026-06-28T11:01:37.920+0000] {override.py:1858} INFO - Created Permission View: can delete on DAG:dataset_s3_bucket_consumer
[2026-06-28T11:01:37.925+0000] {logging_mixin.py:190} INFO - [2026-06-28T11:01:37.925+0000] {override.py:1858} INFO - Created Permission View: can read on DAG:dataset_s3_bucket_consumer
[2026-06-28T11:01:37.925+0000] {logging_mixin.py:190} INFO - [2026-06-28T11:01:37.925+0000] {dag.py:3211} INFO - Sync 4 DAGs
[2026-06-28T11:01:37.946+0000] {logging_mixin.py:190} INFO - [2026-06-28T11:01:37.946+0000] {dag.py:3234} INFO - Creating ORM DAG for dataset_alias_example_alias_consumer
[2026-06-28T11:01:37.947+0000] {logging_mixin.py:190} INFO - [2026-06-28T11:01:37.946+0000] {dag.py:3234} INFO - Creating ORM DAG for dataset_alias_example_alias_producer
[2026-06-28T11:01:37.947+0000] {logging_mixin.py:190} INFO - [2026-06-28T11:01:37.947+0000] {dag.py:3234} INFO - Creating ORM DAG for dataset_s3_bucket_producer
[2026-06-28T11:01:37.947+0000] {logging_mixin.py:190} INFO - [2026-06-28T11:01:37.947+0000] {dag.py:3234} INFO - Creating ORM DAG for dataset_s3_bucket_consumer
[2026-06-28T11:01:37.963+0000] {logging_mixin.py:190} INFO - [2026-06-28T11:01:37.963+0000] {dag.py:4138} INFO - Setting next_dagrun for dataset_alias_example_alias_consumer to None, run_after=None
[2026-06-28T11:01:37.964+0000] {logging_mixin.py:190} INFO - [2026-06-28T11:01:37.964+0000] {dag.py:4138} INFO - Setting next_dagrun for dataset_alias_example_alias_producer to None, run_after=None
[2026-06-28T11:01:37.964+0000] {logging_mixin.py:190} INFO - [2026-06-28T11:01:37.964+0000] {dag.py:4138} INFO - Setting next_dagrun for dataset_s3_bucket_consumer to None, run_after=None
[2026-06-28T11:01:37.965+0000] {logging_mixin.py:190} INFO - [2026-06-28T11:01:37.965+0000] {dag.py:4138} INFO - Setting next_dagrun for dataset_s3_bucket_producer to None, run_after=None
[2026-06-28T11:01:37.994+0000] {processor.py:208} INFO - Processing /home/airflow/.local/lib/python3.12/site-packages/airflow/example_dags/example_dataset_alias.py took 2.028 seconds
[2026-06-28T11:02:08.065+0000] {processor.py:186} INFO - Started process (PID=100) to work on /home/airflow/.local/lib/python3.12/site-packages/airflow/example_dags/example_dataset_alias.py
[2026-06-28T11:02:08.066+0000] {processor.py:914} INFO - Processing file /home/airflow/.local/lib/python3.12/site-packages/airflow/example_dags/example_dataset_alias.py for tasks to queue
[2026-06-28T11:02:08.068+0000] {logging_mixin.py:190} INFO - [2026-06-28T11:02:08.068+0000] {dagbag.py:587} INFO - Filling up the DagBag from /home/airflow/.local/lib/python3.12/site-packages/airflow/example_dags/example_dataset_alias.py
[2026-06-28T11:02:08.268+0000] {processor.py:925} INFO - DAG(s) 'dataset_alias_example_alias_producer', 'dataset_s3_bucket_producer', 'dataset_alias_example_alias_consumer', 'dataset_s3_bucket_consumer' retrieved from /home/airflow/.local/lib/python3.12/site-packages/airflow/example_dags/example_dataset_alias.py
[2026-06-28T11:02:08.292+0000] {logging_mixin.py:190} INFO - [2026-06-28T11:02:08.292+0000] {dag.py:3211} INFO - Sync 4 DAGs
[2026-06-28T11:02:08.313+0000] {logging_mixin.py:190} INFO - [2026-06-28T11:02:08.312+0000] {dag.py:4138} INFO - Setting next_dagrun for dataset_alias_example_alias_consumer to None, run_after=None
[2026-06-28T11:02:08.315+0000] {logging_mixin.py:190} INFO - [2026-06-28T11:02:08.314+0000] {dag.py:4138} INFO - Setting next_dagrun for dataset_alias_example_alias_producer to None, run_after=None
[2026-06-28T11:02:08.316+0000] {logging_mixin.py:190} INFO - [2026-06-28T11:02:08.316+0000] {dag.py:4138} INFO - Setting next_dagrun for dataset_s3_bucket_consumer to None, run_after=None
[2026-06-28T11:02:08.317+0000] {logging_mixin.py:190} INFO - [2026-06-28T11:02:08.317+0000] {dag.py:4138} INFO - Setting next_dagrun for dataset_s3_bucket_producer to None, run_after=None
[2026-06-28T11:02:08.338+0000] {processor.py:208} INFO - Processing /home/airflow/.local/lib/python3.12/site-packages/airflow/example_dags/example_dataset_alias.py took 0.279 seconds
[2026-06-28T11:02:38.611+0000] {processor.py:186} INFO - Started process (PID=162) to work on /home/airflow/.local/lib/python3.12/site-packages/airflow/example_dags/example_dataset_alias.py
[2026-06-28T11:02:38.613+0000] {processor.py:914} INFO - Processing file /home/airflow/.local/lib/python3.12/site-packages/airflow/example_dags/example_dataset_alias.py for tasks to queue
[2026-06-28T11:02:38.615+0000] {logging_mixin.py:190} INFO - [2026-06-28T11:02:38.614+0000] {dagbag.py:587} INFO - Filling up the DagBag from /home/airflow/.local/lib/python3.12/site-packages/airflow/example_dags/example_dataset_alias.py
[2026-06-28T11:02:38.777+0000] {processor.py:925} INFO - DAG(s) 'dataset_alias_example_alias_consumer', 'dataset_alias_example_alias_producer', 'dataset_s3_bucket_consumer', 'dataset_s3_bucket_producer' retrieved from /home/airflow/.local/lib/python3.12/site-packages/airflow/example_dags/example_dataset_alias.py
[2026-06-28T11:02:38.799+0000] {logging_mixin.py:190} INFO - [2026-06-28T11:02:38.798+0000] {dag.py:3211} INFO - Sync 4 DAGs
[2026-06-28T11:02:38.818+0000] {logging_mixin.py:190} INFO - [2026-06-28T11:02:38.817+0000] {dag.py:4138} INFO - Setting next_dagrun for dataset_alias_example_alias_consumer to None, run_after=None
[2026-06-28T11:02:38.820+0000] {logging_mixin.py:190} INFO - [2026-06-28T11:02:38.820+0000] {dag.py:4138} INFO - Setting next_dagrun for dataset_alias_example_alias_producer to None, run_after=None
[2026-06-28T11:02:38.822+0000] {logging_mixin.py:190} INFO - [2026-06-28T11:02:38.822+0000] {dag.py:4138} INFO - Setting next_dagrun for dataset_s3_bucket_consumer to None, run_after=None
[2026-06-28T11:02:38.823+0000] {logging_mixin.py:190} INFO - [2026-06-28T11:02:38.823+0000] {dag.py:4138} INFO - Setting next_dagrun for dataset_s3_bucket_producer to None, run_after=None
[2026-06-28T11:02:38.842+0000] {processor.py:208} INFO - Processing /home/airflow/.local/lib/python3.12/site-packages/airflow/example_dags/example_dataset_alias.py took 0.236 seconds
[2026-06-28T11:03:09.295+0000] {processor.py:186} INFO - Started process (PID=224) to work on /home/airflow/.local/lib/python3.12/site-packages/airflow/example_dags/example_dataset_alias.py
[2026-06-28T11:03:09.300+0000] {processor.py:914} INFO - Processing file /home/airflow/.local/lib/python3.12/site-packages/airflow/example_dags/example_dataset_alias.py for tasks to queue
[2026-06-28T11:03:09.302+0000] {logging_mixin.py:190} INFO - [2026-06-28T11:03:09.302+0000] {dagbag.py:587} INFO - Filling up the DagBag from /home/airflow/.local/lib/python3.12/site-packages/airflow/example_dags/example_dataset_alias.py
[2026-06-28T11:03:09.593+0000] {processor.py:925} INFO - DAG(s) 'dataset_s3_bucket_producer', 'dataset_alias_example_alias_producer', 'dataset_s3_bucket_consumer', 'dataset_alias_example_alias_consumer' retrieved from /home/airflow/.local/lib/python3.12/site-packages/airflow/example_dags/example_dataset_alias.py
[2026-06-28T11:03:09.613+0000] {logging_mixin.py:190} INFO - [2026-06-28T11:03:09.613+0000] {dag.py:3211} INFO - Sync 4 DAGs
[2026-06-28T11:03:09.635+0000] {logging_mixin.py:190} INFO - [2026-06-28T11:03:09.635+0000] {dag.py:4138} INFO - Setting next_dagrun for dataset_alias_example_alias_consumer to None, run_after=None
[2026-06-28T11:03:09.637+0000] {logging_mixin.py:190} INFO - [2026-06-28T11:03:09.637+0000] {dag.py:4138} INFO - Setting next_dagrun for dataset_alias_example_alias_producer to None, run_after=None
[2026-06-28T11:03:09.638+0000] {logging_mixin.py:190} INFO - [2026-06-28T11:03:09.638+0000] {dag.py:4138} INFO - Setting next_dagrun for dataset_s3_bucket_consumer to None, run_after=None
[2026-06-28T11:03:09.639+0000] {logging_mixin.py:190} INFO - [2026-06-28T11:03:09.638+0000] {dag.py:4138} INFO - Setting next_dagrun for dataset_s3_bucket_producer to None, run_after=None
[2026-06-28T11:03:09.660+0000] {processor.py:208} INFO - Processing /home/airflow/.local/lib/python3.12/site-packages/airflow/example_dags/example_dataset_alias.py took 0.371 seconds
[2026-06-28T11:03:40.003+0000] {processor.py:186} INFO - Started process (PID=286) to work on /home/airflow/.local/lib/python3.12/site-packages/airflow/example_dags/example_dataset_alias.py
[2026-06-28T11:03:40.004+0000] {processor.py:914} INFO - Processing file /home/airflow/.local/lib/python3.12/site-packages/airflow/example_dags/example_dataset_alias.py for tasks to queue
[2026-06-28T11:03:40.006+0000] {logging_mixin.py:190} INFO - [2026-06-28T11:03:40.006+0000] {dagbag.py:587} INFO - Filling up the DagBag from /home/airflow/.local/lib/python3.12/site-packages/airflow/example_dags/example_dataset_alias.py
[2026-06-28T11:03:40.285+0000] {processor.py:925} INFO - DAG(s) 'dataset_s3_bucket_consumer', 'dataset_s3_bucket_producer', 'dataset_alias_example_alias_consumer', 'dataset_alias_example_alias_producer' retrieved from /home/airflow/.local/lib/python3.12/site-packages/airflow/example_dags/example_dataset_alias.py
[2026-06-28T11:03:40.311+0000] {logging_mixin.py:190} INFO - [2026-06-28T11:03:40.310+0000] {dag.py:3211} INFO - Sync 4 DAGs
[2026-06-28T11:03:40.334+0000] {logging_mixin.py:190} INFO - [2026-06-28T11:03:40.334+0000] {dag.py:4138} INFO - Setting next_dagrun for dataset_alias_example_alias_consumer to None, run_after=None
[2026-06-28T11:03:40.337+0000] {logging_mixin.py:190} INFO - [2026-06-28T11:03:40.337+0000] {dag.py:4138} INFO - Setting next_dagrun for dataset_alias_example_alias_producer to None, run_after=None
[2026-06-28T11:03:40.338+0000] {logging_mixin.py:190} INFO - [2026-06-28T11:03:40.338+0000] {dag.py:4138} INFO - Setting next_dagrun for dataset_s3_bucket_consumer to None, run_after=None
[2026-06-28T11:03:40.340+0000] {logging_mixin.py:190} INFO - [2026-06-28T11:03:40.339+0000] {dag.py:4138} INFO - Setting next_dagrun for dataset_s3_bucket_producer to None, run_after=None
[2026-06-28T11:03:40.367+0000] {processor.py:208} INFO - Processing /home/airflow/.local/lib/python3.12/site-packages/airflow/example_dags/example_dataset_alias.py took 0.370 seconds
[2026-06-28T11:04:10.457+0000] {processor.py:186} INFO - Started process (PID=348) to work on /home/airflow/.local/lib/python3.12/site-packages/airflow/example_dags/example_dataset_alias.py
[2026-06-28T11:04:10.459+0000] {processor.py:914} INFO - Processing file /home/airflow/.local/lib/python3.12/site-packages/airflow/example_dags/example_dataset_alias.py for tasks to queue
[2026-06-28T11:04:10.462+0000] {logging_mixin.py:190} INFO - [2026-06-28T11:04:10.461+0000] {dagbag.py:587} INFO - Filling up the DagBag from /home/airflow/.local/lib/python3.12/site-packages/airflow/example_dags/example_dataset_alias.py
[2026-06-28T11:04:10.747+0000] {processor.py:925} INFO - DAG(s) 'dataset_s3_bucket_producer', 'dataset_alias_example_alias_consumer', 'dataset_s3_bucket_consumer', 'dataset_alias_example_alias_producer' retrieved from /home/airflow/.local/lib/python3.12/site-packages/airflow/example_dags/example_dataset_alias.py
[2026-06-28T11:04:10.772+0000] {logging_mixin.py:190} INFO - [2026-06-28T11:04:10.772+0000] {dag.py:3211} INFO - Sync 4 DAGs
[2026-06-28T11:04:10.798+0000] {logging_mixin.py:190} INFO - [2026-06-28T11:04:10.798+0000] {dag.py:4138} INFO - Setting next_dagrun for dataset_alias_example_alias_consumer to None, run_after=None
[2026-06-28T11:04:10.801+0000] {logging_mixin.py:190} INFO - [2026-06-28T11:04:10.801+0000] {dag.py:4138} INFO - Setting next_dagrun for dataset_alias_example_alias_producer to None, run_after=None
[2026-06-28T11:04:10.802+0000] {logging_mixin.py:190} INFO - [2026-06-28T11:04:10.802+0000] {dag.py:4138} INFO - Setting next_dagrun for dataset_s3_bucket_consumer to None, run_after=None
[2026-06-28T11:04:10.804+0000] {logging_mixin.py:190} INFO - [2026-06-28T11:04:10.804+0000] {dag.py:4138} INFO - Setting next_dagrun for dataset_s3_bucket_producer to None, run_after=None
[2026-06-28T11:04:10.831+0000] {processor.py:208} INFO - Processing /home/airflow/.local/lib/python3.12/site-packages/airflow/example_dags/example_dataset_alias.py took 0.382 seconds
[2026-06-28T11:04:41.273+0000] {processor.py:186} INFO - Started process (PID=410) to work on /home/airflow/.local/lib/python3.12/site-packages/airflow/example_dags/example_dataset_alias.py
[2026-06-28T11:04:41.274+0000] {processor.py:914} INFO - Processing file /home/airflow/.local/lib/python3.12/site-packages/airflow/example_dags/example_dataset_alias.py for tasks to queue
[2026-06-28T11:04:41.276+0000] {logging_mixin.py:190} INFO - [2026-06-28T11:04:41.276+0000] {dagbag.py:587} INFO - Filling up the DagBag from /home/airflow/.local/lib/python3.12/site-packages/airflow/example_dags/example_dataset_alias.py
[2026-06-28T11:04:41.459+0000] {processor.py:925} INFO - DAG(s) 'dataset_s3_bucket_consumer', 'dataset_alias_example_alias_producer', 'dataset_s3_bucket_producer', 'dataset_alias_example_alias_consumer' retrieved from /home/airflow/.local/lib/python3.12/site-packages/airflow/example_dags/example_dataset_alias.py
[2026-06-28T11:04:41.484+0000] {logging_mixin.py:190} INFO - [2026-06-28T11:04:41.483+0000] {dag.py:3211} INFO - Sync 4 DAGs
[2026-06-28T11:04:41.509+0000] {logging_mixin.py:190} INFO - [2026-06-28T11:04:41.509+0000] {dag.py:4138} INFO - Setting next_dagrun for dataset_alias_example_alias_consumer to None, run_after=None
[2026-06-28T11:04:41.511+0000] {logging_mixin.py:190} INFO - [2026-06-28T11:04:41.511+0000] {dag.py:4138} INFO - Setting next_dagrun for dataset_alias_example_alias_producer to None, run_after=None
[2026-06-28T11:04:41.512+0000] {logging_mixin.py:190} INFO - [2026-06-28T11:04:41.512+0000] {dag.py:4138} INFO - Setting next_dagrun for dataset_s3_bucket_consumer to None, run_after=None
[2026-06-28T11:04:41.513+0000] {logging_mixin.py:190} INFO - [2026-06-28T11:04:41.513+0000] {dag.py:4138} INFO - Setting next_dagrun for dataset_s3_bucket_producer to None, run_after=None
[2026-06-28T11:04:41.536+0000] {processor.py:208} INFO - Processing /home/airflow/.local/lib/python3.12/site-packages/airflow/example_dags/example_dataset_alias.py took 0.268 seconds
[2026-06-28T11:05:11.714+0000] {processor.py:186} INFO - Started process (PID=472) to work on /home/airflow/.local/lib/python3.12/site-packages/airflow/example_dags/example_dataset_alias.py
[2026-06-28T11:05:11.715+0000] {processor.py:914} INFO - Processing file /home/airflow/.local/lib/python3.12/site-packages/airflow/example_dags/example_dataset_alias.py for tasks to queue
[2026-06-28T11:05:11.718+0000] {logging_mixin.py:190} INFO - [2026-06-28T11:05:11.717+0000] {dagbag.py:587} INFO - Filling up the DagBag from /home/airflow/.local/lib/python3.12/site-packages/airflow/example_dags/example_dataset_alias.py
[2026-06-28T11:05:12.072+0000] {processor.py:925} INFO - DAG(s) 'dataset_s3_bucket_producer', 'dataset_alias_example_alias_consumer', 'dataset_s3_bucket_consumer', 'dataset_alias_example_alias_producer' retrieved from /home/airflow/.local/lib/python3.12/site-packages/airflow/example_dags/example_dataset_alias.py
[2026-06-28T11:05:12.120+0000] {logging_mixin.py:190} INFO - [2026-06-28T11:05:12.120+0000] {dag.py:3211} INFO - Sync 4 DAGs
[2026-06-28T11:05:12.158+0000] {logging_mixin.py:190} INFO - [2026-06-28T11:05:12.157+0000] {dag.py:4138} INFO - Setting next_dagrun for dataset_alias_example_alias_consumer to None, run_after=None
[2026-06-28T11:05:12.164+0000] {logging_mixin.py:190} INFO - [2026-06-28T11:05:12.164+0000] {dag.py:4138} INFO - Setting next_dagrun for dataset_alias_example_alias_producer to None, run_after=None
[2026-06-28T11:05:12.177+0000] {logging_mixin.py:190} INFO - [2026-06-28T11:05:12.177+0000] {dag.py:4138} INFO - Setting next_dagrun for dataset_s3_bucket_consumer to None, run_after=None
[2026-06-28T11:05:12.180+0000] {logging_mixin.py:190} INFO - [2026-06-28T11:05:12.179+0000] {dag.py:4138} INFO - Setting next_dagrun for dataset_s3_bucket_producer to None, run_after=None
[2026-06-28T11:05:12.251+0000] {processor.py:208} INFO - Processing /home/airflow/.local/lib/python3.12/site-packages/airflow/example_dags/example_dataset_alias.py took 0.545 seconds
[2026-06-28T11:05:42.363+0000] {processor.py:186} INFO - Started process (PID=534) to work on /home/airflow/.local/lib/python3.12/site-packages/airflow/example_dags/example_dataset_alias.py
[2026-06-28T11:05:42.364+0000] {processor.py:914} INFO - Processing file /home/airflow/.local/lib/python3.12/site-packages/airflow/example_dags/example_dataset_alias.py for tasks to queue
[2026-06-28T11:05:42.367+0000] {logging_mixin.py:190} INFO - [2026-06-28T11:05:42.366+0000] {dagbag.py:587} INFO - Filling up the DagBag from /home/airflow/.local/lib/python3.12/site-packages/airflow/example_dags/example_dataset_alias.py
[2026-06-28T11:05:42.568+0000] {processor.py:925} INFO - DAG(s) 'dataset_alias_example_alias_producer', 'dataset_s3_bucket_producer', 'dataset_alias_example_alias_consumer', 'dataset_s3_bucket_consumer' retrieved from /home/airflow/.local/lib/python3.12/site-packages/airflow/example_dags/example_dataset_alias.py
[2026-06-28T11:05:42.598+0000] {logging_mixin.py:190} INFO - [2026-06-28T11:05:42.598+0000] {dag.py:3211} INFO - Sync 4 DAGs
[2026-06-28T11:05:42.629+0000] {logging_mixin.py:190} INFO - [2026-06-28T11:05:42.628+0000] {dag.py:4138} INFO - Setting next_dagrun for dataset_alias_example_alias_consumer to None, run_after=None
[2026-06-28T11:05:42.632+0000] {logging_mixin.py:190} INFO - [2026-06-28T11:05:42.632+0000] {dag.py:4138} INFO - Setting next_dagrun for dataset_alias_example_alias_producer to None, run_after=None
[2026-06-28T11:05:42.633+0000] {logging_mixin.py:190} INFO - [2026-06-28T11:05:42.633+0000] {dag.py:4138} INFO - Setting next_dagrun for dataset_s3_bucket_consumer to None, run_after=None
[2026-06-28T11:05:42.634+0000] {logging_mixin.py:190} INFO - [2026-06-28T11:05:42.634+0000] {dag.py:4138} INFO - Setting next_dagrun for dataset_s3_bucket_producer to None, run_after=None
[2026-06-28T11:05:42.659+0000] {processor.py:208} INFO - Processing /home/airflow/.local/lib/python3.12/site-packages/airflow/example_dags/example_dataset_alias.py took 0.303 seconds
[2026-06-28T11:06:12.915+0000] {processor.py:186} INFO - Started process (PID=595) to work on /home/airflow/.local/lib/python3.12/site-packages/airflow/example_dags/example_dataset_alias.py
[2026-06-28T11:06:12.917+0000] {processor.py:914} INFO - Processing file /home/airflow/.local/lib/python3.12/site-packages/airflow/example_dags/example_dataset_alias.py for tasks to queue
[2026-06-28T11:06:12.921+0000] {logging_mixin.py:190} INFO - [2026-06-28T11:06:12.920+0000] {dagbag.py:587} INFO - Filling up the DagBag from /home/airflow/.local/lib/python3.12/site-packages/airflow/example_dags/example_dataset_alias.py
[2026-06-28T11:06:13.138+0000] {processor.py:925} INFO - DAG(s) 'dataset_s3_bucket_consumer', 'dataset_alias_example_alias_consumer', 'dataset_alias_example_alias_producer', 'dataset_s3_bucket_producer' retrieved from /home/airflow/.local/lib/python3.12/site-packages/airflow/example_dags/example_dataset_alias.py
[2026-06-28T11:06:13.162+0000] {logging_mixin.py:190} INFO - [2026-06-28T11:06:13.162+0000] {dag.py:3211} INFO - Sync 4 DAGs
[2026-06-28T11:06:13.190+0000] {logging_mixin.py:190} INFO - [2026-06-28T11:06:13.189+0000] {dag.py:4138} INFO - Setting next_dagrun for dataset_alias_example_alias_consumer to None, run_after=None
[2026-06-28T11:06:13.192+0000] {logging_mixin.py:190} INFO - [2026-06-28T11:06:13.192+0000] {dag.py:4138} INFO - Setting next_dagrun for dataset_alias_example_alias_producer to None, run_after=None
[2026-06-28T11:06:13.195+0000] {logging_mixin.py:190} INFO - [2026-06-28T11:06:13.195+0000] {dag.py:4138} INFO - Setting next_dagrun for dataset_s3_bucket_consumer to None, run_after=None
[2026-06-28T11:06:13.196+0000] {logging_mixin.py:190} INFO - [2026-06-28T11:06:13.196+0000] {dag.py:4138} INFO - Setting next_dagrun for dataset_s3_bucket_producer to None, run_after=None
[2026-06-28T11:06:13.231+0000] {processor.py:208} INFO - Processing /home/airflow/.local/lib/python3.12/site-packages/airflow/example_dags/example_dataset_alias.py took 0.324 seconds
[2026-06-28T11:06:43.334+0000] {processor.py:186} INFO - Started process (PID=663) to work on /home/airflow/.local/lib/python3.12/site-packages/airflow/example_dags/example_dataset_alias.py
[2026-06-28T11:06:43.335+0000] {processor.py:914} INFO - Processing file /home/airflow/.local/lib/python3.12/site-packages/airflow/example_dags/example_dataset_alias.py for tasks to queue
[2026-06-28T11:06:43.338+0000] {logging_mixin.py:190} INFO - [2026-06-28T11:06:43.338+0000] {dagbag.py:587} INFO - Filling up the DagBag from /home/airflow/.local/lib/python3.12/site-packages/airflow/example_dags/example_dataset_alias.py
[2026-06-28T11:06:43.549+0000] {processor.py:925} INFO - DAG(s) 'dataset_alias_example_alias_producer', 'dataset_alias_example_alias_consumer', 'dataset_s3_bucket_producer', 'dataset_s3_bucket_consumer' retrieved from /home/airflow/.local/lib/python3.12/site-packages/airflow/example_dags/example_dataset_alias.py
[2026-06-28T11:06:43.587+0000] {logging_mixin.py:190} INFO - [2026-06-28T11:06:43.587+0000] {dag.py:3211} INFO - Sync 4 DAGs
[2026-06-28T11:06:43.618+0000] {logging_mixin.py:190} INFO - [2026-06-28T11:06:43.618+0000] {dag.py:4138} INFO - Setting next_dagrun for dataset_alias_example_alias_consumer to None, run_after=None
[2026-06-28T11:06:43.621+0000] {logging_mixin.py:190} INFO - [2026-06-28T11:06:43.621+0000] {dag.py:4138} INFO - Setting next_dagrun for dataset_alias_example_alias_producer to None, run_after=None
[2026-06-28T11:06:43.623+0000] {logging_mixin.py:190} INFO - [2026-06-28T11:06:43.622+0000] {dag.py:4138} INFO - Setting next_dagrun for dataset_s3_bucket_consumer to None, run_after=None
[2026-06-28T11:06:43.624+0000] {logging_mixin.py:190} INFO - [2026-06-28T11:06:43.624+0000] {dag.py:4138} INFO - Setting next_dagrun for dataset_s3_bucket_producer to None, run_after=None
[2026-06-28T11:06:43.653+0000] {processor.py:208} INFO - Processing /home/airflow/.local/lib/python3.12/site-packages/airflow/example_dags/example_dataset_alias.py took 0.327 seconds
[2026-06-28T11:07:13.947+0000] {processor.py:186} INFO - Started process (PID=725) to work on /home/airflow/.local/lib/python3.12/site-packages/airflow/example_dags/example_dataset_alias.py
[2026-06-28T11:07:13.948+0000] {processor.py:914} INFO - Processing file /home/airflow/.local/lib/python3.12/site-packages/airflow/example_dags/example_dataset_alias.py for tasks to queue
[2026-06-28T11:07:13.950+0000] {logging_mixin.py:190} INFO - [2026-06-28T11:07:13.950+0000] {dagbag.py:587} INFO - Filling up the DagBag from /home/airflow/.local/lib/python3.12/site-packages/airflow/example_dags/example_dataset_alias.py
[2026-06-28T11:07:14.126+0000] {processor.py:925} INFO - DAG(s) 'dataset_s3_bucket_consumer', 'dataset_s3_bucket_producer', 'dataset_alias_example_alias_producer', 'dataset_alias_example_alias_consumer' retrieved from /home/airflow/.local/lib/python3.12/site-packages/airflow/example_dags/example_dataset_alias.py
[2026-06-28T11:07:14.154+0000] {logging_mixin.py:190} INFO - [2026-06-28T11:07:14.154+0000] {dag.py:3211} INFO - Sync 4 DAGs
[2026-06-28T11:07:14.179+0000] {logging_mixin.py:190} INFO - [2026-06-28T11:07:14.179+0000] {dag.py:4138} INFO - Setting next_dagrun for dataset_alias_example_alias_consumer to None, run_after=None
[2026-06-28T11:07:14.182+0000] {logging_mixin.py:190} INFO - [2026-06-28T11:07:14.182+0000] {dag.py:4138} INFO - Setting next_dagrun for dataset_alias_example_alias_producer to None, run_after=None
[2026-06-28T11:07:14.183+0000] {logging_mixin.py:190} INFO - [2026-06-28T11:07:14.183+0000] {dag.py:4138} INFO - Setting next_dagrun for dataset_s3_bucket_consumer to None, run_after=None
[2026-06-28T11:07:14.185+0000] {logging_mixin.py:190} INFO - [2026-06-28T11:07:14.184+0000] {dag.py:4138} INFO - Setting next_dagrun for dataset_s3_bucket_producer to None, run_after=None
[2026-06-28T11:07:14.214+0000] {processor.py:208} INFO - Processing /home/airflow/.local/lib/python3.12/site-packages/airflow/example_dags/example_dataset_alias.py took 0.273 seconds
[2026-06-28T11:07:44.419+0000] {processor.py:186} INFO - Started process (PID=787) to work on /home/airflow/.local/lib/python3.12/site-packages/airflow/example_dags/example_dataset_alias.py
[2026-06-28T11:07:44.421+0000] {processor.py:914} INFO - Processing file /home/airflow/.local/lib/python3.12/site-packages/airflow/example_dags/example_dataset_alias.py for tasks to queue
[2026-06-28T11:07:44.424+0000] {logging_mixin.py:190} INFO - [2026-06-28T11:07:44.424+0000] {dagbag.py:587} INFO - Filling up the DagBag from /home/airflow/.local/lib/python3.12/site-packages/airflow/example_dags/example_dataset_alias.py
[2026-06-28T11:07:44.660+0000] {processor.py:925} INFO - DAG(s) 'dataset_s3_bucket_producer', 'dataset_alias_example_alias_producer', 'dataset_alias_example_alias_consumer', 'dataset_s3_bucket_consumer' retrieved from /home/airflow/.local/lib/python3.12/site-packages/airflow/example_dags/example_dataset_alias.py
[2026-06-28T11:07:44.685+0000] {logging_mixin.py:190} INFO - [2026-06-28T11:07:44.685+0000] {dag.py:3211} INFO - Sync 4 DAGs
[2026-06-28T11:07:44.712+0000] {logging_mixin.py:190} INFO - [2026-06-28T11:07:44.711+0000] {dag.py:4138} INFO - Setting next_dagrun for dataset_alias_example_alias_consumer to None, run_after=None
[2026-06-28T11:07:44.714+0000] {logging_mixin.py:190} INFO - [2026-06-28T11:07:44.714+0000] {dag.py:4138} INFO - Setting next_dagrun for dataset_alias_example_alias_producer to None, run_after=None
[2026-06-28T11:07:44.715+0000] {logging_mixin.py:190} INFO - [2026-06-28T11:07:44.715+0000] {dag.py:4138} INFO - Setting next_dagrun for dataset_s3_bucket_consumer to None, run_after=None
[2026-06-28T11:07:44.716+0000] {logging_mixin.py:190} INFO - [2026-06-28T11:07:44.716+0000] {dag.py:4138} INFO - Setting next_dagrun for dataset_s3_bucket_producer to None, run_after=None
[2026-06-28T11:07:44.743+0000] {processor.py:208} INFO - Processing /home/airflow/.local/lib/python3.12/site-packages/airflow/example_dags/example_dataset_alias.py took 0.334 seconds
[2026-06-28T11:08:14.882+0000] {processor.py:186} INFO - Started process (PID=849) to work on /home/airflow/.local/lib/python3.12/site-packages/airflow/example_dags/example_dataset_alias.py
[2026-06-28T11:08:14.884+0000] {processor.py:914} INFO - Processing file /home/airflow/.local/lib/python3.12/site-packages/airflow/example_dags/example_dataset_alias.py for tasks to queue
[2026-06-28T11:08:14.886+0000] {logging_mixin.py:190} INFO - [2026-06-28T11:08:14.885+0000] {dagbag.py:587} INFO - Filling up the DagBag from /home/airflow/.local/lib/python3.12/site-packages/airflow/example_dags/example_dataset_alias.py
[2026-06-28T11:08:15.060+0000] {processor.py:925} INFO - DAG(s) 'dataset_alias_example_alias_producer', 'dataset_s3_bucket_producer', 'dataset_alias_example_alias_consumer', 'dataset_s3_bucket_consumer' retrieved from /home/airflow/.local/lib/python3.12/site-packages/airflow/example_dags/example_dataset_alias.py
[2026-06-28T11:08:15.083+0000] {logging_mixin.py:190} INFO - [2026-06-28T11:08:15.083+0000] {dag.py:3211} INFO - Sync 4 DAGs
[2026-06-28T11:08:15.107+0000] {logging_mixin.py:190} INFO - [2026-06-28T11:08:15.107+0000] {dag.py:4138} INFO - Setting next_dagrun for dataset_alias_example_alias_consumer to None, run_after=None
[2026-06-28T11:08:15.110+0000] {logging_mixin.py:190} INFO - [2026-06-28T11:08:15.109+0000] {dag.py:4138} INFO - Setting next_dagrun for dataset_alias_example_alias_producer to None, run_after=None
[2026-06-28T11:08:15.111+0000] {logging_mixin.py:190} INFO - [2026-06-28T11:08:15.111+0000] {dag.py:4138} INFO - Setting next_dagrun for dataset_s3_bucket_consumer to None, run_after=None
[2026-06-28T11:08:15.112+0000] {logging_mixin.py:190} INFO - [2026-06-28T11:08:15.112+0000] {dag.py:4138} INFO - Setting next_dagrun for dataset_s3_bucket_producer to None, run_after=None
[2026-06-28T11:08:15.135+0000] {processor.py:208} INFO - Processing /home/airflow/.local/lib/python3.12/site-packages/airflow/example_dags/example_dataset_alias.py took 0.259 seconds
