[2026-06-28T11:01:36.193+0000] {processor.py:186} INFO - Started process (PID=39) to work on /home/airflow/.local/lib/python3.12/site-packages/airflow/example_dags/example_dataset_alias_with_no_taskflow.py
[2026-06-28T11:01:36.193+0000] {processor.py:914} INFO - Processing file /home/airflow/.local/lib/python3.12/site-packages/airflow/example_dags/example_dataset_alias_with_no_taskflow.py for tasks to queue
[2026-06-28T11:01:36.207+0000] {logging_mixin.py:190} INFO - [2026-06-28T11:01:36.207+0000] {dagbag.py:587} INFO - Filling up the DagBag from /home/airflow/.local/lib/python3.12/site-packages/airflow/example_dags/example_dataset_alias_with_no_taskflow.py
[2026-06-28T11:01:37.664+0000] {processor.py:925} INFO - DAG(s) 'dataset_s3_bucket_producer_with_no_taskflow', 'dataset_alias_example_alias_producer_with_no_taskflow', 'dataset_alias_example_alias_consumer_with_no_taskflow', 'dataset_s3_bucket_consumer_with_no_taskflow' retrieved from /home/airflow/.local/lib/python3.12/site-packages/airflow/example_dags/example_dataset_alias_with_no_taskflow.py
[2026-06-28T11:01:37.843+0000] {logging_mixin.py:190} INFO - [2026-06-28T11:01:37.842+0000] {override.py:1858} INFO - Created Permission View: can edit on DAG:dataset_s3_bucket_producer_with_no_taskflow
[2026-06-28T11:01:37.857+0000] {logging_mixin.py:190} INFO - [2026-06-28T11:01:37.857+0000] {override.py:1858} INFO - Created Permission View: can delete on DAG:dataset_s3_bucket_producer_with_no_taskflow
[2026-06-28T11:01:37.863+0000] {logging_mixin.py:190} INFO - [2026-06-28T11:01:37.862+0000] {override.py:1858} INFO - Created Permission View: can read on DAG:dataset_s3_bucket_producer_with_no_taskflow
[2026-06-28T11:01:37.876+0000] {logging_mixin.py:190} INFO - [2026-06-28T11:01:37.876+0000] {override.py:1858} INFO - Created Permission View: can edit on DAG:dataset_alias_example_alias_producer_with_no_taskflow
[2026-06-28T11:01:37.884+0000] {logging_mixin.py:190} INFO - [2026-06-28T11:01:37.884+0000] {override.py:1858} INFO - Created Permission View: can delete on DAG:dataset_alias_example_alias_producer_with_no_taskflow
[2026-06-28T11:01:37.891+0000] {logging_mixin.py:190} INFO - [2026-06-28T11:01:37.891+0000] {override.py:1858} INFO - Created Permission View: can read on DAG:dataset_alias_example_alias_producer_with_no_taskflow
[2026-06-28T11:01:37.905+0000] {logging_mixin.py:190} INFO - [2026-06-28T11:01:37.904+0000] {override.py:1858} INFO - Created Permission View: can edit on DAG:dataset_alias_example_alias_consumer_with_no_taskflow
[2026-06-28T11:01:37.912+0000] {logging_mixin.py:190} INFO - [2026-06-28T11:01:37.912+0000] {override.py:1858} INFO - Created Permission View: can delete on DAG:dataset_alias_example_alias_consumer_with_no_taskflow
[2026-06-28T11:01:37.918+0000] {logging_mixin.py:190} INFO - [2026-06-28T11:01:37.918+0000] {override.py:1858} INFO - Created Permission View: can read on DAG:dataset_alias_example_alias_consumer_with_no_taskflow
[2026-06-28T11:01:37.931+0000] {logging_mixin.py:190} INFO - [2026-06-28T11:01:37.931+0000] {override.py:1858} INFO - Created Permission View: can edit on DAG:dataset_s3_bucket_consumer_with_no_taskflow
[2026-06-28T11:01:37.938+0000] {logging_mixin.py:190} INFO - [2026-06-28T11:01:37.937+0000] {override.py:1858} INFO - Created Permission View: can delete on DAG:dataset_s3_bucket_consumer_with_no_taskflow
[2026-06-28T11:01:37.946+0000] {logging_mixin.py:190} INFO - [2026-06-28T11:01:37.945+0000] {override.py:1858} INFO - Created Permission View: can read on DAG:dataset_s3_bucket_consumer_with_no_taskflow
[2026-06-28T11:01:37.946+0000] {logging_mixin.py:190} INFO - [2026-06-28T11:01:37.946+0000] {dag.py:3211} INFO - Sync 4 DAGs
[2026-06-28T11:01:37.962+0000] {logging_mixin.py:190} INFO - [2026-06-28T11:01:37.962+0000] {dag.py:3234} INFO - Creating ORM DAG for dataset_alias_example_alias_producer_with_no_taskflow
[2026-06-28T11:01:37.963+0000] {logging_mixin.py:190} INFO - [2026-06-28T11:01:37.962+0000] {dag.py:3234} INFO - Creating ORM DAG for dataset_s3_bucket_consumer_with_no_taskflow
[2026-06-28T11:01:37.963+0000] {logging_mixin.py:190} INFO - [2026-06-28T11:01:37.963+0000] {dag.py:3234} INFO - Creating ORM DAG for dataset_alias_example_alias_consumer_with_no_taskflow
[2026-06-28T11:01:37.963+0000] {logging_mixin.py:190} INFO - [2026-06-28T11:01:37.963+0000] {dag.py:3234} INFO - Creating ORM DAG for dataset_s3_bucket_producer_with_no_taskflow
[2026-06-28T11:01:37.973+0000] {logging_mixin.py:190} INFO - [2026-06-28T11:01:37.973+0000] {dag.py:4138} INFO - Setting next_dagrun for dataset_alias_example_alias_consumer_with_no_taskflow to None, run_after=None
[2026-06-28T11:01:37.974+0000] {logging_mixin.py:190} INFO - [2026-06-28T11:01:37.974+0000] {dag.py:4138} INFO - Setting next_dagrun for dataset_alias_example_alias_producer_with_no_taskflow to None, run_after=None
[2026-06-28T11:01:37.974+0000] {logging_mixin.py:190} INFO - [2026-06-28T11:01:37.974+0000] {dag.py:4138} INFO - Setting next_dagrun for dataset_s3_bucket_consumer_with_no_taskflow to None, run_after=None
[2026-06-28T11:01:37.975+0000] {logging_mixin.py:190} INFO - [2026-06-28T11:01:37.974+0000] {dag.py:4138} INFO - Setting next_dagrun for dataset_s3_bucket_producer_with_no_taskflow to None, run_after=None
[2026-06-28T11:01:38.003+0000] {processor.py:208} INFO - Processing /home/airflow/.local/lib/python3.12/site-packages/airflow/example_dags/example_dataset_alias_with_no_taskflow.py took 1.816 seconds
[2026-06-28T11:02:08.074+0000] {processor.py:186} INFO - Started process (PID=101) to work on /home/airflow/.local/lib/python3.12/site-packages/airflow/example_dags/example_dataset_alias_with_no_taskflow.py
[2026-06-28T11:02:08.075+0000] {processor.py:914} INFO - Processing file /home/airflow/.local/lib/python3.12/site-packages/airflow/example_dags/example_dataset_alias_with_no_taskflow.py for tasks to queue
[2026-06-28T11:02:08.078+0000] {logging_mixin.py:190} INFO - [2026-06-28T11:02:08.077+0000] {dagbag.py:587} INFO - Filling up the DagBag from /home/airflow/.local/lib/python3.12/site-packages/airflow/example_dags/example_dataset_alias_with_no_taskflow.py
[2026-06-28T11:02:08.268+0000] {processor.py:925} INFO - DAG(s) 'dataset_alias_example_alias_consumer_with_no_taskflow', 'dataset_s3_bucket_consumer_with_no_taskflow', 'dataset_s3_bucket_producer_with_no_taskflow', 'dataset_alias_example_alias_producer_with_no_taskflow' retrieved from /home/airflow/.local/lib/python3.12/site-packages/airflow/example_dags/example_dataset_alias_with_no_taskflow.py
[2026-06-28T11:02:08.293+0000] {logging_mixin.py:190} INFO - [2026-06-28T11:02:08.293+0000] {dag.py:3211} INFO - Sync 4 DAGs
[2026-06-28T11:02:08.315+0000] {logging_mixin.py:190} INFO - [2026-06-28T11:02:08.314+0000] {dag.py:4138} INFO - Setting next_dagrun for dataset_alias_example_alias_consumer_with_no_taskflow to None, run_after=None
[2026-06-28T11:02:08.317+0000] {logging_mixin.py:190} INFO - [2026-06-28T11:02:08.317+0000] {dag.py:4138} INFO - Setting next_dagrun for dataset_alias_example_alias_producer_with_no_taskflow to None, run_after=None
[2026-06-28T11:02:08.318+0000] {logging_mixin.py:190} INFO - [2026-06-28T11:02:08.318+0000] {dag.py:4138} INFO - Setting next_dagrun for dataset_s3_bucket_consumer_with_no_taskflow to None, run_after=None
[2026-06-28T11:02:08.319+0000] {logging_mixin.py:190} INFO - [2026-06-28T11:02:08.319+0000] {dag.py:4138} INFO - Setting next_dagrun for dataset_s3_bucket_producer_with_no_taskflow to None, run_after=None
[2026-06-28T11:02:08.340+0000] {processor.py:208} INFO - Processing /home/airflow/.local/lib/python3.12/site-packages/airflow/example_dags/example_dataset_alias_with_no_taskflow.py took 0.271 seconds
[2026-06-28T11:02:38.620+0000] {processor.py:186} INFO - Started process (PID=163) to work on /home/airflow/.local/lib/python3.12/site-packages/airflow/example_dags/example_dataset_alias_with_no_taskflow.py
[2026-06-28T11:02:38.621+0000] {processor.py:914} INFO - Processing file /home/airflow/.local/lib/python3.12/site-packages/airflow/example_dags/example_dataset_alias_with_no_taskflow.py for tasks to queue
[2026-06-28T11:02:38.623+0000] {logging_mixin.py:190} INFO - [2026-06-28T11:02:38.622+0000] {dagbag.py:587} INFO - Filling up the DagBag from /home/airflow/.local/lib/python3.12/site-packages/airflow/example_dags/example_dataset_alias_with_no_taskflow.py
[2026-06-28T11:02:38.776+0000] {processor.py:925} INFO - DAG(s) 'dataset_s3_bucket_producer_with_no_taskflow', 'dataset_alias_example_alias_consumer_with_no_taskflow', 'dataset_s3_bucket_consumer_with_no_taskflow', 'dataset_alias_example_alias_producer_with_no_taskflow' retrieved from /home/airflow/.local/lib/python3.12/site-packages/airflow/example_dags/example_dataset_alias_with_no_taskflow.py
[2026-06-28T11:02:38.799+0000] {logging_mixin.py:190} INFO - [2026-06-28T11:02:38.798+0000] {dag.py:3211} INFO - Sync 4 DAGs
[2026-06-28T11:02:38.818+0000] {logging_mixin.py:190} INFO - [2026-06-28T11:02:38.817+0000] {dag.py:4138} INFO - Setting next_dagrun for dataset_alias_example_alias_consumer_with_no_taskflow to None, run_after=None
[2026-06-28T11:02:38.820+0000] {logging_mixin.py:190} INFO - [2026-06-28T11:02:38.820+0000] {dag.py:4138} INFO - Setting next_dagrun for dataset_alias_example_alias_producer_with_no_taskflow to None, run_after=None
[2026-06-28T11:02:38.821+0000] {logging_mixin.py:190} INFO - [2026-06-28T11:02:38.821+0000] {dag.py:4138} INFO - Setting next_dagrun for dataset_s3_bucket_consumer_with_no_taskflow to None, run_after=None
[2026-06-28T11:02:38.822+0000] {logging_mixin.py:190} INFO - [2026-06-28T11:02:38.822+0000] {dag.py:4138} INFO - Setting next_dagrun for dataset_s3_bucket_producer_with_no_taskflow to None, run_after=None
[2026-06-28T11:02:38.842+0000] {processor.py:208} INFO - Processing /home/airflow/.local/lib/python3.12/site-packages/airflow/example_dags/example_dataset_alias_with_no_taskflow.py took 0.227 seconds
[2026-06-28T11:03:09.305+0000] {processor.py:186} INFO - Started process (PID=225) to work on /home/airflow/.local/lib/python3.12/site-packages/airflow/example_dags/example_dataset_alias_with_no_taskflow.py
[2026-06-28T11:03:09.306+0000] {processor.py:914} INFO - Processing file /home/airflow/.local/lib/python3.12/site-packages/airflow/example_dags/example_dataset_alias_with_no_taskflow.py for tasks to queue
[2026-06-28T11:03:09.309+0000] {logging_mixin.py:190} INFO - [2026-06-28T11:03:09.308+0000] {dagbag.py:587} INFO - Filling up the DagBag from /home/airflow/.local/lib/python3.12/site-packages/airflow/example_dags/example_dataset_alias_with_no_taskflow.py
[2026-06-28T11:03:09.593+0000] {processor.py:925} INFO - DAG(s) 'dataset_alias_example_alias_consumer_with_no_taskflow', 'dataset_alias_example_alias_producer_with_no_taskflow', 'dataset_s3_bucket_producer_with_no_taskflow', 'dataset_s3_bucket_consumer_with_no_taskflow' retrieved from /home/airflow/.local/lib/python3.12/site-packages/airflow/example_dags/example_dataset_alias_with_no_taskflow.py
[2026-06-28T11:03:09.613+0000] {logging_mixin.py:190} INFO - [2026-06-28T11:03:09.613+0000] {dag.py:3211} INFO - Sync 4 DAGs
[2026-06-28T11:03:09.635+0000] {logging_mixin.py:190} INFO - [2026-06-28T11:03:09.634+0000] {dag.py:4138} INFO - Setting next_dagrun for dataset_alias_example_alias_consumer_with_no_taskflow to None, run_after=None
[2026-06-28T11:03:09.637+0000] {logging_mixin.py:190} INFO - [2026-06-28T11:03:09.637+0000] {dag.py:4138} INFO - Setting next_dagrun for dataset_alias_example_alias_producer_with_no_taskflow to None, run_after=None
[2026-06-28T11:03:09.638+0000] {logging_mixin.py:190} INFO - [2026-06-28T11:03:09.638+0000] {dag.py:4138} INFO - Setting next_dagrun for dataset_s3_bucket_consumer_with_no_taskflow to None, run_after=None
[2026-06-28T11:03:09.639+0000] {logging_mixin.py:190} INFO - [2026-06-28T11:03:09.639+0000] {dag.py:4138} INFO - Setting next_dagrun for dataset_s3_bucket_producer_with_no_taskflow to None, run_after=None
[2026-06-28T11:03:09.663+0000] {processor.py:208} INFO - Processing /home/airflow/.local/lib/python3.12/site-packages/airflow/example_dags/example_dataset_alias_with_no_taskflow.py took 0.364 seconds
[2026-06-28T11:03:40.012+0000] {processor.py:186} INFO - Started process (PID=287) to work on /home/airflow/.local/lib/python3.12/site-packages/airflow/example_dags/example_dataset_alias_with_no_taskflow.py
[2026-06-28T11:03:40.013+0000] {processor.py:914} INFO - Processing file /home/airflow/.local/lib/python3.12/site-packages/airflow/example_dags/example_dataset_alias_with_no_taskflow.py for tasks to queue
[2026-06-28T11:03:40.015+0000] {logging_mixin.py:190} INFO - [2026-06-28T11:03:40.015+0000] {dagbag.py:587} INFO - Filling up the DagBag from /home/airflow/.local/lib/python3.12/site-packages/airflow/example_dags/example_dataset_alias_with_no_taskflow.py
[2026-06-28T11:03:40.285+0000] {processor.py:925} INFO - DAG(s) 'dataset_s3_bucket_producer_with_no_taskflow', 'dataset_alias_example_alias_consumer_with_no_taskflow', 'dataset_s3_bucket_consumer_with_no_taskflow', 'dataset_alias_example_alias_producer_with_no_taskflow' retrieved from /home/airflow/.local/lib/python3.12/site-packages/airflow/example_dags/example_dataset_alias_with_no_taskflow.py
[2026-06-28T11:03:40.310+0000] {logging_mixin.py:190} INFO - [2026-06-28T11:03:40.310+0000] {dag.py:3211} INFO - Sync 4 DAGs
[2026-06-28T11:03:40.334+0000] {logging_mixin.py:190} INFO - [2026-06-28T11:03:40.334+0000] {dag.py:4138} INFO - Setting next_dagrun for dataset_alias_example_alias_consumer_with_no_taskflow to None, run_after=None
[2026-06-28T11:03:40.337+0000] {logging_mixin.py:190} INFO - [2026-06-28T11:03:40.337+0000] {dag.py:4138} INFO - Setting next_dagrun for dataset_alias_example_alias_producer_with_no_taskflow to None, run_after=None
[2026-06-28T11:03:40.338+0000] {logging_mixin.py:190} INFO - [2026-06-28T11:03:40.338+0000] {dag.py:4138} INFO - Setting next_dagrun for dataset_s3_bucket_consumer_with_no_taskflow to None, run_after=None
[2026-06-28T11:03:40.340+0000] {logging_mixin.py:190} INFO - [2026-06-28T11:03:40.339+0000] {dag.py:4138} INFO - Setting next_dagrun for dataset_s3_bucket_producer_with_no_taskflow to None, run_after=None
[2026-06-28T11:03:40.367+0000] {processor.py:208} INFO - Processing /home/airflow/.local/lib/python3.12/site-packages/airflow/example_dags/example_dataset_alias_with_no_taskflow.py took 0.360 seconds
[2026-06-28T11:04:10.470+0000] {processor.py:186} INFO - Started process (PID=349) to work on /home/airflow/.local/lib/python3.12/site-packages/airflow/example_dags/example_dataset_alias_with_no_taskflow.py
[2026-06-28T11:04:10.472+0000] {processor.py:914} INFO - Processing file /home/airflow/.local/lib/python3.12/site-packages/airflow/example_dags/example_dataset_alias_with_no_taskflow.py for tasks to queue
[2026-06-28T11:04:10.475+0000] {logging_mixin.py:190} INFO - [2026-06-28T11:04:10.474+0000] {dagbag.py:587} INFO - Filling up the DagBag from /home/airflow/.local/lib/python3.12/site-packages/airflow/example_dags/example_dataset_alias_with_no_taskflow.py
[2026-06-28T11:04:10.747+0000] {processor.py:925} INFO - DAG(s) 'dataset_alias_example_alias_producer_with_no_taskflow', 'dataset_alias_example_alias_consumer_with_no_taskflow', 'dataset_s3_bucket_consumer_with_no_taskflow', 'dataset_s3_bucket_producer_with_no_taskflow' retrieved from /home/airflow/.local/lib/python3.12/site-packages/airflow/example_dags/example_dataset_alias_with_no_taskflow.py
[2026-06-28T11:04:10.772+0000] {logging_mixin.py:190} INFO - [2026-06-28T11:04:10.772+0000] {dag.py:3211} INFO - Sync 4 DAGs
[2026-06-28T11:04:10.798+0000] {logging_mixin.py:190} INFO - [2026-06-28T11:04:10.798+0000] {dag.py:4138} INFO - Setting next_dagrun for dataset_alias_example_alias_consumer_with_no_taskflow to None, run_after=None
[2026-06-28T11:04:10.801+0000] {logging_mixin.py:190} INFO - [2026-06-28T11:04:10.801+0000] {dag.py:4138} INFO - Setting next_dagrun for dataset_alias_example_alias_producer_with_no_taskflow to None, run_after=None
[2026-06-28T11:04:10.803+0000] {logging_mixin.py:190} INFO - [2026-06-28T11:04:10.802+0000] {dag.py:4138} INFO - Setting next_dagrun for dataset_s3_bucket_consumer_with_no_taskflow to None, run_after=None
[2026-06-28T11:04:10.804+0000] {logging_mixin.py:190} INFO - [2026-06-28T11:04:10.804+0000] {dag.py:4138} INFO - Setting next_dagrun for dataset_s3_bucket_producer_with_no_taskflow to None, run_after=None
[2026-06-28T11:04:10.831+0000] {processor.py:208} INFO - Processing /home/airflow/.local/lib/python3.12/site-packages/airflow/example_dags/example_dataset_alias_with_no_taskflow.py took 0.370 seconds
[2026-06-28T11:04:41.281+0000] {processor.py:186} INFO - Started process (PID=411) to work on /home/airflow/.local/lib/python3.12/site-packages/airflow/example_dags/example_dataset_alias_with_no_taskflow.py
[2026-06-28T11:04:41.282+0000] {processor.py:914} INFO - Processing file /home/airflow/.local/lib/python3.12/site-packages/airflow/example_dags/example_dataset_alias_with_no_taskflow.py for tasks to queue
[2026-06-28T11:04:41.284+0000] {logging_mixin.py:190} INFO - [2026-06-28T11:04:41.284+0000] {dagbag.py:587} INFO - Filling up the DagBag from /home/airflow/.local/lib/python3.12/site-packages/airflow/example_dags/example_dataset_alias_with_no_taskflow.py
[2026-06-28T11:04:41.459+0000] {processor.py:925} INFO - DAG(s) 'dataset_alias_example_alias_consumer_with_no_taskflow', 'dataset_s3_bucket_producer_with_no_taskflow', 'dataset_s3_bucket_consumer_with_no_taskflow', 'dataset_alias_example_alias_producer_with_no_taskflow' retrieved from /home/airflow/.local/lib/python3.12/site-packages/airflow/example_dags/example_dataset_alias_with_no_taskflow.py
[2026-06-28T11:04:41.483+0000] {logging_mixin.py:190} INFO - [2026-06-28T11:04:41.483+0000] {dag.py:3211} INFO - Sync 4 DAGs
[2026-06-28T11:04:41.507+0000] {logging_mixin.py:190} INFO - [2026-06-28T11:04:41.507+0000] {dag.py:4138} INFO - Setting next_dagrun for dataset_alias_example_alias_consumer_with_no_taskflow to None, run_after=None
[2026-06-28T11:04:41.509+0000] {logging_mixin.py:190} INFO - [2026-06-28T11:04:41.509+0000] {dag.py:4138} INFO - Setting next_dagrun for dataset_alias_example_alias_producer_with_no_taskflow to None, run_after=None
[2026-06-28T11:04:41.511+0000] {logging_mixin.py:190} INFO - [2026-06-28T11:04:41.511+0000] {dag.py:4138} INFO - Setting next_dagrun for dataset_s3_bucket_consumer_with_no_taskflow to None, run_after=None
[2026-06-28T11:04:41.512+0000] {logging_mixin.py:190} INFO - [2026-06-28T11:04:41.512+0000] {dag.py:4138} INFO - Setting next_dagrun for dataset_s3_bucket_producer_with_no_taskflow to None, run_after=None
[2026-06-28T11:04:41.537+0000] {processor.py:208} INFO - Processing /home/airflow/.local/lib/python3.12/site-packages/airflow/example_dags/example_dataset_alias_with_no_taskflow.py took 0.261 seconds
[2026-06-28T11:05:11.732+0000] {processor.py:186} INFO - Started process (PID=473) to work on /home/airflow/.local/lib/python3.12/site-packages/airflow/example_dags/example_dataset_alias_with_no_taskflow.py
[2026-06-28T11:05:11.733+0000] {processor.py:914} INFO - Processing file /home/airflow/.local/lib/python3.12/site-packages/airflow/example_dags/example_dataset_alias_with_no_taskflow.py for tasks to queue
[2026-06-28T11:05:11.736+0000] {logging_mixin.py:190} INFO - [2026-06-28T11:05:11.736+0000] {dagbag.py:587} INFO - Filling up the DagBag from /home/airflow/.local/lib/python3.12/site-packages/airflow/example_dags/example_dataset_alias_with_no_taskflow.py
[2026-06-28T11:05:12.026+0000] {processor.py:925} INFO - DAG(s) 'dataset_alias_example_alias_consumer_with_no_taskflow', 'dataset_s3_bucket_producer_with_no_taskflow', 'dataset_alias_example_alias_producer_with_no_taskflow', 'dataset_s3_bucket_consumer_with_no_taskflow' retrieved from /home/airflow/.local/lib/python3.12/site-packages/airflow/example_dags/example_dataset_alias_with_no_taskflow.py
[2026-06-28T11:05:12.106+0000] {logging_mixin.py:190} INFO - [2026-06-28T11:05:12.105+0000] {dag.py:3211} INFO - Sync 4 DAGs
[2026-06-28T11:05:12.168+0000] {logging_mixin.py:190} INFO - [2026-06-28T11:05:12.168+0000] {dag.py:4138} INFO - Setting next_dagrun for dataset_alias_example_alias_consumer_with_no_taskflow to None, run_after=None
[2026-06-28T11:05:12.172+0000] {logging_mixin.py:190} INFO - [2026-06-28T11:05:12.172+0000] {dag.py:4138} INFO - Setting next_dagrun for dataset_alias_example_alias_producer_with_no_taskflow to None, run_after=None
[2026-06-28T11:05:12.173+0000] {logging_mixin.py:190} INFO - [2026-06-28T11:05:12.173+0000] {dag.py:4138} INFO - Setting next_dagrun for dataset_s3_bucket_consumer_with_no_taskflow to None, run_after=None
[2026-06-28T11:05:12.175+0000] {logging_mixin.py:190} INFO - [2026-06-28T11:05:12.175+0000] {dag.py:4138} INFO - Setting next_dagrun for dataset_s3_bucket_producer_with_no_taskflow to None, run_after=None
[2026-06-28T11:05:12.227+0000] {processor.py:208} INFO - Processing /home/airflow/.local/lib/python3.12/site-packages/airflow/example_dags/example_dataset_alias_with_no_taskflow.py took 0.504 seconds
[2026-06-28T11:05:42.374+0000] {processor.py:186} INFO - Started process (PID=535) to work on /home/airflow/.local/lib/python3.12/site-packages/airflow/example_dags/example_dataset_alias_with_no_taskflow.py
[2026-06-28T11:05:42.375+0000] {processor.py:914} INFO - Processing file /home/airflow/.local/lib/python3.12/site-packages/airflow/example_dags/example_dataset_alias_with_no_taskflow.py for tasks to queue
[2026-06-28T11:05:42.379+0000] {logging_mixin.py:190} INFO - [2026-06-28T11:05:42.378+0000] {dagbag.py:587} INFO - Filling up the DagBag from /home/airflow/.local/lib/python3.12/site-packages/airflow/example_dags/example_dataset_alias_with_no_taskflow.py
[2026-06-28T11:05:42.590+0000] {processor.py:925} INFO - DAG(s) 'dataset_alias_example_alias_producer_with_no_taskflow', 'dataset_s3_bucket_producer_with_no_taskflow', 'dataset_alias_example_alias_consumer_with_no_taskflow', 'dataset_s3_bucket_consumer_with_no_taskflow' retrieved from /home/airflow/.local/lib/python3.12/site-packages/airflow/example_dags/example_dataset_alias_with_no_taskflow.py
[2026-06-28T11:05:42.618+0000] {logging_mixin.py:190} INFO - [2026-06-28T11:05:42.617+0000] {dag.py:3211} INFO - Sync 4 DAGs
[2026-06-28T11:05:42.649+0000] {logging_mixin.py:190} INFO - [2026-06-28T11:05:42.648+0000] {dag.py:4138} INFO - Setting next_dagrun for dataset_alias_example_alias_consumer_with_no_taskflow to None, run_after=None
[2026-06-28T11:05:42.653+0000] {logging_mixin.py:190} INFO - [2026-06-28T11:05:42.652+0000] {dag.py:4138} INFO - Setting next_dagrun for dataset_alias_example_alias_producer_with_no_taskflow to None, run_after=None
[2026-06-28T11:05:42.654+0000] {logging_mixin.py:190} INFO - [2026-06-28T11:05:42.654+0000] {dag.py:4138} INFO - Setting next_dagrun for dataset_s3_bucket_consumer_with_no_taskflow to None, run_after=None
[2026-06-28T11:05:42.655+0000] {logging_mixin.py:190} INFO - [2026-06-28T11:05:42.655+0000] {dag.py:4138} INFO - Setting next_dagrun for dataset_s3_bucket_producer_with_no_taskflow to None, run_after=None
[2026-06-28T11:05:42.686+0000] {processor.py:208} INFO - Processing /home/airflow/.local/lib/python3.12/site-packages/airflow/example_dags/example_dataset_alias_with_no_taskflow.py took 0.320 seconds
[2026-06-28T11:06:12.929+0000] {processor.py:186} INFO - Started process (PID=596) to work on /home/airflow/.local/lib/python3.12/site-packages/airflow/example_dags/example_dataset_alias_with_no_taskflow.py
[2026-06-28T11:06:12.930+0000] {processor.py:914} INFO - Processing file /home/airflow/.local/lib/python3.12/site-packages/airflow/example_dags/example_dataset_alias_with_no_taskflow.py for tasks to queue
[2026-06-28T11:06:12.934+0000] {logging_mixin.py:190} INFO - [2026-06-28T11:06:12.934+0000] {dagbag.py:587} INFO - Filling up the DagBag from /home/airflow/.local/lib/python3.12/site-packages/airflow/example_dags/example_dataset_alias_with_no_taskflow.py
[2026-06-28T11:06:13.138+0000] {processor.py:925} INFO - DAG(s) 'dataset_alias_example_alias_producer_with_no_taskflow', 'dataset_alias_example_alias_consumer_with_no_taskflow', 'dataset_s3_bucket_consumer_with_no_taskflow', 'dataset_s3_bucket_producer_with_no_taskflow' retrieved from /home/airflow/.local/lib/python3.12/site-packages/airflow/example_dags/example_dataset_alias_with_no_taskflow.py
[2026-06-28T11:06:13.162+0000] {logging_mixin.py:190} INFO - [2026-06-28T11:06:13.162+0000] {dag.py:3211} INFO - Sync 4 DAGs
[2026-06-28T11:06:13.190+0000] {logging_mixin.py:190} INFO - [2026-06-28T11:06:13.189+0000] {dag.py:4138} INFO - Setting next_dagrun for dataset_alias_example_alias_consumer_with_no_taskflow to None, run_after=None
[2026-06-28T11:06:13.192+0000] {logging_mixin.py:190} INFO - [2026-06-28T11:06:13.192+0000] {dag.py:4138} INFO - Setting next_dagrun for dataset_alias_example_alias_producer_with_no_taskflow to None, run_after=None
[2026-06-28T11:06:13.193+0000] {logging_mixin.py:190} INFO - [2026-06-28T11:06:13.193+0000] {dag.py:4138} INFO - Setting next_dagrun for dataset_s3_bucket_consumer_with_no_taskflow to None, run_after=None
[2026-06-28T11:06:13.196+0000] {logging_mixin.py:190} INFO - [2026-06-28T11:06:13.196+0000] {dag.py:4138} INFO - Setting next_dagrun for dataset_s3_bucket_producer_with_no_taskflow to None, run_after=None
[2026-06-28T11:06:13.230+0000] {processor.py:208} INFO - Processing /home/airflow/.local/lib/python3.12/site-packages/airflow/example_dags/example_dataset_alias_with_no_taskflow.py took 0.311 seconds
[2026-06-28T11:06:43.344+0000] {processor.py:186} INFO - Started process (PID=664) to work on /home/airflow/.local/lib/python3.12/site-packages/airflow/example_dags/example_dataset_alias_with_no_taskflow.py
[2026-06-28T11:06:43.345+0000] {processor.py:914} INFO - Processing file /home/airflow/.local/lib/python3.12/site-packages/airflow/example_dags/example_dataset_alias_with_no_taskflow.py for tasks to queue
[2026-06-28T11:06:43.348+0000] {logging_mixin.py:190} INFO - [2026-06-28T11:06:43.347+0000] {dagbag.py:587} INFO - Filling up the DagBag from /home/airflow/.local/lib/python3.12/site-packages/airflow/example_dags/example_dataset_alias_with_no_taskflow.py
[2026-06-28T11:06:43.549+0000] {processor.py:925} INFO - DAG(s) 'dataset_s3_bucket_consumer_with_no_taskflow', 'dataset_alias_example_alias_producer_with_no_taskflow', 'dataset_s3_bucket_producer_with_no_taskflow', 'dataset_alias_example_alias_consumer_with_no_taskflow' retrieved from /home/airflow/.local/lib/python3.12/site-packages/airflow/example_dags/example_dataset_alias_with_no_taskflow.py
[2026-06-28T11:06:43.579+0000] {logging_mixin.py:190} INFO - [2026-06-28T11:06:43.579+0000] {dag.py:3211} INFO - Sync 4 DAGs
[2026-06-28T11:06:43.612+0000] {logging_mixin.py:190} INFO - [2026-06-28T11:06:43.612+0000] {dag.py:4138} INFO - Setting next_dagrun for dataset_alias_example_alias_consumer_with_no_taskflow to None, run_after=None
[2026-06-28T11:06:43.618+0000] {logging_mixin.py:190} INFO - [2026-06-28T11:06:43.618+0000] {dag.py:4138} INFO - Setting next_dagrun for dataset_alias_example_alias_producer_with_no_taskflow to None, run_after=None
[2026-06-28T11:06:43.621+0000] {logging_mixin.py:190} INFO - [2026-06-28T11:06:43.621+0000] {dag.py:4138} INFO - Setting next_dagrun for dataset_s3_bucket_consumer_with_no_taskflow to None, run_after=None
[2026-06-28T11:06:43.623+0000] {logging_mixin.py:190} INFO - [2026-06-28T11:06:43.622+0000] {dag.py:4138} INFO - Setting next_dagrun for dataset_s3_bucket_producer_with_no_taskflow to None, run_after=None
[2026-06-28T11:06:43.653+0000] {processor.py:208} INFO - Processing /home/airflow/.local/lib/python3.12/site-packages/airflow/example_dags/example_dataset_alias_with_no_taskflow.py took 0.317 seconds
[2026-06-28T11:07:13.957+0000] {processor.py:186} INFO - Started process (PID=726) to work on /home/airflow/.local/lib/python3.12/site-packages/airflow/example_dags/example_dataset_alias_with_no_taskflow.py
[2026-06-28T11:07:13.958+0000] {processor.py:914} INFO - Processing file /home/airflow/.local/lib/python3.12/site-packages/airflow/example_dags/example_dataset_alias_with_no_taskflow.py for tasks to queue
[2026-06-28T11:07:13.960+0000] {logging_mixin.py:190} INFO - [2026-06-28T11:07:13.960+0000] {dagbag.py:587} INFO - Filling up the DagBag from /home/airflow/.local/lib/python3.12/site-packages/airflow/example_dags/example_dataset_alias_with_no_taskflow.py
[2026-06-28T11:07:14.135+0000] {processor.py:925} INFO - DAG(s) 'dataset_s3_bucket_consumer_with_no_taskflow', 'dataset_s3_bucket_producer_with_no_taskflow', 'dataset_alias_example_alias_producer_with_no_taskflow', 'dataset_alias_example_alias_consumer_with_no_taskflow' retrieved from /home/airflow/.local/lib/python3.12/site-packages/airflow/example_dags/example_dataset_alias_with_no_taskflow.py
[2026-06-28T11:07:14.160+0000] {logging_mixin.py:190} INFO - [2026-06-28T11:07:14.160+0000] {dag.py:3211} INFO - Sync 4 DAGs
[2026-06-28T11:07:14.185+0000] {logging_mixin.py:190} INFO - [2026-06-28T11:07:14.185+0000] {dag.py:4138} INFO - Setting next_dagrun for dataset_alias_example_alias_consumer_with_no_taskflow to None, run_after=None
[2026-06-28T11:07:14.188+0000] {logging_mixin.py:190} INFO - [2026-06-28T11:07:14.188+0000] {dag.py:4138} INFO - Setting next_dagrun for dataset_alias_example_alias_producer_with_no_taskflow to None, run_after=None
[2026-06-28T11:07:14.190+0000] {logging_mixin.py:190} INFO - [2026-06-28T11:07:14.190+0000] {dag.py:4138} INFO - Setting next_dagrun for dataset_s3_bucket_consumer_with_no_taskflow to None, run_after=None
[2026-06-28T11:07:14.191+0000] {logging_mixin.py:190} INFO - [2026-06-28T11:07:14.191+0000] {dag.py:4138} INFO - Setting next_dagrun for dataset_s3_bucket_producer_with_no_taskflow to None, run_after=None
[2026-06-28T11:07:14.219+0000] {processor.py:208} INFO - Processing /home/airflow/.local/lib/python3.12/site-packages/airflow/example_dags/example_dataset_alias_with_no_taskflow.py took 0.267 seconds
[2026-06-28T11:07:44.432+0000] {processor.py:186} INFO - Started process (PID=788) to work on /home/airflow/.local/lib/python3.12/site-packages/airflow/example_dags/example_dataset_alias_with_no_taskflow.py
[2026-06-28T11:07:44.434+0000] {processor.py:914} INFO - Processing file /home/airflow/.local/lib/python3.12/site-packages/airflow/example_dags/example_dataset_alias_with_no_taskflow.py for tasks to queue
[2026-06-28T11:07:44.437+0000] {logging_mixin.py:190} INFO - [2026-06-28T11:07:44.437+0000] {dagbag.py:587} INFO - Filling up the DagBag from /home/airflow/.local/lib/python3.12/site-packages/airflow/example_dags/example_dataset_alias_with_no_taskflow.py
[2026-06-28T11:07:44.660+0000] {processor.py:925} INFO - DAG(s) 'dataset_s3_bucket_producer_with_no_taskflow', 'dataset_alias_example_alias_producer_with_no_taskflow', 'dataset_s3_bucket_consumer_with_no_taskflow', 'dataset_alias_example_alias_consumer_with_no_taskflow' retrieved from /home/airflow/.local/lib/python3.12/site-packages/airflow/example_dags/example_dataset_alias_with_no_taskflow.py
[2026-06-28T11:07:44.687+0000] {logging_mixin.py:190} INFO - [2026-06-28T11:07:44.686+0000] {dag.py:3211} INFO - Sync 4 DAGs
[2026-06-28T11:07:44.712+0000] {logging_mixin.py:190} INFO - [2026-06-28T11:07:44.711+0000] {dag.py:4138} INFO - Setting next_dagrun for dataset_alias_example_alias_consumer_with_no_taskflow to None, run_after=None
[2026-06-28T11:07:44.714+0000] {logging_mixin.py:190} INFO - [2026-06-28T11:07:44.714+0000] {dag.py:4138} INFO - Setting next_dagrun for dataset_alias_example_alias_producer_with_no_taskflow to None, run_after=None
[2026-06-28T11:07:44.715+0000] {logging_mixin.py:190} INFO - [2026-06-28T11:07:44.715+0000] {dag.py:4138} INFO - Setting next_dagrun for dataset_s3_bucket_consumer_with_no_taskflow to None, run_after=None
[2026-06-28T11:07:44.716+0000] {logging_mixin.py:190} INFO - [2026-06-28T11:07:44.716+0000] {dag.py:4138} INFO - Setting next_dagrun for dataset_s3_bucket_producer_with_no_taskflow to None, run_after=None
[2026-06-28T11:07:44.743+0000] {processor.py:208} INFO - Processing /home/airflow/.local/lib/python3.12/site-packages/airflow/example_dags/example_dataset_alias_with_no_taskflow.py took 0.320 seconds
[2026-06-28T11:08:14.890+0000] {processor.py:186} INFO - Started process (PID=850) to work on /home/airflow/.local/lib/python3.12/site-packages/airflow/example_dags/example_dataset_alias_with_no_taskflow.py
[2026-06-28T11:08:14.891+0000] {processor.py:914} INFO - Processing file /home/airflow/.local/lib/python3.12/site-packages/airflow/example_dags/example_dataset_alias_with_no_taskflow.py for tasks to queue
[2026-06-28T11:08:14.893+0000] {logging_mixin.py:190} INFO - [2026-06-28T11:08:14.893+0000] {dagbag.py:587} INFO - Filling up the DagBag from /home/airflow/.local/lib/python3.12/site-packages/airflow/example_dags/example_dataset_alias_with_no_taskflow.py
[2026-06-28T11:08:15.061+0000] {processor.py:925} INFO - DAG(s) 'dataset_alias_example_alias_producer_with_no_taskflow', 'dataset_s3_bucket_producer_with_no_taskflow', 'dataset_s3_bucket_consumer_with_no_taskflow', 'dataset_alias_example_alias_consumer_with_no_taskflow' retrieved from /home/airflow/.local/lib/python3.12/site-packages/airflow/example_dags/example_dataset_alias_with_no_taskflow.py
[2026-06-28T11:08:15.083+0000] {logging_mixin.py:190} INFO - [2026-06-28T11:08:15.083+0000] {dag.py:3211} INFO - Sync 4 DAGs
[2026-06-28T11:08:15.107+0000] {logging_mixin.py:190} INFO - [2026-06-28T11:08:15.107+0000] {dag.py:4138} INFO - Setting next_dagrun for dataset_alias_example_alias_consumer_with_no_taskflow to None, run_after=None
[2026-06-28T11:08:15.110+0000] {logging_mixin.py:190} INFO - [2026-06-28T11:08:15.109+0000] {dag.py:4138} INFO - Setting next_dagrun for dataset_alias_example_alias_producer_with_no_taskflow to None, run_after=None
[2026-06-28T11:08:15.111+0000] {logging_mixin.py:190} INFO - [2026-06-28T11:08:15.111+0000] {dag.py:4138} INFO - Setting next_dagrun for dataset_s3_bucket_consumer_with_no_taskflow to None, run_after=None
[2026-06-28T11:08:15.112+0000] {logging_mixin.py:190} INFO - [2026-06-28T11:08:15.112+0000] {dag.py:4138} INFO - Setting next_dagrun for dataset_s3_bucket_producer_with_no_taskflow to None, run_after=None
[2026-06-28T11:08:15.136+0000] {processor.py:208} INFO - Processing /home/airflow/.local/lib/python3.12/site-packages/airflow/example_dags/example_dataset_alias_with_no_taskflow.py took 0.251 seconds
