[2026-06-28T11:01:35.434+0000] {processor.py:186} INFO - Started process (PID=35) to work on /home/airflow/.local/lib/python3.12/site-packages/airflow/example_dags/example_branch_python_dop_operator_3.py
[2026-06-28T11:01:35.435+0000] {processor.py:914} INFO - Processing file /home/airflow/.local/lib/python3.12/site-packages/airflow/example_dags/example_branch_python_dop_operator_3.py for tasks to queue
[2026-06-28T11:01:35.436+0000] {logging_mixin.py:190} INFO - [2026-06-28T11:01:35.436+0000] {dagbag.py:587} INFO - Filling up the DagBag from /home/airflow/.local/lib/python3.12/site-packages/airflow/example_dags/example_branch_python_dop_operator_3.py
[2026-06-28T11:01:35.448+0000] {processor.py:925} INFO - DAG(s) 'example_branch_dop_operator_v3' retrieved from /home/airflow/.local/lib/python3.12/site-packages/airflow/example_dags/example_branch_python_dop_operator_3.py
[2026-06-28T11:01:35.582+0000] {logging_mixin.py:190} INFO - [2026-06-28T11:01:35.581+0000] {override.py:1858} INFO - Created Permission View: can edit on DAG:example_branch_dop_operator_v3
[2026-06-28T11:01:35.590+0000] {logging_mixin.py:190} INFO - [2026-06-28T11:01:35.590+0000] {override.py:1858} INFO - Created Permission View: can delete on DAG:example_branch_dop_operator_v3
[2026-06-28T11:01:35.595+0000] {logging_mixin.py:190} INFO - [2026-06-28T11:01:35.595+0000] {override.py:1858} INFO - Created Permission View: can read on DAG:example_branch_dop_operator_v3
[2026-06-28T11:01:35.596+0000] {logging_mixin.py:190} INFO - [2026-06-28T11:01:35.596+0000] {dag.py:3211} INFO - Sync 1 DAGs
[2026-06-28T11:01:35.609+0000] {logging_mixin.py:190} INFO - [2026-06-28T11:01:35.609+0000] {dag.py:3234} INFO - Creating ORM DAG for example_branch_dop_operator_v3
[2026-06-28T11:01:35.621+0000] {logging_mixin.py:190} INFO - [2026-06-28T11:01:35.621+0000] {dag.py:4138} INFO - Setting next_dagrun for example_branch_dop_operator_v3 to 2026-06-28 11:00:00+00:00, run_after=2026-06-28 11:01:00+00:00
[2026-06-28T11:01:35.634+0000] {processor.py:208} INFO - Processing /home/airflow/.local/lib/python3.12/site-packages/airflow/example_dags/example_branch_python_dop_operator_3.py took 0.206 seconds
[2026-06-28T11:02:05.721+0000] {processor.py:186} INFO - Started process (PID=96) to work on /home/airflow/.local/lib/python3.12/site-packages/airflow/example_dags/example_branch_python_dop_operator_3.py
[2026-06-28T11:02:05.722+0000] {processor.py:914} INFO - Processing file /home/airflow/.local/lib/python3.12/site-packages/airflow/example_dags/example_branch_python_dop_operator_3.py for tasks to queue
[2026-06-28T11:02:05.725+0000] {logging_mixin.py:190} INFO - [2026-06-28T11:02:05.724+0000] {dagbag.py:587} INFO - Filling up the DagBag from /home/airflow/.local/lib/python3.12/site-packages/airflow/example_dags/example_branch_python_dop_operator_3.py
[2026-06-28T11:02:05.735+0000] {processor.py:925} INFO - DAG(s) 'example_branch_dop_operator_v3' retrieved from /home/airflow/.local/lib/python3.12/site-packages/airflow/example_dags/example_branch_python_dop_operator_3.py
[2026-06-28T11:02:05.757+0000] {logging_mixin.py:190} INFO - [2026-06-28T11:02:05.757+0000] {dag.py:3211} INFO - Sync 1 DAGs
[2026-06-28T11:02:05.782+0000] {logging_mixin.py:190} INFO - [2026-06-28T11:02:05.782+0000] {dag.py:4138} INFO - Setting next_dagrun for example_branch_dop_operator_v3 to 2026-06-28 11:01:00+00:00, run_after=2026-06-28 11:02:00+00:00
[2026-06-28T11:02:05.800+0000] {processor.py:208} INFO - Processing /home/airflow/.local/lib/python3.12/site-packages/airflow/example_dags/example_branch_python_dop_operator_3.py took 0.084 seconds
[2026-06-28T11:02:36.372+0000] {processor.py:186} INFO - Started process (PID=158) to work on /home/airflow/.local/lib/python3.12/site-packages/airflow/example_dags/example_branch_python_dop_operator_3.py
[2026-06-28T11:02:36.373+0000] {processor.py:914} INFO - Processing file /home/airflow/.local/lib/python3.12/site-packages/airflow/example_dags/example_branch_python_dop_operator_3.py for tasks to queue
[2026-06-28T11:02:36.375+0000] {logging_mixin.py:190} INFO - [2026-06-28T11:02:36.374+0000] {dagbag.py:587} INFO - Filling up the DagBag from /home/airflow/.local/lib/python3.12/site-packages/airflow/example_dags/example_branch_python_dop_operator_3.py
[2026-06-28T11:02:36.384+0000] {processor.py:925} INFO - DAG(s) 'example_branch_dop_operator_v3' retrieved from /home/airflow/.local/lib/python3.12/site-packages/airflow/example_dags/example_branch_python_dop_operator_3.py
[2026-06-28T11:02:36.406+0000] {logging_mixin.py:190} INFO - [2026-06-28T11:02:36.406+0000] {dag.py:3211} INFO - Sync 1 DAGs
[2026-06-28T11:02:36.431+0000] {logging_mixin.py:190} INFO - [2026-06-28T11:02:36.431+0000] {dag.py:4138} INFO - Setting next_dagrun for example_branch_dop_operator_v3 to 2026-06-28 11:01:00+00:00, run_after=2026-06-28 11:02:00+00:00
[2026-06-28T11:02:36.449+0000] {processor.py:208} INFO - Processing /home/airflow/.local/lib/python3.12/site-packages/airflow/example_dags/example_branch_python_dop_operator_3.py took 0.082 seconds
[2026-06-28T11:03:07.154+0000] {processor.py:186} INFO - Started process (PID=221) to work on /home/airflow/.local/lib/python3.12/site-packages/airflow/example_dags/example_branch_python_dop_operator_3.py
[2026-06-28T11:03:07.155+0000] {processor.py:914} INFO - Processing file /home/airflow/.local/lib/python3.12/site-packages/airflow/example_dags/example_branch_python_dop_operator_3.py for tasks to queue
[2026-06-28T11:03:07.157+0000] {logging_mixin.py:190} INFO - [2026-06-28T11:03:07.157+0000] {dagbag.py:587} INFO - Filling up the DagBag from /home/airflow/.local/lib/python3.12/site-packages/airflow/example_dags/example_branch_python_dop_operator_3.py
[2026-06-28T11:03:07.167+0000] {processor.py:925} INFO - DAG(s) 'example_branch_dop_operator_v3' retrieved from /home/airflow/.local/lib/python3.12/site-packages/airflow/example_dags/example_branch_python_dop_operator_3.py
[2026-06-28T11:03:07.189+0000] {logging_mixin.py:190} INFO - [2026-06-28T11:03:07.189+0000] {dag.py:3211} INFO - Sync 1 DAGs
[2026-06-28T11:03:07.215+0000] {logging_mixin.py:190} INFO - [2026-06-28T11:03:07.215+0000] {dag.py:4138} INFO - Setting next_dagrun for example_branch_dop_operator_v3 to 2026-06-28 11:02:00+00:00, run_after=2026-06-28 11:03:00+00:00
[2026-06-28T11:03:07.240+0000] {processor.py:208} INFO - Processing /home/airflow/.local/lib/python3.12/site-packages/airflow/example_dags/example_branch_python_dop_operator_3.py took 0.091 seconds
[2026-06-28T11:03:37.851+0000] {processor.py:186} INFO - Started process (PID=283) to work on /home/airflow/.local/lib/python3.12/site-packages/airflow/example_dags/example_branch_python_dop_operator_3.py
[2026-06-28T11:03:37.852+0000] {processor.py:914} INFO - Processing file /home/airflow/.local/lib/python3.12/site-packages/airflow/example_dags/example_branch_python_dop_operator_3.py for tasks to queue
[2026-06-28T11:03:37.855+0000] {logging_mixin.py:190} INFO - [2026-06-28T11:03:37.854+0000] {dagbag.py:587} INFO - Filling up the DagBag from /home/airflow/.local/lib/python3.12/site-packages/airflow/example_dags/example_branch_python_dop_operator_3.py
[2026-06-28T11:03:37.869+0000] {processor.py:925} INFO - DAG(s) 'example_branch_dop_operator_v3' retrieved from /home/airflow/.local/lib/python3.12/site-packages/airflow/example_dags/example_branch_python_dop_operator_3.py
[2026-06-28T11:03:37.899+0000] {logging_mixin.py:190} INFO - [2026-06-28T11:03:37.899+0000] {dag.py:3211} INFO - Sync 1 DAGs
[2026-06-28T11:03:37.934+0000] {logging_mixin.py:190} INFO - [2026-06-28T11:03:37.933+0000] {dag.py:4138} INFO - Setting next_dagrun for example_branch_dop_operator_v3 to 2026-06-28 11:02:00+00:00, run_after=2026-06-28 11:03:00+00:00
[2026-06-28T11:03:37.954+0000] {processor.py:208} INFO - Processing /home/airflow/.local/lib/python3.12/site-packages/airflow/example_dags/example_branch_python_dop_operator_3.py took 0.110 seconds
[2026-06-28T11:04:08.272+0000] {processor.py:186} INFO - Started process (PID=345) to work on /home/airflow/.local/lib/python3.12/site-packages/airflow/example_dags/example_branch_python_dop_operator_3.py
[2026-06-28T11:04:08.274+0000] {processor.py:914} INFO - Processing file /home/airflow/.local/lib/python3.12/site-packages/airflow/example_dags/example_branch_python_dop_operator_3.py for tasks to queue
[2026-06-28T11:04:08.277+0000] {logging_mixin.py:190} INFO - [2026-06-28T11:04:08.277+0000] {dagbag.py:587} INFO - Filling up the DagBag from /home/airflow/.local/lib/python3.12/site-packages/airflow/example_dags/example_branch_python_dop_operator_3.py
[2026-06-28T11:04:08.293+0000] {processor.py:925} INFO - DAG(s) 'example_branch_dop_operator_v3' retrieved from /home/airflow/.local/lib/python3.12/site-packages/airflow/example_dags/example_branch_python_dop_operator_3.py
[2026-06-28T11:04:08.326+0000] {logging_mixin.py:190} INFO - [2026-06-28T11:04:08.326+0000] {dag.py:3211} INFO - Sync 1 DAGs
[2026-06-28T11:04:08.360+0000] {logging_mixin.py:190} INFO - [2026-06-28T11:04:08.360+0000] {dag.py:4138} INFO - Setting next_dagrun for example_branch_dop_operator_v3 to 2026-06-28 11:03:00+00:00, run_after=2026-06-28 11:04:00+00:00
[2026-06-28T11:04:08.390+0000] {processor.py:208} INFO - Processing /home/airflow/.local/lib/python3.12/site-packages/airflow/example_dags/example_branch_python_dop_operator_3.py took 0.126 seconds
[2026-06-28T11:04:39.060+0000] {processor.py:186} INFO - Started process (PID=407) to work on /home/airflow/.local/lib/python3.12/site-packages/airflow/example_dags/example_branch_python_dop_operator_3.py
[2026-06-28T11:04:39.061+0000] {processor.py:914} INFO - Processing file /home/airflow/.local/lib/python3.12/site-packages/airflow/example_dags/example_branch_python_dop_operator_3.py for tasks to queue
[2026-06-28T11:04:39.064+0000] {logging_mixin.py:190} INFO - [2026-06-28T11:04:39.063+0000] {dagbag.py:587} INFO - Filling up the DagBag from /home/airflow/.local/lib/python3.12/site-packages/airflow/example_dags/example_branch_python_dop_operator_3.py
[2026-06-28T11:04:39.076+0000] {processor.py:925} INFO - DAG(s) 'example_branch_dop_operator_v3' retrieved from /home/airflow/.local/lib/python3.12/site-packages/airflow/example_dags/example_branch_python_dop_operator_3.py
[2026-06-28T11:04:39.106+0000] {logging_mixin.py:190} INFO - [2026-06-28T11:04:39.106+0000] {dag.py:3211} INFO - Sync 1 DAGs
[2026-06-28T11:04:39.135+0000] {logging_mixin.py:190} INFO - [2026-06-28T11:04:39.134+0000] {dag.py:4138} INFO - Setting next_dagrun for example_branch_dop_operator_v3 to 2026-06-28 11:03:00+00:00, run_after=2026-06-28 11:04:00+00:00
[2026-06-28T11:04:39.155+0000] {processor.py:208} INFO - Processing /home/airflow/.local/lib/python3.12/site-packages/airflow/example_dags/example_branch_python_dop_operator_3.py took 0.102 seconds
[2026-06-28T11:05:10.145+0000] {processor.py:186} INFO - Started process (PID=469) to work on /home/airflow/.local/lib/python3.12/site-packages/airflow/example_dags/example_branch_python_dop_operator_3.py
[2026-06-28T11:05:10.153+0000] {processor.py:914} INFO - Processing file /home/airflow/.local/lib/python3.12/site-packages/airflow/example_dags/example_branch_python_dop_operator_3.py for tasks to queue
[2026-06-28T11:05:10.156+0000] {logging_mixin.py:190} INFO - [2026-06-28T11:05:10.156+0000] {dagbag.py:587} INFO - Filling up the DagBag from /home/airflow/.local/lib/python3.12/site-packages/airflow/example_dags/example_branch_python_dop_operator_3.py
[2026-06-28T11:05:10.170+0000] {processor.py:925} INFO - DAG(s) 'example_branch_dop_operator_v3' retrieved from /home/airflow/.local/lib/python3.12/site-packages/airflow/example_dags/example_branch_python_dop_operator_3.py
[2026-06-28T11:05:10.198+0000] {logging_mixin.py:190} INFO - [2026-06-28T11:05:10.197+0000] {dag.py:3211} INFO - Sync 1 DAGs
[2026-06-28T11:05:10.230+0000] {logging_mixin.py:190} INFO - [2026-06-28T11:05:10.230+0000] {dag.py:4138} INFO - Setting next_dagrun for example_branch_dop_operator_v3 to 2026-06-28 11:04:00+00:00, run_after=2026-06-28 11:05:00+00:00
[2026-06-28T11:05:10.255+0000] {processor.py:208} INFO - Processing /home/airflow/.local/lib/python3.12/site-packages/airflow/example_dags/example_branch_python_dop_operator_3.py took 0.117 seconds
[2026-06-28T11:05:40.993+0000] {processor.py:186} INFO - Started process (PID=531) to work on /home/airflow/.local/lib/python3.12/site-packages/airflow/example_dags/example_branch_python_dop_operator_3.py
[2026-06-28T11:05:40.994+0000] {processor.py:914} INFO - Processing file /home/airflow/.local/lib/python3.12/site-packages/airflow/example_dags/example_branch_python_dop_operator_3.py for tasks to queue
[2026-06-28T11:05:40.997+0000] {logging_mixin.py:190} INFO - [2026-06-28T11:05:40.997+0000] {dagbag.py:587} INFO - Filling up the DagBag from /home/airflow/.local/lib/python3.12/site-packages/airflow/example_dags/example_branch_python_dop_operator_3.py
[2026-06-28T11:05:41.011+0000] {processor.py:925} INFO - DAG(s) 'example_branch_dop_operator_v3' retrieved from /home/airflow/.local/lib/python3.12/site-packages/airflow/example_dags/example_branch_python_dop_operator_3.py
[2026-06-28T11:05:41.044+0000] {logging_mixin.py:190} INFO - [2026-06-28T11:05:41.044+0000] {dag.py:3211} INFO - Sync 1 DAGs
[2026-06-28T11:05:41.072+0000] {logging_mixin.py:190} INFO - [2026-06-28T11:05:41.071+0000] {dag.py:4138} INFO - Setting next_dagrun for example_branch_dop_operator_v3 to 2026-06-28 11:04:00+00:00, run_after=2026-06-28 11:05:00+00:00
[2026-06-28T11:05:41.094+0000] {processor.py:208} INFO - Processing /home/airflow/.local/lib/python3.12/site-packages/airflow/example_dags/example_branch_python_dop_operator_3.py took 0.109 seconds
[2026-06-28T11:06:11.695+0000] {processor.py:186} INFO - Started process (PID=592) to work on /home/airflow/.local/lib/python3.12/site-packages/airflow/example_dags/example_branch_python_dop_operator_3.py
[2026-06-28T11:06:11.696+0000] {processor.py:914} INFO - Processing file /home/airflow/.local/lib/python3.12/site-packages/airflow/example_dags/example_branch_python_dop_operator_3.py for tasks to queue
[2026-06-28T11:06:11.699+0000] {logging_mixin.py:190} INFO - [2026-06-28T11:06:11.698+0000] {dagbag.py:587} INFO - Filling up the DagBag from /home/airflow/.local/lib/python3.12/site-packages/airflow/example_dags/example_branch_python_dop_operator_3.py
[2026-06-28T11:06:11.711+0000] {processor.py:925} INFO - DAG(s) 'example_branch_dop_operator_v3' retrieved from /home/airflow/.local/lib/python3.12/site-packages/airflow/example_dags/example_branch_python_dop_operator_3.py
[2026-06-28T11:06:11.738+0000] {logging_mixin.py:190} INFO - [2026-06-28T11:06:11.738+0000] {dag.py:3211} INFO - Sync 1 DAGs
[2026-06-28T11:06:11.776+0000] {logging_mixin.py:190} INFO - [2026-06-28T11:06:11.776+0000] {dag.py:4138} INFO - Setting next_dagrun for example_branch_dop_operator_v3 to 2026-06-28 11:05:00+00:00, run_after=2026-06-28 11:06:00+00:00
[2026-06-28T11:06:11.809+0000] {processor.py:208} INFO - Processing /home/airflow/.local/lib/python3.12/site-packages/airflow/example_dags/example_branch_python_dop_operator_3.py took 0.120 seconds
[2026-06-28T11:06:42.053+0000] {processor.py:186} INFO - Started process (PID=654) to work on /home/airflow/.local/lib/python3.12/site-packages/airflow/example_dags/example_branch_python_dop_operator_3.py
[2026-06-28T11:06:42.054+0000] {processor.py:914} INFO - Processing file /home/airflow/.local/lib/python3.12/site-packages/airflow/example_dags/example_branch_python_dop_operator_3.py for tasks to queue
[2026-06-28T11:06:42.057+0000] {logging_mixin.py:190} INFO - [2026-06-28T11:06:42.057+0000] {dagbag.py:587} INFO - Filling up the DagBag from /home/airflow/.local/lib/python3.12/site-packages/airflow/example_dags/example_branch_python_dop_operator_3.py
[2026-06-28T11:06:42.070+0000] {processor.py:925} INFO - DAG(s) 'example_branch_dop_operator_v3' retrieved from /home/airflow/.local/lib/python3.12/site-packages/airflow/example_dags/example_branch_python_dop_operator_3.py
[2026-06-28T11:06:42.099+0000] {logging_mixin.py:190} INFO - [2026-06-28T11:06:42.099+0000] {dag.py:3211} INFO - Sync 1 DAGs
[2026-06-28T11:06:42.131+0000] {logging_mixin.py:190} INFO - [2026-06-28T11:06:42.131+0000] {dag.py:4138} INFO - Setting next_dagrun for example_branch_dop_operator_v3 to 2026-06-28 11:05:00+00:00, run_after=2026-06-28 11:06:00+00:00
[2026-06-28T11:06:42.159+0000] {processor.py:208} INFO - Processing /home/airflow/.local/lib/python3.12/site-packages/airflow/example_dags/example_branch_python_dop_operator_3.py took 0.113 seconds
[2026-06-28T11:07:12.800+0000] {processor.py:186} INFO - Started process (PID=716) to work on /home/airflow/.local/lib/python3.12/site-packages/airflow/example_dags/example_branch_python_dop_operator_3.py
[2026-06-28T11:07:12.801+0000] {processor.py:914} INFO - Processing file /home/airflow/.local/lib/python3.12/site-packages/airflow/example_dags/example_branch_python_dop_operator_3.py for tasks to queue
[2026-06-28T11:07:12.803+0000] {logging_mixin.py:190} INFO - [2026-06-28T11:07:12.803+0000] {dagbag.py:587} INFO - Filling up the DagBag from /home/airflow/.local/lib/python3.12/site-packages/airflow/example_dags/example_branch_python_dop_operator_3.py
[2026-06-28T11:07:12.814+0000] {processor.py:925} INFO - DAG(s) 'example_branch_dop_operator_v3' retrieved from /home/airflow/.local/lib/python3.12/site-packages/airflow/example_dags/example_branch_python_dop_operator_3.py
[2026-06-28T11:07:12.840+0000] {logging_mixin.py:190} INFO - [2026-06-28T11:07:12.839+0000] {dag.py:3211} INFO - Sync 1 DAGs
[2026-06-28T11:07:12.865+0000] {logging_mixin.py:190} INFO - [2026-06-28T11:07:12.865+0000] {dag.py:4138} INFO - Setting next_dagrun for example_branch_dop_operator_v3 to 2026-06-28 11:06:00+00:00, run_after=2026-06-28 11:07:00+00:00
[2026-06-28T11:07:12.885+0000] {processor.py:208} INFO - Processing /home/airflow/.local/lib/python3.12/site-packages/airflow/example_dags/example_branch_python_dop_operator_3.py took 0.090 seconds
[2026-06-28T11:07:43.222+0000] {processor.py:186} INFO - Started process (PID=778) to work on /home/airflow/.local/lib/python3.12/site-packages/airflow/example_dags/example_branch_python_dop_operator_3.py
[2026-06-28T11:07:43.223+0000] {processor.py:914} INFO - Processing file /home/airflow/.local/lib/python3.12/site-packages/airflow/example_dags/example_branch_python_dop_operator_3.py for tasks to queue
[2026-06-28T11:07:43.225+0000] {logging_mixin.py:190} INFO - [2026-06-28T11:07:43.225+0000] {dagbag.py:587} INFO - Filling up the DagBag from /home/airflow/.local/lib/python3.12/site-packages/airflow/example_dags/example_branch_python_dop_operator_3.py
[2026-06-28T11:07:43.236+0000] {processor.py:925} INFO - DAG(s) 'example_branch_dop_operator_v3' retrieved from /home/airflow/.local/lib/python3.12/site-packages/airflow/example_dags/example_branch_python_dop_operator_3.py
[2026-06-28T11:07:43.260+0000] {logging_mixin.py:190} INFO - [2026-06-28T11:07:43.260+0000] {dag.py:3211} INFO - Sync 1 DAGs
[2026-06-28T11:07:43.292+0000] {logging_mixin.py:190} INFO - [2026-06-28T11:07:43.291+0000] {dag.py:4138} INFO - Setting next_dagrun for example_branch_dop_operator_v3 to 2026-06-28 11:06:00+00:00, run_after=2026-06-28 11:07:00+00:00
[2026-06-28T11:07:43.314+0000] {processor.py:208} INFO - Processing /home/airflow/.local/lib/python3.12/site-packages/airflow/example_dags/example_branch_python_dop_operator_3.py took 0.098 seconds
[2026-06-28T11:08:13.706+0000] {processor.py:186} INFO - Started process (PID=846) to work on /home/airflow/.local/lib/python3.12/site-packages/airflow/example_dags/example_branch_python_dop_operator_3.py
[2026-06-28T11:08:13.708+0000] {processor.py:914} INFO - Processing file /home/airflow/.local/lib/python3.12/site-packages/airflow/example_dags/example_branch_python_dop_operator_3.py for tasks to queue
[2026-06-28T11:08:13.711+0000] {logging_mixin.py:190} INFO - [2026-06-28T11:08:13.710+0000] {dagbag.py:587} INFO - Filling up the DagBag from /home/airflow/.local/lib/python3.12/site-packages/airflow/example_dags/example_branch_python_dop_operator_3.py
[2026-06-28T11:08:13.723+0000] {processor.py:925} INFO - DAG(s) 'example_branch_dop_operator_v3' retrieved from /home/airflow/.local/lib/python3.12/site-packages/airflow/example_dags/example_branch_python_dop_operator_3.py
[2026-06-28T11:08:13.750+0000] {logging_mixin.py:190} INFO - [2026-06-28T11:08:13.750+0000] {dag.py:3211} INFO - Sync 1 DAGs
[2026-06-28T11:08:13.780+0000] {logging_mixin.py:190} INFO - [2026-06-28T11:08:13.780+0000] {dag.py:4138} INFO - Setting next_dagrun for example_branch_dop_operator_v3 to 2026-06-28 11:07:00+00:00, run_after=2026-06-28 11:08:00+00:00
[2026-06-28T11:08:13.802+0000] {processor.py:208} INFO - Processing /home/airflow/.local/lib/python3.12/site-packages/airflow/example_dags/example_branch_python_dop_operator_3.py took 0.102 seconds
