[2026-06-28T11:01:35.671+0000] {processor.py:186} INFO - Started process (PID=36) to work on /home/airflow/.local/lib/python3.12/site-packages/airflow/example_dags/example_complex.py
[2026-06-28T11:01:35.672+0000] {processor.py:914} INFO - Processing file /home/airflow/.local/lib/python3.12/site-packages/airflow/example_dags/example_complex.py for tasks to queue
[2026-06-28T11:01:35.674+0000] {logging_mixin.py:190} INFO - [2026-06-28T11:01:35.674+0000] {dagbag.py:587} INFO - Filling up the DagBag from /home/airflow/.local/lib/python3.12/site-packages/airflow/example_dags/example_complex.py
[2026-06-28T11:01:35.692+0000] {processor.py:925} INFO - DAG(s) 'example_complex' retrieved from /home/airflow/.local/lib/python3.12/site-packages/airflow/example_dags/example_complex.py
[2026-06-28T11:01:35.882+0000] {logging_mixin.py:190} INFO - [2026-06-28T11:01:35.881+0000] {override.py:1858} INFO - Created Permission View: can edit on DAG:example_complex
[2026-06-28T11:01:35.892+0000] {logging_mixin.py:190} INFO - [2026-06-28T11:01:35.892+0000] {override.py:1858} INFO - Created Permission View: can delete on DAG:example_complex
[2026-06-28T11:01:35.898+0000] {logging_mixin.py:190} INFO - [2026-06-28T11:01:35.897+0000] {override.py:1858} INFO - Created Permission View: can read on DAG:example_complex
[2026-06-28T11:01:35.898+0000] {logging_mixin.py:190} INFO - [2026-06-28T11:01:35.898+0000] {dag.py:3211} INFO - Sync 1 DAGs
[2026-06-28T11:01:35.909+0000] {logging_mixin.py:190} INFO - [2026-06-28T11:01:35.909+0000] {dag.py:3234} INFO - Creating ORM DAG for example_complex
[2026-06-28T11:01:35.910+0000] {logging_mixin.py:190} INFO - [2026-06-28T11:01:35.910+0000] {dag.py:4138} INFO - Setting next_dagrun for example_complex to None, run_after=None
[2026-06-28T11:01:35.926+0000] {processor.py:208} INFO - Processing /home/airflow/.local/lib/python3.12/site-packages/airflow/example_dags/example_complex.py took 0.260 seconds
[2026-06-28T11:02:06.849+0000] {processor.py:186} INFO - Started process (PID=98) to work on /home/airflow/.local/lib/python3.12/site-packages/airflow/example_dags/example_complex.py
[2026-06-28T11:02:06.850+0000] {processor.py:914} INFO - Processing file /home/airflow/.local/lib/python3.12/site-packages/airflow/example_dags/example_complex.py for tasks to queue
[2026-06-28T11:02:06.852+0000] {logging_mixin.py:190} INFO - [2026-06-28T11:02:06.852+0000] {dagbag.py:587} INFO - Filling up the DagBag from /home/airflow/.local/lib/python3.12/site-packages/airflow/example_dags/example_complex.py
[2026-06-28T11:02:06.863+0000] {processor.py:925} INFO - DAG(s) 'example_complex' retrieved from /home/airflow/.local/lib/python3.12/site-packages/airflow/example_dags/example_complex.py
[2026-06-28T11:02:06.891+0000] {logging_mixin.py:190} INFO - [2026-06-28T11:02:06.891+0000] {dag.py:3211} INFO - Sync 1 DAGs
[2026-06-28T11:02:06.904+0000] {logging_mixin.py:190} INFO - [2026-06-28T11:02:06.904+0000] {dag.py:4138} INFO - Setting next_dagrun for example_complex to None, run_after=None
[2026-06-28T11:02:06.923+0000] {processor.py:208} INFO - Processing /home/airflow/.local/lib/python3.12/site-packages/airflow/example_dags/example_complex.py took 0.079 seconds
[2026-06-28T11:02:37.493+0000] {processor.py:186} INFO - Started process (PID=160) to work on /home/airflow/.local/lib/python3.12/site-packages/airflow/example_dags/example_complex.py
[2026-06-28T11:02:37.494+0000] {processor.py:914} INFO - Processing file /home/airflow/.local/lib/python3.12/site-packages/airflow/example_dags/example_complex.py for tasks to queue
[2026-06-28T11:02:37.496+0000] {logging_mixin.py:190} INFO - [2026-06-28T11:02:37.495+0000] {dagbag.py:587} INFO - Filling up the DagBag from /home/airflow/.local/lib/python3.12/site-packages/airflow/example_dags/example_complex.py
[2026-06-28T11:02:37.508+0000] {processor.py:925} INFO - DAG(s) 'example_complex' retrieved from /home/airflow/.local/lib/python3.12/site-packages/airflow/example_dags/example_complex.py
[2026-06-28T11:02:37.546+0000] {logging_mixin.py:190} INFO - [2026-06-28T11:02:37.545+0000] {dag.py:3211} INFO - Sync 1 DAGs
[2026-06-28T11:02:37.560+0000] {logging_mixin.py:190} INFO - [2026-06-28T11:02:37.560+0000] {dag.py:4138} INFO - Setting next_dagrun for example_complex to None, run_after=None
[2026-06-28T11:02:37.580+0000] {processor.py:208} INFO - Processing /home/airflow/.local/lib/python3.12/site-packages/airflow/example_dags/example_complex.py took 0.091 seconds
[2026-06-28T11:03:08.261+0000] {processor.py:186} INFO - Started process (PID=222) to work on /home/airflow/.local/lib/python3.12/site-packages/airflow/example_dags/example_complex.py
[2026-06-28T11:03:08.262+0000] {processor.py:914} INFO - Processing file /home/airflow/.local/lib/python3.12/site-packages/airflow/example_dags/example_complex.py for tasks to queue
[2026-06-28T11:03:08.264+0000] {logging_mixin.py:190} INFO - [2026-06-28T11:03:08.264+0000] {dagbag.py:587} INFO - Filling up the DagBag from /home/airflow/.local/lib/python3.12/site-packages/airflow/example_dags/example_complex.py
[2026-06-28T11:03:08.275+0000] {processor.py:925} INFO - DAG(s) 'example_complex' retrieved from /home/airflow/.local/lib/python3.12/site-packages/airflow/example_dags/example_complex.py
[2026-06-28T11:03:08.309+0000] {logging_mixin.py:190} INFO - [2026-06-28T11:03:08.308+0000] {dag.py:3211} INFO - Sync 1 DAGs
[2026-06-28T11:03:08.323+0000] {logging_mixin.py:190} INFO - [2026-06-28T11:03:08.323+0000] {dag.py:4138} INFO - Setting next_dagrun for example_complex to None, run_after=None
[2026-06-28T11:03:08.341+0000] {processor.py:208} INFO - Processing /home/airflow/.local/lib/python3.12/site-packages/airflow/example_dags/example_complex.py took 0.085 seconds
[2026-06-28T11:03:38.869+0000] {processor.py:186} INFO - Started process (PID=284) to work on /home/airflow/.local/lib/python3.12/site-packages/airflow/example_dags/example_complex.py
[2026-06-28T11:03:38.871+0000] {processor.py:914} INFO - Processing file /home/airflow/.local/lib/python3.12/site-packages/airflow/example_dags/example_complex.py for tasks to queue
[2026-06-28T11:03:38.874+0000] {logging_mixin.py:190} INFO - [2026-06-28T11:03:38.873+0000] {dagbag.py:587} INFO - Filling up the DagBag from /home/airflow/.local/lib/python3.12/site-packages/airflow/example_dags/example_complex.py
[2026-06-28T11:03:38.888+0000] {processor.py:925} INFO - DAG(s) 'example_complex' retrieved from /home/airflow/.local/lib/python3.12/site-packages/airflow/example_dags/example_complex.py
[2026-06-28T11:03:38.928+0000] {logging_mixin.py:190} INFO - [2026-06-28T11:03:38.927+0000] {dag.py:3211} INFO - Sync 1 DAGs
[2026-06-28T11:03:38.944+0000] {logging_mixin.py:190} INFO - [2026-06-28T11:03:38.944+0000] {dag.py:4138} INFO - Setting next_dagrun for example_complex to None, run_after=None
[2026-06-28T11:03:38.967+0000] {processor.py:208} INFO - Processing /home/airflow/.local/lib/python3.12/site-packages/airflow/example_dags/example_complex.py took 0.104 seconds
[2026-06-28T11:04:09.293+0000] {processor.py:186} INFO - Started process (PID=346) to work on /home/airflow/.local/lib/python3.12/site-packages/airflow/example_dags/example_complex.py
[2026-06-28T11:04:09.294+0000] {processor.py:914} INFO - Processing file /home/airflow/.local/lib/python3.12/site-packages/airflow/example_dags/example_complex.py for tasks to queue
[2026-06-28T11:04:09.297+0000] {logging_mixin.py:190} INFO - [2026-06-28T11:04:09.296+0000] {dagbag.py:587} INFO - Filling up the DagBag from /home/airflow/.local/lib/python3.12/site-packages/airflow/example_dags/example_complex.py
[2026-06-28T11:04:09.314+0000] {processor.py:925} INFO - DAG(s) 'example_complex' retrieved from /home/airflow/.local/lib/python3.12/site-packages/airflow/example_dags/example_complex.py
[2026-06-28T11:04:09.357+0000] {logging_mixin.py:190} INFO - [2026-06-28T11:04:09.357+0000] {dag.py:3211} INFO - Sync 1 DAGs
[2026-06-28T11:04:09.375+0000] {logging_mixin.py:190} INFO - [2026-06-28T11:04:09.375+0000] {dag.py:4138} INFO - Setting next_dagrun for example_complex to None, run_after=None
[2026-06-28T11:04:09.401+0000] {processor.py:208} INFO - Processing /home/airflow/.local/lib/python3.12/site-packages/airflow/example_dags/example_complex.py took 0.117 seconds
[2026-06-28T11:04:40.143+0000] {processor.py:186} INFO - Started process (PID=408) to work on /home/airflow/.local/lib/python3.12/site-packages/airflow/example_dags/example_complex.py
[2026-06-28T11:04:40.145+0000] {processor.py:914} INFO - Processing file /home/airflow/.local/lib/python3.12/site-packages/airflow/example_dags/example_complex.py for tasks to queue
[2026-06-28T11:04:40.147+0000] {logging_mixin.py:190} INFO - [2026-06-28T11:04:40.146+0000] {dagbag.py:587} INFO - Filling up the DagBag from /home/airflow/.local/lib/python3.12/site-packages/airflow/example_dags/example_complex.py
[2026-06-28T11:04:40.161+0000] {processor.py:925} INFO - DAG(s) 'example_complex' retrieved from /home/airflow/.local/lib/python3.12/site-packages/airflow/example_dags/example_complex.py
[2026-06-28T11:04:40.199+0000] {logging_mixin.py:190} INFO - [2026-06-28T11:04:40.199+0000] {dag.py:3211} INFO - Sync 1 DAGs
[2026-06-28T11:04:40.214+0000] {logging_mixin.py:190} INFO - [2026-06-28T11:04:40.214+0000] {dag.py:4138} INFO - Setting next_dagrun for example_complex to None, run_after=None
[2026-06-28T11:04:40.238+0000] {processor.py:208} INFO - Processing /home/airflow/.local/lib/python3.12/site-packages/airflow/example_dags/example_complex.py took 0.100 seconds
[2026-06-28T11:05:10.297+0000] {processor.py:186} INFO - Started process (PID=470) to work on /home/airflow/.local/lib/python3.12/site-packages/airflow/example_dags/example_complex.py
[2026-06-28T11:05:10.298+0000] {processor.py:914} INFO - Processing file /home/airflow/.local/lib/python3.12/site-packages/airflow/example_dags/example_complex.py for tasks to queue
[2026-06-28T11:05:10.301+0000] {logging_mixin.py:190} INFO - [2026-06-28T11:05:10.301+0000] {dagbag.py:587} INFO - Filling up the DagBag from /home/airflow/.local/lib/python3.12/site-packages/airflow/example_dags/example_complex.py
[2026-06-28T11:05:10.315+0000] {processor.py:925} INFO - DAG(s) 'example_complex' retrieved from /home/airflow/.local/lib/python3.12/site-packages/airflow/example_dags/example_complex.py
[2026-06-28T11:05:10.359+0000] {logging_mixin.py:190} INFO - [2026-06-28T11:05:10.359+0000] {dag.py:3211} INFO - Sync 1 DAGs
[2026-06-28T11:05:10.377+0000] {logging_mixin.py:190} INFO - [2026-06-28T11:05:10.377+0000] {dag.py:4138} INFO - Setting next_dagrun for example_complex to None, run_after=None
[2026-06-28T11:05:10.405+0000] {processor.py:208} INFO - Processing /home/airflow/.local/lib/python3.12/site-packages/airflow/example_dags/example_complex.py took 0.114 seconds
[2026-06-28T11:05:41.110+0000] {processor.py:186} INFO - Started process (PID=532) to work on /home/airflow/.local/lib/python3.12/site-packages/airflow/example_dags/example_complex.py
[2026-06-28T11:05:41.111+0000] {processor.py:914} INFO - Processing file /home/airflow/.local/lib/python3.12/site-packages/airflow/example_dags/example_complex.py for tasks to queue
[2026-06-28T11:05:41.113+0000] {logging_mixin.py:190} INFO - [2026-06-28T11:05:41.113+0000] {dagbag.py:587} INFO - Filling up the DagBag from /home/airflow/.local/lib/python3.12/site-packages/airflow/example_dags/example_complex.py
[2026-06-28T11:05:41.125+0000] {processor.py:925} INFO - DAG(s) 'example_complex' retrieved from /home/airflow/.local/lib/python3.12/site-packages/airflow/example_dags/example_complex.py
[2026-06-28T11:05:41.162+0000] {logging_mixin.py:190} INFO - [2026-06-28T11:05:41.161+0000] {dag.py:3211} INFO - Sync 1 DAGs
[2026-06-28T11:05:41.177+0000] {logging_mixin.py:190} INFO - [2026-06-28T11:05:41.177+0000] {dag.py:4138} INFO - Setting next_dagrun for example_complex to None, run_after=None
[2026-06-28T11:05:41.199+0000] {processor.py:208} INFO - Processing /home/airflow/.local/lib/python3.12/site-packages/airflow/example_dags/example_complex.py took 0.095 seconds
[2026-06-28T11:06:11.732+0000] {processor.py:186} INFO - Started process (PID=593) to work on /home/airflow/.local/lib/python3.12/site-packages/airflow/example_dags/example_complex.py
[2026-06-28T11:06:11.733+0000] {processor.py:914} INFO - Processing file /home/airflow/.local/lib/python3.12/site-packages/airflow/example_dags/example_complex.py for tasks to queue
[2026-06-28T11:06:11.735+0000] {logging_mixin.py:190} INFO - [2026-06-28T11:06:11.735+0000] {dagbag.py:587} INFO - Filling up the DagBag from /home/airflow/.local/lib/python3.12/site-packages/airflow/example_dags/example_complex.py
[2026-06-28T11:06:11.751+0000] {processor.py:925} INFO - DAG(s) 'example_complex' retrieved from /home/airflow/.local/lib/python3.12/site-packages/airflow/example_dags/example_complex.py
[2026-06-28T11:06:11.804+0000] {logging_mixin.py:190} INFO - [2026-06-28T11:06:11.804+0000] {dag.py:3211} INFO - Sync 1 DAGs
[2026-06-28T11:06:11.831+0000] {logging_mixin.py:190} INFO - [2026-06-28T11:06:11.830+0000] {dag.py:4138} INFO - Setting next_dagrun for example_complex to None, run_after=None
[2026-06-28T11:06:11.862+0000] {processor.py:208} INFO - Processing /home/airflow/.local/lib/python3.12/site-packages/airflow/example_dags/example_complex.py took 0.137 seconds
[2026-06-28T11:06:42.185+0000] {processor.py:186} INFO - Started process (PID=655) to work on /home/airflow/.local/lib/python3.12/site-packages/airflow/example_dags/example_complex.py
[2026-06-28T11:06:42.186+0000] {processor.py:914} INFO - Processing file /home/airflow/.local/lib/python3.12/site-packages/airflow/example_dags/example_complex.py for tasks to queue
[2026-06-28T11:06:42.188+0000] {logging_mixin.py:190} INFO - [2026-06-28T11:06:42.188+0000] {dagbag.py:587} INFO - Filling up the DagBag from /home/airflow/.local/lib/python3.12/site-packages/airflow/example_dags/example_complex.py
[2026-06-28T11:06:42.202+0000] {processor.py:925} INFO - DAG(s) 'example_complex' retrieved from /home/airflow/.local/lib/python3.12/site-packages/airflow/example_dags/example_complex.py
[2026-06-28T11:06:42.241+0000] {logging_mixin.py:190} INFO - [2026-06-28T11:06:42.241+0000] {dag.py:3211} INFO - Sync 1 DAGs
[2026-06-28T11:06:42.257+0000] {logging_mixin.py:190} INFO - [2026-06-28T11:06:42.257+0000] {dag.py:4138} INFO - Setting next_dagrun for example_complex to None, run_after=None
[2026-06-28T11:06:42.280+0000] {processor.py:208} INFO - Processing /home/airflow/.local/lib/python3.12/site-packages/airflow/example_dags/example_complex.py took 0.102 seconds
[2026-06-28T11:07:12.920+0000] {processor.py:186} INFO - Started process (PID=717) to work on /home/airflow/.local/lib/python3.12/site-packages/airflow/example_dags/example_complex.py
[2026-06-28T11:07:12.921+0000] {processor.py:914} INFO - Processing file /home/airflow/.local/lib/python3.12/site-packages/airflow/example_dags/example_complex.py for tasks to queue
[2026-06-28T11:07:12.923+0000] {logging_mixin.py:190} INFO - [2026-06-28T11:07:12.922+0000] {dagbag.py:587} INFO - Filling up the DagBag from /home/airflow/.local/lib/python3.12/site-packages/airflow/example_dags/example_complex.py
[2026-06-28T11:07:12.936+0000] {processor.py:925} INFO - DAG(s) 'example_complex' retrieved from /home/airflow/.local/lib/python3.12/site-packages/airflow/example_dags/example_complex.py
[2026-06-28T11:07:12.978+0000] {logging_mixin.py:190} INFO - [2026-06-28T11:07:12.978+0000] {dag.py:3211} INFO - Sync 1 DAGs
[2026-06-28T11:07:12.994+0000] {logging_mixin.py:190} INFO - [2026-06-28T11:07:12.994+0000] {dag.py:4138} INFO - Setting next_dagrun for example_complex to None, run_after=None
[2026-06-28T11:07:13.018+0000] {processor.py:208} INFO - Processing /home/airflow/.local/lib/python3.12/site-packages/airflow/example_dags/example_complex.py took 0.105 seconds
[2026-06-28T11:07:43.256+0000] {processor.py:186} INFO - Started process (PID=779) to work on /home/airflow/.local/lib/python3.12/site-packages/airflow/example_dags/example_complex.py
[2026-06-28T11:07:43.257+0000] {processor.py:914} INFO - Processing file /home/airflow/.local/lib/python3.12/site-packages/airflow/example_dags/example_complex.py for tasks to queue
[2026-06-28T11:07:43.259+0000] {logging_mixin.py:190} INFO - [2026-06-28T11:07:43.259+0000] {dagbag.py:587} INFO - Filling up the DagBag from /home/airflow/.local/lib/python3.12/site-packages/airflow/example_dags/example_complex.py
[2026-06-28T11:07:43.272+0000] {processor.py:925} INFO - DAG(s) 'example_complex' retrieved from /home/airflow/.local/lib/python3.12/site-packages/airflow/example_dags/example_complex.py
[2026-06-28T11:07:43.314+0000] {logging_mixin.py:190} INFO - [2026-06-28T11:07:43.313+0000] {dag.py:3211} INFO - Sync 1 DAGs
[2026-06-28T11:07:43.334+0000] {logging_mixin.py:190} INFO - [2026-06-28T11:07:43.333+0000] {dag.py:4138} INFO - Setting next_dagrun for example_complex to None, run_after=None
[2026-06-28T11:07:43.359+0000] {processor.py:208} INFO - Processing /home/airflow/.local/lib/python3.12/site-packages/airflow/example_dags/example_complex.py took 0.109 seconds
[2026-06-28T11:08:13.731+0000] {processor.py:186} INFO - Started process (PID=847) to work on /home/airflow/.local/lib/python3.12/site-packages/airflow/example_dags/example_complex.py
[2026-06-28T11:08:13.733+0000] {processor.py:914} INFO - Processing file /home/airflow/.local/lib/python3.12/site-packages/airflow/example_dags/example_complex.py for tasks to queue
[2026-06-28T11:08:13.736+0000] {logging_mixin.py:190} INFO - [2026-06-28T11:08:13.735+0000] {dagbag.py:587} INFO - Filling up the DagBag from /home/airflow/.local/lib/python3.12/site-packages/airflow/example_dags/example_complex.py
[2026-06-28T11:08:13.751+0000] {processor.py:925} INFO - DAG(s) 'example_complex' retrieved from /home/airflow/.local/lib/python3.12/site-packages/airflow/example_dags/example_complex.py
[2026-06-28T11:08:13.791+0000] {logging_mixin.py:190} INFO - [2026-06-28T11:08:13.791+0000] {dag.py:3211} INFO - Sync 1 DAGs
[2026-06-28T11:08:13.811+0000] {logging_mixin.py:190} INFO - [2026-06-28T11:08:13.811+0000] {dag.py:4138} INFO - Setting next_dagrun for example_complex to None, run_after=None
[2026-06-28T11:08:13.838+0000] {processor.py:208} INFO - Processing /home/airflow/.local/lib/python3.12/site-packages/airflow/example_dags/example_complex.py took 0.114 seconds
