[2026-06-28T11:01:41.674+0000] {processor.py:186} INFO - Started process (PID=65) to work on /home/airflow/.local/lib/python3.12/site-packages/airflow/example_dags/example_subdag_operator.py
[2026-06-28T11:01:41.675+0000] {processor.py:914} INFO - Processing file /home/airflow/.local/lib/python3.12/site-packages/airflow/example_dags/example_subdag_operator.py for tasks to queue
[2026-06-28T11:01:41.678+0000] {logging_mixin.py:190} INFO - [2026-06-28T11:01:41.678+0000] {dagbag.py:587} INFO - Filling up the DagBag from /home/airflow/.local/lib/python3.12/site-packages/airflow/example_dags/example_subdag_operator.py
[2026-06-28T11:01:41.751+0000] {processor.py:925} INFO - DAG(s) 'example_subdag_operator.section-1', 'example_subdag_operator.section-2', 'example_subdag_operator' retrieved from /home/airflow/.local/lib/python3.12/site-packages/airflow/example_dags/example_subdag_operator.py
[2026-06-28T11:01:41.854+0000] {logging_mixin.py:190} INFO - [2026-06-28T11:01:41.853+0000] {override.py:1858} INFO - Created Permission View: can edit on DAG:example_subdag_operator
[2026-06-28T11:01:41.866+0000] {logging_mixin.py:190} INFO - [2026-06-28T11:01:41.865+0000] {override.py:1858} INFO - Created Permission View: can delete on DAG:example_subdag_operator
[2026-06-28T11:01:41.875+0000] {logging_mixin.py:190} INFO - [2026-06-28T11:01:41.874+0000] {override.py:1858} INFO - Created Permission View: can read on DAG:example_subdag_operator
[2026-06-28T11:01:41.875+0000] {logging_mixin.py:190} INFO - [2026-06-28T11:01:41.875+0000] {dag.py:3211} INFO - Sync 3 DAGs
[2026-06-28T11:01:41.889+0000] {logging_mixin.py:190} INFO - [2026-06-28T11:01:41.889+0000] {dag.py:3234} INFO - Creating ORM DAG for example_subdag_operator.section-1
[2026-06-28T11:01:41.890+0000] {logging_mixin.py:190} INFO - [2026-06-28T11:01:41.890+0000] {dag.py:3234} INFO - Creating ORM DAG for example_subdag_operator.section-2
[2026-06-28T11:01:41.890+0000] {logging_mixin.py:190} INFO - [2026-06-28T11:01:41.890+0000] {dag.py:3234} INFO - Creating ORM DAG for example_subdag_operator
[2026-06-28T11:01:41.900+0000] {logging_mixin.py:190} INFO - [2026-06-28T11:01:41.900+0000] {dag.py:4138} INFO - Setting next_dagrun for example_subdag_operator to 2022-01-01 00:00:00+00:00, run_after=2022-01-01 00:00:00+00:00
[2026-06-28T11:01:41.901+0000] {logging_mixin.py:190} INFO - [2026-06-28T11:01:41.901+0000] {dag.py:4138} INFO - Setting next_dagrun for example_subdag_operator.section-1 to None, run_after=None
[2026-06-28T11:01:41.901+0000] {logging_mixin.py:190} INFO - [2026-06-28T11:01:41.901+0000] {dag.py:4138} INFO - Setting next_dagrun for example_subdag_operator.section-2 to None, run_after=None
[2026-06-28T11:01:41.911+0000] {logging_mixin.py:190} INFO - [2026-06-28T11:01:41.911+0000] {dag.py:3211} INFO - Sync 2 DAGs
[2026-06-28T11:01:41.917+0000] {logging_mixin.py:190} INFO - [2026-06-28T11:01:41.917+0000] {dag.py:4138} INFO - Setting next_dagrun for example_subdag_operator.section-1 to None, run_after=None
[2026-06-28T11:01:41.927+0000] {logging_mixin.py:190} INFO - [2026-06-28T11:01:41.927+0000] {dag.py:4138} INFO - Setting next_dagrun for example_subdag_operator.section-2 to None, run_after=None
[2026-06-28T11:01:41.968+0000] {processor.py:208} INFO - Processing /home/airflow/.local/lib/python3.12/site-packages/airflow/example_dags/example_subdag_operator.py took 0.320 seconds
[2026-06-28T11:02:12.901+0000] {processor.py:186} INFO - Started process (PID=133) to work on /home/airflow/.local/lib/python3.12/site-packages/airflow/example_dags/example_subdag_operator.py
[2026-06-28T11:02:12.902+0000] {processor.py:914} INFO - Processing file /home/airflow/.local/lib/python3.12/site-packages/airflow/example_dags/example_subdag_operator.py for tasks to queue
[2026-06-28T11:02:12.904+0000] {logging_mixin.py:190} INFO - [2026-06-28T11:02:12.904+0000] {dagbag.py:587} INFO - Filling up the DagBag from /home/airflow/.local/lib/python3.12/site-packages/airflow/example_dags/example_subdag_operator.py
[2026-06-28T11:02:12.927+0000] {processor.py:925} INFO - DAG(s) 'example_subdag_operator.section-1', 'example_subdag_operator.section-2', 'example_subdag_operator' retrieved from /home/airflow/.local/lib/python3.12/site-packages/airflow/example_dags/example_subdag_operator.py
[2026-06-28T11:02:12.940+0000] {logging_mixin.py:190} INFO - [2026-06-28T11:02:12.939+0000] {dag.py:3211} INFO - Sync 3 DAGs
[2026-06-28T11:02:12.960+0000] {logging_mixin.py:190} INFO - [2026-06-28T11:02:12.960+0000] {dag.py:4138} INFO - Setting next_dagrun for example_subdag_operator to 2022-01-01 00:00:00+00:00, run_after=2022-01-01 00:00:00+00:00
[2026-06-28T11:02:12.963+0000] {logging_mixin.py:190} INFO - [2026-06-28T11:02:12.963+0000] {dag.py:4138} INFO - Setting next_dagrun for example_subdag_operator.section-1 to None, run_after=None
[2026-06-28T11:02:12.964+0000] {logging_mixin.py:190} INFO - [2026-06-28T11:02:12.964+0000] {dag.py:4138} INFO - Setting next_dagrun for example_subdag_operator.section-2 to None, run_after=None
[2026-06-28T11:02:12.970+0000] {logging_mixin.py:190} INFO - [2026-06-28T11:02:12.970+0000] {dag.py:3211} INFO - Sync 2 DAGs
[2026-06-28T11:02:12.976+0000] {logging_mixin.py:190} INFO - [2026-06-28T11:02:12.976+0000] {dag.py:4138} INFO - Setting next_dagrun for example_subdag_operator.section-1 to None, run_after=None
[2026-06-28T11:02:12.976+0000] {logging_mixin.py:190} INFO - [2026-06-28T11:02:12.976+0000] {dag.py:4138} INFO - Setting next_dagrun for example_subdag_operator.section-2 to None, run_after=None
[2026-06-28T11:02:12.984+0000] {processor.py:208} INFO - Processing /home/airflow/.local/lib/python3.12/site-packages/airflow/example_dags/example_subdag_operator.py took 0.088 seconds
[2026-06-28T11:02:43.612+0000] {processor.py:186} INFO - Started process (PID=195) to work on /home/airflow/.local/lib/python3.12/site-packages/airflow/example_dags/example_subdag_operator.py
[2026-06-28T11:02:43.613+0000] {processor.py:914} INFO - Processing file /home/airflow/.local/lib/python3.12/site-packages/airflow/example_dags/example_subdag_operator.py for tasks to queue
[2026-06-28T11:02:43.616+0000] {logging_mixin.py:190} INFO - [2026-06-28T11:02:43.615+0000] {dagbag.py:587} INFO - Filling up the DagBag from /home/airflow/.local/lib/python3.12/site-packages/airflow/example_dags/example_subdag_operator.py
[2026-06-28T11:02:43.651+0000] {processor.py:925} INFO - DAG(s) 'example_subdag_operator.section-1', 'example_subdag_operator.section-2', 'example_subdag_operator' retrieved from /home/airflow/.local/lib/python3.12/site-packages/airflow/example_dags/example_subdag_operator.py
[2026-06-28T11:02:43.666+0000] {logging_mixin.py:190} INFO - [2026-06-28T11:02:43.666+0000] {dag.py:3211} INFO - Sync 3 DAGs
[2026-06-28T11:02:43.688+0000] {logging_mixin.py:190} INFO - [2026-06-28T11:02:43.688+0000] {dag.py:4138} INFO - Setting next_dagrun for example_subdag_operator to 2022-01-01 00:00:00+00:00, run_after=2022-01-01 00:00:00+00:00
[2026-06-28T11:02:43.691+0000] {logging_mixin.py:190} INFO - [2026-06-28T11:02:43.691+0000] {dag.py:4138} INFO - Setting next_dagrun for example_subdag_operator.section-1 to None, run_after=None
[2026-06-28T11:02:43.693+0000] {logging_mixin.py:190} INFO - [2026-06-28T11:02:43.693+0000] {dag.py:4138} INFO - Setting next_dagrun for example_subdag_operator.section-2 to None, run_after=None
[2026-06-28T11:02:43.701+0000] {logging_mixin.py:190} INFO - [2026-06-28T11:02:43.701+0000] {dag.py:3211} INFO - Sync 2 DAGs
[2026-06-28T11:02:43.707+0000] {logging_mixin.py:190} INFO - [2026-06-28T11:02:43.706+0000] {dag.py:4138} INFO - Setting next_dagrun for example_subdag_operator.section-1 to None, run_after=None
[2026-06-28T11:02:43.707+0000] {logging_mixin.py:190} INFO - [2026-06-28T11:02:43.707+0000] {dag.py:4138} INFO - Setting next_dagrun for example_subdag_operator.section-2 to None, run_after=None
[2026-06-28T11:02:43.718+0000] {processor.py:208} INFO - Processing /home/airflow/.local/lib/python3.12/site-packages/airflow/example_dags/example_subdag_operator.py took 0.111 seconds
[2026-06-28T11:03:14.753+0000] {processor.py:186} INFO - Started process (PID=257) to work on /home/airflow/.local/lib/python3.12/site-packages/airflow/example_dags/example_subdag_operator.py
[2026-06-28T11:03:14.755+0000] {processor.py:914} INFO - Processing file /home/airflow/.local/lib/python3.12/site-packages/airflow/example_dags/example_subdag_operator.py for tasks to queue
[2026-06-28T11:03:14.757+0000] {logging_mixin.py:190} INFO - [2026-06-28T11:03:14.757+0000] {dagbag.py:587} INFO - Filling up the DagBag from /home/airflow/.local/lib/python3.12/site-packages/airflow/example_dags/example_subdag_operator.py
[2026-06-28T11:03:14.790+0000] {processor.py:925} INFO - DAG(s) 'example_subdag_operator.section-1', 'example_subdag_operator.section-2', 'example_subdag_operator' retrieved from /home/airflow/.local/lib/python3.12/site-packages/airflow/example_dags/example_subdag_operator.py
[2026-06-28T11:03:14.807+0000] {logging_mixin.py:190} INFO - [2026-06-28T11:03:14.807+0000] {dag.py:3211} INFO - Sync 3 DAGs
[2026-06-28T11:03:14.832+0000] {logging_mixin.py:190} INFO - [2026-06-28T11:03:14.832+0000] {dag.py:4138} INFO - Setting next_dagrun for example_subdag_operator to 2022-01-01 00:00:00+00:00, run_after=2022-01-01 00:00:00+00:00
[2026-06-28T11:03:14.836+0000] {logging_mixin.py:190} INFO - [2026-06-28T11:03:14.836+0000] {dag.py:4138} INFO - Setting next_dagrun for example_subdag_operator.section-1 to None, run_after=None
[2026-06-28T11:03:14.838+0000] {logging_mixin.py:190} INFO - [2026-06-28T11:03:14.837+0000] {dag.py:4138} INFO - Setting next_dagrun for example_subdag_operator.section-2 to None, run_after=None
[2026-06-28T11:03:14.845+0000] {logging_mixin.py:190} INFO - [2026-06-28T11:03:14.845+0000] {dag.py:3211} INFO - Sync 2 DAGs
[2026-06-28T11:03:14.851+0000] {logging_mixin.py:190} INFO - [2026-06-28T11:03:14.851+0000] {dag.py:4138} INFO - Setting next_dagrun for example_subdag_operator.section-1 to None, run_after=None
[2026-06-28T11:03:14.851+0000] {logging_mixin.py:190} INFO - [2026-06-28T11:03:14.851+0000] {dag.py:4138} INFO - Setting next_dagrun for example_subdag_operator.section-2 to None, run_after=None
[2026-06-28T11:03:14.870+0000] {processor.py:208} INFO - Processing /home/airflow/.local/lib/python3.12/site-packages/airflow/example_dags/example_subdag_operator.py took 0.122 seconds
[2026-06-28T11:03:45.232+0000] {processor.py:186} INFO - Started process (PID=319) to work on /home/airflow/.local/lib/python3.12/site-packages/airflow/example_dags/example_subdag_operator.py
[2026-06-28T11:03:45.233+0000] {processor.py:914} INFO - Processing file /home/airflow/.local/lib/python3.12/site-packages/airflow/example_dags/example_subdag_operator.py for tasks to queue
[2026-06-28T11:03:45.235+0000] {logging_mixin.py:190} INFO - [2026-06-28T11:03:45.235+0000] {dagbag.py:587} INFO - Filling up the DagBag from /home/airflow/.local/lib/python3.12/site-packages/airflow/example_dags/example_subdag_operator.py
[2026-06-28T11:03:45.272+0000] {processor.py:925} INFO - DAG(s) 'example_subdag_operator.section-1', 'example_subdag_operator.section-2', 'example_subdag_operator' retrieved from /home/airflow/.local/lib/python3.12/site-packages/airflow/example_dags/example_subdag_operator.py
[2026-06-28T11:03:45.288+0000] {logging_mixin.py:190} INFO - [2026-06-28T11:03:45.288+0000] {dag.py:3211} INFO - Sync 3 DAGs
[2026-06-28T11:03:45.312+0000] {logging_mixin.py:190} INFO - [2026-06-28T11:03:45.311+0000] {dag.py:4138} INFO - Setting next_dagrun for example_subdag_operator to 2022-01-01 00:00:00+00:00, run_after=2022-01-01 00:00:00+00:00
[2026-06-28T11:03:45.314+0000] {logging_mixin.py:190} INFO - [2026-06-28T11:03:45.314+0000] {dag.py:4138} INFO - Setting next_dagrun for example_subdag_operator.section-1 to None, run_after=None
[2026-06-28T11:03:45.316+0000] {logging_mixin.py:190} INFO - [2026-06-28T11:03:45.315+0000] {dag.py:4138} INFO - Setting next_dagrun for example_subdag_operator.section-2 to None, run_after=None
[2026-06-28T11:03:45.323+0000] {logging_mixin.py:190} INFO - [2026-06-28T11:03:45.323+0000] {dag.py:3211} INFO - Sync 2 DAGs
[2026-06-28T11:03:45.328+0000] {logging_mixin.py:190} INFO - [2026-06-28T11:03:45.328+0000] {dag.py:4138} INFO - Setting next_dagrun for example_subdag_operator.section-1 to None, run_after=None
[2026-06-28T11:03:45.328+0000] {logging_mixin.py:190} INFO - [2026-06-28T11:03:45.328+0000] {dag.py:4138} INFO - Setting next_dagrun for example_subdag_operator.section-2 to None, run_after=None
[2026-06-28T11:03:45.339+0000] {processor.py:208} INFO - Processing /home/airflow/.local/lib/python3.12/site-packages/airflow/example_dags/example_subdag_operator.py took 0.114 seconds
[2026-06-28T11:04:16.031+0000] {processor.py:186} INFO - Started process (PID=381) to work on /home/airflow/.local/lib/python3.12/site-packages/airflow/example_dags/example_subdag_operator.py
[2026-06-28T11:04:16.032+0000] {processor.py:914} INFO - Processing file /home/airflow/.local/lib/python3.12/site-packages/airflow/example_dags/example_subdag_operator.py for tasks to queue
[2026-06-28T11:04:16.036+0000] {logging_mixin.py:190} INFO - [2026-06-28T11:04:16.035+0000] {dagbag.py:587} INFO - Filling up the DagBag from /home/airflow/.local/lib/python3.12/site-packages/airflow/example_dags/example_subdag_operator.py
[2026-06-28T11:04:16.069+0000] {processor.py:925} INFO - DAG(s) 'example_subdag_operator.section-1', 'example_subdag_operator.section-2', 'example_subdag_operator' retrieved from /home/airflow/.local/lib/python3.12/site-packages/airflow/example_dags/example_subdag_operator.py
[2026-06-28T11:04:16.090+0000] {logging_mixin.py:190} INFO - [2026-06-28T11:04:16.089+0000] {dag.py:3211} INFO - Sync 3 DAGs
[2026-06-28T11:04:16.120+0000] {logging_mixin.py:190} INFO - [2026-06-28T11:04:16.119+0000] {dag.py:4138} INFO - Setting next_dagrun for example_subdag_operator to 2022-01-01 00:00:00+00:00, run_after=2022-01-01 00:00:00+00:00
[2026-06-28T11:04:16.124+0000] {logging_mixin.py:190} INFO - [2026-06-28T11:04:16.124+0000] {dag.py:4138} INFO - Setting next_dagrun for example_subdag_operator.section-1 to None, run_after=None
[2026-06-28T11:04:16.125+0000] {logging_mixin.py:190} INFO - [2026-06-28T11:04:16.125+0000] {dag.py:4138} INFO - Setting next_dagrun for example_subdag_operator.section-2 to None, run_after=None
[2026-06-28T11:04:16.134+0000] {logging_mixin.py:190} INFO - [2026-06-28T11:04:16.134+0000] {dag.py:3211} INFO - Sync 2 DAGs
[2026-06-28T11:04:16.141+0000] {logging_mixin.py:190} INFO - [2026-06-28T11:04:16.140+0000] {dag.py:4138} INFO - Setting next_dagrun for example_subdag_operator.section-1 to None, run_after=None
[2026-06-28T11:04:16.141+0000] {logging_mixin.py:190} INFO - [2026-06-28T11:04:16.141+0000] {dag.py:4138} INFO - Setting next_dagrun for example_subdag_operator.section-2 to None, run_after=None
[2026-06-28T11:04:16.154+0000] {processor.py:208} INFO - Processing /home/airflow/.local/lib/python3.12/site-packages/airflow/example_dags/example_subdag_operator.py took 0.130 seconds
[2026-06-28T11:04:46.403+0000] {processor.py:186} INFO - Started process (PID=443) to work on /home/airflow/.local/lib/python3.12/site-packages/airflow/example_dags/example_subdag_operator.py
[2026-06-28T11:04:46.404+0000] {processor.py:914} INFO - Processing file /home/airflow/.local/lib/python3.12/site-packages/airflow/example_dags/example_subdag_operator.py for tasks to queue
[2026-06-28T11:04:46.407+0000] {logging_mixin.py:190} INFO - [2026-06-28T11:04:46.406+0000] {dagbag.py:587} INFO - Filling up the DagBag from /home/airflow/.local/lib/python3.12/site-packages/airflow/example_dags/example_subdag_operator.py
[2026-06-28T11:04:46.440+0000] {processor.py:925} INFO - DAG(s) 'example_subdag_operator.section-1', 'example_subdag_operator.section-2', 'example_subdag_operator' retrieved from /home/airflow/.local/lib/python3.12/site-packages/airflow/example_dags/example_subdag_operator.py
[2026-06-28T11:04:46.458+0000] {logging_mixin.py:190} INFO - [2026-06-28T11:04:46.458+0000] {dag.py:3211} INFO - Sync 3 DAGs
[2026-06-28T11:04:46.485+0000] {logging_mixin.py:190} INFO - [2026-06-28T11:04:46.485+0000] {dag.py:4138} INFO - Setting next_dagrun for example_subdag_operator to 2022-01-01 00:00:00+00:00, run_after=2022-01-01 00:00:00+00:00
[2026-06-28T11:04:46.489+0000] {logging_mixin.py:190} INFO - [2026-06-28T11:04:46.489+0000] {dag.py:4138} INFO - Setting next_dagrun for example_subdag_operator.section-1 to None, run_after=None
[2026-06-28T11:04:46.491+0000] {logging_mixin.py:190} INFO - [2026-06-28T11:04:46.490+0000] {dag.py:4138} INFO - Setting next_dagrun for example_subdag_operator.section-2 to None, run_after=None
[2026-06-28T11:04:46.498+0000] {logging_mixin.py:190} INFO - [2026-06-28T11:04:46.498+0000] {dag.py:3211} INFO - Sync 2 DAGs
[2026-06-28T11:04:46.505+0000] {logging_mixin.py:190} INFO - [2026-06-28T11:04:46.505+0000] {dag.py:4138} INFO - Setting next_dagrun for example_subdag_operator.section-1 to None, run_after=None
[2026-06-28T11:04:46.506+0000] {logging_mixin.py:190} INFO - [2026-06-28T11:04:46.505+0000] {dag.py:4138} INFO - Setting next_dagrun for example_subdag_operator.section-2 to None, run_after=None
[2026-06-28T11:04:46.520+0000] {processor.py:208} INFO - Processing /home/airflow/.local/lib/python3.12/site-packages/airflow/example_dags/example_subdag_operator.py took 0.123 seconds
[2026-06-28T11:05:17.183+0000] {processor.py:186} INFO - Started process (PID=505) to work on /home/airflow/.local/lib/python3.12/site-packages/airflow/example_dags/example_subdag_operator.py
[2026-06-28T11:05:17.185+0000] {processor.py:914} INFO - Processing file /home/airflow/.local/lib/python3.12/site-packages/airflow/example_dags/example_subdag_operator.py for tasks to queue
[2026-06-28T11:05:17.188+0000] {logging_mixin.py:190} INFO - [2026-06-28T11:05:17.188+0000] {dagbag.py:587} INFO - Filling up the DagBag from /home/airflow/.local/lib/python3.12/site-packages/airflow/example_dags/example_subdag_operator.py
[2026-06-28T11:05:17.219+0000] {processor.py:925} INFO - DAG(s) 'example_subdag_operator.section-1', 'example_subdag_operator.section-2', 'example_subdag_operator' retrieved from /home/airflow/.local/lib/python3.12/site-packages/airflow/example_dags/example_subdag_operator.py
[2026-06-28T11:05:17.239+0000] {logging_mixin.py:190} INFO - [2026-06-28T11:05:17.239+0000] {dag.py:3211} INFO - Sync 3 DAGs
[2026-06-28T11:05:17.265+0000] {logging_mixin.py:190} INFO - [2026-06-28T11:05:17.265+0000] {dag.py:4138} INFO - Setting next_dagrun for example_subdag_operator to 2022-01-01 00:00:00+00:00, run_after=2022-01-01 00:00:00+00:00
[2026-06-28T11:05:17.269+0000] {logging_mixin.py:190} INFO - [2026-06-28T11:05:17.269+0000] {dag.py:4138} INFO - Setting next_dagrun for example_subdag_operator.section-1 to None, run_after=None
[2026-06-28T11:05:17.270+0000] {logging_mixin.py:190} INFO - [2026-06-28T11:05:17.270+0000] {dag.py:4138} INFO - Setting next_dagrun for example_subdag_operator.section-2 to None, run_after=None
[2026-06-28T11:05:17.277+0000] {logging_mixin.py:190} INFO - [2026-06-28T11:05:17.277+0000] {dag.py:3211} INFO - Sync 2 DAGs
[2026-06-28T11:05:17.282+0000] {logging_mixin.py:190} INFO - [2026-06-28T11:05:17.282+0000] {dag.py:4138} INFO - Setting next_dagrun for example_subdag_operator.section-1 to None, run_after=None
[2026-06-28T11:05:17.282+0000] {logging_mixin.py:190} INFO - [2026-06-28T11:05:17.282+0000] {dag.py:4138} INFO - Setting next_dagrun for example_subdag_operator.section-2 to None, run_after=None
[2026-06-28T11:05:17.294+0000] {processor.py:208} INFO - Processing /home/airflow/.local/lib/python3.12/site-packages/airflow/example_dags/example_subdag_operator.py took 0.116 seconds
[2026-06-28T11:05:47.829+0000] {processor.py:186} INFO - Started process (PID=566) to work on /home/airflow/.local/lib/python3.12/site-packages/airflow/example_dags/example_subdag_operator.py
[2026-06-28T11:05:47.830+0000] {processor.py:914} INFO - Processing file /home/airflow/.local/lib/python3.12/site-packages/airflow/example_dags/example_subdag_operator.py for tasks to queue
[2026-06-28T11:05:47.833+0000] {logging_mixin.py:190} INFO - [2026-06-28T11:05:47.833+0000] {dagbag.py:587} INFO - Filling up the DagBag from /home/airflow/.local/lib/python3.12/site-packages/airflow/example_dags/example_subdag_operator.py
[2026-06-28T11:05:47.867+0000] {processor.py:925} INFO - DAG(s) 'example_subdag_operator.section-1', 'example_subdag_operator.section-2', 'example_subdag_operator' retrieved from /home/airflow/.local/lib/python3.12/site-packages/airflow/example_dags/example_subdag_operator.py
[2026-06-28T11:05:47.886+0000] {logging_mixin.py:190} INFO - [2026-06-28T11:05:47.886+0000] {dag.py:3211} INFO - Sync 3 DAGs
[2026-06-28T11:05:47.914+0000] {logging_mixin.py:190} INFO - [2026-06-28T11:05:47.914+0000] {dag.py:4138} INFO - Setting next_dagrun for example_subdag_operator to 2022-01-01 00:00:00+00:00, run_after=2022-01-01 00:00:00+00:00
[2026-06-28T11:05:47.920+0000] {logging_mixin.py:190} INFO - [2026-06-28T11:05:47.920+0000] {dag.py:4138} INFO - Setting next_dagrun for example_subdag_operator.section-1 to None, run_after=None
[2026-06-28T11:05:47.922+0000] {logging_mixin.py:190} INFO - [2026-06-28T11:05:47.922+0000] {dag.py:4138} INFO - Setting next_dagrun for example_subdag_operator.section-2 to None, run_after=None
[2026-06-28T11:05:47.931+0000] {logging_mixin.py:190} INFO - [2026-06-28T11:05:47.931+0000] {dag.py:3211} INFO - Sync 2 DAGs
[2026-06-28T11:05:47.940+0000] {logging_mixin.py:190} INFO - [2026-06-28T11:05:47.939+0000] {dag.py:4138} INFO - Setting next_dagrun for example_subdag_operator.section-1 to None, run_after=None
[2026-06-28T11:05:47.940+0000] {logging_mixin.py:190} INFO - [2026-06-28T11:05:47.940+0000] {dag.py:4138} INFO - Setting next_dagrun for example_subdag_operator.section-2 to None, run_after=None
[2026-06-28T11:05:47.955+0000] {processor.py:208} INFO - Processing /home/airflow/.local/lib/python3.12/site-packages/airflow/example_dags/example_subdag_operator.py took 0.132 seconds
[2026-06-28T11:06:18.804+0000] {processor.py:186} INFO - Started process (PID=628) to work on /home/airflow/.local/lib/python3.12/site-packages/airflow/example_dags/example_subdag_operator.py
[2026-06-28T11:06:18.805+0000] {processor.py:914} INFO - Processing file /home/airflow/.local/lib/python3.12/site-packages/airflow/example_dags/example_subdag_operator.py for tasks to queue
[2026-06-28T11:06:18.808+0000] {logging_mixin.py:190} INFO - [2026-06-28T11:06:18.808+0000] {dagbag.py:587} INFO - Filling up the DagBag from /home/airflow/.local/lib/python3.12/site-packages/airflow/example_dags/example_subdag_operator.py
[2026-06-28T11:06:18.852+0000] {processor.py:925} INFO - DAG(s) 'example_subdag_operator.section-1', 'example_subdag_operator.section-2', 'example_subdag_operator' retrieved from /home/airflow/.local/lib/python3.12/site-packages/airflow/example_dags/example_subdag_operator.py
[2026-06-28T11:06:18.873+0000] {logging_mixin.py:190} INFO - [2026-06-28T11:06:18.873+0000] {dag.py:3211} INFO - Sync 3 DAGs
[2026-06-28T11:06:18.907+0000] {logging_mixin.py:190} INFO - [2026-06-28T11:06:18.906+0000] {dag.py:4138} INFO - Setting next_dagrun for example_subdag_operator to 2022-01-01 00:00:00+00:00, run_after=2022-01-01 00:00:00+00:00
[2026-06-28T11:06:18.912+0000] {logging_mixin.py:190} INFO - [2026-06-28T11:06:18.911+0000] {dag.py:4138} INFO - Setting next_dagrun for example_subdag_operator.section-1 to None, run_after=None
[2026-06-28T11:06:18.913+0000] {logging_mixin.py:190} INFO - [2026-06-28T11:06:18.913+0000] {dag.py:4138} INFO - Setting next_dagrun for example_subdag_operator.section-2 to None, run_after=None
[2026-06-28T11:06:18.923+0000] {logging_mixin.py:190} INFO - [2026-06-28T11:06:18.923+0000] {dag.py:3211} INFO - Sync 2 DAGs
[2026-06-28T11:06:18.930+0000] {logging_mixin.py:190} INFO - [2026-06-28T11:06:18.930+0000] {dag.py:4138} INFO - Setting next_dagrun for example_subdag_operator.section-1 to None, run_after=None
[2026-06-28T11:06:18.930+0000] {logging_mixin.py:190} INFO - [2026-06-28T11:06:18.930+0000] {dag.py:4138} INFO - Setting next_dagrun for example_subdag_operator.section-2 to None, run_after=None
[2026-06-28T11:06:18.942+0000] {processor.py:208} INFO - Processing /home/airflow/.local/lib/python3.12/site-packages/airflow/example_dags/example_subdag_operator.py took 0.146 seconds
[2026-06-28T11:06:49.733+0000] {processor.py:186} INFO - Started process (PID=690) to work on /home/airflow/.local/lib/python3.12/site-packages/airflow/example_dags/example_subdag_operator.py
[2026-06-28T11:06:49.734+0000] {processor.py:914} INFO - Processing file /home/airflow/.local/lib/python3.12/site-packages/airflow/example_dags/example_subdag_operator.py for tasks to queue
[2026-06-28T11:06:49.737+0000] {logging_mixin.py:190} INFO - [2026-06-28T11:06:49.737+0000] {dagbag.py:587} INFO - Filling up the DagBag from /home/airflow/.local/lib/python3.12/site-packages/airflow/example_dags/example_subdag_operator.py
[2026-06-28T11:06:49.771+0000] {processor.py:925} INFO - DAG(s) 'example_subdag_operator.section-1', 'example_subdag_operator.section-2', 'example_subdag_operator' retrieved from /home/airflow/.local/lib/python3.12/site-packages/airflow/example_dags/example_subdag_operator.py
[2026-06-28T11:06:49.789+0000] {logging_mixin.py:190} INFO - [2026-06-28T11:06:49.788+0000] {dag.py:3211} INFO - Sync 3 DAGs
[2026-06-28T11:06:49.814+0000] {logging_mixin.py:190} INFO - [2026-06-28T11:06:49.814+0000] {dag.py:4138} INFO - Setting next_dagrun for example_subdag_operator to 2022-01-01 00:00:00+00:00, run_after=2022-01-01 00:00:00+00:00
[2026-06-28T11:06:49.818+0000] {logging_mixin.py:190} INFO - [2026-06-28T11:06:49.818+0000] {dag.py:4138} INFO - Setting next_dagrun for example_subdag_operator.section-1 to None, run_after=None
[2026-06-28T11:06:49.820+0000] {logging_mixin.py:190} INFO - [2026-06-28T11:06:49.819+0000] {dag.py:4138} INFO - Setting next_dagrun for example_subdag_operator.section-2 to None, run_after=None
[2026-06-28T11:06:49.828+0000] {logging_mixin.py:190} INFO - [2026-06-28T11:06:49.828+0000] {dag.py:3211} INFO - Sync 2 DAGs
[2026-06-28T11:06:49.834+0000] {logging_mixin.py:190} INFO - [2026-06-28T11:06:49.834+0000] {dag.py:4138} INFO - Setting next_dagrun for example_subdag_operator.section-1 to None, run_after=None
[2026-06-28T11:06:49.835+0000] {logging_mixin.py:190} INFO - [2026-06-28T11:06:49.835+0000] {dag.py:4138} INFO - Setting next_dagrun for example_subdag_operator.section-2 to None, run_after=None
[2026-06-28T11:06:49.859+0000] {processor.py:208} INFO - Processing /home/airflow/.local/lib/python3.12/site-packages/airflow/example_dags/example_subdag_operator.py took 0.132 seconds
[2026-06-28T11:07:20.273+0000] {processor.py:186} INFO - Started process (PID=752) to work on /home/airflow/.local/lib/python3.12/site-packages/airflow/example_dags/example_subdag_operator.py
[2026-06-28T11:07:20.274+0000] {processor.py:914} INFO - Processing file /home/airflow/.local/lib/python3.12/site-packages/airflow/example_dags/example_subdag_operator.py for tasks to queue
[2026-06-28T11:07:20.277+0000] {logging_mixin.py:190} INFO - [2026-06-28T11:07:20.277+0000] {dagbag.py:587} INFO - Filling up the DagBag from /home/airflow/.local/lib/python3.12/site-packages/airflow/example_dags/example_subdag_operator.py
[2026-06-28T11:07:20.316+0000] {processor.py:925} INFO - DAG(s) 'example_subdag_operator.section-1', 'example_subdag_operator.section-2', 'example_subdag_operator' retrieved from /home/airflow/.local/lib/python3.12/site-packages/airflow/example_dags/example_subdag_operator.py
[2026-06-28T11:07:20.351+0000] {logging_mixin.py:190} INFO - [2026-06-28T11:07:20.351+0000] {dag.py:3211} INFO - Sync 3 DAGs
[2026-06-28T11:07:20.381+0000] {logging_mixin.py:190} INFO - [2026-06-28T11:07:20.380+0000] {dag.py:4138} INFO - Setting next_dagrun for example_subdag_operator to 2022-01-01 00:00:00+00:00, run_after=2022-01-01 00:00:00+00:00
[2026-06-28T11:07:20.386+0000] {logging_mixin.py:190} INFO - [2026-06-28T11:07:20.386+0000] {dag.py:4138} INFO - Setting next_dagrun for example_subdag_operator.section-1 to None, run_after=None
[2026-06-28T11:07:20.388+0000] {logging_mixin.py:190} INFO - [2026-06-28T11:07:20.387+0000] {dag.py:4138} INFO - Setting next_dagrun for example_subdag_operator.section-2 to None, run_after=None
[2026-06-28T11:07:20.397+0000] {logging_mixin.py:190} INFO - [2026-06-28T11:07:20.396+0000] {dag.py:3211} INFO - Sync 2 DAGs
[2026-06-28T11:07:20.403+0000] {logging_mixin.py:190} INFO - [2026-06-28T11:07:20.403+0000] {dag.py:4138} INFO - Setting next_dagrun for example_subdag_operator.section-1 to None, run_after=None
[2026-06-28T11:07:20.403+0000] {logging_mixin.py:190} INFO - [2026-06-28T11:07:20.403+0000] {dag.py:4138} INFO - Setting next_dagrun for example_subdag_operator.section-2 to None, run_after=None
[2026-06-28T11:07:20.419+0000] {processor.py:208} INFO - Processing /home/airflow/.local/lib/python3.12/site-packages/airflow/example_dags/example_subdag_operator.py took 0.153 seconds
[2026-06-28T11:07:50.596+0000] {processor.py:186} INFO - Started process (PID=814) to work on /home/airflow/.local/lib/python3.12/site-packages/airflow/example_dags/example_subdag_operator.py
[2026-06-28T11:07:50.597+0000] {processor.py:914} INFO - Processing file /home/airflow/.local/lib/python3.12/site-packages/airflow/example_dags/example_subdag_operator.py for tasks to queue
[2026-06-28T11:07:50.599+0000] {logging_mixin.py:190} INFO - [2026-06-28T11:07:50.599+0000] {dagbag.py:587} INFO - Filling up the DagBag from /home/airflow/.local/lib/python3.12/site-packages/airflow/example_dags/example_subdag_operator.py
[2026-06-28T11:07:50.633+0000] {processor.py:925} INFO - DAG(s) 'example_subdag_operator.section-1', 'example_subdag_operator.section-2', 'example_subdag_operator' retrieved from /home/airflow/.local/lib/python3.12/site-packages/airflow/example_dags/example_subdag_operator.py
[2026-06-28T11:07:50.650+0000] {logging_mixin.py:190} INFO - [2026-06-28T11:07:50.649+0000] {dag.py:3211} INFO - Sync 3 DAGs
[2026-06-28T11:07:50.673+0000] {logging_mixin.py:190} INFO - [2026-06-28T11:07:50.673+0000] {dag.py:4138} INFO - Setting next_dagrun for example_subdag_operator to 2022-01-01 00:00:00+00:00, run_after=2022-01-01 00:00:00+00:00
[2026-06-28T11:07:50.677+0000] {logging_mixin.py:190} INFO - [2026-06-28T11:07:50.677+0000] {dag.py:4138} INFO - Setting next_dagrun for example_subdag_operator.section-1 to None, run_after=None
[2026-06-28T11:07:50.678+0000] {logging_mixin.py:190} INFO - [2026-06-28T11:07:50.678+0000] {dag.py:4138} INFO - Setting next_dagrun for example_subdag_operator.section-2 to None, run_after=None
[2026-06-28T11:07:50.687+0000] {logging_mixin.py:190} INFO - [2026-06-28T11:07:50.686+0000] {dag.py:3211} INFO - Sync 2 DAGs
[2026-06-28T11:07:50.692+0000] {logging_mixin.py:190} INFO - [2026-06-28T11:07:50.692+0000] {dag.py:4138} INFO - Setting next_dagrun for example_subdag_operator.section-1 to None, run_after=None
[2026-06-28T11:07:50.692+0000] {logging_mixin.py:190} INFO - [2026-06-28T11:07:50.692+0000] {dag.py:4138} INFO - Setting next_dagrun for example_subdag_operator.section-2 to None, run_after=None
[2026-06-28T11:07:50.705+0000] {processor.py:208} INFO - Processing /home/airflow/.local/lib/python3.12/site-packages/airflow/example_dags/example_subdag_operator.py took 0.115 seconds
[2026-06-28T11:08:20.785+0000] {processor.py:186} INFO - Started process (PID=876) to work on /home/airflow/.local/lib/python3.12/site-packages/airflow/example_dags/example_subdag_operator.py
[2026-06-28T11:08:20.786+0000] {processor.py:914} INFO - Processing file /home/airflow/.local/lib/python3.12/site-packages/airflow/example_dags/example_subdag_operator.py for tasks to queue
[2026-06-28T11:08:20.788+0000] {logging_mixin.py:190} INFO - [2026-06-28T11:08:20.788+0000] {dagbag.py:587} INFO - Filling up the DagBag from /home/airflow/.local/lib/python3.12/site-packages/airflow/example_dags/example_subdag_operator.py
[2026-06-28T11:08:20.822+0000] {processor.py:925} INFO - DAG(s) 'example_subdag_operator.section-1', 'example_subdag_operator.section-2', 'example_subdag_operator' retrieved from /home/airflow/.local/lib/python3.12/site-packages/airflow/example_dags/example_subdag_operator.py
[2026-06-28T11:08:20.839+0000] {logging_mixin.py:190} INFO - [2026-06-28T11:08:20.838+0000] {dag.py:3211} INFO - Sync 3 DAGs
[2026-06-28T11:08:20.862+0000] {logging_mixin.py:190} INFO - [2026-06-28T11:08:20.862+0000] {dag.py:4138} INFO - Setting next_dagrun for example_subdag_operator to 2022-01-01 00:00:00+00:00, run_after=2022-01-01 00:00:00+00:00
[2026-06-28T11:08:20.866+0000] {logging_mixin.py:190} INFO - [2026-06-28T11:08:20.865+0000] {dag.py:4138} INFO - Setting next_dagrun for example_subdag_operator.section-1 to None, run_after=None
[2026-06-28T11:08:20.867+0000] {logging_mixin.py:190} INFO - [2026-06-28T11:08:20.867+0000] {dag.py:4138} INFO - Setting next_dagrun for example_subdag_operator.section-2 to None, run_after=None
[2026-06-28T11:08:20.875+0000] {logging_mixin.py:190} INFO - [2026-06-28T11:08:20.875+0000] {dag.py:3211} INFO - Sync 2 DAGs
[2026-06-28T11:08:20.881+0000] {logging_mixin.py:190} INFO - [2026-06-28T11:08:20.881+0000] {dag.py:4138} INFO - Setting next_dagrun for example_subdag_operator.section-1 to None, run_after=None
[2026-06-28T11:08:20.882+0000] {logging_mixin.py:190} INFO - [2026-06-28T11:08:20.881+0000] {dag.py:4138} INFO - Setting next_dagrun for example_subdag_operator.section-2 to None, run_after=None
[2026-06-28T11:08:20.894+0000] {processor.py:208} INFO - Processing /home/airflow/.local/lib/python3.12/site-packages/airflow/example_dags/example_subdag_operator.py took 0.115 seconds
