[2026-06-28T11:01:42.839+0000] {processor.py:186} INFO - Started process (PID=78) to work on /home/airflow/.local/lib/python3.12/site-packages/airflow/example_dags/example_xcom.py
[2026-06-28T11:01:42.840+0000] {processor.py:914} INFO - Processing file /home/airflow/.local/lib/python3.12/site-packages/airflow/example_dags/example_xcom.py for tasks to queue
[2026-06-28T11:01:42.842+0000] {logging_mixin.py:190} INFO - [2026-06-28T11:01:42.842+0000] {dagbag.py:587} INFO - Filling up the DagBag from /home/airflow/.local/lib/python3.12/site-packages/airflow/example_dags/example_xcom.py
[2026-06-28T11:01:42.852+0000] {processor.py:925} INFO - DAG(s) 'example_xcom' retrieved from /home/airflow/.local/lib/python3.12/site-packages/airflow/example_dags/example_xcom.py
[2026-06-28T11:01:42.980+0000] {logging_mixin.py:190} INFO - [2026-06-28T11:01:42.979+0000] {override.py:1858} INFO - Created Permission View: can edit on DAG:example_xcom
[2026-06-28T11:01:42.990+0000] {logging_mixin.py:190} INFO - [2026-06-28T11:01:42.990+0000] {override.py:1858} INFO - Created Permission View: can delete on DAG:example_xcom
[2026-06-28T11:01:42.995+0000] {logging_mixin.py:190} INFO - [2026-06-28T11:01:42.995+0000] {override.py:1858} INFO - Created Permission View: can read on DAG:example_xcom
[2026-06-28T11:01:42.996+0000] {logging_mixin.py:190} INFO - [2026-06-28T11:01:42.996+0000] {dag.py:3211} INFO - Sync 1 DAGs
[2026-06-28T11:01:43.009+0000] {logging_mixin.py:190} INFO - [2026-06-28T11:01:43.009+0000] {dag.py:3234} INFO - Creating ORM DAG for example_xcom
[2026-06-28T11:01:43.019+0000] {logging_mixin.py:190} INFO - [2026-06-28T11:01:43.018+0000] {dag.py:4138} INFO - Setting next_dagrun for example_xcom to 2021-01-01 00:00:00+00:00, run_after=2021-01-01 00:00:00+00:00
[2026-06-28T11:01:43.033+0000] {processor.py:208} INFO - Processing /home/airflow/.local/lib/python3.12/site-packages/airflow/example_dags/example_xcom.py took 0.199 seconds
[2026-06-28T11:02:14.210+0000] {processor.py:186} INFO - Started process (PID=140) to work on /home/airflow/.local/lib/python3.12/site-packages/airflow/example_dags/example_xcom.py
[2026-06-28T11:02:14.211+0000] {processor.py:914} INFO - Processing file /home/airflow/.local/lib/python3.12/site-packages/airflow/example_dags/example_xcom.py for tasks to queue
[2026-06-28T11:02:14.213+0000] {logging_mixin.py:190} INFO - [2026-06-28T11:02:14.213+0000] {dagbag.py:587} INFO - Filling up the DagBag from /home/airflow/.local/lib/python3.12/site-packages/airflow/example_dags/example_xcom.py
[2026-06-28T11:02:14.221+0000] {processor.py:925} INFO - DAG(s) 'example_xcom' retrieved from /home/airflow/.local/lib/python3.12/site-packages/airflow/example_dags/example_xcom.py
[2026-06-28T11:02:14.242+0000] {logging_mixin.py:190} INFO - [2026-06-28T11:02:14.242+0000] {dag.py:3211} INFO - Sync 1 DAGs
[2026-06-28T11:02:14.262+0000] {logging_mixin.py:190} INFO - [2026-06-28T11:02:14.261+0000] {dag.py:4138} INFO - Setting next_dagrun for example_xcom to 2021-01-01 00:00:00+00:00, run_after=2021-01-01 00:00:00+00:00
[2026-06-28T11:02:14.282+0000] {processor.py:208} INFO - Processing /home/airflow/.local/lib/python3.12/site-packages/airflow/example_dags/example_xcom.py took 0.076 seconds
[2026-06-28T11:02:45.089+0000] {processor.py:186} INFO - Started process (PID=202) to work on /home/airflow/.local/lib/python3.12/site-packages/airflow/example_dags/example_xcom.py
[2026-06-28T11:02:45.090+0000] {processor.py:914} INFO - Processing file /home/airflow/.local/lib/python3.12/site-packages/airflow/example_dags/example_xcom.py for tasks to queue
[2026-06-28T11:02:45.092+0000] {logging_mixin.py:190} INFO - [2026-06-28T11:02:45.091+0000] {dagbag.py:587} INFO - Filling up the DagBag from /home/airflow/.local/lib/python3.12/site-packages/airflow/example_dags/example_xcom.py
[2026-06-28T11:02:45.101+0000] {processor.py:925} INFO - DAG(s) 'example_xcom' retrieved from /home/airflow/.local/lib/python3.12/site-packages/airflow/example_dags/example_xcom.py
[2026-06-28T11:02:45.124+0000] {logging_mixin.py:190} INFO - [2026-06-28T11:02:45.124+0000] {dag.py:3211} INFO - Sync 1 DAGs
[2026-06-28T11:02:45.144+0000] {logging_mixin.py:190} INFO - [2026-06-28T11:02:45.144+0000] {dag.py:4138} INFO - Setting next_dagrun for example_xcom to 2021-01-01 00:00:00+00:00, run_after=2021-01-01 00:00:00+00:00
[2026-06-28T11:02:45.163+0000] {processor.py:208} INFO - Processing /home/airflow/.local/lib/python3.12/site-packages/airflow/example_dags/example_xcom.py took 0.079 seconds
[2026-06-28T11:03:15.212+0000] {processor.py:186} INFO - Started process (PID=264) to work on /home/airflow/.local/lib/python3.12/site-packages/airflow/example_dags/example_xcom.py
[2026-06-28T11:03:15.213+0000] {processor.py:914} INFO - Processing file /home/airflow/.local/lib/python3.12/site-packages/airflow/example_dags/example_xcom.py for tasks to queue
[2026-06-28T11:03:15.215+0000] {logging_mixin.py:190} INFO - [2026-06-28T11:03:15.215+0000] {dagbag.py:587} INFO - Filling up the DagBag from /home/airflow/.local/lib/python3.12/site-packages/airflow/example_dags/example_xcom.py
[2026-06-28T11:03:15.225+0000] {processor.py:925} INFO - DAG(s) 'example_xcom' retrieved from /home/airflow/.local/lib/python3.12/site-packages/airflow/example_dags/example_xcom.py
[2026-06-28T11:03:15.252+0000] {logging_mixin.py:190} INFO - [2026-06-28T11:03:15.251+0000] {dag.py:3211} INFO - Sync 1 DAGs
[2026-06-28T11:03:15.277+0000] {logging_mixin.py:190} INFO - [2026-06-28T11:03:15.276+0000] {dag.py:4138} INFO - Setting next_dagrun for example_xcom to 2021-01-01 00:00:00+00:00, run_after=2021-01-01 00:00:00+00:00
[2026-06-28T11:03:15.344+0000] {processor.py:208} INFO - Processing /home/airflow/.local/lib/python3.12/site-packages/airflow/example_dags/example_xcom.py took 0.138 seconds
[2026-06-28T11:03:45.735+0000] {processor.py:186} INFO - Started process (PID=326) to work on /home/airflow/.local/lib/python3.12/site-packages/airflow/example_dags/example_xcom.py
[2026-06-28T11:03:45.736+0000] {processor.py:914} INFO - Processing file /home/airflow/.local/lib/python3.12/site-packages/airflow/example_dags/example_xcom.py for tasks to queue
[2026-06-28T11:03:45.739+0000] {logging_mixin.py:190} INFO - [2026-06-28T11:03:45.738+0000] {dagbag.py:587} INFO - Filling up the DagBag from /home/airflow/.local/lib/python3.12/site-packages/airflow/example_dags/example_xcom.py
[2026-06-28T11:03:45.748+0000] {processor.py:925} INFO - DAG(s) 'example_xcom' retrieved from /home/airflow/.local/lib/python3.12/site-packages/airflow/example_dags/example_xcom.py
[2026-06-28T11:03:45.775+0000] {logging_mixin.py:190} INFO - [2026-06-28T11:03:45.774+0000] {dag.py:3211} INFO - Sync 1 DAGs
[2026-06-28T11:03:45.801+0000] {logging_mixin.py:190} INFO - [2026-06-28T11:03:45.801+0000] {dag.py:4138} INFO - Setting next_dagrun for example_xcom to 2021-01-01 00:00:00+00:00, run_after=2021-01-01 00:00:00+00:00
[2026-06-28T11:03:45.824+0000] {processor.py:208} INFO - Processing /home/airflow/.local/lib/python3.12/site-packages/airflow/example_dags/example_xcom.py took 0.095 seconds
[2026-06-28T11:04:16.560+0000] {processor.py:186} INFO - Started process (PID=388) to work on /home/airflow/.local/lib/python3.12/site-packages/airflow/example_dags/example_xcom.py
[2026-06-28T11:04:16.561+0000] {processor.py:914} INFO - Processing file /home/airflow/.local/lib/python3.12/site-packages/airflow/example_dags/example_xcom.py for tasks to queue
[2026-06-28T11:04:16.564+0000] {logging_mixin.py:190} INFO - [2026-06-28T11:04:16.563+0000] {dagbag.py:587} INFO - Filling up the DagBag from /home/airflow/.local/lib/python3.12/site-packages/airflow/example_dags/example_xcom.py
[2026-06-28T11:04:16.575+0000] {processor.py:925} INFO - DAG(s) 'example_xcom' retrieved from /home/airflow/.local/lib/python3.12/site-packages/airflow/example_dags/example_xcom.py
[2026-06-28T11:04:16.605+0000] {logging_mixin.py:190} INFO - [2026-06-28T11:04:16.604+0000] {dag.py:3211} INFO - Sync 1 DAGs
[2026-06-28T11:04:16.641+0000] {logging_mixin.py:190} INFO - [2026-06-28T11:04:16.640+0000] {dag.py:4138} INFO - Setting next_dagrun for example_xcom to 2021-01-01 00:00:00+00:00, run_after=2021-01-01 00:00:00+00:00
[2026-06-28T11:04:16.665+0000] {processor.py:208} INFO - Processing /home/airflow/.local/lib/python3.12/site-packages/airflow/example_dags/example_xcom.py took 0.113 seconds
[2026-06-28T11:04:46.903+0000] {processor.py:186} INFO - Started process (PID=450) to work on /home/airflow/.local/lib/python3.12/site-packages/airflow/example_dags/example_xcom.py
[2026-06-28T11:04:46.904+0000] {processor.py:914} INFO - Processing file /home/airflow/.local/lib/python3.12/site-packages/airflow/example_dags/example_xcom.py for tasks to queue
[2026-06-28T11:04:46.907+0000] {logging_mixin.py:190} INFO - [2026-06-28T11:04:46.906+0000] {dagbag.py:587} INFO - Filling up the DagBag from /home/airflow/.local/lib/python3.12/site-packages/airflow/example_dags/example_xcom.py
[2026-06-28T11:04:46.916+0000] {processor.py:925} INFO - DAG(s) 'example_xcom' retrieved from /home/airflow/.local/lib/python3.12/site-packages/airflow/example_dags/example_xcom.py
[2026-06-28T11:04:46.947+0000] {logging_mixin.py:190} INFO - [2026-06-28T11:04:46.947+0000] {dag.py:3211} INFO - Sync 1 DAGs
[2026-06-28T11:04:46.977+0000] {logging_mixin.py:190} INFO - [2026-06-28T11:04:46.976+0000] {dag.py:4138} INFO - Setting next_dagrun for example_xcom to 2021-01-01 00:00:00+00:00, run_after=2021-01-01 00:00:00+00:00
[2026-06-28T11:04:46.999+0000] {processor.py:208} INFO - Processing /home/airflow/.local/lib/python3.12/site-packages/airflow/example_dags/example_xcom.py took 0.103 seconds
[2026-06-28T11:05:17.739+0000] {processor.py:186} INFO - Started process (PID=512) to work on /home/airflow/.local/lib/python3.12/site-packages/airflow/example_dags/example_xcom.py
[2026-06-28T11:05:17.740+0000] {processor.py:914} INFO - Processing file /home/airflow/.local/lib/python3.12/site-packages/airflow/example_dags/example_xcom.py for tasks to queue
[2026-06-28T11:05:17.743+0000] {logging_mixin.py:190} INFO - [2026-06-28T11:05:17.742+0000] {dagbag.py:587} INFO - Filling up the DagBag from /home/airflow/.local/lib/python3.12/site-packages/airflow/example_dags/example_xcom.py
[2026-06-28T11:05:17.753+0000] {processor.py:925} INFO - DAG(s) 'example_xcom' retrieved from /home/airflow/.local/lib/python3.12/site-packages/airflow/example_dags/example_xcom.py
[2026-06-28T11:05:17.785+0000] {logging_mixin.py:190} INFO - [2026-06-28T11:05:17.784+0000] {dag.py:3211} INFO - Sync 1 DAGs
[2026-06-28T11:05:17.810+0000] {logging_mixin.py:190} INFO - [2026-06-28T11:05:17.810+0000] {dag.py:4138} INFO - Setting next_dagrun for example_xcom to 2021-01-01 00:00:00+00:00, run_after=2021-01-01 00:00:00+00:00
[2026-06-28T11:05:17.829+0000] {processor.py:208} INFO - Processing /home/airflow/.local/lib/python3.12/site-packages/airflow/example_dags/example_xcom.py took 0.097 seconds
[2026-06-28T11:05:48.346+0000] {processor.py:186} INFO - Started process (PID=573) to work on /home/airflow/.local/lib/python3.12/site-packages/airflow/example_dags/example_xcom.py
[2026-06-28T11:05:48.348+0000] {processor.py:914} INFO - Processing file /home/airflow/.local/lib/python3.12/site-packages/airflow/example_dags/example_xcom.py for tasks to queue
[2026-06-28T11:05:48.350+0000] {logging_mixin.py:190} INFO - [2026-06-28T11:05:48.350+0000] {dagbag.py:587} INFO - Filling up the DagBag from /home/airflow/.local/lib/python3.12/site-packages/airflow/example_dags/example_xcom.py
[2026-06-28T11:05:48.361+0000] {processor.py:925} INFO - DAG(s) 'example_xcom' retrieved from /home/airflow/.local/lib/python3.12/site-packages/airflow/example_dags/example_xcom.py
[2026-06-28T11:05:48.390+0000] {logging_mixin.py:190} INFO - [2026-06-28T11:05:48.389+0000] {dag.py:3211} INFO - Sync 1 DAGs
[2026-06-28T11:05:48.417+0000] {logging_mixin.py:190} INFO - [2026-06-28T11:05:48.417+0000] {dag.py:4138} INFO - Setting next_dagrun for example_xcom to 2021-01-01 00:00:00+00:00, run_after=2021-01-01 00:00:00+00:00
[2026-06-28T11:05:48.442+0000] {processor.py:208} INFO - Processing /home/airflow/.local/lib/python3.12/site-packages/airflow/example_dags/example_xcom.py took 0.102 seconds
[2026-06-28T11:06:19.386+0000] {processor.py:186} INFO - Started process (PID=635) to work on /home/airflow/.local/lib/python3.12/site-packages/airflow/example_dags/example_xcom.py
[2026-06-28T11:06:19.390+0000] {processor.py:914} INFO - Processing file /home/airflow/.local/lib/python3.12/site-packages/airflow/example_dags/example_xcom.py for tasks to queue
[2026-06-28T11:06:19.393+0000] {logging_mixin.py:190} INFO - [2026-06-28T11:06:19.392+0000] {dagbag.py:587} INFO - Filling up the DagBag from /home/airflow/.local/lib/python3.12/site-packages/airflow/example_dags/example_xcom.py
[2026-06-28T11:06:19.405+0000] {processor.py:925} INFO - DAG(s) 'example_xcom' retrieved from /home/airflow/.local/lib/python3.12/site-packages/airflow/example_dags/example_xcom.py
[2026-06-28T11:06:19.491+0000] {logging_mixin.py:190} INFO - [2026-06-28T11:06:19.490+0000] {dag.py:3211} INFO - Sync 1 DAGs
[2026-06-28T11:06:19.529+0000] {logging_mixin.py:190} INFO - [2026-06-28T11:06:19.529+0000] {dag.py:4138} INFO - Setting next_dagrun for example_xcom to 2021-01-01 00:00:00+00:00, run_after=2021-01-01 00:00:00+00:00
[2026-06-28T11:06:19.558+0000] {processor.py:208} INFO - Processing /home/airflow/.local/lib/python3.12/site-packages/airflow/example_dags/example_xcom.py took 0.179 seconds
[2026-06-28T11:06:50.250+0000] {processor.py:186} INFO - Started process (PID=697) to work on /home/airflow/.local/lib/python3.12/site-packages/airflow/example_dags/example_xcom.py
[2026-06-28T11:06:50.252+0000] {processor.py:914} INFO - Processing file /home/airflow/.local/lib/python3.12/site-packages/airflow/example_dags/example_xcom.py for tasks to queue
[2026-06-28T11:06:50.254+0000] {logging_mixin.py:190} INFO - [2026-06-28T11:06:50.254+0000] {dagbag.py:587} INFO - Filling up the DagBag from /home/airflow/.local/lib/python3.12/site-packages/airflow/example_dags/example_xcom.py
[2026-06-28T11:06:50.265+0000] {processor.py:925} INFO - DAG(s) 'example_xcom' retrieved from /home/airflow/.local/lib/python3.12/site-packages/airflow/example_dags/example_xcom.py
[2026-06-28T11:06:50.297+0000] {logging_mixin.py:190} INFO - [2026-06-28T11:06:50.297+0000] {dag.py:3211} INFO - Sync 1 DAGs
[2026-06-28T11:06:50.326+0000] {logging_mixin.py:190} INFO - [2026-06-28T11:06:50.325+0000] {dag.py:4138} INFO - Setting next_dagrun for example_xcom to 2021-01-01 00:00:00+00:00, run_after=2021-01-01 00:00:00+00:00
[2026-06-28T11:06:50.347+0000] {processor.py:208} INFO - Processing /home/airflow/.local/lib/python3.12/site-packages/airflow/example_dags/example_xcom.py took 0.104 seconds
[2026-06-28T11:07:20.971+0000] {processor.py:186} INFO - Started process (PID=759) to work on /home/airflow/.local/lib/python3.12/site-packages/airflow/example_dags/example_xcom.py
[2026-06-28T11:07:20.971+0000] {processor.py:914} INFO - Processing file /home/airflow/.local/lib/python3.12/site-packages/airflow/example_dags/example_xcom.py for tasks to queue
[2026-06-28T11:07:20.974+0000] {logging_mixin.py:190} INFO - [2026-06-28T11:07:20.974+0000] {dagbag.py:587} INFO - Filling up the DagBag from /home/airflow/.local/lib/python3.12/site-packages/airflow/example_dags/example_xcom.py
[2026-06-28T11:07:20.983+0000] {processor.py:925} INFO - DAG(s) 'example_xcom' retrieved from /home/airflow/.local/lib/python3.12/site-packages/airflow/example_dags/example_xcom.py
[2026-06-28T11:07:21.007+0000] {logging_mixin.py:190} INFO - [2026-06-28T11:07:21.007+0000] {dag.py:3211} INFO - Sync 1 DAGs
[2026-06-28T11:07:21.030+0000] {logging_mixin.py:190} INFO - [2026-06-28T11:07:21.030+0000] {dag.py:4138} INFO - Setting next_dagrun for example_xcom to 2021-01-01 00:00:00+00:00, run_after=2021-01-01 00:00:00+00:00
[2026-06-28T11:07:21.051+0000] {processor.py:208} INFO - Processing /home/airflow/.local/lib/python3.12/site-packages/airflow/example_dags/example_xcom.py took 0.087 seconds
[2026-06-28T11:07:51.095+0000] {processor.py:186} INFO - Started process (PID=821) to work on /home/airflow/.local/lib/python3.12/site-packages/airflow/example_dags/example_xcom.py
[2026-06-28T11:07:51.096+0000] {processor.py:914} INFO - Processing file /home/airflow/.local/lib/python3.12/site-packages/airflow/example_dags/example_xcom.py for tasks to queue
[2026-06-28T11:07:51.099+0000] {logging_mixin.py:190} INFO - [2026-06-28T11:07:51.099+0000] {dagbag.py:587} INFO - Filling up the DagBag from /home/airflow/.local/lib/python3.12/site-packages/airflow/example_dags/example_xcom.py
[2026-06-28T11:07:51.110+0000] {processor.py:925} INFO - DAG(s) 'example_xcom' retrieved from /home/airflow/.local/lib/python3.12/site-packages/airflow/example_dags/example_xcom.py
[2026-06-28T11:07:51.138+0000] {logging_mixin.py:190} INFO - [2026-06-28T11:07:51.138+0000] {dag.py:3211} INFO - Sync 1 DAGs
[2026-06-28T11:07:51.163+0000] {logging_mixin.py:190} INFO - [2026-06-28T11:07:51.163+0000] {dag.py:4138} INFO - Setting next_dagrun for example_xcom to 2021-01-01 00:00:00+00:00, run_after=2021-01-01 00:00:00+00:00
[2026-06-28T11:07:51.184+0000] {processor.py:208} INFO - Processing /home/airflow/.local/lib/python3.12/site-packages/airflow/example_dags/example_xcom.py took 0.095 seconds
[2026-06-28T11:08:21.256+0000] {processor.py:186} INFO - Started process (PID=883) to work on /home/airflow/.local/lib/python3.12/site-packages/airflow/example_dags/example_xcom.py
[2026-06-28T11:08:21.257+0000] {processor.py:914} INFO - Processing file /home/airflow/.local/lib/python3.12/site-packages/airflow/example_dags/example_xcom.py for tasks to queue
[2026-06-28T11:08:21.260+0000] {logging_mixin.py:190} INFO - [2026-06-28T11:08:21.260+0000] {dagbag.py:587} INFO - Filling up the DagBag from /home/airflow/.local/lib/python3.12/site-packages/airflow/example_dags/example_xcom.py
[2026-06-28T11:08:21.271+0000] {processor.py:925} INFO - DAG(s) 'example_xcom' retrieved from /home/airflow/.local/lib/python3.12/site-packages/airflow/example_dags/example_xcom.py
[2026-06-28T11:08:21.298+0000] {logging_mixin.py:190} INFO - [2026-06-28T11:08:21.298+0000] {dag.py:3211} INFO - Sync 1 DAGs
[2026-06-28T11:08:21.323+0000] {logging_mixin.py:190} INFO - [2026-06-28T11:08:21.323+0000] {dag.py:4138} INFO - Setting next_dagrun for example_xcom to 2021-01-01 00:00:00+00:00, run_after=2021-01-01 00:00:00+00:00
[2026-06-28T11:08:21.345+0000] {processor.py:208} INFO - Processing /home/airflow/.local/lib/python3.12/site-packages/airflow/example_dags/example_xcom.py took 0.096 seconds
