[2026-06-28T11:01:41.787+0000] {processor.py:186} INFO - Started process (PID=72) to work on /home/airflow/.local/lib/python3.12/site-packages/airflow/example_dags/example_task_group.py
[2026-06-28T11:01:41.788+0000] {processor.py:914} INFO - Processing file /home/airflow/.local/lib/python3.12/site-packages/airflow/example_dags/example_task_group.py for tasks to queue
[2026-06-28T11:01:41.796+0000] {logging_mixin.py:190} INFO - [2026-06-28T11:01:41.795+0000] {dagbag.py:587} INFO - Filling up the DagBag from /home/airflow/.local/lib/python3.12/site-packages/airflow/example_dags/example_task_group.py
[2026-06-28T11:01:41.805+0000] {processor.py:925} INFO - DAG(s) 'example_task_group' retrieved from /home/airflow/.local/lib/python3.12/site-packages/airflow/example_dags/example_task_group.py
[2026-06-28T11:01:42.093+0000] {logging_mixin.py:190} INFO - [2026-06-28T11:01:42.092+0000] {override.py:1858} INFO - Created Permission View: can edit on DAG:example_task_group
[2026-06-28T11:01:42.132+0000] {logging_mixin.py:190} INFO - [2026-06-28T11:01:42.132+0000] {override.py:1858} INFO - Created Permission View: can delete on DAG:example_task_group
[2026-06-28T11:01:42.142+0000] {logging_mixin.py:190} INFO - [2026-06-28T11:01:42.141+0000] {override.py:1858} INFO - Created Permission View: can read on DAG:example_task_group
[2026-06-28T11:01:42.142+0000] {logging_mixin.py:190} INFO - [2026-06-28T11:01:42.142+0000] {dag.py:3211} INFO - Sync 1 DAGs
[2026-06-28T11:01:42.158+0000] {logging_mixin.py:190} INFO - [2026-06-28T11:01:42.157+0000] {dag.py:3234} INFO - Creating ORM DAG for example_task_group
[2026-06-28T11:01:42.169+0000] {logging_mixin.py:190} INFO - [2026-06-28T11:01:42.169+0000] {dag.py:4138} INFO - Setting next_dagrun for example_task_group to 2026-06-27 00:00:00+00:00, run_after=2026-06-28 00:00:00+00:00
[2026-06-28T11:01:42.185+0000] {processor.py:208} INFO - Processing /home/airflow/.local/lib/python3.12/site-packages/airflow/example_dags/example_task_group.py took 0.403 seconds
[2026-06-28T11:02:12.909+0000] {processor.py:186} INFO - Started process (PID=134) to work on /home/airflow/.local/lib/python3.12/site-packages/airflow/example_dags/example_task_group.py
[2026-06-28T11:02:12.910+0000] {processor.py:914} INFO - Processing file /home/airflow/.local/lib/python3.12/site-packages/airflow/example_dags/example_task_group.py for tasks to queue
[2026-06-28T11:02:12.912+0000] {logging_mixin.py:190} INFO - [2026-06-28T11:02:12.911+0000] {dagbag.py:587} INFO - Filling up the DagBag from /home/airflow/.local/lib/python3.12/site-packages/airflow/example_dags/example_task_group.py
[2026-06-28T11:02:12.919+0000] {processor.py:925} INFO - DAG(s) 'example_task_group' retrieved from /home/airflow/.local/lib/python3.12/site-packages/airflow/example_dags/example_task_group.py
[2026-06-28T11:02:12.942+0000] {logging_mixin.py:190} INFO - [2026-06-28T11:02:12.942+0000] {dag.py:3211} INFO - Sync 1 DAGs
[2026-06-28T11:02:12.962+0000] {logging_mixin.py:190} INFO - [2026-06-28T11:02:12.961+0000] {dag.py:4138} INFO - Setting next_dagrun for example_task_group to 2026-06-27 00:00:00+00:00, run_after=2026-06-28 00:00:00+00:00
[2026-06-28T11:02:12.979+0000] {processor.py:208} INFO - Processing /home/airflow/.local/lib/python3.12/site-packages/airflow/example_dags/example_task_group.py took 0.075 seconds
[2026-06-28T11:02:43.621+0000] {processor.py:186} INFO - Started process (PID=196) to work on /home/airflow/.local/lib/python3.12/site-packages/airflow/example_dags/example_task_group.py
[2026-06-28T11:02:43.622+0000] {processor.py:914} INFO - Processing file /home/airflow/.local/lib/python3.12/site-packages/airflow/example_dags/example_task_group.py for tasks to queue
[2026-06-28T11:02:43.625+0000] {logging_mixin.py:190} INFO - [2026-06-28T11:02:43.625+0000] {dagbag.py:587} INFO - Filling up the DagBag from /home/airflow/.local/lib/python3.12/site-packages/airflow/example_dags/example_task_group.py
[2026-06-28T11:02:43.633+0000] {processor.py:925} INFO - DAG(s) 'example_task_group' retrieved from /home/airflow/.local/lib/python3.12/site-packages/airflow/example_dags/example_task_group.py
[2026-06-28T11:02:43.663+0000] {logging_mixin.py:190} INFO - [2026-06-28T11:02:43.663+0000] {dag.py:3211} INFO - Sync 1 DAGs
[2026-06-28T11:02:43.686+0000] {logging_mixin.py:190} INFO - [2026-06-28T11:02:43.686+0000] {dag.py:4138} INFO - Setting next_dagrun for example_task_group to 2026-06-27 00:00:00+00:00, run_after=2026-06-28 00:00:00+00:00
[2026-06-28T11:02:43.709+0000] {processor.py:208} INFO - Processing /home/airflow/.local/lib/python3.12/site-packages/airflow/example_dags/example_task_group.py took 0.093 seconds
[2026-06-28T11:03:14.762+0000] {processor.py:186} INFO - Started process (PID=258) to work on /home/airflow/.local/lib/python3.12/site-packages/airflow/example_dags/example_task_group.py
[2026-06-28T11:03:14.763+0000] {processor.py:914} INFO - Processing file /home/airflow/.local/lib/python3.12/site-packages/airflow/example_dags/example_task_group.py for tasks to queue
[2026-06-28T11:03:14.766+0000] {logging_mixin.py:190} INFO - [2026-06-28T11:03:14.766+0000] {dagbag.py:587} INFO - Filling up the DagBag from /home/airflow/.local/lib/python3.12/site-packages/airflow/example_dags/example_task_group.py
[2026-06-28T11:03:14.775+0000] {processor.py:925} INFO - DAG(s) 'example_task_group' retrieved from /home/airflow/.local/lib/python3.12/site-packages/airflow/example_dags/example_task_group.py
[2026-06-28T11:03:14.802+0000] {logging_mixin.py:190} INFO - [2026-06-28T11:03:14.802+0000] {dag.py:3211} INFO - Sync 1 DAGs
[2026-06-28T11:03:14.829+0000] {logging_mixin.py:190} INFO - [2026-06-28T11:03:14.829+0000] {dag.py:4138} INFO - Setting next_dagrun for example_task_group to 2026-06-27 00:00:00+00:00, run_after=2026-06-28 00:00:00+00:00
[2026-06-28T11:03:14.851+0000] {processor.py:208} INFO - Processing /home/airflow/.local/lib/python3.12/site-packages/airflow/example_dags/example_task_group.py took 0.094 seconds
[2026-06-28T11:03:45.277+0000] {processor.py:186} INFO - Started process (PID=320) to work on /home/airflow/.local/lib/python3.12/site-packages/airflow/example_dags/example_task_group.py
[2026-06-28T11:03:45.278+0000] {processor.py:914} INFO - Processing file /home/airflow/.local/lib/python3.12/site-packages/airflow/example_dags/example_task_group.py for tasks to queue
[2026-06-28T11:03:45.281+0000] {logging_mixin.py:190} INFO - [2026-06-28T11:03:45.281+0000] {dagbag.py:587} INFO - Filling up the DagBag from /home/airflow/.local/lib/python3.12/site-packages/airflow/example_dags/example_task_group.py
[2026-06-28T11:03:45.290+0000] {processor.py:925} INFO - DAG(s) 'example_task_group' retrieved from /home/airflow/.local/lib/python3.12/site-packages/airflow/example_dags/example_task_group.py
[2026-06-28T11:03:45.316+0000] {logging_mixin.py:190} INFO - [2026-06-28T11:03:45.316+0000] {dag.py:3211} INFO - Sync 1 DAGs
[2026-06-28T11:03:45.343+0000] {logging_mixin.py:190} INFO - [2026-06-28T11:03:45.342+0000] {dag.py:4138} INFO - Setting next_dagrun for example_task_group to 2026-06-27 00:00:00+00:00, run_after=2026-06-28 00:00:00+00:00
[2026-06-28T11:03:45.368+0000] {processor.py:208} INFO - Processing /home/airflow/.local/lib/python3.12/site-packages/airflow/example_dags/example_task_group.py took 0.097 seconds
[2026-06-28T11:04:16.068+0000] {processor.py:186} INFO - Started process (PID=382) to work on /home/airflow/.local/lib/python3.12/site-packages/airflow/example_dags/example_task_group.py
[2026-06-28T11:04:16.069+0000] {processor.py:914} INFO - Processing file /home/airflow/.local/lib/python3.12/site-packages/airflow/example_dags/example_task_group.py for tasks to queue
[2026-06-28T11:04:16.073+0000] {logging_mixin.py:190} INFO - [2026-06-28T11:04:16.072+0000] {dagbag.py:587} INFO - Filling up the DagBag from /home/airflow/.local/lib/python3.12/site-packages/airflow/example_dags/example_task_group.py
[2026-06-28T11:04:16.084+0000] {processor.py:925} INFO - DAG(s) 'example_task_group' retrieved from /home/airflow/.local/lib/python3.12/site-packages/airflow/example_dags/example_task_group.py
[2026-06-28T11:04:16.116+0000] {logging_mixin.py:190} INFO - [2026-06-28T11:04:16.116+0000] {dag.py:3211} INFO - Sync 1 DAGs
[2026-06-28T11:04:16.145+0000] {logging_mixin.py:190} INFO - [2026-06-28T11:04:16.144+0000] {dag.py:4138} INFO - Setting next_dagrun for example_task_group to 2026-06-27 00:00:00+00:00, run_after=2026-06-28 00:00:00+00:00
[2026-06-28T11:04:16.170+0000] {processor.py:208} INFO - Processing /home/airflow/.local/lib/python3.12/site-packages/airflow/example_dags/example_task_group.py took 0.109 seconds
[2026-06-28T11:04:46.411+0000] {processor.py:186} INFO - Started process (PID=444) to work on /home/airflow/.local/lib/python3.12/site-packages/airflow/example_dags/example_task_group.py
[2026-06-28T11:04:46.412+0000] {processor.py:914} INFO - Processing file /home/airflow/.local/lib/python3.12/site-packages/airflow/example_dags/example_task_group.py for tasks to queue
[2026-06-28T11:04:46.415+0000] {logging_mixin.py:190} INFO - [2026-06-28T11:04:46.414+0000] {dagbag.py:587} INFO - Filling up the DagBag from /home/airflow/.local/lib/python3.12/site-packages/airflow/example_dags/example_task_group.py
[2026-06-28T11:04:46.424+0000] {processor.py:925} INFO - DAG(s) 'example_task_group' retrieved from /home/airflow/.local/lib/python3.12/site-packages/airflow/example_dags/example_task_group.py
[2026-06-28T11:04:46.453+0000] {logging_mixin.py:190} INFO - [2026-06-28T11:04:46.452+0000] {dag.py:3211} INFO - Sync 1 DAGs
[2026-06-28T11:04:46.482+0000] {logging_mixin.py:190} INFO - [2026-06-28T11:04:46.482+0000] {dag.py:4138} INFO - Setting next_dagrun for example_task_group to 2026-06-27 00:00:00+00:00, run_after=2026-06-28 00:00:00+00:00
[2026-06-28T11:04:46.503+0000] {processor.py:208} INFO - Processing /home/airflow/.local/lib/python3.12/site-packages/airflow/example_dags/example_task_group.py took 0.098 seconds
[2026-06-28T11:05:17.230+0000] {processor.py:186} INFO - Started process (PID=506) to work on /home/airflow/.local/lib/python3.12/site-packages/airflow/example_dags/example_task_group.py
[2026-06-28T11:05:17.231+0000] {processor.py:914} INFO - Processing file /home/airflow/.local/lib/python3.12/site-packages/airflow/example_dags/example_task_group.py for tasks to queue
[2026-06-28T11:05:17.234+0000] {logging_mixin.py:190} INFO - [2026-06-28T11:05:17.233+0000] {dagbag.py:587} INFO - Filling up the DagBag from /home/airflow/.local/lib/python3.12/site-packages/airflow/example_dags/example_task_group.py
[2026-06-28T11:05:17.244+0000] {processor.py:925} INFO - DAG(s) 'example_task_group' retrieved from /home/airflow/.local/lib/python3.12/site-packages/airflow/example_dags/example_task_group.py
[2026-06-28T11:05:17.270+0000] {logging_mixin.py:190} INFO - [2026-06-28T11:05:17.270+0000] {dag.py:3211} INFO - Sync 1 DAGs
[2026-06-28T11:05:17.294+0000] {logging_mixin.py:190} INFO - [2026-06-28T11:05:17.294+0000] {dag.py:4138} INFO - Setting next_dagrun for example_task_group to 2026-06-27 00:00:00+00:00, run_after=2026-06-28 00:00:00+00:00
[2026-06-28T11:05:17.314+0000] {processor.py:208} INFO - Processing /home/airflow/.local/lib/python3.12/site-packages/airflow/example_dags/example_task_group.py took 0.090 seconds
[2026-06-28T11:05:47.854+0000] {processor.py:186} INFO - Started process (PID=567) to work on /home/airflow/.local/lib/python3.12/site-packages/airflow/example_dags/example_task_group.py
[2026-06-28T11:05:47.855+0000] {processor.py:914} INFO - Processing file /home/airflow/.local/lib/python3.12/site-packages/airflow/example_dags/example_task_group.py for tasks to queue
[2026-06-28T11:05:47.858+0000] {logging_mixin.py:190} INFO - [2026-06-28T11:05:47.858+0000] {dagbag.py:587} INFO - Filling up the DagBag from /home/airflow/.local/lib/python3.12/site-packages/airflow/example_dags/example_task_group.py
[2026-06-28T11:05:47.869+0000] {processor.py:925} INFO - DAG(s) 'example_task_group' retrieved from /home/airflow/.local/lib/python3.12/site-packages/airflow/example_dags/example_task_group.py
[2026-06-28T11:05:47.897+0000] {logging_mixin.py:190} INFO - [2026-06-28T11:05:47.897+0000] {dag.py:3211} INFO - Sync 1 DAGs
[2026-06-28T11:05:47.924+0000] {logging_mixin.py:190} INFO - [2026-06-28T11:05:47.924+0000] {dag.py:4138} INFO - Setting next_dagrun for example_task_group to 2026-06-27 00:00:00+00:00, run_after=2026-06-28 00:00:00+00:00
[2026-06-28T11:05:47.951+0000] {processor.py:208} INFO - Processing /home/airflow/.local/lib/python3.12/site-packages/airflow/example_dags/example_task_group.py took 0.103 seconds
[2026-06-28T11:06:18.812+0000] {processor.py:186} INFO - Started process (PID=629) to work on /home/airflow/.local/lib/python3.12/site-packages/airflow/example_dags/example_task_group.py
[2026-06-28T11:06:18.814+0000] {processor.py:914} INFO - Processing file /home/airflow/.local/lib/python3.12/site-packages/airflow/example_dags/example_task_group.py for tasks to queue
[2026-06-28T11:06:18.817+0000] {logging_mixin.py:190} INFO - [2026-06-28T11:06:18.817+0000] {dagbag.py:587} INFO - Filling up the DagBag from /home/airflow/.local/lib/python3.12/site-packages/airflow/example_dags/example_task_group.py
[2026-06-28T11:06:18.829+0000] {processor.py:925} INFO - DAG(s) 'example_task_group' retrieved from /home/airflow/.local/lib/python3.12/site-packages/airflow/example_dags/example_task_group.py
[2026-06-28T11:06:18.863+0000] {logging_mixin.py:190} INFO - [2026-06-28T11:06:18.862+0000] {dag.py:3211} INFO - Sync 1 DAGs
[2026-06-28T11:06:18.895+0000] {logging_mixin.py:190} INFO - [2026-06-28T11:06:18.895+0000] {dag.py:4138} INFO - Setting next_dagrun for example_task_group to 2026-06-27 00:00:00+00:00, run_after=2026-06-28 00:00:00+00:00
[2026-06-28T11:06:18.919+0000] {processor.py:208} INFO - Processing /home/airflow/.local/lib/python3.12/site-packages/airflow/example_dags/example_task_group.py took 0.114 seconds
[2026-06-28T11:06:49.851+0000] {processor.py:186} INFO - Started process (PID=691) to work on /home/airflow/.local/lib/python3.12/site-packages/airflow/example_dags/example_task_group.py
[2026-06-28T11:06:49.852+0000] {processor.py:914} INFO - Processing file /home/airflow/.local/lib/python3.12/site-packages/airflow/example_dags/example_task_group.py for tasks to queue
[2026-06-28T11:06:49.855+0000] {logging_mixin.py:190} INFO - [2026-06-28T11:06:49.854+0000] {dagbag.py:587} INFO - Filling up the DagBag from /home/airflow/.local/lib/python3.12/site-packages/airflow/example_dags/example_task_group.py
[2026-06-28T11:06:49.865+0000] {processor.py:925} INFO - DAG(s) 'example_task_group' retrieved from /home/airflow/.local/lib/python3.12/site-packages/airflow/example_dags/example_task_group.py
[2026-06-28T11:06:49.892+0000] {logging_mixin.py:190} INFO - [2026-06-28T11:06:49.891+0000] {dag.py:3211} INFO - Sync 1 DAGs
[2026-06-28T11:06:49.923+0000] {logging_mixin.py:190} INFO - [2026-06-28T11:06:49.922+0000] {dag.py:4138} INFO - Setting next_dagrun for example_task_group to 2026-06-27 00:00:00+00:00, run_after=2026-06-28 00:00:00+00:00
[2026-06-28T11:06:49.944+0000] {processor.py:208} INFO - Processing /home/airflow/.local/lib/python3.12/site-packages/airflow/example_dags/example_task_group.py took 0.099 seconds
[2026-06-28T11:07:20.321+0000] {processor.py:186} INFO - Started process (PID=753) to work on /home/airflow/.local/lib/python3.12/site-packages/airflow/example_dags/example_task_group.py
[2026-06-28T11:07:20.322+0000] {processor.py:914} INFO - Processing file /home/airflow/.local/lib/python3.12/site-packages/airflow/example_dags/example_task_group.py for tasks to queue
[2026-06-28T11:07:20.325+0000] {logging_mixin.py:190} INFO - [2026-06-28T11:07:20.324+0000] {dagbag.py:587} INFO - Filling up the DagBag from /home/airflow/.local/lib/python3.12/site-packages/airflow/example_dags/example_task_group.py
[2026-06-28T11:07:20.338+0000] {processor.py:925} INFO - DAG(s) 'example_task_group' retrieved from /home/airflow/.local/lib/python3.12/site-packages/airflow/example_dags/example_task_group.py
[2026-06-28T11:07:20.370+0000] {logging_mixin.py:190} INFO - [2026-06-28T11:07:20.369+0000] {dag.py:3211} INFO - Sync 1 DAGs
[2026-06-28T11:07:20.398+0000] {logging_mixin.py:190} INFO - [2026-06-28T11:07:20.398+0000] {dag.py:4138} INFO - Setting next_dagrun for example_task_group to 2026-06-27 00:00:00+00:00, run_after=2026-06-28 00:00:00+00:00
[2026-06-28T11:07:20.424+0000] {processor.py:208} INFO - Processing /home/airflow/.local/lib/python3.12/site-packages/airflow/example_dags/example_task_group.py took 0.111 seconds
[2026-06-28T11:07:50.603+0000] {processor.py:186} INFO - Started process (PID=815) to work on /home/airflow/.local/lib/python3.12/site-packages/airflow/example_dags/example_task_group.py
[2026-06-28T11:07:50.604+0000] {processor.py:914} INFO - Processing file /home/airflow/.local/lib/python3.12/site-packages/airflow/example_dags/example_task_group.py for tasks to queue
[2026-06-28T11:07:50.607+0000] {logging_mixin.py:190} INFO - [2026-06-28T11:07:50.606+0000] {dagbag.py:587} INFO - Filling up the DagBag from /home/airflow/.local/lib/python3.12/site-packages/airflow/example_dags/example_task_group.py
[2026-06-28T11:07:50.616+0000] {processor.py:925} INFO - DAG(s) 'example_task_group' retrieved from /home/airflow/.local/lib/python3.12/site-packages/airflow/example_dags/example_task_group.py
[2026-06-28T11:07:50.644+0000] {logging_mixin.py:190} INFO - [2026-06-28T11:07:50.644+0000] {dag.py:3211} INFO - Sync 1 DAGs
[2026-06-28T11:07:50.668+0000] {logging_mixin.py:190} INFO - [2026-06-28T11:07:50.668+0000] {dag.py:4138} INFO - Setting next_dagrun for example_task_group to 2026-06-27 00:00:00+00:00, run_after=2026-06-28 00:00:00+00:00
[2026-06-28T11:07:50.689+0000] {processor.py:208} INFO - Processing /home/airflow/.local/lib/python3.12/site-packages/airflow/example_dags/example_task_group.py took 0.091 seconds
[2026-06-28T11:08:20.793+0000] {processor.py:186} INFO - Started process (PID=877) to work on /home/airflow/.local/lib/python3.12/site-packages/airflow/example_dags/example_task_group.py
[2026-06-28T11:08:20.794+0000] {processor.py:914} INFO - Processing file /home/airflow/.local/lib/python3.12/site-packages/airflow/example_dags/example_task_group.py for tasks to queue
[2026-06-28T11:08:20.797+0000] {logging_mixin.py:190} INFO - [2026-06-28T11:08:20.797+0000] {dagbag.py:587} INFO - Filling up the DagBag from /home/airflow/.local/lib/python3.12/site-packages/airflow/example_dags/example_task_group.py
[2026-06-28T11:08:20.806+0000] {processor.py:925} INFO - DAG(s) 'example_task_group' retrieved from /home/airflow/.local/lib/python3.12/site-packages/airflow/example_dags/example_task_group.py
[2026-06-28T11:08:20.832+0000] {logging_mixin.py:190} INFO - [2026-06-28T11:08:20.831+0000] {dag.py:3211} INFO - Sync 1 DAGs
[2026-06-28T11:08:20.855+0000] {logging_mixin.py:190} INFO - [2026-06-28T11:08:20.854+0000] {dag.py:4138} INFO - Setting next_dagrun for example_task_group to 2026-06-27 00:00:00+00:00, run_after=2026-06-28 00:00:00+00:00
[2026-06-28T11:08:20.875+0000] {processor.py:208} INFO - Processing /home/airflow/.local/lib/python3.12/site-packages/airflow/example_dags/example_task_group.py took 0.089 seconds
