[2026-06-28T11:01:43.598+0000] {processor.py:186} INFO - Started process (PID=83) to work on /home/airflow/.local/lib/python3.12/site-packages/airflow/example_dags/tutorial_taskflow_api.py
[2026-06-28T11:01:43.599+0000] {processor.py:914} INFO - Processing file /home/airflow/.local/lib/python3.12/site-packages/airflow/example_dags/tutorial_taskflow_api.py for tasks to queue
[2026-06-28T11:01:43.601+0000] {logging_mixin.py:190} INFO - [2026-06-28T11:01:43.601+0000] {dagbag.py:587} INFO - Filling up the DagBag from /home/airflow/.local/lib/python3.12/site-packages/airflow/example_dags/tutorial_taskflow_api.py
[2026-06-28T11:01:43.610+0000] {processor.py:925} INFO - DAG(s) 'tutorial_taskflow_api' retrieved from /home/airflow/.local/lib/python3.12/site-packages/airflow/example_dags/tutorial_taskflow_api.py
[2026-06-28T11:01:43.771+0000] {logging_mixin.py:190} INFO - [2026-06-28T11:01:43.770+0000] {override.py:1858} INFO - Created Permission View: can edit on DAG:tutorial_taskflow_api
[2026-06-28T11:01:43.781+0000] {logging_mixin.py:190} INFO - [2026-06-28T11:01:43.780+0000] {override.py:1858} INFO - Created Permission View: can delete on DAG:tutorial_taskflow_api
[2026-06-28T11:01:43.786+0000] {logging_mixin.py:190} INFO - [2026-06-28T11:01:43.786+0000] {override.py:1858} INFO - Created Permission View: can read on DAG:tutorial_taskflow_api
[2026-06-28T11:01:43.787+0000] {logging_mixin.py:190} INFO - [2026-06-28T11:01:43.787+0000] {dag.py:3211} INFO - Sync 1 DAGs
[2026-06-28T11:01:43.800+0000] {logging_mixin.py:190} INFO - [2026-06-28T11:01:43.800+0000] {dag.py:3234} INFO - Creating ORM DAG for tutorial_taskflow_api
[2026-06-28T11:01:43.801+0000] {logging_mixin.py:190} INFO - [2026-06-28T11:01:43.801+0000] {dag.py:4138} INFO - Setting next_dagrun for tutorial_taskflow_api to None, run_after=None
[2026-06-28T11:01:43.814+0000] {processor.py:208} INFO - Processing /home/airflow/.local/lib/python3.12/site-packages/airflow/example_dags/tutorial_taskflow_api.py took 0.222 seconds
[2026-06-28T11:02:14.514+0000] {processor.py:186} INFO - Started process (PID=145) to work on /home/airflow/.local/lib/python3.12/site-packages/airflow/example_dags/tutorial_taskflow_api.py
[2026-06-28T11:02:14.514+0000] {processor.py:914} INFO - Processing file /home/airflow/.local/lib/python3.12/site-packages/airflow/example_dags/tutorial_taskflow_api.py for tasks to queue
[2026-06-28T11:02:14.517+0000] {logging_mixin.py:190} INFO - [2026-06-28T11:02:14.516+0000] {dagbag.py:587} INFO - Filling up the DagBag from /home/airflow/.local/lib/python3.12/site-packages/airflow/example_dags/tutorial_taskflow_api.py
[2026-06-28T11:02:14.525+0000] {processor.py:925} INFO - DAG(s) 'tutorial_taskflow_api' retrieved from /home/airflow/.local/lib/python3.12/site-packages/airflow/example_dags/tutorial_taskflow_api.py
[2026-06-28T11:02:14.549+0000] {logging_mixin.py:190} INFO - [2026-06-28T11:02:14.549+0000] {dag.py:3211} INFO - Sync 1 DAGs
[2026-06-28T11:02:14.563+0000] {logging_mixin.py:190} INFO - [2026-06-28T11:02:14.563+0000] {dag.py:4138} INFO - Setting next_dagrun for tutorial_taskflow_api to None, run_after=None
[2026-06-28T11:02:14.581+0000] {processor.py:208} INFO - Processing /home/airflow/.local/lib/python3.12/site-packages/airflow/example_dags/tutorial_taskflow_api.py took 0.072 seconds
[2026-06-28T11:02:45.379+0000] {processor.py:186} INFO - Started process (PID=207) to work on /home/airflow/.local/lib/python3.12/site-packages/airflow/example_dags/tutorial_taskflow_api.py
[2026-06-28T11:02:45.380+0000] {processor.py:914} INFO - Processing file /home/airflow/.local/lib/python3.12/site-packages/airflow/example_dags/tutorial_taskflow_api.py for tasks to queue
[2026-06-28T11:02:45.383+0000] {logging_mixin.py:190} INFO - [2026-06-28T11:02:45.382+0000] {dagbag.py:587} INFO - Filling up the DagBag from /home/airflow/.local/lib/python3.12/site-packages/airflow/example_dags/tutorial_taskflow_api.py
[2026-06-28T11:02:45.390+0000] {processor.py:925} INFO - DAG(s) 'tutorial_taskflow_api' retrieved from /home/airflow/.local/lib/python3.12/site-packages/airflow/example_dags/tutorial_taskflow_api.py
[2026-06-28T11:02:45.411+0000] {logging_mixin.py:190} INFO - [2026-06-28T11:02:45.410+0000] {dag.py:3211} INFO - Sync 1 DAGs
[2026-06-28T11:02:45.423+0000] {logging_mixin.py:190} INFO - [2026-06-28T11:02:45.423+0000] {dag.py:4138} INFO - Setting next_dagrun for tutorial_taskflow_api to None, run_after=None
[2026-06-28T11:02:45.442+0000] {processor.py:208} INFO - Processing /home/airflow/.local/lib/python3.12/site-packages/airflow/example_dags/tutorial_taskflow_api.py took 0.067 seconds
[2026-06-28T11:03:15.679+0000] {processor.py:186} INFO - Started process (PID=269) to work on /home/airflow/.local/lib/python3.12/site-packages/airflow/example_dags/tutorial_taskflow_api.py
[2026-06-28T11:03:15.680+0000] {processor.py:914} INFO - Processing file /home/airflow/.local/lib/python3.12/site-packages/airflow/example_dags/tutorial_taskflow_api.py for tasks to queue
[2026-06-28T11:03:15.682+0000] {logging_mixin.py:190} INFO - [2026-06-28T11:03:15.682+0000] {dagbag.py:587} INFO - Filling up the DagBag from /home/airflow/.local/lib/python3.12/site-packages/airflow/example_dags/tutorial_taskflow_api.py
[2026-06-28T11:03:15.691+0000] {processor.py:925} INFO - DAG(s) 'tutorial_taskflow_api' retrieved from /home/airflow/.local/lib/python3.12/site-packages/airflow/example_dags/tutorial_taskflow_api.py
[2026-06-28T11:03:15.717+0000] {logging_mixin.py:190} INFO - [2026-06-28T11:03:15.717+0000] {dag.py:3211} INFO - Sync 1 DAGs
[2026-06-28T11:03:15.733+0000] {logging_mixin.py:190} INFO - [2026-06-28T11:03:15.732+0000] {dag.py:4138} INFO - Setting next_dagrun for tutorial_taskflow_api to None, run_after=None
[2026-06-28T11:03:15.757+0000] {processor.py:208} INFO - Processing /home/airflow/.local/lib/python3.12/site-packages/airflow/example_dags/tutorial_taskflow_api.py took 0.084 seconds
[2026-06-28T11:03:46.085+0000] {processor.py:186} INFO - Started process (PID=331) to work on /home/airflow/.local/lib/python3.12/site-packages/airflow/example_dags/tutorial_taskflow_api.py
[2026-06-28T11:03:46.086+0000] {processor.py:914} INFO - Processing file /home/airflow/.local/lib/python3.12/site-packages/airflow/example_dags/tutorial_taskflow_api.py for tasks to queue
[2026-06-28T11:03:46.089+0000] {logging_mixin.py:190} INFO - [2026-06-28T11:03:46.089+0000] {dagbag.py:587} INFO - Filling up the DagBag from /home/airflow/.local/lib/python3.12/site-packages/airflow/example_dags/tutorial_taskflow_api.py
[2026-06-28T11:03:46.100+0000] {processor.py:925} INFO - DAG(s) 'tutorial_taskflow_api' retrieved from /home/airflow/.local/lib/python3.12/site-packages/airflow/example_dags/tutorial_taskflow_api.py
[2026-06-28T11:03:46.128+0000] {logging_mixin.py:190} INFO - [2026-06-28T11:03:46.127+0000] {dag.py:3211} INFO - Sync 1 DAGs
[2026-06-28T11:03:46.145+0000] {logging_mixin.py:190} INFO - [2026-06-28T11:03:46.144+0000] {dag.py:4138} INFO - Setting next_dagrun for tutorial_taskflow_api to None, run_after=None
[2026-06-28T11:03:46.169+0000] {processor.py:208} INFO - Processing /home/airflow/.local/lib/python3.12/site-packages/airflow/example_dags/tutorial_taskflow_api.py took 0.091 seconds
[2026-06-28T11:04:16.901+0000] {processor.py:186} INFO - Started process (PID=393) to work on /home/airflow/.local/lib/python3.12/site-packages/airflow/example_dags/tutorial_taskflow_api.py
[2026-06-28T11:04:16.902+0000] {processor.py:914} INFO - Processing file /home/airflow/.local/lib/python3.12/site-packages/airflow/example_dags/tutorial_taskflow_api.py for tasks to queue
[2026-06-28T11:04:16.904+0000] {logging_mixin.py:190} INFO - [2026-06-28T11:04:16.904+0000] {dagbag.py:587} INFO - Filling up the DagBag from /home/airflow/.local/lib/python3.12/site-packages/airflow/example_dags/tutorial_taskflow_api.py
[2026-06-28T11:04:16.914+0000] {processor.py:925} INFO - DAG(s) 'tutorial_taskflow_api' retrieved from /home/airflow/.local/lib/python3.12/site-packages/airflow/example_dags/tutorial_taskflow_api.py
[2026-06-28T11:04:16.945+0000] {logging_mixin.py:190} INFO - [2026-06-28T11:04:16.945+0000] {dag.py:3211} INFO - Sync 1 DAGs
[2026-06-28T11:04:16.963+0000] {logging_mixin.py:190} INFO - [2026-06-28T11:04:16.962+0000] {dag.py:4138} INFO - Setting next_dagrun for tutorial_taskflow_api to None, run_after=None
[2026-06-28T11:04:16.987+0000] {processor.py:208} INFO - Processing /home/airflow/.local/lib/python3.12/site-packages/airflow/example_dags/tutorial_taskflow_api.py took 0.093 seconds
[2026-06-28T11:04:47.181+0000] {processor.py:186} INFO - Started process (PID=455) to work on /home/airflow/.local/lib/python3.12/site-packages/airflow/example_dags/tutorial_taskflow_api.py
[2026-06-28T11:04:47.182+0000] {processor.py:914} INFO - Processing file /home/airflow/.local/lib/python3.12/site-packages/airflow/example_dags/tutorial_taskflow_api.py for tasks to queue
[2026-06-28T11:04:47.184+0000] {logging_mixin.py:190} INFO - [2026-06-28T11:04:47.184+0000] {dagbag.py:587} INFO - Filling up the DagBag from /home/airflow/.local/lib/python3.12/site-packages/airflow/example_dags/tutorial_taskflow_api.py
[2026-06-28T11:04:47.192+0000] {processor.py:925} INFO - DAG(s) 'tutorial_taskflow_api' retrieved from /home/airflow/.local/lib/python3.12/site-packages/airflow/example_dags/tutorial_taskflow_api.py
[2026-06-28T11:04:47.218+0000] {logging_mixin.py:190} INFO - [2026-06-28T11:04:47.217+0000] {dag.py:3211} INFO - Sync 1 DAGs
[2026-06-28T11:04:47.233+0000] {logging_mixin.py:190} INFO - [2026-06-28T11:04:47.233+0000] {dag.py:4138} INFO - Setting next_dagrun for tutorial_taskflow_api to None, run_after=None
[2026-06-28T11:04:47.262+0000] {processor.py:208} INFO - Processing /home/airflow/.local/lib/python3.12/site-packages/airflow/example_dags/tutorial_taskflow_api.py took 0.087 seconds
[2026-06-28T11:05:18.088+0000] {processor.py:186} INFO - Started process (PID=517) to work on /home/airflow/.local/lib/python3.12/site-packages/airflow/example_dags/tutorial_taskflow_api.py
[2026-06-28T11:05:18.089+0000] {processor.py:914} INFO - Processing file /home/airflow/.local/lib/python3.12/site-packages/airflow/example_dags/tutorial_taskflow_api.py for tasks to queue
[2026-06-28T11:05:18.091+0000] {logging_mixin.py:190} INFO - [2026-06-28T11:05:18.091+0000] {dagbag.py:587} INFO - Filling up the DagBag from /home/airflow/.local/lib/python3.12/site-packages/airflow/example_dags/tutorial_taskflow_api.py
[2026-06-28T11:05:18.099+0000] {processor.py:925} INFO - DAG(s) 'tutorial_taskflow_api' retrieved from /home/airflow/.local/lib/python3.12/site-packages/airflow/example_dags/tutorial_taskflow_api.py
[2026-06-28T11:05:18.125+0000] {logging_mixin.py:190} INFO - [2026-06-28T11:05:18.125+0000] {dag.py:3211} INFO - Sync 1 DAGs
[2026-06-28T11:05:18.141+0000] {logging_mixin.py:190} INFO - [2026-06-28T11:05:18.140+0000] {dag.py:4138} INFO - Setting next_dagrun for tutorial_taskflow_api to None, run_after=None
[2026-06-28T11:05:18.160+0000] {processor.py:208} INFO - Processing /home/airflow/.local/lib/python3.12/site-packages/airflow/example_dags/tutorial_taskflow_api.py took 0.078 seconds
[2026-06-28T11:05:48.687+0000] {processor.py:186} INFO - Started process (PID=578) to work on /home/airflow/.local/lib/python3.12/site-packages/airflow/example_dags/tutorial_taskflow_api.py
[2026-06-28T11:05:48.689+0000] {processor.py:914} INFO - Processing file /home/airflow/.local/lib/python3.12/site-packages/airflow/example_dags/tutorial_taskflow_api.py for tasks to queue
[2026-06-28T11:05:48.692+0000] {logging_mixin.py:190} INFO - [2026-06-28T11:05:48.692+0000] {dagbag.py:587} INFO - Filling up the DagBag from /home/airflow/.local/lib/python3.12/site-packages/airflow/example_dags/tutorial_taskflow_api.py
[2026-06-28T11:05:48.702+0000] {processor.py:925} INFO - DAG(s) 'tutorial_taskflow_api' retrieved from /home/airflow/.local/lib/python3.12/site-packages/airflow/example_dags/tutorial_taskflow_api.py
[2026-06-28T11:05:48.731+0000] {logging_mixin.py:190} INFO - [2026-06-28T11:05:48.731+0000] {dag.py:3211} INFO - Sync 1 DAGs
[2026-06-28T11:05:48.749+0000] {logging_mixin.py:190} INFO - [2026-06-28T11:05:48.749+0000] {dag.py:4138} INFO - Setting next_dagrun for tutorial_taskflow_api to None, run_after=None
[2026-06-28T11:05:48.776+0000] {processor.py:208} INFO - Processing /home/airflow/.local/lib/python3.12/site-packages/airflow/example_dags/tutorial_taskflow_api.py took 0.096 seconds
[2026-06-28T11:06:19.930+0000] {processor.py:186} INFO - Started process (PID=640) to work on /home/airflow/.local/lib/python3.12/site-packages/airflow/example_dags/tutorial_taskflow_api.py
[2026-06-28T11:06:19.930+0000] {processor.py:914} INFO - Processing file /home/airflow/.local/lib/python3.12/site-packages/airflow/example_dags/tutorial_taskflow_api.py for tasks to queue
[2026-06-28T11:06:19.933+0000] {logging_mixin.py:190} INFO - [2026-06-28T11:06:19.933+0000] {dagbag.py:587} INFO - Filling up the DagBag from /home/airflow/.local/lib/python3.12/site-packages/airflow/example_dags/tutorial_taskflow_api.py
[2026-06-28T11:06:19.943+0000] {processor.py:925} INFO - DAG(s) 'tutorial_taskflow_api' retrieved from /home/airflow/.local/lib/python3.12/site-packages/airflow/example_dags/tutorial_taskflow_api.py
[2026-06-28T11:06:19.971+0000] {logging_mixin.py:190} INFO - [2026-06-28T11:06:19.970+0000] {dag.py:3211} INFO - Sync 1 DAGs
[2026-06-28T11:06:19.989+0000] {logging_mixin.py:190} INFO - [2026-06-28T11:06:19.989+0000] {dag.py:4138} INFO - Setting next_dagrun for tutorial_taskflow_api to None, run_after=None
[2026-06-28T11:06:20.018+0000] {processor.py:208} INFO - Processing /home/airflow/.local/lib/python3.12/site-packages/airflow/example_dags/tutorial_taskflow_api.py took 0.095 seconds
[2026-06-28T11:06:50.776+0000] {processor.py:186} INFO - Started process (PID=702) to work on /home/airflow/.local/lib/python3.12/site-packages/airflow/example_dags/tutorial_taskflow_api.py
[2026-06-28T11:06:50.778+0000] {processor.py:914} INFO - Processing file /home/airflow/.local/lib/python3.12/site-packages/airflow/example_dags/tutorial_taskflow_api.py for tasks to queue
[2026-06-28T11:06:50.780+0000] {logging_mixin.py:190} INFO - [2026-06-28T11:06:50.780+0000] {dagbag.py:587} INFO - Filling up the DagBag from /home/airflow/.local/lib/python3.12/site-packages/airflow/example_dags/tutorial_taskflow_api.py
[2026-06-28T11:06:50.789+0000] {processor.py:925} INFO - DAG(s) 'tutorial_taskflow_api' retrieved from /home/airflow/.local/lib/python3.12/site-packages/airflow/example_dags/tutorial_taskflow_api.py
[2026-06-28T11:06:50.814+0000] {logging_mixin.py:190} INFO - [2026-06-28T11:06:50.813+0000] {dag.py:3211} INFO - Sync 1 DAGs
[2026-06-28T11:06:50.829+0000] {logging_mixin.py:190} INFO - [2026-06-28T11:06:50.829+0000] {dag.py:4138} INFO - Setting next_dagrun for tutorial_taskflow_api to None, run_after=None
[2026-06-28T11:06:50.848+0000] {processor.py:208} INFO - Processing /home/airflow/.local/lib/python3.12/site-packages/airflow/example_dags/tutorial_taskflow_api.py took 0.079 seconds
[2026-06-28T11:07:21.313+0000] {processor.py:186} INFO - Started process (PID=764) to work on /home/airflow/.local/lib/python3.12/site-packages/airflow/example_dags/tutorial_taskflow_api.py
[2026-06-28T11:07:21.314+0000] {processor.py:914} INFO - Processing file /home/airflow/.local/lib/python3.12/site-packages/airflow/example_dags/tutorial_taskflow_api.py for tasks to queue
[2026-06-28T11:07:21.317+0000] {logging_mixin.py:190} INFO - [2026-06-28T11:07:21.317+0000] {dagbag.py:587} INFO - Filling up the DagBag from /home/airflow/.local/lib/python3.12/site-packages/airflow/example_dags/tutorial_taskflow_api.py
[2026-06-28T11:07:21.327+0000] {processor.py:925} INFO - DAG(s) 'tutorial_taskflow_api' retrieved from /home/airflow/.local/lib/python3.12/site-packages/airflow/example_dags/tutorial_taskflow_api.py
[2026-06-28T11:07:21.353+0000] {logging_mixin.py:190} INFO - [2026-06-28T11:07:21.353+0000] {dag.py:3211} INFO - Sync 1 DAGs
[2026-06-28T11:07:21.368+0000] {logging_mixin.py:190} INFO - [2026-06-28T11:07:21.368+0000] {dag.py:4138} INFO - Setting next_dagrun for tutorial_taskflow_api to None, run_after=None
[2026-06-28T11:07:21.391+0000] {processor.py:208} INFO - Processing /home/airflow/.local/lib/python3.12/site-packages/airflow/example_dags/tutorial_taskflow_api.py took 0.084 seconds
[2026-06-28T11:07:51.462+0000] {processor.py:186} INFO - Started process (PID=826) to work on /home/airflow/.local/lib/python3.12/site-packages/airflow/example_dags/tutorial_taskflow_api.py
[2026-06-28T11:07:51.464+0000] {processor.py:914} INFO - Processing file /home/airflow/.local/lib/python3.12/site-packages/airflow/example_dags/tutorial_taskflow_api.py for tasks to queue
[2026-06-28T11:07:51.466+0000] {logging_mixin.py:190} INFO - [2026-06-28T11:07:51.466+0000] {dagbag.py:587} INFO - Filling up the DagBag from /home/airflow/.local/lib/python3.12/site-packages/airflow/example_dags/tutorial_taskflow_api.py
[2026-06-28T11:07:51.475+0000] {processor.py:925} INFO - DAG(s) 'tutorial_taskflow_api' retrieved from /home/airflow/.local/lib/python3.12/site-packages/airflow/example_dags/tutorial_taskflow_api.py
[2026-06-28T11:07:51.503+0000] {logging_mixin.py:190} INFO - [2026-06-28T11:07:51.503+0000] {dag.py:3211} INFO - Sync 1 DAGs
[2026-06-28T11:07:51.550+0000] {logging_mixin.py:190} INFO - [2026-06-28T11:07:51.550+0000] {dag.py:4138} INFO - Setting next_dagrun for tutorial_taskflow_api to None, run_after=None
[2026-06-28T11:07:51.593+0000] {processor.py:208} INFO - Processing /home/airflow/.local/lib/python3.12/site-packages/airflow/example_dags/tutorial_taskflow_api.py took 0.137 seconds
[2026-06-28T11:08:22.555+0000] {processor.py:186} INFO - Started process (PID=888) to work on /home/airflow/.local/lib/python3.12/site-packages/airflow/example_dags/tutorial_taskflow_api.py
[2026-06-28T11:08:22.556+0000] {processor.py:914} INFO - Processing file /home/airflow/.local/lib/python3.12/site-packages/airflow/example_dags/tutorial_taskflow_api.py for tasks to queue
[2026-06-28T11:08:22.559+0000] {logging_mixin.py:190} INFO - [2026-06-28T11:08:22.558+0000] {dagbag.py:587} INFO - Filling up the DagBag from /home/airflow/.local/lib/python3.12/site-packages/airflow/example_dags/tutorial_taskflow_api.py
[2026-06-28T11:08:22.567+0000] {processor.py:925} INFO - DAG(s) 'tutorial_taskflow_api' retrieved from /home/airflow/.local/lib/python3.12/site-packages/airflow/example_dags/tutorial_taskflow_api.py
[2026-06-28T11:08:22.590+0000] {logging_mixin.py:190} INFO - [2026-06-28T11:08:22.589+0000] {dag.py:3211} INFO - Sync 1 DAGs
[2026-06-28T11:08:22.605+0000] {logging_mixin.py:190} INFO - [2026-06-28T11:08:22.605+0000] {dag.py:4138} INFO - Setting next_dagrun for tutorial_taskflow_api to None, run_after=None
[2026-06-28T11:08:22.624+0000] {processor.py:208} INFO - Processing /home/airflow/.local/lib/python3.12/site-packages/airflow/example_dags/tutorial_taskflow_api.py took 0.074 seconds
