[2026-06-28T11:01:43.353+0000] {processor.py:186} INFO - Started process (PID=81) to work on /home/airflow/.local/lib/python3.12/site-packages/airflow/example_dags/tutorial_dag.py
[2026-06-28T11:01:43.354+0000] {processor.py:914} INFO - Processing file /home/airflow/.local/lib/python3.12/site-packages/airflow/example_dags/tutorial_dag.py for tasks to queue
[2026-06-28T11:01:43.356+0000] {logging_mixin.py:190} INFO - [2026-06-28T11:01:43.356+0000] {dagbag.py:587} INFO - Filling up the DagBag from /home/airflow/.local/lib/python3.12/site-packages/airflow/example_dags/tutorial_dag.py
[2026-06-28T11:01:43.365+0000] {processor.py:925} INFO - DAG(s) 'tutorial_dag' retrieved from /home/airflow/.local/lib/python3.12/site-packages/airflow/example_dags/tutorial_dag.py
[2026-06-28T11:01:43.516+0000] {logging_mixin.py:190} INFO - [2026-06-28T11:01:43.515+0000] {override.py:1858} INFO - Created Permission View: can edit on DAG:tutorial_dag
[2026-06-28T11:01:43.526+0000] {logging_mixin.py:190} INFO - [2026-06-28T11:01:43.526+0000] {override.py:1858} INFO - Created Permission View: can delete on DAG:tutorial_dag
[2026-06-28T11:01:43.544+0000] {logging_mixin.py:190} INFO - [2026-06-28T11:01:43.543+0000] {override.py:1858} INFO - Created Permission View: can read on DAG:tutorial_dag
[2026-06-28T11:01:43.544+0000] {logging_mixin.py:190} INFO - [2026-06-28T11:01:43.544+0000] {dag.py:3211} INFO - Sync 1 DAGs
[2026-06-28T11:01:43.565+0000] {logging_mixin.py:190} INFO - [2026-06-28T11:01:43.565+0000] {dag.py:3234} INFO - Creating ORM DAG for tutorial_dag
[2026-06-28T11:01:43.566+0000] {logging_mixin.py:190} INFO - [2026-06-28T11:01:43.566+0000] {dag.py:4138} INFO - Setting next_dagrun for tutorial_dag to None, run_after=None
[2026-06-28T11:01:43.584+0000] {processor.py:208} INFO - Processing /home/airflow/.local/lib/python3.12/site-packages/airflow/example_dags/tutorial_dag.py took 0.237 seconds
[2026-06-28T11:02:14.410+0000] {processor.py:186} INFO - Started process (PID=143) to work on /home/airflow/.local/lib/python3.12/site-packages/airflow/example_dags/tutorial_dag.py
[2026-06-28T11:02:14.411+0000] {processor.py:914} INFO - Processing file /home/airflow/.local/lib/python3.12/site-packages/airflow/example_dags/tutorial_dag.py for tasks to queue
[2026-06-28T11:02:14.414+0000] {logging_mixin.py:190} INFO - [2026-06-28T11:02:14.414+0000] {dagbag.py:587} INFO - Filling up the DagBag from /home/airflow/.local/lib/python3.12/site-packages/airflow/example_dags/tutorial_dag.py
[2026-06-28T11:02:14.420+0000] {processor.py:925} INFO - DAG(s) 'tutorial_dag' retrieved from /home/airflow/.local/lib/python3.12/site-packages/airflow/example_dags/tutorial_dag.py
[2026-06-28T11:02:14.443+0000] {logging_mixin.py:190} INFO - [2026-06-28T11:02:14.443+0000] {dag.py:3211} INFO - Sync 1 DAGs
[2026-06-28T11:02:14.455+0000] {logging_mixin.py:190} INFO - [2026-06-28T11:02:14.455+0000] {dag.py:4138} INFO - Setting next_dagrun for tutorial_dag to None, run_after=None
[2026-06-28T11:02:14.485+0000] {processor.py:208} INFO - Processing /home/airflow/.local/lib/python3.12/site-packages/airflow/example_dags/tutorial_dag.py took 0.079 seconds
[2026-06-28T11:02:45.292+0000] {processor.py:186} INFO - Started process (PID=205) to work on /home/airflow/.local/lib/python3.12/site-packages/airflow/example_dags/tutorial_dag.py
[2026-06-28T11:02:45.293+0000] {processor.py:914} INFO - Processing file /home/airflow/.local/lib/python3.12/site-packages/airflow/example_dags/tutorial_dag.py for tasks to queue
[2026-06-28T11:02:45.295+0000] {logging_mixin.py:190} INFO - [2026-06-28T11:02:45.294+0000] {dagbag.py:587} INFO - Filling up the DagBag from /home/airflow/.local/lib/python3.12/site-packages/airflow/example_dags/tutorial_dag.py
[2026-06-28T11:02:45.301+0000] {processor.py:925} INFO - DAG(s) 'tutorial_dag' retrieved from /home/airflow/.local/lib/python3.12/site-packages/airflow/example_dags/tutorial_dag.py
[2026-06-28T11:02:45.323+0000] {logging_mixin.py:190} INFO - [2026-06-28T11:02:45.322+0000] {dag.py:3211} INFO - Sync 1 DAGs
[2026-06-28T11:02:45.335+0000] {logging_mixin.py:190} INFO - [2026-06-28T11:02:45.335+0000] {dag.py:4138} INFO - Setting next_dagrun for tutorial_dag to None, run_after=None
[2026-06-28T11:02:45.353+0000] {processor.py:208} INFO - Processing /home/airflow/.local/lib/python3.12/site-packages/airflow/example_dags/tutorial_dag.py took 0.066 seconds
[2026-06-28T11:03:15.570+0000] {processor.py:186} INFO - Started process (PID=267) to work on /home/airflow/.local/lib/python3.12/site-packages/airflow/example_dags/tutorial_dag.py
[2026-06-28T11:03:15.571+0000] {processor.py:914} INFO - Processing file /home/airflow/.local/lib/python3.12/site-packages/airflow/example_dags/tutorial_dag.py for tasks to queue
[2026-06-28T11:03:15.574+0000] {logging_mixin.py:190} INFO - [2026-06-28T11:03:15.574+0000] {dagbag.py:587} INFO - Filling up the DagBag from /home/airflow/.local/lib/python3.12/site-packages/airflow/example_dags/tutorial_dag.py
[2026-06-28T11:03:15.582+0000] {processor.py:925} INFO - DAG(s) 'tutorial_dag' retrieved from /home/airflow/.local/lib/python3.12/site-packages/airflow/example_dags/tutorial_dag.py
[2026-06-28T11:03:15.607+0000] {logging_mixin.py:190} INFO - [2026-06-28T11:03:15.607+0000] {dag.py:3211} INFO - Sync 1 DAGs
[2026-06-28T11:03:15.622+0000] {logging_mixin.py:190} INFO - [2026-06-28T11:03:15.622+0000] {dag.py:4138} INFO - Setting next_dagrun for tutorial_dag to None, run_after=None
[2026-06-28T11:03:15.643+0000] {processor.py:208} INFO - Processing /home/airflow/.local/lib/python3.12/site-packages/airflow/example_dags/tutorial_dag.py took 0.079 seconds
[2026-06-28T11:03:45.940+0000] {processor.py:186} INFO - Started process (PID=329) to work on /home/airflow/.local/lib/python3.12/site-packages/airflow/example_dags/tutorial_dag.py
[2026-06-28T11:03:45.941+0000] {processor.py:914} INFO - Processing file /home/airflow/.local/lib/python3.12/site-packages/airflow/example_dags/tutorial_dag.py for tasks to queue
[2026-06-28T11:03:45.944+0000] {logging_mixin.py:190} INFO - [2026-06-28T11:03:45.944+0000] {dagbag.py:587} INFO - Filling up the DagBag from /home/airflow/.local/lib/python3.12/site-packages/airflow/example_dags/tutorial_dag.py
[2026-06-28T11:03:45.956+0000] {processor.py:925} INFO - DAG(s) 'tutorial_dag' retrieved from /home/airflow/.local/lib/python3.12/site-packages/airflow/example_dags/tutorial_dag.py
[2026-06-28T11:03:45.994+0000] {logging_mixin.py:190} INFO - [2026-06-28T11:03:45.993+0000] {dag.py:3211} INFO - Sync 1 DAGs
[2026-06-28T11:03:46.012+0000] {logging_mixin.py:190} INFO - [2026-06-28T11:03:46.011+0000] {dag.py:4138} INFO - Setting next_dagrun for tutorial_dag to None, run_after=None
[2026-06-28T11:03:46.040+0000] {processor.py:208} INFO - Processing /home/airflow/.local/lib/python3.12/site-packages/airflow/example_dags/tutorial_dag.py took 0.108 seconds
[2026-06-28T11:04:16.781+0000] {processor.py:186} INFO - Started process (PID=391) to work on /home/airflow/.local/lib/python3.12/site-packages/airflow/example_dags/tutorial_dag.py
[2026-06-28T11:04:16.782+0000] {processor.py:914} INFO - Processing file /home/airflow/.local/lib/python3.12/site-packages/airflow/example_dags/tutorial_dag.py for tasks to queue
[2026-06-28T11:04:16.785+0000] {logging_mixin.py:190} INFO - [2026-06-28T11:04:16.784+0000] {dagbag.py:587} INFO - Filling up the DagBag from /home/airflow/.local/lib/python3.12/site-packages/airflow/example_dags/tutorial_dag.py
[2026-06-28T11:04:16.794+0000] {processor.py:925} INFO - DAG(s) 'tutorial_dag' retrieved from /home/airflow/.local/lib/python3.12/site-packages/airflow/example_dags/tutorial_dag.py
[2026-06-28T11:04:16.824+0000] {logging_mixin.py:190} INFO - [2026-06-28T11:04:16.823+0000] {dag.py:3211} INFO - Sync 1 DAGs
[2026-06-28T11:04:16.841+0000] {logging_mixin.py:190} INFO - [2026-06-28T11:04:16.841+0000] {dag.py:4138} INFO - Setting next_dagrun for tutorial_dag to None, run_after=None
[2026-06-28T11:04:16.864+0000] {processor.py:208} INFO - Processing /home/airflow/.local/lib/python3.12/site-packages/airflow/example_dags/tutorial_dag.py took 0.091 seconds
[2026-06-28T11:04:47.078+0000] {processor.py:186} INFO - Started process (PID=453) to work on /home/airflow/.local/lib/python3.12/site-packages/airflow/example_dags/tutorial_dag.py
[2026-06-28T11:04:47.079+0000] {processor.py:914} INFO - Processing file /home/airflow/.local/lib/python3.12/site-packages/airflow/example_dags/tutorial_dag.py for tasks to queue
[2026-06-28T11:04:47.082+0000] {logging_mixin.py:190} INFO - [2026-06-28T11:04:47.081+0000] {dagbag.py:587} INFO - Filling up the DagBag from /home/airflow/.local/lib/python3.12/site-packages/airflow/example_dags/tutorial_dag.py
[2026-06-28T11:04:47.090+0000] {processor.py:925} INFO - DAG(s) 'tutorial_dag' retrieved from /home/airflow/.local/lib/python3.12/site-packages/airflow/example_dags/tutorial_dag.py
[2026-06-28T11:04:47.115+0000] {logging_mixin.py:190} INFO - [2026-06-28T11:04:47.114+0000] {dag.py:3211} INFO - Sync 1 DAGs
[2026-06-28T11:04:47.129+0000] {logging_mixin.py:190} INFO - [2026-06-28T11:04:47.128+0000] {dag.py:4138} INFO - Setting next_dagrun for tutorial_dag to None, run_after=None
[2026-06-28T11:04:47.148+0000] {processor.py:208} INFO - Processing /home/airflow/.local/lib/python3.12/site-packages/airflow/example_dags/tutorial_dag.py took 0.077 seconds
[2026-06-28T11:05:17.976+0000] {processor.py:186} INFO - Started process (PID=515) to work on /home/airflow/.local/lib/python3.12/site-packages/airflow/example_dags/tutorial_dag.py
[2026-06-28T11:05:17.978+0000] {processor.py:914} INFO - Processing file /home/airflow/.local/lib/python3.12/site-packages/airflow/example_dags/tutorial_dag.py for tasks to queue
[2026-06-28T11:05:17.980+0000] {logging_mixin.py:190} INFO - [2026-06-28T11:05:17.979+0000] {dagbag.py:587} INFO - Filling up the DagBag from /home/airflow/.local/lib/python3.12/site-packages/airflow/example_dags/tutorial_dag.py
[2026-06-28T11:05:17.987+0000] {processor.py:925} INFO - DAG(s) 'tutorial_dag' retrieved from /home/airflow/.local/lib/python3.12/site-packages/airflow/example_dags/tutorial_dag.py
[2026-06-28T11:05:18.015+0000] {logging_mixin.py:190} INFO - [2026-06-28T11:05:18.015+0000] {dag.py:3211} INFO - Sync 1 DAGs
[2026-06-28T11:05:18.031+0000] {logging_mixin.py:190} INFO - [2026-06-28T11:05:18.031+0000] {dag.py:4138} INFO - Setting next_dagrun for tutorial_dag to None, run_after=None
[2026-06-28T11:05:18.053+0000] {processor.py:208} INFO - Processing /home/airflow/.local/lib/python3.12/site-packages/airflow/example_dags/tutorial_dag.py took 0.082 seconds
[2026-06-28T11:05:48.566+0000] {processor.py:186} INFO - Started process (PID=576) to work on /home/airflow/.local/lib/python3.12/site-packages/airflow/example_dags/tutorial_dag.py
[2026-06-28T11:05:48.567+0000] {processor.py:914} INFO - Processing file /home/airflow/.local/lib/python3.12/site-packages/airflow/example_dags/tutorial_dag.py for tasks to queue
[2026-06-28T11:05:48.570+0000] {logging_mixin.py:190} INFO - [2026-06-28T11:05:48.570+0000] {dagbag.py:587} INFO - Filling up the DagBag from /home/airflow/.local/lib/python3.12/site-packages/airflow/example_dags/tutorial_dag.py
[2026-06-28T11:05:48.580+0000] {processor.py:925} INFO - DAG(s) 'tutorial_dag' retrieved from /home/airflow/.local/lib/python3.12/site-packages/airflow/example_dags/tutorial_dag.py
[2026-06-28T11:05:48.607+0000] {logging_mixin.py:190} INFO - [2026-06-28T11:05:48.607+0000] {dag.py:3211} INFO - Sync 1 DAGs
[2026-06-28T11:05:48.626+0000] {logging_mixin.py:190} INFO - [2026-06-28T11:05:48.625+0000] {dag.py:4138} INFO - Setting next_dagrun for tutorial_dag to None, run_after=None
[2026-06-28T11:05:48.650+0000] {processor.py:208} INFO - Processing /home/airflow/.local/lib/python3.12/site-packages/airflow/example_dags/tutorial_dag.py took 0.091 seconds
[2026-06-28T11:06:19.772+0000] {processor.py:186} INFO - Started process (PID=638) to work on /home/airflow/.local/lib/python3.12/site-packages/airflow/example_dags/tutorial_dag.py
[2026-06-28T11:06:19.773+0000] {processor.py:914} INFO - Processing file /home/airflow/.local/lib/python3.12/site-packages/airflow/example_dags/tutorial_dag.py for tasks to queue
[2026-06-28T11:06:19.776+0000] {logging_mixin.py:190} INFO - [2026-06-28T11:06:19.775+0000] {dagbag.py:587} INFO - Filling up the DagBag from /home/airflow/.local/lib/python3.12/site-packages/airflow/example_dags/tutorial_dag.py
[2026-06-28T11:06:19.786+0000] {processor.py:925} INFO - DAG(s) 'tutorial_dag' retrieved from /home/airflow/.local/lib/python3.12/site-packages/airflow/example_dags/tutorial_dag.py
[2026-06-28T11:06:19.845+0000] {logging_mixin.py:190} INFO - [2026-06-28T11:06:19.844+0000] {dag.py:3211} INFO - Sync 1 DAGs
[2026-06-28T11:06:19.863+0000] {logging_mixin.py:190} INFO - [2026-06-28T11:06:19.863+0000] {dag.py:4138} INFO - Setting next_dagrun for tutorial_dag to None, run_after=None
[2026-06-28T11:06:19.889+0000] {processor.py:208} INFO - Processing /home/airflow/.local/lib/python3.12/site-packages/airflow/example_dags/tutorial_dag.py took 0.125 seconds
[2026-06-28T11:06:50.515+0000] {processor.py:186} INFO - Started process (PID=700) to work on /home/airflow/.local/lib/python3.12/site-packages/airflow/example_dags/tutorial_dag.py
[2026-06-28T11:06:50.516+0000] {processor.py:914} INFO - Processing file /home/airflow/.local/lib/python3.12/site-packages/airflow/example_dags/tutorial_dag.py for tasks to queue
[2026-06-28T11:06:50.519+0000] {logging_mixin.py:190} INFO - [2026-06-28T11:06:50.518+0000] {dagbag.py:587} INFO - Filling up the DagBag from /home/airflow/.local/lib/python3.12/site-packages/airflow/example_dags/tutorial_dag.py
[2026-06-28T11:06:50.528+0000] {processor.py:925} INFO - DAG(s) 'tutorial_dag' retrieved from /home/airflow/.local/lib/python3.12/site-packages/airflow/example_dags/tutorial_dag.py
[2026-06-28T11:06:50.562+0000] {logging_mixin.py:190} INFO - [2026-06-28T11:06:50.561+0000] {dag.py:3211} INFO - Sync 1 DAGs
[2026-06-28T11:06:50.588+0000] {logging_mixin.py:190} INFO - [2026-06-28T11:06:50.587+0000] {dag.py:4138} INFO - Setting next_dagrun for tutorial_dag to None, run_after=None
[2026-06-28T11:06:50.611+0000] {processor.py:208} INFO - Processing /home/airflow/.local/lib/python3.12/site-packages/airflow/example_dags/tutorial_dag.py took 0.103 seconds
[2026-06-28T11:07:21.192+0000] {processor.py:186} INFO - Started process (PID=762) to work on /home/airflow/.local/lib/python3.12/site-packages/airflow/example_dags/tutorial_dag.py
[2026-06-28T11:07:21.193+0000] {processor.py:914} INFO - Processing file /home/airflow/.local/lib/python3.12/site-packages/airflow/example_dags/tutorial_dag.py for tasks to queue
[2026-06-28T11:07:21.196+0000] {logging_mixin.py:190} INFO - [2026-06-28T11:07:21.196+0000] {dagbag.py:587} INFO - Filling up the DagBag from /home/airflow/.local/lib/python3.12/site-packages/airflow/example_dags/tutorial_dag.py
[2026-06-28T11:07:21.203+0000] {processor.py:925} INFO - DAG(s) 'tutorial_dag' retrieved from /home/airflow/.local/lib/python3.12/site-packages/airflow/example_dags/tutorial_dag.py
[2026-06-28T11:07:21.230+0000] {logging_mixin.py:190} INFO - [2026-06-28T11:07:21.229+0000] {dag.py:3211} INFO - Sync 1 DAGs
[2026-06-28T11:07:21.245+0000] {logging_mixin.py:190} INFO - [2026-06-28T11:07:21.245+0000] {dag.py:4138} INFO - Setting next_dagrun for tutorial_dag to None, run_after=None
[2026-06-28T11:07:21.267+0000] {processor.py:208} INFO - Processing /home/airflow/.local/lib/python3.12/site-packages/airflow/example_dags/tutorial_dag.py took 0.082 seconds
[2026-06-28T11:07:51.344+0000] {processor.py:186} INFO - Started process (PID=824) to work on /home/airflow/.local/lib/python3.12/site-packages/airflow/example_dags/tutorial_dag.py
[2026-06-28T11:07:51.345+0000] {processor.py:914} INFO - Processing file /home/airflow/.local/lib/python3.12/site-packages/airflow/example_dags/tutorial_dag.py for tasks to queue
[2026-06-28T11:07:51.347+0000] {logging_mixin.py:190} INFO - [2026-06-28T11:07:51.347+0000] {dagbag.py:587} INFO - Filling up the DagBag from /home/airflow/.local/lib/python3.12/site-packages/airflow/example_dags/tutorial_dag.py
[2026-06-28T11:07:51.355+0000] {processor.py:925} INFO - DAG(s) 'tutorial_dag' retrieved from /home/airflow/.local/lib/python3.12/site-packages/airflow/example_dags/tutorial_dag.py
[2026-06-28T11:07:51.380+0000] {logging_mixin.py:190} INFO - [2026-06-28T11:07:51.379+0000] {dag.py:3211} INFO - Sync 1 DAGs
[2026-06-28T11:07:51.395+0000] {logging_mixin.py:190} INFO - [2026-06-28T11:07:51.394+0000] {dag.py:4138} INFO - Setting next_dagrun for tutorial_dag to None, run_after=None
[2026-06-28T11:07:51.415+0000] {processor.py:208} INFO - Processing /home/airflow/.local/lib/python3.12/site-packages/airflow/example_dags/tutorial_dag.py took 0.078 seconds
[2026-06-28T11:08:21.505+0000] {processor.py:186} INFO - Started process (PID=886) to work on /home/airflow/.local/lib/python3.12/site-packages/airflow/example_dags/tutorial_dag.py
[2026-06-28T11:08:21.506+0000] {processor.py:914} INFO - Processing file /home/airflow/.local/lib/python3.12/site-packages/airflow/example_dags/tutorial_dag.py for tasks to queue
[2026-06-28T11:08:21.509+0000] {logging_mixin.py:190} INFO - [2026-06-28T11:08:21.509+0000] {dagbag.py:587} INFO - Filling up the DagBag from /home/airflow/.local/lib/python3.12/site-packages/airflow/example_dags/tutorial_dag.py
[2026-06-28T11:08:21.516+0000] {processor.py:925} INFO - DAG(s) 'tutorial_dag' retrieved from /home/airflow/.local/lib/python3.12/site-packages/airflow/example_dags/tutorial_dag.py
[2026-06-28T11:08:21.541+0000] {logging_mixin.py:190} INFO - [2026-06-28T11:08:21.541+0000] {dag.py:3211} INFO - Sync 1 DAGs
[2026-06-28T11:08:21.556+0000] {logging_mixin.py:190} INFO - [2026-06-28T11:08:21.556+0000] {dag.py:4138} INFO - Setting next_dagrun for tutorial_dag to None, run_after=None
[2026-06-28T11:08:21.575+0000] {processor.py:208} INFO - Processing /home/airflow/.local/lib/python3.12/site-packages/airflow/example_dags/tutorial_dag.py took 0.076 seconds
