[2026-07-12T13:42:39.638+0000] {local_task_job_runner.py:123} INFO - ::group::Pre task execution logs
[2026-07-12T13:42:39.673+0000] {taskinstance.py:2603} INFO - Dependencies all met for dep_context=non-requeueable deps ti=<TaskInstance: dag_isi_data_mart.insert_data_task manual__2026-07-12T13:42:36.857077+00:00 [queued]>
[2026-07-12T13:42:39.687+0000] {taskinstance.py:2603} INFO - Dependencies all met for dep_context=requeueable deps ti=<TaskInstance: dag_isi_data_mart.insert_data_task manual__2026-07-12T13:42:36.857077+00:00 [queued]>
[2026-07-12T13:42:39.687+0000] {taskinstance.py:2856} INFO - Starting attempt 1 of 2
[2026-07-12T13:42:39.706+0000] {taskinstance.py:2879} INFO - Executing <Task(PostgresOperator): insert_data_task> on 2026-07-12 13:42:36.857077+00:00
[2026-07-12T13:42:39.716+0000] {warnings.py:112} WARNING - /home/***/.local/lib/python3.12/site-packages/***/task/task_runner/standard_task_runner.py:70: DeprecationWarning: This process (pid=198) is multi-threaded, use of fork() may lead to deadlocks in the child.
  pid = os.fork()

[2026-07-12T13:42:39.718+0000] {standard_task_runner.py:72} INFO - Started process 199 to run task
[2026-07-12T13:42:39.719+0000] {standard_task_runner.py:104} INFO - Running: ['***', 'tasks', 'run', 'dag_isi_data_mart', 'insert_data_task', 'manual__2026-07-12T13:42:36.857077+00:00', '--job-id', '53', '--raw', '--subdir', 'DAGS_FOLDER/etl_to_datamart.py', '--cfg-path', '/tmp/tmp6q7byj94']
[2026-07-12T13:42:39.721+0000] {standard_task_runner.py:105} INFO - Job 53: Subtask insert_data_task
[2026-07-12T13:42:39.801+0000] {task_command.py:467} INFO - Running <TaskInstance: dag_isi_data_mart.insert_data_task manual__2026-07-12T13:42:36.857077+00:00 [running]> on host b5c1d8ce61d3
[2026-07-12T13:42:39.951+0000] {taskinstance.py:3122} INFO - Exporting env vars: AIRFLOW_CTX_DAG_OWNER='***' AIRFLOW_CTX_DAG_ID='dag_isi_data_mart' AIRFLOW_CTX_TASK_ID='insert_data_task' AIRFLOW_CTX_EXECUTION_DATE='2026-07-12T13:42:36.857077+00:00' AIRFLOW_CTX_TRY_NUMBER='1' AIRFLOW_CTX_DAG_RUN_ID='manual__2026-07-12T13:42:36.857077+00:00'
[2026-07-12T13:42:39.953+0000] {taskinstance.py:731} INFO - ::endgroup::
[2026-07-12T13:42:39.976+0000] {sql.py:282} INFO - Executing: 
        INSERT INTO data_mart.penjualan (produk, jumlah) VALUES 
        ('Laptop', 1),
        ('Mouse', 5),
        ('Keyboard', 3);
        
[2026-07-12T13:42:39.998+0000] {base.py:84} INFO - Retrieving connection 'postgres_data_mart'
[2026-07-12T13:42:40.022+0000] {base.py:84} INFO - Retrieving connection 'postgres_data_mart'
[2026-07-12T13:42:40.035+0000] {sql.py:509} INFO - Running statement: 
        INSERT INTO data_mart.penjualan (produk, jumlah) VALUES 
        ('Laptop', 1),
        ('Mouse', 5),
        ('Keyboard', 3);
        , parameters: None
[2026-07-12T13:42:40.050+0000] {sql.py:518} INFO - Rows affected: 3
[2026-07-12T13:42:40.073+0000] {taskinstance.py:340} INFO - ::group::Post task execution logs
[2026-07-12T13:42:40.074+0000] {taskinstance.py:352} INFO - Marking task as SUCCESS. dag_id=dag_isi_data_mart, task_id=insert_data_task, run_id=manual__2026-07-12T13:42:36.857077+00:00, execution_date=20260712T134236, start_date=20260712T134239, end_date=20260712T134240
[2026-07-12T13:42:40.107+0000] {local_task_job_runner.py:261} INFO - Task exited with return code 0
[2026-07-12T13:42:40.136+0000] {taskinstance.py:3891} INFO - 0 downstream tasks scheduled from follow-on schedule check
[2026-07-12T13:42:40.138+0000] {local_task_job_runner.py:240} INFO - ::endgroup::
