[2026-09-17T07:39:43.743+0000] {local_task_job_runner.py:123} INFO - ::group::Pre task execution logs
[2026-09-17T07:39:43.771+0000] {taskinstance.py:2603} INFO - Dependencies all met for dep_context=non-requeueable deps ti=<TaskInstance: dbt_retail_pipeline.dbt_seed manual__2026-09-17T07:05:18.315367+00:00 [queued]>
[2026-09-17T07:39:43.786+0000] {taskinstance.py:2603} INFO - Dependencies all met for dep_context=requeueable deps ti=<TaskInstance: dbt_retail_pipeline.dbt_seed manual__2026-09-17T07:05:18.315367+00:00 [queued]>
[2026-09-17T07:39:43.786+0000] {taskinstance.py:2856} INFO - Starting attempt 4 of 4
[2026-09-17T07:39:43.803+0000] {taskinstance.py:2879} INFO - Executing <Task(BashOperator): dbt_seed> on 2026-09-17 07:05:18.315367+00:00
[2026-09-17T07:39:43.810+0000] {warnings.py:112} WARNING - /home/***/.local/lib/python3.12/site-packages/***/task/task_runner/standard_task_runner.py:70: DeprecationWarning: This process (pid=1376) is multi-threaded, use of fork() may lead to deadlocks in the child.
  pid = os.fork()

[2026-09-17T07:39:43.812+0000] {standard_task_runner.py:72} INFO - Started process 1377 to run task
[2026-09-17T07:39:43.813+0000] {standard_task_runner.py:104} INFO - Running: ['***', 'tasks', 'run', 'dbt_retail_pipeline', 'dbt_seed', 'manual__2026-09-17T07:05:18.315367+00:00', '--job-id', '79', '--raw', '--subdir', 'DAGS_FOLDER/dbt_retail_pipeline.py', '--cfg-path', '/tmp/tmpirn8rbwo']
[2026-09-17T07:39:43.814+0000] {standard_task_runner.py:105} INFO - Job 79: Subtask dbt_seed
[2026-09-17T07:39:43.878+0000] {task_command.py:467} INFO - Running <TaskInstance: dbt_retail_pipeline.dbt_seed manual__2026-09-17T07:05:18.315367+00:00 [running]> on host b5c1d8ce61d3
[2026-09-17T07:39:43.978+0000] {taskinstance.py:3122} INFO - Exporting env vars: AIRFLOW_CTX_DAG_OWNER='data_engineer' AIRFLOW_CTX_DAG_ID='dbt_retail_pipeline' AIRFLOW_CTX_TASK_ID='dbt_seed' AIRFLOW_CTX_EXECUTION_DATE='2026-09-17T07:05:18.315367+00:00' AIRFLOW_CTX_TRY_NUMBER='4' AIRFLOW_CTX_DAG_RUN_ID='manual__2026-09-17T07:05:18.315367+00:00'
[2026-09-17T07:39:43.979+0000] {taskinstance.py:731} INFO - ::endgroup::
[2026-09-17T07:39:44.013+0000] {subprocess.py:63} INFO - Tmp dir root location: /tmp
[2026-09-17T07:39:44.014+0000] {subprocess.py:75} INFO - Running command: ['/usr/bin/bash', '-c', 'cd /opt/***/dags/dbt-project && dbt seed --profiles-dir /opt/***/dags/dbt-project']
[2026-09-17T07:39:44.030+0000] {subprocess.py:86} INFO - Output:
[2026-09-17T07:39:47.064+0000] {subprocess.py:93} INFO - [0m07:39:47  Running with dbt=1.12.5
[2026-09-17T07:39:47.069+0000] {subprocess.py:93} INFO - [0m07:39:47  [[31mERROR[0m]: Encountered an error:
[2026-09-17T07:39:47.069+0000] {subprocess.py:93} INFO - Runtime Error
[2026-09-17T07:39:47.069+0000] {subprocess.py:93} INFO -   Could not find profile named 'dbt-project'
[2026-09-17T07:39:48.586+0000] {subprocess.py:97} INFO - Command exited with return code 2
[2026-09-17T07:39:48.605+0000] {taskinstance.py:3301} ERROR - Task failed with exception
Traceback (most recent call last):
  File "/home/airflow/.local/lib/python3.12/site-packages/airflow/models/taskinstance.py", line 767, in _execute_task
    result = _execute_callable(context=context, **execute_callable_kwargs)
             ^^^^^^^^^^^^^^^^^^^^^^^^^^^^^^^^^^^^^^^^^^^^^^^^^^^^^^^^^^^^^
  File "/home/airflow/.local/lib/python3.12/site-packages/airflow/models/taskinstance.py", line 733, in _execute_callable
    return ExecutionCallableRunner(
           ^^^^^^^^^^^^^^^^^^^^^^^^
  File "/home/airflow/.local/lib/python3.12/site-packages/airflow/utils/operator_helpers.py", line 252, in run
    return self.func(*args, **kwargs)
           ^^^^^^^^^^^^^^^^^^^^^^^^^^
  File "/home/airflow/.local/lib/python3.12/site-packages/airflow/models/baseoperator.py", line 406, in wrapper
    return func(self, *args, **kwargs)
           ^^^^^^^^^^^^^^^^^^^^^^^^^^^
  File "/home/airflow/.local/lib/python3.12/site-packages/airflow/operators/bash.py", line 249, in execute
    raise AirflowException(
airflow.exceptions.AirflowException: Bash command failed. The command returned a non-zero exit code 2.
[2026-09-17T07:39:48.611+0000] {taskinstance.py:1225} INFO - Marking task as FAILED. dag_id=dbt_retail_pipeline, task_id=dbt_seed, run_id=manual__2026-09-17T07:05:18.315367+00:00, execution_date=20260917T070518, start_date=20260917T073943, end_date=20260917T073948
[2026-09-17T07:39:48.625+0000] {taskinstance.py:340} INFO - ::group::Post task execution logs
[2026-09-17T07:39:48.626+0000] {standard_task_runner.py:124} ERROR - Failed to execute job 79 for task dbt_seed (Bash command failed. The command returned a non-zero exit code 2.; 1377)
Traceback (most recent call last):
  File "/home/airflow/.local/lib/python3.12/site-packages/airflow/task/task_runner/standard_task_runner.py", line 117, in _start_by_fork
    ret = args.func(args, dag=self.dag)
          ^^^^^^^^^^^^^^^^^^^^^^^^^^^^^
  File "/home/airflow/.local/lib/python3.12/site-packages/airflow/cli/cli_config.py", line 49, in command
    return func(*args, **kwargs)
           ^^^^^^^^^^^^^^^^^^^^^
  File "/home/airflow/.local/lib/python3.12/site-packages/airflow/utils/cli.py", line 115, in wrapper
    return f(*args, **kwargs)
           ^^^^^^^^^^^^^^^^^^
  File "/home/airflow/.local/lib/python3.12/site-packages/airflow/cli/commands/task_command.py", line 483, in task_run
    task_return_code = _run_task_by_selected_method(args, _dag, ti)
                       ^^^^^^^^^^^^^^^^^^^^^^^^^^^^^^^^^^^^^^^^^^^^
  File "/home/airflow/.local/lib/python3.12/site-packages/airflow/cli/commands/task_command.py", line 256, in _run_task_by_selected_method
    return _run_raw_task(args, ti)
           ^^^^^^^^^^^^^^^^^^^^^^^
  File "/home/airflow/.local/lib/python3.12/site-packages/airflow/cli/commands/task_command.py", line 341, in _run_raw_task
    return ti._run_raw_task(
           ^^^^^^^^^^^^^^^^^
  File "/home/airflow/.local/lib/python3.12/site-packages/airflow/utils/session.py", line 97, in wrapper
    return func(*args, session=session, **kwargs)
           ^^^^^^^^^^^^^^^^^^^^^^^^^^^^^^^^^^^^^^
  File "/home/airflow/.local/lib/python3.12/site-packages/airflow/models/taskinstance.py", line 2995, in _run_raw_task
    return _run_raw_task(
           ^^^^^^^^^^^^^^
  File "/home/airflow/.local/lib/python3.12/site-packages/airflow/models/taskinstance.py", line 273, in _run_raw_task
    TaskInstance._execute_task_with_callbacks(
  File "/home/airflow/.local/lib/python3.12/site-packages/airflow/models/taskinstance.py", line 3149, in _execute_task_with_callbacks
    result = self._execute_task(context, task_orig)
             ^^^^^^^^^^^^^^^^^^^^^^^^^^^^^^^^^^^^^^
  File "/home/airflow/.local/lib/python3.12/site-packages/airflow/models/taskinstance.py", line 3173, in _execute_task
    return _execute_task(self, context, task_orig)
           ^^^^^^^^^^^^^^^^^^^^^^^^^^^^^^^^^^^^^^^
  File "/home/airflow/.local/lib/python3.12/site-packages/airflow/models/taskinstance.py", line 767, in _execute_task
    result = _execute_callable(context=context, **execute_callable_kwargs)
             ^^^^^^^^^^^^^^^^^^^^^^^^^^^^^^^^^^^^^^^^^^^^^^^^^^^^^^^^^^^^^
  File "/home/airflow/.local/lib/python3.12/site-packages/airflow/models/taskinstance.py", line 733, in _execute_callable
    return ExecutionCallableRunner(
           ^^^^^^^^^^^^^^^^^^^^^^^^
  File "/home/airflow/.local/lib/python3.12/site-packages/airflow/utils/operator_helpers.py", line 252, in run
    return self.func(*args, **kwargs)
           ^^^^^^^^^^^^^^^^^^^^^^^^^^
  File "/home/airflow/.local/lib/python3.12/site-packages/airflow/models/baseoperator.py", line 406, in wrapper
    return func(self, *args, **kwargs)
           ^^^^^^^^^^^^^^^^^^^^^^^^^^^
  File "/home/airflow/.local/lib/python3.12/site-packages/airflow/operators/bash.py", line 249, in execute
    raise AirflowException(
airflow.exceptions.AirflowException: Bash command failed. The command returned a non-zero exit code 2.
[2026-09-17T07:39:48.661+0000] {local_task_job_runner.py:261} INFO - Task exited with return code 1
[2026-09-17T07:39:48.692+0000] {taskinstance.py:3891} INFO - 0 downstream tasks scheduled from follow-on schedule check
[2026-09-17T07:39:48.696+0000] {local_task_job_runner.py:240} INFO - ::endgroup::
