[2026-09-17T06:50:35.258+0000] {processor.py:186} INFO - Started process (PID=748) to work on /opt/airflow/dags/dbt_retail_pipeline.py
[2026-09-17T06:50:35.259+0000] {processor.py:914} INFO - Processing file /opt/airflow/dags/dbt_retail_pipeline.py for tasks to queue
[2026-09-17T06:50:35.263+0000] {logging_mixin.py:190} INFO - [2026-09-17T06:50:35.262+0000] {dagbag.py:587} INFO - Filling up the DagBag from /opt/airflow/dags/dbt_retail_pipeline.py
[2026-09-17T06:50:35.285+0000] {processor.py:925} INFO - DAG(s) 'dbt_retail_pipeline' retrieved from /opt/airflow/dags/dbt_retail_pipeline.py
[2026-09-17T06:50:35.489+0000] {logging_mixin.py:190} INFO - [2026-09-17T06:50:35.488+0000] {override.py:1858} INFO - Created Permission View: can edit on DAG:dbt_retail_pipeline
[2026-09-17T06:50:35.504+0000] {logging_mixin.py:190} INFO - [2026-09-17T06:50:35.504+0000] {override.py:1858} INFO - Created Permission View: can delete on DAG:dbt_retail_pipeline
[2026-09-17T06:50:35.514+0000] {logging_mixin.py:190} INFO - [2026-09-17T06:50:35.514+0000] {override.py:1858} INFO - Created Permission View: can read on DAG:dbt_retail_pipeline
[2026-09-17T06:50:35.515+0000] {logging_mixin.py:190} INFO - [2026-09-17T06:50:35.514+0000] {dag.py:3211} INFO - Sync 1 DAGs
[2026-09-17T06:50:35.533+0000] {logging_mixin.py:190} INFO - [2026-09-17T06:50:35.532+0000] {dag.py:3234} INFO - Creating ORM DAG for dbt_retail_pipeline
[2026-09-17T06:50:35.546+0000] {logging_mixin.py:190} INFO - [2026-09-17T06:50:35.546+0000] {dag.py:4138} INFO - Setting next_dagrun for dbt_retail_pipeline to 2026-09-16 02:00:00+00:00, run_after=2026-09-17 02:00:00+00:00
[2026-09-17T06:50:35.575+0000] {processor.py:208} INFO - Processing /opt/airflow/dags/dbt_retail_pipeline.py took 0.325 seconds
[2026-09-17T06:51:05.640+0000] {processor.py:186} INFO - Started process (PID=757) to work on /opt/airflow/dags/dbt_retail_pipeline.py
[2026-09-17T06:51:05.641+0000] {processor.py:914} INFO - Processing file /opt/airflow/dags/dbt_retail_pipeline.py for tasks to queue
[2026-09-17T06:51:05.643+0000] {logging_mixin.py:190} INFO - [2026-09-17T06:51:05.643+0000] {dagbag.py:587} INFO - Filling up the DagBag from /opt/airflow/dags/dbt_retail_pipeline.py
[2026-09-17T06:51:05.659+0000] {processor.py:925} INFO - DAG(s) 'dbt_retail_pipeline' retrieved from /opt/airflow/dags/dbt_retail_pipeline.py
[2026-09-17T06:51:05.693+0000] {logging_mixin.py:190} INFO - [2026-09-17T06:51:05.692+0000] {dag.py:3211} INFO - Sync 1 DAGs
[2026-09-17T06:51:05.723+0000] {logging_mixin.py:190} INFO - [2026-09-17T06:51:05.723+0000] {dag.py:4138} INFO - Setting next_dagrun for dbt_retail_pipeline to 2026-09-16 02:00:00+00:00, run_after=2026-09-17 02:00:00+00:00
[2026-09-17T06:51:05.746+0000] {processor.py:208} INFO - Processing /opt/airflow/dags/dbt_retail_pipeline.py took 0.111 seconds
[2026-09-17T06:51:36.101+0000] {processor.py:186} INFO - Started process (PID=765) to work on /opt/airflow/dags/dbt_retail_pipeline.py
[2026-09-17T06:51:36.102+0000] {processor.py:914} INFO - Processing file /opt/airflow/dags/dbt_retail_pipeline.py for tasks to queue
[2026-09-17T06:51:36.104+0000] {logging_mixin.py:190} INFO - [2026-09-17T06:51:36.104+0000] {dagbag.py:587} INFO - Filling up the DagBag from /opt/airflow/dags/dbt_retail_pipeline.py
[2026-09-17T06:51:36.120+0000] {processor.py:925} INFO - DAG(s) 'dbt_retail_pipeline' retrieved from /opt/airflow/dags/dbt_retail_pipeline.py
[2026-09-17T06:51:36.154+0000] {logging_mixin.py:190} INFO - [2026-09-17T06:51:36.154+0000] {dag.py:3211} INFO - Sync 1 DAGs
[2026-09-17T06:51:36.186+0000] {logging_mixin.py:190} INFO - [2026-09-17T06:51:36.186+0000] {dag.py:4138} INFO - Setting next_dagrun for dbt_retail_pipeline to 2026-09-16 02:00:00+00:00, run_after=2026-09-17 02:00:00+00:00
[2026-09-17T06:51:36.207+0000] {processor.py:208} INFO - Processing /opt/airflow/dags/dbt_retail_pipeline.py took 0.112 seconds
[2026-09-17T06:52:06.456+0000] {processor.py:186} INFO - Started process (PID=774) to work on /opt/airflow/dags/dbt_retail_pipeline.py
[2026-09-17T06:52:06.458+0000] {processor.py:914} INFO - Processing file /opt/airflow/dags/dbt_retail_pipeline.py for tasks to queue
[2026-09-17T06:52:06.461+0000] {logging_mixin.py:190} INFO - [2026-09-17T06:52:06.460+0000] {dagbag.py:587} INFO - Filling up the DagBag from /opt/airflow/dags/dbt_retail_pipeline.py
[2026-09-17T06:52:06.483+0000] {processor.py:925} INFO - DAG(s) 'dbt_retail_pipeline' retrieved from /opt/airflow/dags/dbt_retail_pipeline.py
[2026-09-17T06:52:06.522+0000] {logging_mixin.py:190} INFO - [2026-09-17T06:52:06.521+0000] {dag.py:3211} INFO - Sync 1 DAGs
[2026-09-17T06:52:06.554+0000] {logging_mixin.py:190} INFO - [2026-09-17T06:52:06.554+0000] {dag.py:4138} INFO - Setting next_dagrun for dbt_retail_pipeline to 2026-09-16 02:00:00+00:00, run_after=2026-09-17 02:00:00+00:00
[2026-09-17T06:52:06.578+0000] {processor.py:208} INFO - Processing /opt/airflow/dags/dbt_retail_pipeline.py took 0.130 seconds
[2026-09-17T06:52:36.879+0000] {processor.py:186} INFO - Started process (PID=783) to work on /opt/airflow/dags/dbt_retail_pipeline.py
[2026-09-17T06:52:36.880+0000] {processor.py:914} INFO - Processing file /opt/airflow/dags/dbt_retail_pipeline.py for tasks to queue
[2026-09-17T06:52:36.882+0000] {logging_mixin.py:190} INFO - [2026-09-17T06:52:36.881+0000] {dagbag.py:587} INFO - Filling up the DagBag from /opt/airflow/dags/dbt_retail_pipeline.py
[2026-09-17T06:52:36.900+0000] {processor.py:925} INFO - DAG(s) 'dbt_retail_pipeline' retrieved from /opt/airflow/dags/dbt_retail_pipeline.py
[2026-09-17T06:52:36.942+0000] {logging_mixin.py:190} INFO - [2026-09-17T06:52:36.942+0000] {dag.py:3211} INFO - Sync 1 DAGs
[2026-09-17T06:52:36.970+0000] {logging_mixin.py:190} INFO - [2026-09-17T06:52:36.970+0000] {dag.py:4138} INFO - Setting next_dagrun for dbt_retail_pipeline to 2026-09-17 02:00:00+00:00, run_after=2026-09-18 02:00:00+00:00
[2026-09-17T06:52:36.992+0000] {processor.py:208} INFO - Processing /opt/airflow/dags/dbt_retail_pipeline.py took 0.119 seconds
[2026-09-17T06:53:07.258+0000] {processor.py:186} INFO - Started process (PID=793) to work on /opt/airflow/dags/dbt_retail_pipeline.py
[2026-09-17T06:53:07.259+0000] {processor.py:914} INFO - Processing file /opt/airflow/dags/dbt_retail_pipeline.py for tasks to queue
[2026-09-17T06:53:07.265+0000] {logging_mixin.py:190} INFO - [2026-09-17T06:53:07.264+0000] {dagbag.py:587} INFO - Filling up the DagBag from /opt/airflow/dags/dbt_retail_pipeline.py
[2026-09-17T06:53:07.295+0000] {processor.py:925} INFO - DAG(s) 'dbt_retail_pipeline' retrieved from /opt/airflow/dags/dbt_retail_pipeline.py
[2026-09-17T06:53:07.328+0000] {logging_mixin.py:190} INFO - [2026-09-17T06:53:07.328+0000] {dag.py:3211} INFO - Sync 1 DAGs
[2026-09-17T06:53:07.355+0000] {logging_mixin.py:190} INFO - [2026-09-17T06:53:07.355+0000] {dag.py:4138} INFO - Setting next_dagrun for dbt_retail_pipeline to 2026-09-17 02:00:00+00:00, run_after=2026-09-18 02:00:00+00:00
[2026-09-17T06:53:07.375+0000] {processor.py:208} INFO - Processing /opt/airflow/dags/dbt_retail_pipeline.py took 0.127 seconds
[2026-09-17T06:53:37.618+0000] {processor.py:186} INFO - Started process (PID=802) to work on /opt/airflow/dags/dbt_retail_pipeline.py
[2026-09-17T06:53:37.619+0000] {processor.py:914} INFO - Processing file /opt/airflow/dags/dbt_retail_pipeline.py for tasks to queue
[2026-09-17T06:53:37.622+0000] {logging_mixin.py:190} INFO - [2026-09-17T06:53:37.622+0000] {dagbag.py:587} INFO - Filling up the DagBag from /opt/airflow/dags/dbt_retail_pipeline.py
[2026-09-17T06:53:37.639+0000] {processor.py:925} INFO - DAG(s) 'dbt_retail_pipeline' retrieved from /opt/airflow/dags/dbt_retail_pipeline.py
[2026-09-17T06:53:37.669+0000] {logging_mixin.py:190} INFO - [2026-09-17T06:53:37.669+0000] {dag.py:3211} INFO - Sync 1 DAGs
[2026-09-17T06:53:37.693+0000] {logging_mixin.py:190} INFO - [2026-09-17T06:53:37.693+0000] {dag.py:4138} INFO - Setting next_dagrun for dbt_retail_pipeline to 2026-09-17 02:00:00+00:00, run_after=2026-09-18 02:00:00+00:00
[2026-09-17T06:53:37.713+0000] {processor.py:208} INFO - Processing /opt/airflow/dags/dbt_retail_pipeline.py took 0.102 seconds
[2026-09-17T06:54:07.996+0000] {processor.py:186} INFO - Started process (PID=811) to work on /opt/airflow/dags/dbt_retail_pipeline.py
[2026-09-17T06:54:07.997+0000] {processor.py:914} INFO - Processing file /opt/airflow/dags/dbt_retail_pipeline.py for tasks to queue
[2026-09-17T06:54:08.000+0000] {logging_mixin.py:190} INFO - [2026-09-17T06:54:08.000+0000] {dagbag.py:587} INFO - Filling up the DagBag from /opt/airflow/dags/dbt_retail_pipeline.py
[2026-09-17T06:54:08.017+0000] {processor.py:925} INFO - DAG(s) 'dbt_retail_pipeline' retrieved from /opt/airflow/dags/dbt_retail_pipeline.py
[2026-09-17T06:54:08.066+0000] {logging_mixin.py:190} INFO - [2026-09-17T06:54:08.065+0000] {dag.py:3211} INFO - Sync 1 DAGs
[2026-09-17T06:54:08.120+0000] {logging_mixin.py:190} INFO - [2026-09-17T06:54:08.120+0000] {dag.py:4138} INFO - Setting next_dagrun for dbt_retail_pipeline to 2026-09-17 02:00:00+00:00, run_after=2026-09-18 02:00:00+00:00
[2026-09-17T06:54:08.146+0000] {processor.py:208} INFO - Processing /opt/airflow/dags/dbt_retail_pipeline.py took 0.156 seconds
[2026-09-17T06:54:38.407+0000] {processor.py:186} INFO - Started process (PID=820) to work on /opt/airflow/dags/dbt_retail_pipeline.py
[2026-09-17T06:54:38.408+0000] {processor.py:914} INFO - Processing file /opt/airflow/dags/dbt_retail_pipeline.py for tasks to queue
[2026-09-17T06:54:38.411+0000] {logging_mixin.py:190} INFO - [2026-09-17T06:54:38.410+0000] {dagbag.py:587} INFO - Filling up the DagBag from /opt/airflow/dags/dbt_retail_pipeline.py
[2026-09-17T06:54:38.425+0000] {processor.py:925} INFO - DAG(s) 'dbt_retail_pipeline' retrieved from /opt/airflow/dags/dbt_retail_pipeline.py
[2026-09-17T06:54:38.455+0000] {logging_mixin.py:190} INFO - [2026-09-17T06:54:38.455+0000] {dag.py:3211} INFO - Sync 1 DAGs
[2026-09-17T06:54:38.481+0000] {logging_mixin.py:190} INFO - [2026-09-17T06:54:38.481+0000] {dag.py:4138} INFO - Setting next_dagrun for dbt_retail_pipeline to 2026-09-17 02:00:00+00:00, run_after=2026-09-18 02:00:00+00:00
[2026-09-17T06:54:38.500+0000] {processor.py:208} INFO - Processing /opt/airflow/dags/dbt_retail_pipeline.py took 0.099 seconds
[2026-09-17T06:55:08.895+0000] {processor.py:186} INFO - Started process (PID=829) to work on /opt/airflow/dags/dbt_retail_pipeline.py
[2026-09-17T06:55:08.900+0000] {processor.py:914} INFO - Processing file /opt/airflow/dags/dbt_retail_pipeline.py for tasks to queue
[2026-09-17T06:55:08.914+0000] {logging_mixin.py:190} INFO - [2026-09-17T06:55:08.912+0000] {dagbag.py:587} INFO - Filling up the DagBag from /opt/airflow/dags/dbt_retail_pipeline.py
[2026-09-17T06:55:08.978+0000] {processor.py:925} INFO - DAG(s) 'dbt_retail_pipeline' retrieved from /opt/airflow/dags/dbt_retail_pipeline.py
[2026-09-17T06:55:09.069+0000] {logging_mixin.py:190} INFO - [2026-09-17T06:55:09.069+0000] {dag.py:3211} INFO - Sync 1 DAGs
[2026-09-17T06:55:09.141+0000] {logging_mixin.py:190} INFO - [2026-09-17T06:55:09.141+0000] {dag.py:4138} INFO - Setting next_dagrun for dbt_retail_pipeline to 2026-09-17 02:00:00+00:00, run_after=2026-09-18 02:00:00+00:00
[2026-09-17T06:55:09.174+0000] {processor.py:208} INFO - Processing /opt/airflow/dags/dbt_retail_pipeline.py took 0.310 seconds
[2026-09-17T06:55:39.272+0000] {processor.py:186} INFO - Started process (PID=838) to work on /opt/airflow/dags/dbt_retail_pipeline.py
[2026-09-17T06:55:39.273+0000] {processor.py:914} INFO - Processing file /opt/airflow/dags/dbt_retail_pipeline.py for tasks to queue
[2026-09-17T06:55:39.275+0000] {logging_mixin.py:190} INFO - [2026-09-17T06:55:39.275+0000] {dagbag.py:587} INFO - Filling up the DagBag from /opt/airflow/dags/dbt_retail_pipeline.py
[2026-09-17T06:55:39.293+0000] {processor.py:925} INFO - DAG(s) 'dbt_retail_pipeline' retrieved from /opt/airflow/dags/dbt_retail_pipeline.py
[2026-09-17T06:55:39.326+0000] {logging_mixin.py:190} INFO - [2026-09-17T06:55:39.325+0000] {dag.py:3211} INFO - Sync 1 DAGs
[2026-09-17T06:55:39.354+0000] {logging_mixin.py:190} INFO - [2026-09-17T06:55:39.353+0000] {dag.py:4138} INFO - Setting next_dagrun for dbt_retail_pipeline to 2026-09-17 02:00:00+00:00, run_after=2026-09-18 02:00:00+00:00
[2026-09-17T06:55:39.376+0000] {processor.py:208} INFO - Processing /opt/airflow/dags/dbt_retail_pipeline.py took 0.111 seconds
[2026-09-17T06:56:09.640+0000] {processor.py:186} INFO - Started process (PID=847) to work on /opt/airflow/dags/dbt_retail_pipeline.py
[2026-09-17T06:56:09.641+0000] {processor.py:914} INFO - Processing file /opt/airflow/dags/dbt_retail_pipeline.py for tasks to queue
[2026-09-17T06:56:09.645+0000] {logging_mixin.py:190} INFO - [2026-09-17T06:56:09.644+0000] {dagbag.py:587} INFO - Filling up the DagBag from /opt/airflow/dags/dbt_retail_pipeline.py
[2026-09-17T06:56:09.669+0000] {processor.py:925} INFO - DAG(s) 'dbt_retail_pipeline' retrieved from /opt/airflow/dags/dbt_retail_pipeline.py
[2026-09-17T06:56:09.714+0000] {logging_mixin.py:190} INFO - [2026-09-17T06:56:09.713+0000] {dag.py:3211} INFO - Sync 1 DAGs
[2026-09-17T06:56:09.760+0000] {logging_mixin.py:190} INFO - [2026-09-17T06:56:09.759+0000] {dag.py:4138} INFO - Setting next_dagrun for dbt_retail_pipeline to 2026-09-17 02:00:00+00:00, run_after=2026-09-18 02:00:00+00:00
[2026-09-17T06:56:09.810+0000] {processor.py:208} INFO - Processing /opt/airflow/dags/dbt_retail_pipeline.py took 0.180 seconds
[2026-09-17T06:56:40.005+0000] {processor.py:186} INFO - Started process (PID=856) to work on /opt/airflow/dags/dbt_retail_pipeline.py
[2026-09-17T06:56:40.006+0000] {processor.py:914} INFO - Processing file /opt/airflow/dags/dbt_retail_pipeline.py for tasks to queue
[2026-09-17T06:56:40.009+0000] {logging_mixin.py:190} INFO - [2026-09-17T06:56:40.008+0000] {dagbag.py:587} INFO - Filling up the DagBag from /opt/airflow/dags/dbt_retail_pipeline.py
[2026-09-17T06:56:40.027+0000] {processor.py:925} INFO - DAG(s) 'dbt_retail_pipeline' retrieved from /opt/airflow/dags/dbt_retail_pipeline.py
[2026-09-17T06:56:40.061+0000] {logging_mixin.py:190} INFO - [2026-09-17T06:56:40.060+0000] {dag.py:3211} INFO - Sync 1 DAGs
[2026-09-17T06:56:40.094+0000] {logging_mixin.py:190} INFO - [2026-09-17T06:56:40.094+0000] {dag.py:4138} INFO - Setting next_dagrun for dbt_retail_pipeline to 2026-09-17 02:00:00+00:00, run_after=2026-09-18 02:00:00+00:00
[2026-09-17T06:56:40.118+0000] {processor.py:208} INFO - Processing /opt/airflow/dags/dbt_retail_pipeline.py took 0.121 seconds
[2026-09-17T06:57:10.457+0000] {processor.py:186} INFO - Started process (PID=865) to work on /opt/airflow/dags/dbt_retail_pipeline.py
[2026-09-17T06:57:10.458+0000] {processor.py:914} INFO - Processing file /opt/airflow/dags/dbt_retail_pipeline.py for tasks to queue
[2026-09-17T06:57:10.461+0000] {logging_mixin.py:190} INFO - [2026-09-17T06:57:10.460+0000] {dagbag.py:587} INFO - Filling up the DagBag from /opt/airflow/dags/dbt_retail_pipeline.py
[2026-09-17T06:57:10.481+0000] {processor.py:925} INFO - DAG(s) 'dbt_retail_pipeline' retrieved from /opt/airflow/dags/dbt_retail_pipeline.py
[2026-09-17T06:57:10.518+0000] {logging_mixin.py:190} INFO - [2026-09-17T06:57:10.517+0000] {dag.py:3211} INFO - Sync 1 DAGs
[2026-09-17T06:57:10.552+0000] {logging_mixin.py:190} INFO - [2026-09-17T06:57:10.551+0000] {dag.py:4138} INFO - Setting next_dagrun for dbt_retail_pipeline to 2026-09-17 02:00:00+00:00, run_after=2026-09-18 02:00:00+00:00
[2026-09-17T06:57:10.579+0000] {processor.py:208} INFO - Processing /opt/airflow/dags/dbt_retail_pipeline.py took 0.152 seconds
[2026-09-17T06:57:40.710+0000] {processor.py:186} INFO - Started process (PID=874) to work on /opt/airflow/dags/dbt_retail_pipeline.py
[2026-09-17T06:57:40.711+0000] {processor.py:914} INFO - Processing file /opt/airflow/dags/dbt_retail_pipeline.py for tasks to queue
[2026-09-17T06:57:40.714+0000] {logging_mixin.py:190} INFO - [2026-09-17T06:57:40.713+0000] {dagbag.py:587} INFO - Filling up the DagBag from /opt/airflow/dags/dbt_retail_pipeline.py
[2026-09-17T06:57:40.734+0000] {processor.py:925} INFO - DAG(s) 'dbt_retail_pipeline' retrieved from /opt/airflow/dags/dbt_retail_pipeline.py
[2026-09-17T06:57:40.768+0000] {logging_mixin.py:190} INFO - [2026-09-17T06:57:40.767+0000] {dag.py:3211} INFO - Sync 1 DAGs
[2026-09-17T06:57:40.798+0000] {logging_mixin.py:190} INFO - [2026-09-17T06:57:40.797+0000] {dag.py:4138} INFO - Setting next_dagrun for dbt_retail_pipeline to 2026-09-17 02:00:00+00:00, run_after=2026-09-18 02:00:00+00:00
[2026-09-17T06:57:40.817+0000] {processor.py:208} INFO - Processing /opt/airflow/dags/dbt_retail_pipeline.py took 0.115 seconds
[2026-09-17T06:58:11.110+0000] {processor.py:186} INFO - Started process (PID=883) to work on /opt/airflow/dags/dbt_retail_pipeline.py
[2026-09-17T06:58:11.111+0000] {processor.py:914} INFO - Processing file /opt/airflow/dags/dbt_retail_pipeline.py for tasks to queue
[2026-09-17T06:58:11.113+0000] {logging_mixin.py:190} INFO - [2026-09-17T06:58:11.113+0000] {dagbag.py:587} INFO - Filling up the DagBag from /opt/airflow/dags/dbt_retail_pipeline.py
[2026-09-17T06:58:11.131+0000] {processor.py:925} INFO - DAG(s) 'dbt_retail_pipeline' retrieved from /opt/airflow/dags/dbt_retail_pipeline.py
[2026-09-17T06:58:11.168+0000] {logging_mixin.py:190} INFO - [2026-09-17T06:58:11.167+0000] {dag.py:3211} INFO - Sync 1 DAGs
[2026-09-17T06:58:11.198+0000] {logging_mixin.py:190} INFO - [2026-09-17T06:58:11.198+0000] {dag.py:4138} INFO - Setting next_dagrun for dbt_retail_pipeline to 2026-09-17 02:00:00+00:00, run_after=2026-09-18 02:00:00+00:00
[2026-09-17T06:58:11.222+0000] {processor.py:208} INFO - Processing /opt/airflow/dags/dbt_retail_pipeline.py took 0.120 seconds
[2026-09-17T06:58:41.475+0000] {processor.py:186} INFO - Started process (PID=892) to work on /opt/airflow/dags/dbt_retail_pipeline.py
[2026-09-17T06:58:41.476+0000] {processor.py:914} INFO - Processing file /opt/airflow/dags/dbt_retail_pipeline.py for tasks to queue
[2026-09-17T06:58:41.478+0000] {logging_mixin.py:190} INFO - [2026-09-17T06:58:41.477+0000] {dagbag.py:587} INFO - Filling up the DagBag from /opt/airflow/dags/dbt_retail_pipeline.py
[2026-09-17T06:58:41.493+0000] {processor.py:925} INFO - DAG(s) 'dbt_retail_pipeline' retrieved from /opt/airflow/dags/dbt_retail_pipeline.py
[2026-09-17T06:58:41.525+0000] {logging_mixin.py:190} INFO - [2026-09-17T06:58:41.524+0000] {dag.py:3211} INFO - Sync 1 DAGs
[2026-09-17T06:58:41.552+0000] {logging_mixin.py:190} INFO - [2026-09-17T06:58:41.551+0000] {dag.py:4138} INFO - Setting next_dagrun for dbt_retail_pipeline to 2026-09-17 02:00:00+00:00, run_after=2026-09-18 02:00:00+00:00
[2026-09-17T06:58:41.572+0000] {processor.py:208} INFO - Processing /opt/airflow/dags/dbt_retail_pipeline.py took 0.103 seconds
[2026-09-17T06:59:11.814+0000] {processor.py:186} INFO - Started process (PID=901) to work on /opt/airflow/dags/dbt_retail_pipeline.py
[2026-09-17T06:59:11.815+0000] {processor.py:914} INFO - Processing file /opt/airflow/dags/dbt_retail_pipeline.py for tasks to queue
[2026-09-17T06:59:11.817+0000] {logging_mixin.py:190} INFO - [2026-09-17T06:59:11.817+0000] {dagbag.py:587} INFO - Filling up the DagBag from /opt/airflow/dags/dbt_retail_pipeline.py
[2026-09-17T06:59:11.835+0000] {processor.py:925} INFO - DAG(s) 'dbt_retail_pipeline' retrieved from /opt/airflow/dags/dbt_retail_pipeline.py
[2026-09-17T06:59:11.864+0000] {logging_mixin.py:190} INFO - [2026-09-17T06:59:11.864+0000] {dag.py:3211} INFO - Sync 1 DAGs
[2026-09-17T06:59:11.889+0000] {logging_mixin.py:190} INFO - [2026-09-17T06:59:11.889+0000] {dag.py:4138} INFO - Setting next_dagrun for dbt_retail_pipeline to 2026-09-17 02:00:00+00:00, run_after=2026-09-18 02:00:00+00:00
[2026-09-17T06:59:11.906+0000] {processor.py:208} INFO - Processing /opt/airflow/dags/dbt_retail_pipeline.py took 0.098 seconds
[2026-09-17T06:59:42.245+0000] {processor.py:186} INFO - Started process (PID=910) to work on /opt/airflow/dags/dbt_retail_pipeline.py
[2026-09-17T06:59:42.246+0000] {processor.py:914} INFO - Processing file /opt/airflow/dags/dbt_retail_pipeline.py for tasks to queue
[2026-09-17T06:59:42.248+0000] {logging_mixin.py:190} INFO - [2026-09-17T06:59:42.248+0000] {dagbag.py:587} INFO - Filling up the DagBag from /opt/airflow/dags/dbt_retail_pipeline.py
[2026-09-17T06:59:42.265+0000] {processor.py:925} INFO - DAG(s) 'dbt_retail_pipeline' retrieved from /opt/airflow/dags/dbt_retail_pipeline.py
[2026-09-17T06:59:42.295+0000] {logging_mixin.py:190} INFO - [2026-09-17T06:59:42.294+0000] {dag.py:3211} INFO - Sync 1 DAGs
[2026-09-17T06:59:42.318+0000] {logging_mixin.py:190} INFO - [2026-09-17T06:59:42.318+0000] {dag.py:4138} INFO - Setting next_dagrun for dbt_retail_pipeline to 2026-09-17 02:00:00+00:00, run_after=2026-09-18 02:00:00+00:00
[2026-09-17T06:59:42.337+0000] {processor.py:208} INFO - Processing /opt/airflow/dags/dbt_retail_pipeline.py took 0.098 seconds
[2026-09-17T07:00:12.945+0000] {processor.py:186} INFO - Started process (PID=919) to work on /opt/airflow/dags/dbt_retail_pipeline.py
[2026-09-17T07:00:12.946+0000] {processor.py:914} INFO - Processing file /opt/airflow/dags/dbt_retail_pipeline.py for tasks to queue
[2026-09-17T07:00:12.949+0000] {logging_mixin.py:190} INFO - [2026-09-17T07:00:12.948+0000] {dagbag.py:587} INFO - Filling up the DagBag from /opt/airflow/dags/dbt_retail_pipeline.py
[2026-09-17T07:00:12.965+0000] {processor.py:925} INFO - DAG(s) 'dbt_retail_pipeline' retrieved from /opt/airflow/dags/dbt_retail_pipeline.py
[2026-09-17T07:00:12.998+0000] {logging_mixin.py:190} INFO - [2026-09-17T07:00:12.997+0000] {dag.py:3211} INFO - Sync 1 DAGs
[2026-09-17T07:00:13.026+0000] {logging_mixin.py:190} INFO - [2026-09-17T07:00:13.026+0000] {dag.py:4138} INFO - Setting next_dagrun for dbt_retail_pipeline to 2026-09-17 02:00:00+00:00, run_after=2026-09-18 02:00:00+00:00
[2026-09-17T07:00:13.046+0000] {processor.py:208} INFO - Processing /opt/airflow/dags/dbt_retail_pipeline.py took 0.108 seconds
[2026-09-17T07:00:43.404+0000] {processor.py:186} INFO - Started process (PID=928) to work on /opt/airflow/dags/dbt_retail_pipeline.py
[2026-09-17T07:00:43.407+0000] {processor.py:914} INFO - Processing file /opt/airflow/dags/dbt_retail_pipeline.py for tasks to queue
[2026-09-17T07:00:43.414+0000] {logging_mixin.py:190} INFO - [2026-09-17T07:00:43.413+0000] {dagbag.py:587} INFO - Filling up the DagBag from /opt/airflow/dags/dbt_retail_pipeline.py
[2026-09-17T07:00:43.438+0000] {processor.py:925} INFO - DAG(s) 'dbt_retail_pipeline' retrieved from /opt/airflow/dags/dbt_retail_pipeline.py
[2026-09-17T07:00:43.480+0000] {logging_mixin.py:190} INFO - [2026-09-17T07:00:43.480+0000] {dag.py:3211} INFO - Sync 1 DAGs
[2026-09-17T07:00:43.512+0000] {logging_mixin.py:190} INFO - [2026-09-17T07:00:43.512+0000] {dag.py:4138} INFO - Setting next_dagrun for dbt_retail_pipeline to 2026-09-17 02:00:00+00:00, run_after=2026-09-18 02:00:00+00:00
[2026-09-17T07:00:43.540+0000] {processor.py:208} INFO - Processing /opt/airflow/dags/dbt_retail_pipeline.py took 0.146 seconds
[2026-09-17T07:00:57.665+0000] {processor.py:186} INFO - Started process (PID=935) to work on /opt/airflow/dags/dbt_retail_pipeline.py
[2026-09-17T07:00:57.667+0000] {processor.py:914} INFO - Processing file /opt/airflow/dags/dbt_retail_pipeline.py for tasks to queue
[2026-09-17T07:00:57.671+0000] {logging_mixin.py:190} INFO - [2026-09-17T07:00:57.670+0000] {dagbag.py:587} INFO - Filling up the DagBag from /opt/airflow/dags/dbt_retail_pipeline.py
[2026-09-17T07:00:57.692+0000] {logging_mixin.py:190} INFO - [2026-09-17T07:00:57.677+0000] {dagbag.py:386} ERROR - Failed to import: /opt/airflow/dags/dbt_retail_pipeline.py
Traceback (most recent call last):
  File "/home/airflow/.local/lib/python3.12/site-packages/airflow/models/dagbag.py", line 382, in parse
    loader.exec_module(new_module)
  File "<frozen importlib._bootstrap_external>", line 995, in exec_module
  File "<frozen importlib._bootstrap>", line 488, in _call_with_frames_removed
  File "/opt/airflow/dags/dbt_retail_pipeline.py", line 22, in <module>
    load_seed = BashOperator(
                ^^^^^^^^^^^^^
  File "/home/airflow/.local/lib/python3.12/site-packages/airflow/models/baseoperator.py", line 490, in apply_defaults
    result = func(self, **kwargs, default_args=default_args)
             ^^^^^^^^^^^^^^^^^^^^^^^^^^^^^^^^^^^^^^^^^^^^^^^
  File "/home/airflow/.local/lib/python3.12/site-packages/airflow/operators/bash.py", line 158, in __init__
    super().__init__(**kwargs)
  File "/home/airflow/.local/lib/python3.12/site-packages/airflow/models/baseoperator.py", line 490, in apply_defaults
    result = func(self, **kwargs, default_args=default_args)
             ^^^^^^^^^^^^^^^^^^^^^^^^^^^^^^^^^^^^^^^^^^^^^^^
  File "/home/airflow/.local/lib/python3.12/site-packages/airflow/models/baseoperator.py", line 938, in __init__
    raise AirflowException(
airflow.exceptions.AirflowException: Invalid arguments were passed to BashOperator (task_id: dbt_seed). Invalid arguments were:
**kwargs: {'executable': '/bin/bash'}
[2026-09-17T07:00:57.694+0000] {processor.py:927} WARNING - No viable dags retrieved from /opt/airflow/dags/dbt_retail_pipeline.py
[2026-09-17T07:00:57.721+0000] {processor.py:208} INFO - Processing /opt/airflow/dags/dbt_retail_pipeline.py took 0.063 seconds
[2026-09-17T07:01:27.991+0000] {processor.py:186} INFO - Started process (PID=944) to work on /opt/airflow/dags/dbt_retail_pipeline.py
[2026-09-17T07:01:27.992+0000] {processor.py:914} INFO - Processing file /opt/airflow/dags/dbt_retail_pipeline.py for tasks to queue
[2026-09-17T07:01:27.996+0000] {logging_mixin.py:190} INFO - [2026-09-17T07:01:27.995+0000] {dagbag.py:587} INFO - Filling up the DagBag from /opt/airflow/dags/dbt_retail_pipeline.py
[2026-09-17T07:01:28.005+0000] {logging_mixin.py:190} INFO - [2026-09-17T07:01:28.003+0000] {dagbag.py:386} ERROR - Failed to import: /opt/airflow/dags/dbt_retail_pipeline.py
Traceback (most recent call last):
  File "/home/airflow/.local/lib/python3.12/site-packages/airflow/models/dagbag.py", line 382, in parse
    loader.exec_module(new_module)
  File "<frozen importlib._bootstrap_external>", line 995, in exec_module
  File "<frozen importlib._bootstrap>", line 488, in _call_with_frames_removed
  File "/opt/airflow/dags/dbt_retail_pipeline.py", line 22, in <module>
    load_seed = BashOperator(
                ^^^^^^^^^^^^^
  File "/home/airflow/.local/lib/python3.12/site-packages/airflow/models/baseoperator.py", line 490, in apply_defaults
    result = func(self, **kwargs, default_args=default_args)
             ^^^^^^^^^^^^^^^^^^^^^^^^^^^^^^^^^^^^^^^^^^^^^^^
  File "/home/airflow/.local/lib/python3.12/site-packages/airflow/operators/bash.py", line 158, in __init__
    super().__init__(**kwargs)
  File "/home/airflow/.local/lib/python3.12/site-packages/airflow/models/baseoperator.py", line 490, in apply_defaults
    result = func(self, **kwargs, default_args=default_args)
             ^^^^^^^^^^^^^^^^^^^^^^^^^^^^^^^^^^^^^^^^^^^^^^^
  File "/home/airflow/.local/lib/python3.12/site-packages/airflow/models/baseoperator.py", line 938, in __init__
    raise AirflowException(
airflow.exceptions.AirflowException: Invalid arguments were passed to BashOperator (task_id: dbt_seed). Invalid arguments were:
**kwargs: {'executable': '/bin/bash'}
[2026-09-17T07:01:28.006+0000] {processor.py:927} WARNING - No viable dags retrieved from /opt/airflow/dags/dbt_retail_pipeline.py
[2026-09-17T07:01:28.040+0000] {processor.py:208} INFO - Processing /opt/airflow/dags/dbt_retail_pipeline.py took 0.059 seconds
[2026-09-17T07:01:58.320+0000] {processor.py:186} INFO - Started process (PID=952) to work on /opt/airflow/dags/dbt_retail_pipeline.py
[2026-09-17T07:01:58.321+0000] {processor.py:914} INFO - Processing file /opt/airflow/dags/dbt_retail_pipeline.py for tasks to queue
[2026-09-17T07:01:58.324+0000] {logging_mixin.py:190} INFO - [2026-09-17T07:01:58.324+0000] {dagbag.py:587} INFO - Filling up the DagBag from /opt/airflow/dags/dbt_retail_pipeline.py
[2026-09-17T07:01:58.331+0000] {logging_mixin.py:190} INFO - [2026-09-17T07:01:58.329+0000] {dagbag.py:386} ERROR - Failed to import: /opt/airflow/dags/dbt_retail_pipeline.py
Traceback (most recent call last):
  File "/home/airflow/.local/lib/python3.12/site-packages/airflow/models/dagbag.py", line 382, in parse
    loader.exec_module(new_module)
  File "<frozen importlib._bootstrap_external>", line 995, in exec_module
  File "<frozen importlib._bootstrap>", line 488, in _call_with_frames_removed
  File "/opt/airflow/dags/dbt_retail_pipeline.py", line 22, in <module>
    load_seed = BashOperator(
                ^^^^^^^^^^^^^
  File "/home/airflow/.local/lib/python3.12/site-packages/airflow/models/baseoperator.py", line 490, in apply_defaults
    result = func(self, **kwargs, default_args=default_args)
             ^^^^^^^^^^^^^^^^^^^^^^^^^^^^^^^^^^^^^^^^^^^^^^^
  File "/home/airflow/.local/lib/python3.12/site-packages/airflow/operators/bash.py", line 158, in __init__
    super().__init__(**kwargs)
  File "/home/airflow/.local/lib/python3.12/site-packages/airflow/models/baseoperator.py", line 490, in apply_defaults
    result = func(self, **kwargs, default_args=default_args)
             ^^^^^^^^^^^^^^^^^^^^^^^^^^^^^^^^^^^^^^^^^^^^^^^
  File "/home/airflow/.local/lib/python3.12/site-packages/airflow/models/baseoperator.py", line 938, in __init__
    raise AirflowException(
airflow.exceptions.AirflowException: Invalid arguments were passed to BashOperator (task_id: dbt_seed). Invalid arguments were:
**kwargs: {'executable': '/bin/bash'}
[2026-09-17T07:01:58.331+0000] {processor.py:927} WARNING - No viable dags retrieved from /opt/airflow/dags/dbt_retail_pipeline.py
[2026-09-17T07:01:58.356+0000] {processor.py:208} INFO - Processing /opt/airflow/dags/dbt_retail_pipeline.py took 0.042 seconds
[2026-09-17T07:02:22.705+0000] {processor.py:186} INFO - Started process (PID=961) to work on /opt/airflow/dags/dbt_retail_pipeline.py
[2026-09-17T07:02:22.707+0000] {processor.py:914} INFO - Processing file /opt/airflow/dags/dbt_retail_pipeline.py for tasks to queue
[2026-09-17T07:02:22.708+0000] {logging_mixin.py:190} INFO - [2026-09-17T07:02:22.708+0000] {dagbag.py:587} INFO - Filling up the DagBag from /opt/airflow/dags/dbt_retail_pipeline.py
[2026-09-17T07:02:22.725+0000] {processor.py:925} INFO - DAG(s) 'dbt_retail_pipeline' retrieved from /opt/airflow/dags/dbt_retail_pipeline.py
[2026-09-17T07:02:22.877+0000] {logging_mixin.py:190} INFO - [2026-09-17T07:02:22.877+0000] {dag.py:3211} INFO - Sync 1 DAGs
[2026-09-17T07:02:22.900+0000] {logging_mixin.py:190} INFO - [2026-09-17T07:02:22.900+0000] {dag.py:4138} INFO - Setting next_dagrun for dbt_retail_pipeline to 2026-09-17 02:00:00+00:00, run_after=2026-09-18 02:00:00+00:00
[2026-09-17T07:02:22.923+0000] {processor.py:208} INFO - Processing /opt/airflow/dags/dbt_retail_pipeline.py took 0.224 seconds
[2026-09-17T07:02:52.976+0000] {processor.py:186} INFO - Started process (PID=969) to work on /opt/airflow/dags/dbt_retail_pipeline.py
[2026-09-17T07:02:52.977+0000] {processor.py:914} INFO - Processing file /opt/airflow/dags/dbt_retail_pipeline.py for tasks to queue
[2026-09-17T07:02:52.978+0000] {logging_mixin.py:190} INFO - [2026-09-17T07:02:52.977+0000] {dagbag.py:587} INFO - Filling up the DagBag from /opt/airflow/dags/dbt_retail_pipeline.py
[2026-09-17T07:02:52.999+0000] {processor.py:925} INFO - DAG(s) 'dbt_retail_pipeline' retrieved from /opt/airflow/dags/dbt_retail_pipeline.py
[2026-09-17T07:02:53.039+0000] {logging_mixin.py:190} INFO - [2026-09-17T07:02:53.039+0000] {dag.py:3211} INFO - Sync 1 DAGs
[2026-09-17T07:02:53.091+0000] {logging_mixin.py:190} INFO - [2026-09-17T07:02:53.090+0000] {dag.py:4138} INFO - Setting next_dagrun for dbt_retail_pipeline to 2026-09-17 02:00:00+00:00, run_after=2026-09-18 02:00:00+00:00
[2026-09-17T07:02:53.123+0000] {processor.py:208} INFO - Processing /opt/airflow/dags/dbt_retail_pipeline.py took 0.154 seconds
[2026-09-17T07:03:23.469+0000] {processor.py:186} INFO - Started process (PID=978) to work on /opt/airflow/dags/dbt_retail_pipeline.py
[2026-09-17T07:03:23.471+0000] {processor.py:914} INFO - Processing file /opt/airflow/dags/dbt_retail_pipeline.py for tasks to queue
[2026-09-17T07:03:23.472+0000] {logging_mixin.py:190} INFO - [2026-09-17T07:03:23.472+0000] {dagbag.py:587} INFO - Filling up the DagBag from /opt/airflow/dags/dbt_retail_pipeline.py
[2026-09-17T07:03:23.501+0000] {processor.py:925} INFO - DAG(s) 'dbt_retail_pipeline' retrieved from /opt/airflow/dags/dbt_retail_pipeline.py
[2026-09-17T07:03:23.546+0000] {logging_mixin.py:190} INFO - [2026-09-17T07:03:23.545+0000] {dag.py:3211} INFO - Sync 1 DAGs
[2026-09-17T07:03:23.582+0000] {logging_mixin.py:190} INFO - [2026-09-17T07:03:23.582+0000] {dag.py:4138} INFO - Setting next_dagrun for dbt_retail_pipeline to 2026-09-17 02:00:00+00:00, run_after=2026-09-18 02:00:00+00:00
[2026-09-17T07:03:23.610+0000] {processor.py:208} INFO - Processing /opt/airflow/dags/dbt_retail_pipeline.py took 0.150 seconds
[2026-09-17T07:03:53.731+0000] {processor.py:186} INFO - Started process (PID=987) to work on /opt/airflow/dags/dbt_retail_pipeline.py
[2026-09-17T07:03:53.732+0000] {processor.py:914} INFO - Processing file /opt/airflow/dags/dbt_retail_pipeline.py for tasks to queue
[2026-09-17T07:03:53.732+0000] {logging_mixin.py:190} INFO - [2026-09-17T07:03:53.732+0000] {dagbag.py:587} INFO - Filling up the DagBag from /opt/airflow/dags/dbt_retail_pipeline.py
[2026-09-17T07:03:53.750+0000] {processor.py:925} INFO - DAG(s) 'dbt_retail_pipeline' retrieved from /opt/airflow/dags/dbt_retail_pipeline.py
[2026-09-17T07:03:53.783+0000] {logging_mixin.py:190} INFO - [2026-09-17T07:03:53.782+0000] {dag.py:3211} INFO - Sync 1 DAGs
[2026-09-17T07:03:53.811+0000] {logging_mixin.py:190} INFO - [2026-09-17T07:03:53.810+0000] {dag.py:4138} INFO - Setting next_dagrun for dbt_retail_pipeline to 2026-09-17 02:00:00+00:00, run_after=2026-09-18 02:00:00+00:00
[2026-09-17T07:03:53.837+0000] {processor.py:208} INFO - Processing /opt/airflow/dags/dbt_retail_pipeline.py took 0.113 seconds
[2026-09-17T07:04:24.238+0000] {processor.py:186} INFO - Started process (PID=996) to work on /opt/airflow/dags/dbt_retail_pipeline.py
[2026-09-17T07:04:24.239+0000] {processor.py:914} INFO - Processing file /opt/airflow/dags/dbt_retail_pipeline.py for tasks to queue
[2026-09-17T07:04:24.242+0000] {logging_mixin.py:190} INFO - [2026-09-17T07:04:24.241+0000] {dagbag.py:587} INFO - Filling up the DagBag from /opt/airflow/dags/dbt_retail_pipeline.py
[2026-09-17T07:04:24.265+0000] {processor.py:925} INFO - DAG(s) 'dbt_retail_pipeline' retrieved from /opt/airflow/dags/dbt_retail_pipeline.py
[2026-09-17T07:04:24.304+0000] {logging_mixin.py:190} INFO - [2026-09-17T07:04:24.304+0000] {dag.py:3211} INFO - Sync 1 DAGs
[2026-09-17T07:04:24.338+0000] {logging_mixin.py:190} INFO - [2026-09-17T07:04:24.337+0000] {dag.py:4138} INFO - Setting next_dagrun for dbt_retail_pipeline to 2026-09-17 02:00:00+00:00, run_after=2026-09-18 02:00:00+00:00
[2026-09-17T07:04:24.361+0000] {processor.py:208} INFO - Processing /opt/airflow/dags/dbt_retail_pipeline.py took 0.131 seconds
[2026-09-17T07:04:54.494+0000] {processor.py:186} INFO - Started process (PID=1005) to work on /opt/airflow/dags/dbt_retail_pipeline.py
[2026-09-17T07:04:54.495+0000] {processor.py:914} INFO - Processing file /opt/airflow/dags/dbt_retail_pipeline.py for tasks to queue
[2026-09-17T07:04:54.497+0000] {logging_mixin.py:190} INFO - [2026-09-17T07:04:54.497+0000] {dagbag.py:587} INFO - Filling up the DagBag from /opt/airflow/dags/dbt_retail_pipeline.py
[2026-09-17T07:04:54.529+0000] {processor.py:925} INFO - DAG(s) 'dbt_retail_pipeline' retrieved from /opt/airflow/dags/dbt_retail_pipeline.py
[2026-09-17T07:04:54.583+0000] {logging_mixin.py:190} INFO - [2026-09-17T07:04:54.582+0000] {dag.py:3211} INFO - Sync 1 DAGs
[2026-09-17T07:04:54.620+0000] {logging_mixin.py:190} INFO - [2026-09-17T07:04:54.620+0000] {dag.py:4138} INFO - Setting next_dagrun for dbt_retail_pipeline to 2026-09-17 02:00:00+00:00, run_after=2026-09-18 02:00:00+00:00
[2026-09-17T07:04:54.653+0000] {processor.py:208} INFO - Processing /opt/airflow/dags/dbt_retail_pipeline.py took 0.169 seconds
[2026-09-17T07:05:24.928+0000] {processor.py:186} INFO - Started process (PID=1014) to work on /opt/airflow/dags/dbt_retail_pipeline.py
[2026-09-17T07:05:24.929+0000] {processor.py:914} INFO - Processing file /opt/airflow/dags/dbt_retail_pipeline.py for tasks to queue
[2026-09-17T07:05:24.930+0000] {logging_mixin.py:190} INFO - [2026-09-17T07:05:24.930+0000] {dagbag.py:587} INFO - Filling up the DagBag from /opt/airflow/dags/dbt_retail_pipeline.py
[2026-09-17T07:05:24.949+0000] {processor.py:925} INFO - DAG(s) 'dbt_retail_pipeline' retrieved from /opt/airflow/dags/dbt_retail_pipeline.py
[2026-09-17T07:05:24.987+0000] {logging_mixin.py:190} INFO - [2026-09-17T07:05:24.987+0000] {dag.py:3211} INFO - Sync 1 DAGs
[2026-09-17T07:05:25.018+0000] {logging_mixin.py:190} INFO - [2026-09-17T07:05:25.017+0000] {dag.py:4138} INFO - Setting next_dagrun for dbt_retail_pipeline to 2026-09-17 02:00:00+00:00, run_after=2026-09-18 02:00:00+00:00
[2026-09-17T07:05:25.039+0000] {processor.py:208} INFO - Processing /opt/airflow/dags/dbt_retail_pipeline.py took 0.119 seconds
[2026-09-17T07:05:55.209+0000] {processor.py:186} INFO - Started process (PID=1023) to work on /opt/airflow/dags/dbt_retail_pipeline.py
[2026-09-17T07:05:55.210+0000] {processor.py:914} INFO - Processing file /opt/airflow/dags/dbt_retail_pipeline.py for tasks to queue
[2026-09-17T07:05:55.211+0000] {logging_mixin.py:190} INFO - [2026-09-17T07:05:55.211+0000] {dagbag.py:587} INFO - Filling up the DagBag from /opt/airflow/dags/dbt_retail_pipeline.py
[2026-09-17T07:05:55.229+0000] {processor.py:925} INFO - DAG(s) 'dbt_retail_pipeline' retrieved from /opt/airflow/dags/dbt_retail_pipeline.py
[2026-09-17T07:05:55.263+0000] {logging_mixin.py:190} INFO - [2026-09-17T07:05:55.263+0000] {dag.py:3211} INFO - Sync 1 DAGs
[2026-09-17T07:05:55.289+0000] {logging_mixin.py:190} INFO - [2026-09-17T07:05:55.288+0000] {dag.py:4138} INFO - Setting next_dagrun for dbt_retail_pipeline to 2026-09-17 02:00:00+00:00, run_after=2026-09-18 02:00:00+00:00
[2026-09-17T07:05:55.309+0000] {processor.py:208} INFO - Processing /opt/airflow/dags/dbt_retail_pipeline.py took 0.106 seconds
[2026-09-17T07:06:25.591+0000] {processor.py:186} INFO - Started process (PID=1032) to work on /opt/airflow/dags/dbt_retail_pipeline.py
[2026-09-17T07:06:25.591+0000] {processor.py:914} INFO - Processing file /opt/airflow/dags/dbt_retail_pipeline.py for tasks to queue
[2026-09-17T07:06:25.592+0000] {logging_mixin.py:190} INFO - [2026-09-17T07:06:25.592+0000] {dagbag.py:587} INFO - Filling up the DagBag from /opt/airflow/dags/dbt_retail_pipeline.py
[2026-09-17T07:06:25.612+0000] {processor.py:925} INFO - DAG(s) 'dbt_retail_pipeline' retrieved from /opt/airflow/dags/dbt_retail_pipeline.py
[2026-09-17T07:06:25.645+0000] {logging_mixin.py:190} INFO - [2026-09-17T07:06:25.644+0000] {dag.py:3211} INFO - Sync 1 DAGs
[2026-09-17T07:06:25.673+0000] {logging_mixin.py:190} INFO - [2026-09-17T07:06:25.673+0000] {dag.py:4138} INFO - Setting next_dagrun for dbt_retail_pipeline to 2026-09-17 02:00:00+00:00, run_after=2026-09-18 02:00:00+00:00
[2026-09-17T07:06:25.694+0000] {processor.py:208} INFO - Processing /opt/airflow/dags/dbt_retail_pipeline.py took 0.110 seconds
[2026-09-17T07:06:55.955+0000] {processor.py:186} INFO - Started process (PID=1041) to work on /opt/airflow/dags/dbt_retail_pipeline.py
[2026-09-17T07:06:55.956+0000] {processor.py:914} INFO - Processing file /opt/airflow/dags/dbt_retail_pipeline.py for tasks to queue
[2026-09-17T07:06:55.957+0000] {logging_mixin.py:190} INFO - [2026-09-17T07:06:55.957+0000] {dagbag.py:587} INFO - Filling up the DagBag from /opt/airflow/dags/dbt_retail_pipeline.py
[2026-09-17T07:06:55.975+0000] {processor.py:925} INFO - DAG(s) 'dbt_retail_pipeline' retrieved from /opt/airflow/dags/dbt_retail_pipeline.py
[2026-09-17T07:06:56.012+0000] {logging_mixin.py:190} INFO - [2026-09-17T07:06:56.012+0000] {dag.py:3211} INFO - Sync 1 DAGs
[2026-09-17T07:06:56.046+0000] {logging_mixin.py:190} INFO - [2026-09-17T07:06:56.045+0000] {dag.py:4138} INFO - Setting next_dagrun for dbt_retail_pipeline to 2026-09-17 02:00:00+00:00, run_after=2026-09-18 02:00:00+00:00
[2026-09-17T07:06:56.073+0000] {processor.py:208} INFO - Processing /opt/airflow/dags/dbt_retail_pipeline.py took 0.124 seconds
[2026-09-17T07:07:26.320+0000] {processor.py:186} INFO - Started process (PID=1050) to work on /opt/airflow/dags/dbt_retail_pipeline.py
[2026-09-17T07:07:26.320+0000] {processor.py:914} INFO - Processing file /opt/airflow/dags/dbt_retail_pipeline.py for tasks to queue
[2026-09-17T07:07:26.322+0000] {logging_mixin.py:190} INFO - [2026-09-17T07:07:26.321+0000] {dagbag.py:587} INFO - Filling up the DagBag from /opt/airflow/dags/dbt_retail_pipeline.py
[2026-09-17T07:07:26.340+0000] {processor.py:925} INFO - DAG(s) 'dbt_retail_pipeline' retrieved from /opt/airflow/dags/dbt_retail_pipeline.py
[2026-09-17T07:07:26.386+0000] {logging_mixin.py:190} INFO - [2026-09-17T07:07:26.385+0000] {dag.py:3211} INFO - Sync 1 DAGs
[2026-09-17T07:07:26.416+0000] {logging_mixin.py:190} INFO - [2026-09-17T07:07:26.416+0000] {dag.py:4138} INFO - Setting next_dagrun for dbt_retail_pipeline to 2026-09-17 02:00:00+00:00, run_after=2026-09-18 02:00:00+00:00
[2026-09-17T07:07:26.439+0000] {processor.py:208} INFO - Processing /opt/airflow/dags/dbt_retail_pipeline.py took 0.126 seconds
[2026-09-17T07:07:56.693+0000] {processor.py:186} INFO - Started process (PID=1059) to work on /opt/airflow/dags/dbt_retail_pipeline.py
[2026-09-17T07:07:56.694+0000] {processor.py:914} INFO - Processing file /opt/airflow/dags/dbt_retail_pipeline.py for tasks to queue
[2026-09-17T07:07:56.695+0000] {logging_mixin.py:190} INFO - [2026-09-17T07:07:56.695+0000] {dagbag.py:587} INFO - Filling up the DagBag from /opt/airflow/dags/dbt_retail_pipeline.py
[2026-09-17T07:07:56.718+0000] {processor.py:925} INFO - DAG(s) 'dbt_retail_pipeline' retrieved from /opt/airflow/dags/dbt_retail_pipeline.py
[2026-09-17T07:07:56.755+0000] {logging_mixin.py:190} INFO - [2026-09-17T07:07:56.755+0000] {dag.py:3211} INFO - Sync 1 DAGs
[2026-09-17T07:07:56.788+0000] {logging_mixin.py:190} INFO - [2026-09-17T07:07:56.788+0000] {dag.py:4138} INFO - Setting next_dagrun for dbt_retail_pipeline to 2026-09-17 02:00:00+00:00, run_after=2026-09-18 02:00:00+00:00
[2026-09-17T07:07:56.812+0000] {processor.py:208} INFO - Processing /opt/airflow/dags/dbt_retail_pipeline.py took 0.127 seconds
[2026-09-17T07:08:27.164+0000] {processor.py:186} INFO - Started process (PID=1068) to work on /opt/airflow/dags/dbt_retail_pipeline.py
[2026-09-17T07:08:27.165+0000] {processor.py:914} INFO - Processing file /opt/airflow/dags/dbt_retail_pipeline.py for tasks to queue
[2026-09-17T07:08:27.167+0000] {logging_mixin.py:190} INFO - [2026-09-17T07:08:27.166+0000] {dagbag.py:587} INFO - Filling up the DagBag from /opt/airflow/dags/dbt_retail_pipeline.py
[2026-09-17T07:08:27.186+0000] {processor.py:925} INFO - DAG(s) 'dbt_retail_pipeline' retrieved from /opt/airflow/dags/dbt_retail_pipeline.py
[2026-09-17T07:08:27.220+0000] {logging_mixin.py:190} INFO - [2026-09-17T07:08:27.219+0000] {dag.py:3211} INFO - Sync 1 DAGs
[2026-09-17T07:08:27.249+0000] {logging_mixin.py:190} INFO - [2026-09-17T07:08:27.248+0000] {dag.py:4138} INFO - Setting next_dagrun for dbt_retail_pipeline to 2026-09-17 02:00:00+00:00, run_after=2026-09-18 02:00:00+00:00
[2026-09-17T07:08:27.273+0000] {processor.py:208} INFO - Processing /opt/airflow/dags/dbt_retail_pipeline.py took 0.115 seconds
[2026-09-17T07:08:57.508+0000] {processor.py:186} INFO - Started process (PID=1077) to work on /opt/airflow/dags/dbt_retail_pipeline.py
[2026-09-17T07:08:57.509+0000] {processor.py:914} INFO - Processing file /opt/airflow/dags/dbt_retail_pipeline.py for tasks to queue
[2026-09-17T07:08:57.510+0000] {logging_mixin.py:190} INFO - [2026-09-17T07:08:57.510+0000] {dagbag.py:587} INFO - Filling up the DagBag from /opt/airflow/dags/dbt_retail_pipeline.py
[2026-09-17T07:08:57.527+0000] {processor.py:925} INFO - DAG(s) 'dbt_retail_pipeline' retrieved from /opt/airflow/dags/dbt_retail_pipeline.py
[2026-09-17T07:08:57.559+0000] {logging_mixin.py:190} INFO - [2026-09-17T07:08:57.559+0000] {dag.py:3211} INFO - Sync 1 DAGs
[2026-09-17T07:08:57.584+0000] {logging_mixin.py:190} INFO - [2026-09-17T07:08:57.584+0000] {dag.py:4138} INFO - Setting next_dagrun for dbt_retail_pipeline to 2026-09-17 02:00:00+00:00, run_after=2026-09-18 02:00:00+00:00
[2026-09-17T07:08:57.605+0000] {processor.py:208} INFO - Processing /opt/airflow/dags/dbt_retail_pipeline.py took 0.103 seconds
[2026-09-17T07:09:27.852+0000] {processor.py:186} INFO - Started process (PID=1086) to work on /opt/airflow/dags/dbt_retail_pipeline.py
[2026-09-17T07:09:27.853+0000] {processor.py:914} INFO - Processing file /opt/airflow/dags/dbt_retail_pipeline.py for tasks to queue
[2026-09-17T07:09:27.854+0000] {logging_mixin.py:190} INFO - [2026-09-17T07:09:27.854+0000] {dagbag.py:587} INFO - Filling up the DagBag from /opt/airflow/dags/dbt_retail_pipeline.py
[2026-09-17T07:09:27.872+0000] {processor.py:925} INFO - DAG(s) 'dbt_retail_pipeline' retrieved from /opt/airflow/dags/dbt_retail_pipeline.py
[2026-09-17T07:09:27.905+0000] {logging_mixin.py:190} INFO - [2026-09-17T07:09:27.905+0000] {dag.py:3211} INFO - Sync 1 DAGs
[2026-09-17T07:09:27.948+0000] {logging_mixin.py:190} INFO - [2026-09-17T07:09:27.947+0000] {dag.py:4138} INFO - Setting next_dagrun for dbt_retail_pipeline to 2026-09-17 02:00:00+00:00, run_after=2026-09-18 02:00:00+00:00
[2026-09-17T07:09:28.009+0000] {processor.py:208} INFO - Processing /opt/airflow/dags/dbt_retail_pipeline.py took 0.163 seconds
[2026-09-17T07:09:58.285+0000] {processor.py:186} INFO - Started process (PID=1095) to work on /opt/airflow/dags/dbt_retail_pipeline.py
[2026-09-17T07:09:58.286+0000] {processor.py:914} INFO - Processing file /opt/airflow/dags/dbt_retail_pipeline.py for tasks to queue
[2026-09-17T07:09:58.288+0000] {logging_mixin.py:190} INFO - [2026-09-17T07:09:58.287+0000] {dagbag.py:587} INFO - Filling up the DagBag from /opt/airflow/dags/dbt_retail_pipeline.py
[2026-09-17T07:09:58.311+0000] {processor.py:925} INFO - DAG(s) 'dbt_retail_pipeline' retrieved from /opt/airflow/dags/dbt_retail_pipeline.py
[2026-09-17T07:09:58.347+0000] {logging_mixin.py:190} INFO - [2026-09-17T07:09:58.347+0000] {dag.py:3211} INFO - Sync 1 DAGs
[2026-09-17T07:09:58.377+0000] {logging_mixin.py:190} INFO - [2026-09-17T07:09:58.377+0000] {dag.py:4138} INFO - Setting next_dagrun for dbt_retail_pipeline to 2026-09-17 02:00:00+00:00, run_after=2026-09-18 02:00:00+00:00
[2026-09-17T07:09:58.400+0000] {processor.py:208} INFO - Processing /opt/airflow/dags/dbt_retail_pipeline.py took 0.123 seconds
[2026-09-17T07:10:28.651+0000] {processor.py:186} INFO - Started process (PID=1105) to work on /opt/airflow/dags/dbt_retail_pipeline.py
[2026-09-17T07:10:28.652+0000] {processor.py:914} INFO - Processing file /opt/airflow/dags/dbt_retail_pipeline.py for tasks to queue
[2026-09-17T07:10:28.654+0000] {logging_mixin.py:190} INFO - [2026-09-17T07:10:28.654+0000] {dagbag.py:587} INFO - Filling up the DagBag from /opt/airflow/dags/dbt_retail_pipeline.py
[2026-09-17T07:10:28.676+0000] {processor.py:925} INFO - DAG(s) 'dbt_retail_pipeline' retrieved from /opt/airflow/dags/dbt_retail_pipeline.py
[2026-09-17T07:10:28.706+0000] {logging_mixin.py:190} INFO - [2026-09-17T07:10:28.705+0000] {dag.py:3211} INFO - Sync 1 DAGs
[2026-09-17T07:10:28.733+0000] {logging_mixin.py:190} INFO - [2026-09-17T07:10:28.733+0000] {dag.py:4138} INFO - Setting next_dagrun for dbt_retail_pipeline to 2026-09-17 02:00:00+00:00, run_after=2026-09-18 02:00:00+00:00
[2026-09-17T07:10:28.751+0000] {processor.py:208} INFO - Processing /opt/airflow/dags/dbt_retail_pipeline.py took 0.107 seconds
[2026-09-17T07:10:59.049+0000] {processor.py:186} INFO - Started process (PID=1114) to work on /opt/airflow/dags/dbt_retail_pipeline.py
[2026-09-17T07:10:59.050+0000] {processor.py:914} INFO - Processing file /opt/airflow/dags/dbt_retail_pipeline.py for tasks to queue
[2026-09-17T07:10:59.051+0000] {logging_mixin.py:190} INFO - [2026-09-17T07:10:59.051+0000] {dagbag.py:587} INFO - Filling up the DagBag from /opt/airflow/dags/dbt_retail_pipeline.py
[2026-09-17T07:10:59.067+0000] {processor.py:925} INFO - DAG(s) 'dbt_retail_pipeline' retrieved from /opt/airflow/dags/dbt_retail_pipeline.py
[2026-09-17T07:10:59.098+0000] {logging_mixin.py:190} INFO - [2026-09-17T07:10:59.097+0000] {dag.py:3211} INFO - Sync 1 DAGs
[2026-09-17T07:10:59.122+0000] {logging_mixin.py:190} INFO - [2026-09-17T07:10:59.122+0000] {dag.py:4138} INFO - Setting next_dagrun for dbt_retail_pipeline to 2026-09-17 02:00:00+00:00, run_after=2026-09-18 02:00:00+00:00
[2026-09-17T07:10:59.142+0000] {processor.py:208} INFO - Processing /opt/airflow/dags/dbt_retail_pipeline.py took 0.099 seconds
[2026-09-17T07:11:29.372+0000] {processor.py:186} INFO - Started process (PID=1123) to work on /opt/airflow/dags/dbt_retail_pipeline.py
[2026-09-17T07:11:29.373+0000] {processor.py:914} INFO - Processing file /opt/airflow/dags/dbt_retail_pipeline.py for tasks to queue
[2026-09-17T07:11:29.374+0000] {logging_mixin.py:190} INFO - [2026-09-17T07:11:29.374+0000] {dagbag.py:587} INFO - Filling up the DagBag from /opt/airflow/dags/dbt_retail_pipeline.py
[2026-09-17T07:11:29.390+0000] {processor.py:925} INFO - DAG(s) 'dbt_retail_pipeline' retrieved from /opt/airflow/dags/dbt_retail_pipeline.py
[2026-09-17T07:11:29.419+0000] {logging_mixin.py:190} INFO - [2026-09-17T07:11:29.419+0000] {dag.py:3211} INFO - Sync 1 DAGs
[2026-09-17T07:11:29.444+0000] {logging_mixin.py:190} INFO - [2026-09-17T07:11:29.444+0000] {dag.py:4138} INFO - Setting next_dagrun for dbt_retail_pipeline to 2026-09-17 02:00:00+00:00, run_after=2026-09-18 02:00:00+00:00
[2026-09-17T07:11:29.462+0000] {processor.py:208} INFO - Processing /opt/airflow/dags/dbt_retail_pipeline.py took 0.096 seconds
[2026-09-17T07:11:59.731+0000] {processor.py:186} INFO - Started process (PID=1132) to work on /opt/airflow/dags/dbt_retail_pipeline.py
[2026-09-17T07:11:59.731+0000] {processor.py:914} INFO - Processing file /opt/airflow/dags/dbt_retail_pipeline.py for tasks to queue
[2026-09-17T07:11:59.732+0000] {logging_mixin.py:190} INFO - [2026-09-17T07:11:59.732+0000] {dagbag.py:587} INFO - Filling up the DagBag from /opt/airflow/dags/dbt_retail_pipeline.py
[2026-09-17T07:11:59.750+0000] {processor.py:925} INFO - DAG(s) 'dbt_retail_pipeline' retrieved from /opt/airflow/dags/dbt_retail_pipeline.py
[2026-09-17T07:11:59.778+0000] {logging_mixin.py:190} INFO - [2026-09-17T07:11:59.778+0000] {dag.py:3211} INFO - Sync 1 DAGs
[2026-09-17T07:11:59.801+0000] {logging_mixin.py:190} INFO - [2026-09-17T07:11:59.801+0000] {dag.py:4138} INFO - Setting next_dagrun for dbt_retail_pipeline to 2026-09-17 02:00:00+00:00, run_after=2026-09-18 02:00:00+00:00
[2026-09-17T07:11:59.821+0000] {processor.py:208} INFO - Processing /opt/airflow/dags/dbt_retail_pipeline.py took 0.098 seconds
[2026-09-17T07:12:30.084+0000] {processor.py:186} INFO - Started process (PID=1141) to work on /opt/airflow/dags/dbt_retail_pipeline.py
[2026-09-17T07:12:30.085+0000] {processor.py:914} INFO - Processing file /opt/airflow/dags/dbt_retail_pipeline.py for tasks to queue
[2026-09-17T07:12:30.086+0000] {logging_mixin.py:190} INFO - [2026-09-17T07:12:30.086+0000] {dagbag.py:587} INFO - Filling up the DagBag from /opt/airflow/dags/dbt_retail_pipeline.py
[2026-09-17T07:12:30.102+0000] {processor.py:925} INFO - DAG(s) 'dbt_retail_pipeline' retrieved from /opt/airflow/dags/dbt_retail_pipeline.py
[2026-09-17T07:12:30.138+0000] {logging_mixin.py:190} INFO - [2026-09-17T07:12:30.137+0000] {dag.py:3211} INFO - Sync 1 DAGs
[2026-09-17T07:12:30.166+0000] {logging_mixin.py:190} INFO - [2026-09-17T07:12:30.165+0000] {dag.py:4138} INFO - Setting next_dagrun for dbt_retail_pipeline to 2026-09-17 02:00:00+00:00, run_after=2026-09-18 02:00:00+00:00
[2026-09-17T07:12:30.183+0000] {processor.py:208} INFO - Processing /opt/airflow/dags/dbt_retail_pipeline.py took 0.105 seconds
[2026-09-17T07:13:00.422+0000] {processor.py:186} INFO - Started process (PID=1150) to work on /opt/airflow/dags/dbt_retail_pipeline.py
[2026-09-17T07:13:00.424+0000] {processor.py:914} INFO - Processing file /opt/airflow/dags/dbt_retail_pipeline.py for tasks to queue
[2026-09-17T07:13:00.425+0000] {logging_mixin.py:190} INFO - [2026-09-17T07:13:00.425+0000] {dagbag.py:587} INFO - Filling up the DagBag from /opt/airflow/dags/dbt_retail_pipeline.py
[2026-09-17T07:13:00.442+0000] {processor.py:925} INFO - DAG(s) 'dbt_retail_pipeline' retrieved from /opt/airflow/dags/dbt_retail_pipeline.py
[2026-09-17T07:13:00.475+0000] {logging_mixin.py:190} INFO - [2026-09-17T07:13:00.474+0000] {dag.py:3211} INFO - Sync 1 DAGs
[2026-09-17T07:13:00.504+0000] {logging_mixin.py:190} INFO - [2026-09-17T07:13:00.504+0000] {dag.py:4138} INFO - Setting next_dagrun for dbt_retail_pipeline to 2026-09-17 02:00:00+00:00, run_after=2026-09-18 02:00:00+00:00
[2026-09-17T07:13:00.527+0000] {processor.py:208} INFO - Processing /opt/airflow/dags/dbt_retail_pipeline.py took 0.111 seconds
[2026-09-17T07:13:30.844+0000] {processor.py:186} INFO - Started process (PID=1159) to work on /opt/airflow/dags/dbt_retail_pipeline.py
[2026-09-17T07:13:30.845+0000] {processor.py:914} INFO - Processing file /opt/airflow/dags/dbt_retail_pipeline.py for tasks to queue
[2026-09-17T07:13:30.847+0000] {logging_mixin.py:190} INFO - [2026-09-17T07:13:30.846+0000] {dagbag.py:587} INFO - Filling up the DagBag from /opt/airflow/dags/dbt_retail_pipeline.py
[2026-09-17T07:13:30.872+0000] {processor.py:925} INFO - DAG(s) 'dbt_retail_pipeline' retrieved from /opt/airflow/dags/dbt_retail_pipeline.py
[2026-09-17T07:13:30.910+0000] {logging_mixin.py:190} INFO - [2026-09-17T07:13:30.910+0000] {dag.py:3211} INFO - Sync 1 DAGs
[2026-09-17T07:13:30.938+0000] {logging_mixin.py:190} INFO - [2026-09-17T07:13:30.938+0000] {dag.py:4138} INFO - Setting next_dagrun for dbt_retail_pipeline to 2026-09-17 02:00:00+00:00, run_after=2026-09-18 02:00:00+00:00
[2026-09-17T07:13:30.960+0000] {processor.py:208} INFO - Processing /opt/airflow/dags/dbt_retail_pipeline.py took 0.126 seconds
[2026-09-17T07:14:01.093+0000] {processor.py:186} INFO - Started process (PID=1168) to work on /opt/airflow/dags/dbt_retail_pipeline.py
[2026-09-17T07:14:01.094+0000] {processor.py:914} INFO - Processing file /opt/airflow/dags/dbt_retail_pipeline.py for tasks to queue
[2026-09-17T07:14:01.096+0000] {logging_mixin.py:190} INFO - [2026-09-17T07:14:01.095+0000] {dagbag.py:587} INFO - Filling up the DagBag from /opt/airflow/dags/dbt_retail_pipeline.py
[2026-09-17T07:14:01.117+0000] {processor.py:925} INFO - DAG(s) 'dbt_retail_pipeline' retrieved from /opt/airflow/dags/dbt_retail_pipeline.py
[2026-09-17T07:14:01.148+0000] {logging_mixin.py:190} INFO - [2026-09-17T07:14:01.147+0000] {dag.py:3211} INFO - Sync 1 DAGs
[2026-09-17T07:14:01.173+0000] {logging_mixin.py:190} INFO - [2026-09-17T07:14:01.172+0000] {dag.py:4138} INFO - Setting next_dagrun for dbt_retail_pipeline to 2026-09-17 02:00:00+00:00, run_after=2026-09-18 02:00:00+00:00
[2026-09-17T07:14:01.191+0000] {processor.py:208} INFO - Processing /opt/airflow/dags/dbt_retail_pipeline.py took 0.107 seconds
[2026-09-17T07:14:31.454+0000] {processor.py:186} INFO - Started process (PID=1177) to work on /opt/airflow/dags/dbt_retail_pipeline.py
[2026-09-17T07:14:31.456+0000] {processor.py:914} INFO - Processing file /opt/airflow/dags/dbt_retail_pipeline.py for tasks to queue
[2026-09-17T07:14:31.461+0000] {logging_mixin.py:190} INFO - [2026-09-17T07:14:31.460+0000] {dagbag.py:587} INFO - Filling up the DagBag from /opt/airflow/dags/dbt_retail_pipeline.py
[2026-09-17T07:14:31.495+0000] {processor.py:925} INFO - DAG(s) 'dbt_retail_pipeline' retrieved from /opt/airflow/dags/dbt_retail_pipeline.py
[2026-09-17T07:14:31.556+0000] {logging_mixin.py:190} INFO - [2026-09-17T07:14:31.556+0000] {dag.py:3211} INFO - Sync 1 DAGs
[2026-09-17T07:14:31.621+0000] {logging_mixin.py:190} INFO - [2026-09-17T07:14:31.621+0000] {dag.py:4138} INFO - Setting next_dagrun for dbt_retail_pipeline to 2026-09-17 02:00:00+00:00, run_after=2026-09-18 02:00:00+00:00
[2026-09-17T07:14:31.666+0000] {processor.py:208} INFO - Processing /opt/airflow/dags/dbt_retail_pipeline.py took 0.226 seconds
[2026-09-17T07:15:01.817+0000] {processor.py:186} INFO - Started process (PID=1186) to work on /opt/airflow/dags/dbt_retail_pipeline.py
[2026-09-17T07:15:01.818+0000] {processor.py:914} INFO - Processing file /opt/airflow/dags/dbt_retail_pipeline.py for tasks to queue
[2026-09-17T07:15:01.818+0000] {logging_mixin.py:190} INFO - [2026-09-17T07:15:01.818+0000] {dagbag.py:587} INFO - Filling up the DagBag from /opt/airflow/dags/dbt_retail_pipeline.py
[2026-09-17T07:15:01.836+0000] {processor.py:925} INFO - DAG(s) 'dbt_retail_pipeline' retrieved from /opt/airflow/dags/dbt_retail_pipeline.py
[2026-09-17T07:15:01.868+0000] {logging_mixin.py:190} INFO - [2026-09-17T07:15:01.868+0000] {dag.py:3211} INFO - Sync 1 DAGs
[2026-09-17T07:15:01.891+0000] {logging_mixin.py:190} INFO - [2026-09-17T07:15:01.891+0000] {dag.py:4138} INFO - Setting next_dagrun for dbt_retail_pipeline to 2026-09-17 02:00:00+00:00, run_after=2026-09-18 02:00:00+00:00
[2026-09-17T07:15:01.913+0000] {processor.py:208} INFO - Processing /opt/airflow/dags/dbt_retail_pipeline.py took 0.103 seconds
[2026-09-17T07:15:32.221+0000] {processor.py:186} INFO - Started process (PID=1195) to work on /opt/airflow/dags/dbt_retail_pipeline.py
[2026-09-17T07:15:32.222+0000] {processor.py:914} INFO - Processing file /opt/airflow/dags/dbt_retail_pipeline.py for tasks to queue
[2026-09-17T07:15:32.223+0000] {logging_mixin.py:190} INFO - [2026-09-17T07:15:32.223+0000] {dagbag.py:587} INFO - Filling up the DagBag from /opt/airflow/dags/dbt_retail_pipeline.py
[2026-09-17T07:15:32.250+0000] {processor.py:925} INFO - DAG(s) 'dbt_retail_pipeline' retrieved from /opt/airflow/dags/dbt_retail_pipeline.py
[2026-09-17T07:15:32.308+0000] {logging_mixin.py:190} INFO - [2026-09-17T07:15:32.308+0000] {dag.py:3211} INFO - Sync 1 DAGs
[2026-09-17T07:15:32.339+0000] {logging_mixin.py:190} INFO - [2026-09-17T07:15:32.339+0000] {dag.py:4138} INFO - Setting next_dagrun for dbt_retail_pipeline to 2026-09-17 02:00:00+00:00, run_after=2026-09-18 02:00:00+00:00
[2026-09-17T07:15:32.360+0000] {processor.py:208} INFO - Processing /opt/airflow/dags/dbt_retail_pipeline.py took 0.148 seconds
[2026-09-17T07:16:02.624+0000] {processor.py:186} INFO - Started process (PID=1204) to work on /opt/airflow/dags/dbt_retail_pipeline.py
[2026-09-17T07:16:02.626+0000] {processor.py:914} INFO - Processing file /opt/airflow/dags/dbt_retail_pipeline.py for tasks to queue
[2026-09-17T07:16:02.627+0000] {logging_mixin.py:190} INFO - [2026-09-17T07:16:02.627+0000] {dagbag.py:587} INFO - Filling up the DagBag from /opt/airflow/dags/dbt_retail_pipeline.py
[2026-09-17T07:16:02.651+0000] {processor.py:925} INFO - DAG(s) 'dbt_retail_pipeline' retrieved from /opt/airflow/dags/dbt_retail_pipeline.py
[2026-09-17T07:16:02.691+0000] {logging_mixin.py:190} INFO - [2026-09-17T07:16:02.691+0000] {dag.py:3211} INFO - Sync 1 DAGs
[2026-09-17T07:16:02.725+0000] {logging_mixin.py:190} INFO - [2026-09-17T07:16:02.724+0000] {dag.py:4138} INFO - Setting next_dagrun for dbt_retail_pipeline to 2026-09-17 02:00:00+00:00, run_after=2026-09-18 02:00:00+00:00
[2026-09-17T07:16:02.764+0000] {processor.py:208} INFO - Processing /opt/airflow/dags/dbt_retail_pipeline.py took 0.148 seconds
[2026-09-17T07:16:33.040+0000] {processor.py:186} INFO - Started process (PID=1213) to work on /opt/airflow/dags/dbt_retail_pipeline.py
[2026-09-17T07:16:33.041+0000] {processor.py:914} INFO - Processing file /opt/airflow/dags/dbt_retail_pipeline.py for tasks to queue
[2026-09-17T07:16:33.042+0000] {logging_mixin.py:190} INFO - [2026-09-17T07:16:33.042+0000] {dagbag.py:587} INFO - Filling up the DagBag from /opt/airflow/dags/dbt_retail_pipeline.py
[2026-09-17T07:16:33.057+0000] {processor.py:925} INFO - DAG(s) 'dbt_retail_pipeline' retrieved from /opt/airflow/dags/dbt_retail_pipeline.py
[2026-09-17T07:16:33.090+0000] {logging_mixin.py:190} INFO - [2026-09-17T07:16:33.090+0000] {dag.py:3211} INFO - Sync 1 DAGs
[2026-09-17T07:16:33.118+0000] {logging_mixin.py:190} INFO - [2026-09-17T07:16:33.117+0000] {dag.py:4138} INFO - Setting next_dagrun for dbt_retail_pipeline to 2026-09-17 02:00:00+00:00, run_after=2026-09-18 02:00:00+00:00
[2026-09-17T07:16:33.136+0000] {processor.py:208} INFO - Processing /opt/airflow/dags/dbt_retail_pipeline.py took 0.103 seconds
[2026-09-17T07:17:03.404+0000] {processor.py:186} INFO - Started process (PID=1222) to work on /opt/airflow/dags/dbt_retail_pipeline.py
[2026-09-17T07:17:03.405+0000] {processor.py:914} INFO - Processing file /opt/airflow/dags/dbt_retail_pipeline.py for tasks to queue
[2026-09-17T07:17:03.406+0000] {logging_mixin.py:190} INFO - [2026-09-17T07:17:03.405+0000] {dagbag.py:587} INFO - Filling up the DagBag from /opt/airflow/dags/dbt_retail_pipeline.py
[2026-09-17T07:17:03.422+0000] {processor.py:925} INFO - DAG(s) 'dbt_retail_pipeline' retrieved from /opt/airflow/dags/dbt_retail_pipeline.py
[2026-09-17T07:17:03.451+0000] {logging_mixin.py:190} INFO - [2026-09-17T07:17:03.451+0000] {dag.py:3211} INFO - Sync 1 DAGs
[2026-09-17T07:17:03.476+0000] {logging_mixin.py:190} INFO - [2026-09-17T07:17:03.476+0000] {dag.py:4138} INFO - Setting next_dagrun for dbt_retail_pipeline to 2026-09-17 02:00:00+00:00, run_after=2026-09-18 02:00:00+00:00
[2026-09-17T07:17:03.496+0000] {processor.py:208} INFO - Processing /opt/airflow/dags/dbt_retail_pipeline.py took 0.098 seconds
[2026-09-17T07:17:33.776+0000] {processor.py:186} INFO - Started process (PID=1231) to work on /opt/airflow/dags/dbt_retail_pipeline.py
[2026-09-17T07:17:33.778+0000] {processor.py:914} INFO - Processing file /opt/airflow/dags/dbt_retail_pipeline.py for tasks to queue
[2026-09-17T07:17:33.780+0000] {logging_mixin.py:190} INFO - [2026-09-17T07:17:33.779+0000] {dagbag.py:587} INFO - Filling up the DagBag from /opt/airflow/dags/dbt_retail_pipeline.py
[2026-09-17T07:17:33.804+0000] {processor.py:925} INFO - DAG(s) 'dbt_retail_pipeline' retrieved from /opt/airflow/dags/dbt_retail_pipeline.py
[2026-09-17T07:17:33.844+0000] {logging_mixin.py:190} INFO - [2026-09-17T07:17:33.843+0000] {dag.py:3211} INFO - Sync 1 DAGs
[2026-09-17T07:17:33.874+0000] {logging_mixin.py:190} INFO - [2026-09-17T07:17:33.874+0000] {dag.py:4138} INFO - Setting next_dagrun for dbt_retail_pipeline to 2026-09-17 02:00:00+00:00, run_after=2026-09-18 02:00:00+00:00
[2026-09-17T07:17:33.900+0000] {processor.py:208} INFO - Processing /opt/airflow/dags/dbt_retail_pipeline.py took 0.134 seconds
[2026-09-17T07:18:04.190+0000] {processor.py:186} INFO - Started process (PID=1240) to work on /opt/airflow/dags/dbt_retail_pipeline.py
[2026-09-17T07:18:04.192+0000] {processor.py:914} INFO - Processing file /opt/airflow/dags/dbt_retail_pipeline.py for tasks to queue
[2026-09-17T07:18:04.193+0000] {logging_mixin.py:190} INFO - [2026-09-17T07:18:04.193+0000] {dagbag.py:587} INFO - Filling up the DagBag from /opt/airflow/dags/dbt_retail_pipeline.py
[2026-09-17T07:18:04.217+0000] {processor.py:925} INFO - DAG(s) 'dbt_retail_pipeline' retrieved from /opt/airflow/dags/dbt_retail_pipeline.py
[2026-09-17T07:18:04.255+0000] {logging_mixin.py:190} INFO - [2026-09-17T07:18:04.255+0000] {dag.py:3211} INFO - Sync 1 DAGs
[2026-09-17T07:18:04.287+0000] {logging_mixin.py:190} INFO - [2026-09-17T07:18:04.286+0000] {dag.py:4138} INFO - Setting next_dagrun for dbt_retail_pipeline to 2026-09-17 02:00:00+00:00, run_after=2026-09-18 02:00:00+00:00
[2026-09-17T07:18:04.310+0000] {processor.py:208} INFO - Processing /opt/airflow/dags/dbt_retail_pipeline.py took 0.127 seconds
[2026-09-17T07:18:34.572+0000] {processor.py:186} INFO - Started process (PID=1249) to work on /opt/airflow/dags/dbt_retail_pipeline.py
[2026-09-17T07:18:34.573+0000] {processor.py:914} INFO - Processing file /opt/airflow/dags/dbt_retail_pipeline.py for tasks to queue
[2026-09-17T07:18:34.574+0000] {logging_mixin.py:190} INFO - [2026-09-17T07:18:34.574+0000] {dagbag.py:587} INFO - Filling up the DagBag from /opt/airflow/dags/dbt_retail_pipeline.py
[2026-09-17T07:18:34.592+0000] {processor.py:925} INFO - DAG(s) 'dbt_retail_pipeline' retrieved from /opt/airflow/dags/dbt_retail_pipeline.py
[2026-09-17T07:18:34.625+0000] {logging_mixin.py:190} INFO - [2026-09-17T07:18:34.625+0000] {dag.py:3211} INFO - Sync 1 DAGs
[2026-09-17T07:18:34.654+0000] {logging_mixin.py:190} INFO - [2026-09-17T07:18:34.653+0000] {dag.py:4138} INFO - Setting next_dagrun for dbt_retail_pipeline to 2026-09-17 02:00:00+00:00, run_after=2026-09-18 02:00:00+00:00
[2026-09-17T07:18:34.676+0000] {processor.py:208} INFO - Processing /opt/airflow/dags/dbt_retail_pipeline.py took 0.109 seconds
[2026-09-17T07:19:05.034+0000] {processor.py:186} INFO - Started process (PID=1258) to work on /opt/airflow/dags/dbt_retail_pipeline.py
[2026-09-17T07:19:05.035+0000] {processor.py:914} INFO - Processing file /opt/airflow/dags/dbt_retail_pipeline.py for tasks to queue
[2026-09-17T07:19:05.037+0000] {logging_mixin.py:190} INFO - [2026-09-17T07:19:05.037+0000] {dagbag.py:587} INFO - Filling up the DagBag from /opt/airflow/dags/dbt_retail_pipeline.py
[2026-09-17T07:19:05.054+0000] {processor.py:925} INFO - DAG(s) 'dbt_retail_pipeline' retrieved from /opt/airflow/dags/dbt_retail_pipeline.py
[2026-09-17T07:19:05.087+0000] {logging_mixin.py:190} INFO - [2026-09-17T07:19:05.086+0000] {dag.py:3211} INFO - Sync 1 DAGs
[2026-09-17T07:19:05.114+0000] {logging_mixin.py:190} INFO - [2026-09-17T07:19:05.114+0000] {dag.py:4138} INFO - Setting next_dagrun for dbt_retail_pipeline to 2026-09-17 02:00:00+00:00, run_after=2026-09-18 02:00:00+00:00
[2026-09-17T07:19:05.135+0000] {processor.py:208} INFO - Processing /opt/airflow/dags/dbt_retail_pipeline.py took 0.107 seconds
[2026-09-17T07:19:35.383+0000] {processor.py:186} INFO - Started process (PID=1267) to work on /opt/airflow/dags/dbt_retail_pipeline.py
[2026-09-17T07:19:35.384+0000] {processor.py:914} INFO - Processing file /opt/airflow/dags/dbt_retail_pipeline.py for tasks to queue
[2026-09-17T07:19:35.385+0000] {logging_mixin.py:190} INFO - [2026-09-17T07:19:35.385+0000] {dagbag.py:587} INFO - Filling up the DagBag from /opt/airflow/dags/dbt_retail_pipeline.py
[2026-09-17T07:19:35.403+0000] {processor.py:925} INFO - DAG(s) 'dbt_retail_pipeline' retrieved from /opt/airflow/dags/dbt_retail_pipeline.py
[2026-09-17T07:19:35.436+0000] {logging_mixin.py:190} INFO - [2026-09-17T07:19:35.436+0000] {dag.py:3211} INFO - Sync 1 DAGs
[2026-09-17T07:19:35.462+0000] {logging_mixin.py:190} INFO - [2026-09-17T07:19:35.462+0000] {dag.py:4138} INFO - Setting next_dagrun for dbt_retail_pipeline to 2026-09-17 02:00:00+00:00, run_after=2026-09-18 02:00:00+00:00
[2026-09-17T07:19:35.480+0000] {processor.py:208} INFO - Processing /opt/airflow/dags/dbt_retail_pipeline.py took 0.105 seconds
[2026-09-17T07:20:05.720+0000] {processor.py:186} INFO - Started process (PID=1276) to work on /opt/airflow/dags/dbt_retail_pipeline.py
[2026-09-17T07:20:05.721+0000] {processor.py:914} INFO - Processing file /opt/airflow/dags/dbt_retail_pipeline.py for tasks to queue
[2026-09-17T07:20:05.722+0000] {logging_mixin.py:190} INFO - [2026-09-17T07:20:05.722+0000] {dagbag.py:587} INFO - Filling up the DagBag from /opt/airflow/dags/dbt_retail_pipeline.py
[2026-09-17T07:20:05.740+0000] {processor.py:925} INFO - DAG(s) 'dbt_retail_pipeline' retrieved from /opt/airflow/dags/dbt_retail_pipeline.py
[2026-09-17T07:20:05.777+0000] {logging_mixin.py:190} INFO - [2026-09-17T07:20:05.776+0000] {dag.py:3211} INFO - Sync 1 DAGs
[2026-09-17T07:20:05.808+0000] {logging_mixin.py:190} INFO - [2026-09-17T07:20:05.807+0000] {dag.py:4138} INFO - Setting next_dagrun for dbt_retail_pipeline to 2026-09-17 02:00:00+00:00, run_after=2026-09-18 02:00:00+00:00
[2026-09-17T07:20:05.830+0000] {processor.py:208} INFO - Processing /opt/airflow/dags/dbt_retail_pipeline.py took 0.117 seconds
[2026-09-17T07:20:36.094+0000] {processor.py:186} INFO - Started process (PID=1285) to work on /opt/airflow/dags/dbt_retail_pipeline.py
[2026-09-17T07:20:36.095+0000] {processor.py:914} INFO - Processing file /opt/airflow/dags/dbt_retail_pipeline.py for tasks to queue
[2026-09-17T07:20:36.096+0000] {logging_mixin.py:190} INFO - [2026-09-17T07:20:36.096+0000] {dagbag.py:587} INFO - Filling up the DagBag from /opt/airflow/dags/dbt_retail_pipeline.py
[2026-09-17T07:20:36.118+0000] {processor.py:925} INFO - DAG(s) 'dbt_retail_pipeline' retrieved from /opt/airflow/dags/dbt_retail_pipeline.py
[2026-09-17T07:20:36.153+0000] {logging_mixin.py:190} INFO - [2026-09-17T07:20:36.152+0000] {dag.py:3211} INFO - Sync 1 DAGs
[2026-09-17T07:20:36.182+0000] {logging_mixin.py:190} INFO - [2026-09-17T07:20:36.182+0000] {dag.py:4138} INFO - Setting next_dagrun for dbt_retail_pipeline to 2026-09-17 02:00:00+00:00, run_after=2026-09-18 02:00:00+00:00
[2026-09-17T07:20:36.210+0000] {processor.py:208} INFO - Processing /opt/airflow/dags/dbt_retail_pipeline.py took 0.123 seconds
[2026-09-17T07:21:06.488+0000] {processor.py:186} INFO - Started process (PID=1294) to work on /opt/airflow/dags/dbt_retail_pipeline.py
[2026-09-17T07:21:06.490+0000] {processor.py:914} INFO - Processing file /opt/airflow/dags/dbt_retail_pipeline.py for tasks to queue
[2026-09-17T07:21:06.491+0000] {logging_mixin.py:190} INFO - [2026-09-17T07:21:06.491+0000] {dagbag.py:587} INFO - Filling up the DagBag from /opt/airflow/dags/dbt_retail_pipeline.py
[2026-09-17T07:21:06.510+0000] {processor.py:925} INFO - DAG(s) 'dbt_retail_pipeline' retrieved from /opt/airflow/dags/dbt_retail_pipeline.py
[2026-09-17T07:21:06.543+0000] {logging_mixin.py:190} INFO - [2026-09-17T07:21:06.543+0000] {dag.py:3211} INFO - Sync 1 DAGs
[2026-09-17T07:21:06.573+0000] {logging_mixin.py:190} INFO - [2026-09-17T07:21:06.573+0000] {dag.py:4138} INFO - Setting next_dagrun for dbt_retail_pipeline to 2026-09-17 02:00:00+00:00, run_after=2026-09-18 02:00:00+00:00
[2026-09-17T07:21:06.595+0000] {processor.py:208} INFO - Processing /opt/airflow/dags/dbt_retail_pipeline.py took 0.114 seconds
[2026-09-17T07:21:36.897+0000] {processor.py:186} INFO - Started process (PID=1303) to work on /opt/airflow/dags/dbt_retail_pipeline.py
[2026-09-17T07:21:36.899+0000] {processor.py:914} INFO - Processing file /opt/airflow/dags/dbt_retail_pipeline.py for tasks to queue
[2026-09-17T07:21:36.902+0000] {logging_mixin.py:190} INFO - [2026-09-17T07:21:36.901+0000] {dagbag.py:587} INFO - Filling up the DagBag from /opt/airflow/dags/dbt_retail_pipeline.py
[2026-09-17T07:21:36.933+0000] {processor.py:925} INFO - DAG(s) 'dbt_retail_pipeline' retrieved from /opt/airflow/dags/dbt_retail_pipeline.py
[2026-09-17T07:21:36.977+0000] {logging_mixin.py:190} INFO - [2026-09-17T07:21:36.977+0000] {dag.py:3211} INFO - Sync 1 DAGs
[2026-09-17T07:21:37.015+0000] {logging_mixin.py:190} INFO - [2026-09-17T07:21:37.015+0000] {dag.py:4138} INFO - Setting next_dagrun for dbt_retail_pipeline to 2026-09-17 02:00:00+00:00, run_after=2026-09-18 02:00:00+00:00
[2026-09-17T07:21:37.045+0000] {processor.py:208} INFO - Processing /opt/airflow/dags/dbt_retail_pipeline.py took 0.161 seconds
[2026-09-17T07:22:07.324+0000] {processor.py:186} INFO - Started process (PID=1312) to work on /opt/airflow/dags/dbt_retail_pipeline.py
[2026-09-17T07:22:07.325+0000] {processor.py:914} INFO - Processing file /opt/airflow/dags/dbt_retail_pipeline.py for tasks to queue
[2026-09-17T07:22:07.326+0000] {logging_mixin.py:190} INFO - [2026-09-17T07:22:07.326+0000] {dagbag.py:587} INFO - Filling up the DagBag from /opt/airflow/dags/dbt_retail_pipeline.py
[2026-09-17T07:22:07.348+0000] {processor.py:925} INFO - DAG(s) 'dbt_retail_pipeline' retrieved from /opt/airflow/dags/dbt_retail_pipeline.py
[2026-09-17T07:22:07.386+0000] {logging_mixin.py:190} INFO - [2026-09-17T07:22:07.385+0000] {dag.py:3211} INFO - Sync 1 DAGs
[2026-09-17T07:22:07.417+0000] {logging_mixin.py:190} INFO - [2026-09-17T07:22:07.417+0000] {dag.py:4138} INFO - Setting next_dagrun for dbt_retail_pipeline to 2026-09-17 02:00:00+00:00, run_after=2026-09-18 02:00:00+00:00
[2026-09-17T07:22:07.438+0000] {processor.py:208} INFO - Processing /opt/airflow/dags/dbt_retail_pipeline.py took 0.121 seconds
[2026-09-17T07:22:37.731+0000] {processor.py:186} INFO - Started process (PID=1321) to work on /opt/airflow/dags/dbt_retail_pipeline.py
[2026-09-17T07:22:37.732+0000] {processor.py:914} INFO - Processing file /opt/airflow/dags/dbt_retail_pipeline.py for tasks to queue
[2026-09-17T07:22:37.733+0000] {logging_mixin.py:190} INFO - [2026-09-17T07:22:37.733+0000] {dagbag.py:587} INFO - Filling up the DagBag from /opt/airflow/dags/dbt_retail_pipeline.py
[2026-09-17T07:22:37.753+0000] {processor.py:925} INFO - DAG(s) 'dbt_retail_pipeline' retrieved from /opt/airflow/dags/dbt_retail_pipeline.py
[2026-09-17T07:22:37.788+0000] {logging_mixin.py:190} INFO - [2026-09-17T07:22:37.788+0000] {dag.py:3211} INFO - Sync 1 DAGs
[2026-09-17T07:22:37.817+0000] {logging_mixin.py:190} INFO - [2026-09-17T07:22:37.817+0000] {dag.py:4138} INFO - Setting next_dagrun for dbt_retail_pipeline to 2026-09-17 02:00:00+00:00, run_after=2026-09-18 02:00:00+00:00
[2026-09-17T07:22:37.839+0000] {processor.py:208} INFO - Processing /opt/airflow/dags/dbt_retail_pipeline.py took 0.116 seconds
[2026-09-17T07:23:08.089+0000] {processor.py:186} INFO - Started process (PID=1329) to work on /opt/airflow/dags/dbt_retail_pipeline.py
[2026-09-17T07:23:08.091+0000] {processor.py:914} INFO - Processing file /opt/airflow/dags/dbt_retail_pipeline.py for tasks to queue
[2026-09-17T07:23:08.092+0000] {logging_mixin.py:190} INFO - [2026-09-17T07:23:08.092+0000] {dagbag.py:587} INFO - Filling up the DagBag from /opt/airflow/dags/dbt_retail_pipeline.py
[2026-09-17T07:23:08.111+0000] {processor.py:925} INFO - DAG(s) 'dbt_retail_pipeline' retrieved from /opt/airflow/dags/dbt_retail_pipeline.py
[2026-09-17T07:23:08.145+0000] {logging_mixin.py:190} INFO - [2026-09-17T07:23:08.145+0000] {dag.py:3211} INFO - Sync 1 DAGs
[2026-09-17T07:23:08.173+0000] {logging_mixin.py:190} INFO - [2026-09-17T07:23:08.173+0000] {dag.py:4138} INFO - Setting next_dagrun for dbt_retail_pipeline to 2026-09-17 02:00:00+00:00, run_after=2026-09-18 02:00:00+00:00
[2026-09-17T07:23:08.195+0000] {processor.py:208} INFO - Processing /opt/airflow/dags/dbt_retail_pipeline.py took 0.112 seconds
[2026-09-17T07:23:38.455+0000] {processor.py:186} INFO - Started process (PID=1338) to work on /opt/airflow/dags/dbt_retail_pipeline.py
[2026-09-17T07:23:38.456+0000] {processor.py:914} INFO - Processing file /opt/airflow/dags/dbt_retail_pipeline.py for tasks to queue
[2026-09-17T07:23:38.458+0000] {logging_mixin.py:190} INFO - [2026-09-17T07:23:38.457+0000] {dagbag.py:587} INFO - Filling up the DagBag from /opt/airflow/dags/dbt_retail_pipeline.py
[2026-09-17T07:23:38.479+0000] {processor.py:925} INFO - DAG(s) 'dbt_retail_pipeline' retrieved from /opt/airflow/dags/dbt_retail_pipeline.py
[2026-09-17T07:23:38.517+0000] {logging_mixin.py:190} INFO - [2026-09-17T07:23:38.517+0000] {dag.py:3211} INFO - Sync 1 DAGs
[2026-09-17T07:23:38.549+0000] {logging_mixin.py:190} INFO - [2026-09-17T07:23:38.548+0000] {dag.py:4138} INFO - Setting next_dagrun for dbt_retail_pipeline to 2026-09-17 02:00:00+00:00, run_after=2026-09-18 02:00:00+00:00
[2026-09-17T07:23:38.574+0000] {processor.py:208} INFO - Processing /opt/airflow/dags/dbt_retail_pipeline.py took 0.127 seconds
[2026-09-17T07:24:08.697+0000] {processor.py:186} INFO - Started process (PID=1346) to work on /opt/airflow/dags/dbt_retail_pipeline.py
[2026-09-17T07:24:08.698+0000] {processor.py:914} INFO - Processing file /opt/airflow/dags/dbt_retail_pipeline.py for tasks to queue
[2026-09-17T07:24:08.699+0000] {logging_mixin.py:190} INFO - [2026-09-17T07:24:08.699+0000] {dagbag.py:587} INFO - Filling up the DagBag from /opt/airflow/dags/dbt_retail_pipeline.py
[2026-09-17T07:24:08.717+0000] {processor.py:925} INFO - DAG(s) 'dbt_retail_pipeline' retrieved from /opt/airflow/dags/dbt_retail_pipeline.py
[2026-09-17T07:24:08.749+0000] {logging_mixin.py:190} INFO - [2026-09-17T07:24:08.748+0000] {dag.py:3211} INFO - Sync 1 DAGs
[2026-09-17T07:24:08.775+0000] {logging_mixin.py:190} INFO - [2026-09-17T07:24:08.775+0000] {dag.py:4138} INFO - Setting next_dagrun for dbt_retail_pipeline to 2026-09-17 02:00:00+00:00, run_after=2026-09-18 02:00:00+00:00
[2026-09-17T07:24:08.795+0000] {processor.py:208} INFO - Processing /opt/airflow/dags/dbt_retail_pipeline.py took 0.106 seconds
[2026-09-17T07:24:39.035+0000] {processor.py:186} INFO - Started process (PID=1355) to work on /opt/airflow/dags/dbt_retail_pipeline.py
[2026-09-17T07:24:39.036+0000] {processor.py:914} INFO - Processing file /opt/airflow/dags/dbt_retail_pipeline.py for tasks to queue
[2026-09-17T07:24:39.038+0000] {logging_mixin.py:190} INFO - [2026-09-17T07:24:39.037+0000] {dagbag.py:587} INFO - Filling up the DagBag from /opt/airflow/dags/dbt_retail_pipeline.py
[2026-09-17T07:24:39.053+0000] {processor.py:925} INFO - DAG(s) 'dbt_retail_pipeline' retrieved from /opt/airflow/dags/dbt_retail_pipeline.py
[2026-09-17T07:24:39.083+0000] {logging_mixin.py:190} INFO - [2026-09-17T07:24:39.082+0000] {dag.py:3211} INFO - Sync 1 DAGs
[2026-09-17T07:24:39.108+0000] {logging_mixin.py:190} INFO - [2026-09-17T07:24:39.107+0000] {dag.py:4138} INFO - Setting next_dagrun for dbt_retail_pipeline to 2026-09-17 02:00:00+00:00, run_after=2026-09-18 02:00:00+00:00
[2026-09-17T07:24:39.127+0000] {processor.py:208} INFO - Processing /opt/airflow/dags/dbt_retail_pipeline.py took 0.097 seconds
[2026-09-17T07:25:09.388+0000] {processor.py:186} INFO - Started process (PID=1364) to work on /opt/airflow/dags/dbt_retail_pipeline.py
[2026-09-17T07:25:09.389+0000] {processor.py:914} INFO - Processing file /opt/airflow/dags/dbt_retail_pipeline.py for tasks to queue
[2026-09-17T07:25:09.390+0000] {logging_mixin.py:190} INFO - [2026-09-17T07:25:09.389+0000] {dagbag.py:587} INFO - Filling up the DagBag from /opt/airflow/dags/dbt_retail_pipeline.py
[2026-09-17T07:25:09.408+0000] {processor.py:925} INFO - DAG(s) 'dbt_retail_pipeline' retrieved from /opt/airflow/dags/dbt_retail_pipeline.py
[2026-09-17T07:25:09.441+0000] {logging_mixin.py:190} INFO - [2026-09-17T07:25:09.440+0000] {dag.py:3211} INFO - Sync 1 DAGs
[2026-09-17T07:25:09.476+0000] {logging_mixin.py:190} INFO - [2026-09-17T07:25:09.476+0000] {dag.py:4138} INFO - Setting next_dagrun for dbt_retail_pipeline to 2026-09-17 02:00:00+00:00, run_after=2026-09-18 02:00:00+00:00
[2026-09-17T07:25:09.498+0000] {processor.py:208} INFO - Processing /opt/airflow/dags/dbt_retail_pipeline.py took 0.117 seconds
[2026-09-17T07:25:39.792+0000] {processor.py:186} INFO - Started process (PID=1373) to work on /opt/airflow/dags/dbt_retail_pipeline.py
[2026-09-17T07:25:39.793+0000] {processor.py:914} INFO - Processing file /opt/airflow/dags/dbt_retail_pipeline.py for tasks to queue
[2026-09-17T07:25:39.795+0000] {logging_mixin.py:190} INFO - [2026-09-17T07:25:39.794+0000] {dagbag.py:587} INFO - Filling up the DagBag from /opt/airflow/dags/dbt_retail_pipeline.py
[2026-09-17T07:25:39.816+0000] {processor.py:925} INFO - DAG(s) 'dbt_retail_pipeline' retrieved from /opt/airflow/dags/dbt_retail_pipeline.py
[2026-09-17T07:25:39.852+0000] {logging_mixin.py:190} INFO - [2026-09-17T07:25:39.851+0000] {dag.py:3211} INFO - Sync 1 DAGs
[2026-09-17T07:25:39.884+0000] {logging_mixin.py:190} INFO - [2026-09-17T07:25:39.883+0000] {dag.py:4138} INFO - Setting next_dagrun for dbt_retail_pipeline to 2026-09-17 02:00:00+00:00, run_after=2026-09-18 02:00:00+00:00
[2026-09-17T07:25:39.915+0000] {processor.py:208} INFO - Processing /opt/airflow/dags/dbt_retail_pipeline.py took 0.130 seconds
[2026-09-17T07:26:10.224+0000] {processor.py:186} INFO - Started process (PID=1382) to work on /opt/airflow/dags/dbt_retail_pipeline.py
[2026-09-17T07:26:10.226+0000] {processor.py:914} INFO - Processing file /opt/airflow/dags/dbt_retail_pipeline.py for tasks to queue
[2026-09-17T07:26:10.227+0000] {logging_mixin.py:190} INFO - [2026-09-17T07:26:10.227+0000] {dagbag.py:587} INFO - Filling up the DagBag from /opt/airflow/dags/dbt_retail_pipeline.py
[2026-09-17T07:26:10.254+0000] {processor.py:925} INFO - DAG(s) 'dbt_retail_pipeline' retrieved from /opt/airflow/dags/dbt_retail_pipeline.py
[2026-09-17T07:26:10.290+0000] {logging_mixin.py:190} INFO - [2026-09-17T07:26:10.290+0000] {dag.py:3211} INFO - Sync 1 DAGs
[2026-09-17T07:26:10.326+0000] {logging_mixin.py:190} INFO - [2026-09-17T07:26:10.325+0000] {dag.py:4138} INFO - Setting next_dagrun for dbt_retail_pipeline to 2026-09-17 02:00:00+00:00, run_after=2026-09-18 02:00:00+00:00
[2026-09-17T07:26:10.351+0000] {processor.py:208} INFO - Processing /opt/airflow/dags/dbt_retail_pipeline.py took 0.136 seconds
[2026-09-17T07:26:40.481+0000] {processor.py:186} INFO - Started process (PID=1391) to work on /opt/airflow/dags/dbt_retail_pipeline.py
[2026-09-17T07:26:40.482+0000] {processor.py:914} INFO - Processing file /opt/airflow/dags/dbt_retail_pipeline.py for tasks to queue
[2026-09-17T07:26:40.483+0000] {logging_mixin.py:190} INFO - [2026-09-17T07:26:40.483+0000] {dagbag.py:587} INFO - Filling up the DagBag from /opt/airflow/dags/dbt_retail_pipeline.py
[2026-09-17T07:26:40.502+0000] {processor.py:925} INFO - DAG(s) 'dbt_retail_pipeline' retrieved from /opt/airflow/dags/dbt_retail_pipeline.py
[2026-09-17T07:26:40.536+0000] {logging_mixin.py:190} INFO - [2026-09-17T07:26:40.535+0000] {dag.py:3211} INFO - Sync 1 DAGs
[2026-09-17T07:26:40.562+0000] {logging_mixin.py:190} INFO - [2026-09-17T07:26:40.561+0000] {dag.py:4138} INFO - Setting next_dagrun for dbt_retail_pipeline to 2026-09-17 02:00:00+00:00, run_after=2026-09-18 02:00:00+00:00
[2026-09-17T07:26:40.580+0000] {processor.py:208} INFO - Processing /opt/airflow/dags/dbt_retail_pipeline.py took 0.106 seconds
[2026-09-17T07:27:10.833+0000] {processor.py:186} INFO - Started process (PID=1400) to work on /opt/airflow/dags/dbt_retail_pipeline.py
[2026-09-17T07:27:10.834+0000] {processor.py:914} INFO - Processing file /opt/airflow/dags/dbt_retail_pipeline.py for tasks to queue
[2026-09-17T07:27:10.836+0000] {logging_mixin.py:190} INFO - [2026-09-17T07:27:10.835+0000] {dagbag.py:587} INFO - Filling up the DagBag from /opt/airflow/dags/dbt_retail_pipeline.py
[2026-09-17T07:27:10.852+0000] {processor.py:925} INFO - DAG(s) 'dbt_retail_pipeline' retrieved from /opt/airflow/dags/dbt_retail_pipeline.py
[2026-09-17T07:27:10.885+0000] {logging_mixin.py:190} INFO - [2026-09-17T07:27:10.885+0000] {dag.py:3211} INFO - Sync 1 DAGs
[2026-09-17T07:27:10.913+0000] {logging_mixin.py:190} INFO - [2026-09-17T07:27:10.913+0000] {dag.py:4138} INFO - Setting next_dagrun for dbt_retail_pipeline to 2026-09-17 02:00:00+00:00, run_after=2026-09-18 02:00:00+00:00
[2026-09-17T07:27:10.932+0000] {processor.py:208} INFO - Processing /opt/airflow/dags/dbt_retail_pipeline.py took 0.105 seconds
[2026-09-17T07:27:41.291+0000] {processor.py:186} INFO - Started process (PID=1409) to work on /opt/airflow/dags/dbt_retail_pipeline.py
[2026-09-17T07:27:41.293+0000] {processor.py:914} INFO - Processing file /opt/airflow/dags/dbt_retail_pipeline.py for tasks to queue
[2026-09-17T07:27:41.294+0000] {logging_mixin.py:190} INFO - [2026-09-17T07:27:41.294+0000] {dagbag.py:587} INFO - Filling up the DagBag from /opt/airflow/dags/dbt_retail_pipeline.py
[2026-09-17T07:27:41.312+0000] {processor.py:925} INFO - DAG(s) 'dbt_retail_pipeline' retrieved from /opt/airflow/dags/dbt_retail_pipeline.py
[2026-09-17T07:27:41.343+0000] {logging_mixin.py:190} INFO - [2026-09-17T07:27:41.342+0000] {dag.py:3211} INFO - Sync 1 DAGs
[2026-09-17T07:27:41.368+0000] {logging_mixin.py:190} INFO - [2026-09-17T07:27:41.367+0000] {dag.py:4138} INFO - Setting next_dagrun for dbt_retail_pipeline to 2026-09-17 02:00:00+00:00, run_after=2026-09-18 02:00:00+00:00
[2026-09-17T07:27:41.388+0000] {processor.py:208} INFO - Processing /opt/airflow/dags/dbt_retail_pipeline.py took 0.103 seconds
[2026-09-17T07:28:11.686+0000] {processor.py:186} INFO - Started process (PID=1418) to work on /opt/airflow/dags/dbt_retail_pipeline.py
[2026-09-17T07:28:11.688+0000] {processor.py:914} INFO - Processing file /opt/airflow/dags/dbt_retail_pipeline.py for tasks to queue
[2026-09-17T07:28:11.689+0000] {logging_mixin.py:190} INFO - [2026-09-17T07:28:11.689+0000] {dagbag.py:587} INFO - Filling up the DagBag from /opt/airflow/dags/dbt_retail_pipeline.py
[2026-09-17T07:28:11.712+0000] {processor.py:925} INFO - DAG(s) 'dbt_retail_pipeline' retrieved from /opt/airflow/dags/dbt_retail_pipeline.py
[2026-09-17T07:28:11.767+0000] {logging_mixin.py:190} INFO - [2026-09-17T07:28:11.766+0000] {dag.py:3211} INFO - Sync 1 DAGs
[2026-09-17T07:28:11.811+0000] {logging_mixin.py:190} INFO - [2026-09-17T07:28:11.811+0000] {dag.py:4138} INFO - Setting next_dagrun for dbt_retail_pipeline to 2026-09-17 02:00:00+00:00, run_after=2026-09-18 02:00:00+00:00
[2026-09-17T07:28:11.839+0000] {processor.py:208} INFO - Processing /opt/airflow/dags/dbt_retail_pipeline.py took 0.165 seconds
[2026-09-17T07:28:42.064+0000] {processor.py:186} INFO - Started process (PID=1427) to work on /opt/airflow/dags/dbt_retail_pipeline.py
[2026-09-17T07:28:42.065+0000] {processor.py:914} INFO - Processing file /opt/airflow/dags/dbt_retail_pipeline.py for tasks to queue
[2026-09-17T07:28:42.067+0000] {logging_mixin.py:190} INFO - [2026-09-17T07:28:42.066+0000] {dagbag.py:587} INFO - Filling up the DagBag from /opt/airflow/dags/dbt_retail_pipeline.py
[2026-09-17T07:28:42.094+0000] {processor.py:925} INFO - DAG(s) 'dbt_retail_pipeline' retrieved from /opt/airflow/dags/dbt_retail_pipeline.py
[2026-09-17T07:28:42.127+0000] {logging_mixin.py:190} INFO - [2026-09-17T07:28:42.126+0000] {dag.py:3211} INFO - Sync 1 DAGs
[2026-09-17T07:28:42.154+0000] {logging_mixin.py:190} INFO - [2026-09-17T07:28:42.154+0000] {dag.py:4138} INFO - Setting next_dagrun for dbt_retail_pipeline to 2026-09-17 02:00:00+00:00, run_after=2026-09-18 02:00:00+00:00
[2026-09-17T07:28:42.175+0000] {processor.py:208} INFO - Processing /opt/airflow/dags/dbt_retail_pipeline.py took 0.119 seconds
[2026-09-17T07:29:12.421+0000] {processor.py:186} INFO - Started process (PID=1436) to work on /opt/airflow/dags/dbt_retail_pipeline.py
[2026-09-17T07:29:12.422+0000] {processor.py:914} INFO - Processing file /opt/airflow/dags/dbt_retail_pipeline.py for tasks to queue
[2026-09-17T07:29:12.423+0000] {logging_mixin.py:190} INFO - [2026-09-17T07:29:12.423+0000] {dagbag.py:587} INFO - Filling up the DagBag from /opt/airflow/dags/dbt_retail_pipeline.py
[2026-09-17T07:29:12.441+0000] {processor.py:925} INFO - DAG(s) 'dbt_retail_pipeline' retrieved from /opt/airflow/dags/dbt_retail_pipeline.py
[2026-09-17T07:29:12.474+0000] {logging_mixin.py:190} INFO - [2026-09-17T07:29:12.474+0000] {dag.py:3211} INFO - Sync 1 DAGs
[2026-09-17T07:29:12.504+0000] {logging_mixin.py:190} INFO - [2026-09-17T07:29:12.504+0000] {dag.py:4138} INFO - Setting next_dagrun for dbt_retail_pipeline to 2026-09-17 02:00:00+00:00, run_after=2026-09-18 02:00:00+00:00
[2026-09-17T07:29:12.528+0000] {processor.py:208} INFO - Processing /opt/airflow/dags/dbt_retail_pipeline.py took 0.114 seconds
[2026-09-17T07:29:42.835+0000] {processor.py:186} INFO - Started process (PID=1445) to work on /opt/airflow/dags/dbt_retail_pipeline.py
[2026-09-17T07:29:42.836+0000] {processor.py:914} INFO - Processing file /opt/airflow/dags/dbt_retail_pipeline.py for tasks to queue
[2026-09-17T07:29:42.837+0000] {logging_mixin.py:190} INFO - [2026-09-17T07:29:42.837+0000] {dagbag.py:587} INFO - Filling up the DagBag from /opt/airflow/dags/dbt_retail_pipeline.py
[2026-09-17T07:29:42.857+0000] {processor.py:925} INFO - DAG(s) 'dbt_retail_pipeline' retrieved from /opt/airflow/dags/dbt_retail_pipeline.py
[2026-09-17T07:29:42.893+0000] {logging_mixin.py:190} INFO - [2026-09-17T07:29:42.892+0000] {dag.py:3211} INFO - Sync 1 DAGs
[2026-09-17T07:29:42.928+0000] {logging_mixin.py:190} INFO - [2026-09-17T07:29:42.928+0000] {dag.py:4138} INFO - Setting next_dagrun for dbt_retail_pipeline to 2026-09-17 02:00:00+00:00, run_after=2026-09-18 02:00:00+00:00
[2026-09-17T07:29:42.950+0000] {processor.py:208} INFO - Processing /opt/airflow/dags/dbt_retail_pipeline.py took 0.121 seconds
[2026-09-17T07:30:13.080+0000] {processor.py:186} INFO - Started process (PID=1454) to work on /opt/airflow/dags/dbt_retail_pipeline.py
[2026-09-17T07:30:13.081+0000] {processor.py:914} INFO - Processing file /opt/airflow/dags/dbt_retail_pipeline.py for tasks to queue
[2026-09-17T07:30:13.082+0000] {logging_mixin.py:190} INFO - [2026-09-17T07:30:13.082+0000] {dagbag.py:587} INFO - Filling up the DagBag from /opt/airflow/dags/dbt_retail_pipeline.py
[2026-09-17T07:30:13.103+0000] {processor.py:925} INFO - DAG(s) 'dbt_retail_pipeline' retrieved from /opt/airflow/dags/dbt_retail_pipeline.py
[2026-09-17T07:30:13.136+0000] {logging_mixin.py:190} INFO - [2026-09-17T07:30:13.136+0000] {dag.py:3211} INFO - Sync 1 DAGs
[2026-09-17T07:30:13.164+0000] {logging_mixin.py:190} INFO - [2026-09-17T07:30:13.164+0000] {dag.py:4138} INFO - Setting next_dagrun for dbt_retail_pipeline to 2026-09-17 02:00:00+00:00, run_after=2026-09-18 02:00:00+00:00
[2026-09-17T07:30:13.183+0000] {processor.py:208} INFO - Processing /opt/airflow/dags/dbt_retail_pipeline.py took 0.110 seconds
