[2026-09-17T07:55:34.652+0000] {local_task_job_runner.py:123} INFO - ::group::Pre task execution logs
[2026-09-17T07:55:34.676+0000] {taskinstance.py:2603} INFO - Dependencies all met for dep_context=non-requeueable deps ti=<TaskInstance: dbt_retail_pipeline.dbt_seed manual__2026-09-17T07:55:33.507876+00:00 [queued]>
[2026-09-17T07:55:34.687+0000] {taskinstance.py:2603} INFO - Dependencies all met for dep_context=requeueable deps ti=<TaskInstance: dbt_retail_pipeline.dbt_seed manual__2026-09-17T07:55:33.507876+00:00 [queued]>
[2026-09-17T07:55:34.687+0000] {taskinstance.py:2856} INFO - Starting attempt 1 of 2
[2026-09-17T07:55:34.707+0000] {taskinstance.py:2879} INFO - Executing <Task(BashOperator): dbt_seed> on 2026-09-17 07:55:33.507876+00:00
[2026-09-17T07:55:34.716+0000] {warnings.py:112} WARNING - /home/***/.local/lib/python3.12/site-packages/***/task/task_runner/standard_task_runner.py:70: DeprecationWarning: This process (pid=1701) is multi-threaded, use of fork() may lead to deadlocks in the child.
  pid = os.fork()

[2026-09-17T07:55:34.717+0000] {standard_task_runner.py:72} INFO - Started process 1702 to run task
[2026-09-17T07:55:34.718+0000] {standard_task_runner.py:104} INFO - Running: ['***', 'tasks', 'run', 'dbt_retail_pipeline', 'dbt_seed', 'manual__2026-09-17T07:55:33.507876+00:00', '--job-id', '89', '--raw', '--subdir', 'DAGS_FOLDER/dbt_retail_pipeline.py', '--cfg-path', '/tmp/tmplj3ajfzf']
[2026-09-17T07:55:34.719+0000] {standard_task_runner.py:105} INFO - Job 89: Subtask dbt_seed
[2026-09-17T07:55:34.791+0000] {task_command.py:467} INFO - Running <TaskInstance: dbt_retail_pipeline.dbt_seed manual__2026-09-17T07:55:33.507876+00:00 [running]> on host b5c1d8ce61d3
[2026-09-17T07:55:34.907+0000] {taskinstance.py:3122} INFO - Exporting env vars: AIRFLOW_CTX_DAG_OWNER='data_engineer' AIRFLOW_CTX_DAG_ID='dbt_retail_pipeline' AIRFLOW_CTX_TASK_ID='dbt_seed' AIRFLOW_CTX_EXECUTION_DATE='2026-09-17T07:55:33.507876+00:00' AIRFLOW_CTX_TRY_NUMBER='1' AIRFLOW_CTX_DAG_RUN_ID='manual__2026-09-17T07:55:33.507876+00:00'
[2026-09-17T07:55:34.909+0000] {taskinstance.py:731} INFO - ::endgroup::
[2026-09-17T07:55:34.929+0000] {subprocess.py:63} INFO - Tmp dir root location: /tmp
[2026-09-17T07:55:34.930+0000] {subprocess.py:75} INFO - Running command: ['/usr/bin/bash', '-c', 'cd /opt/***/dags/dbt-project && dbt seed --profiles-dir /opt/***/dags/dbt-project']
[2026-09-17T07:55:34.946+0000] {subprocess.py:86} INFO - Output:
[2026-09-17T07:55:38.218+0000] {subprocess.py:93} INFO - [0m07:55:38  Running with dbt=1.12.5
[2026-09-17T07:55:38.294+0000] {subprocess.py:93} INFO - [0m07:55:38  [[33mWARNING[0m]: Deprecated functionality
[2026-09-17T07:55:38.295+0000] {subprocess.py:93} INFO - The `source-paths` config has been renamed to `model-paths`. Please update your
[2026-09-17T07:55:38.295+0000] {subprocess.py:93} INFO - `dbt_project.yml` configuration to reflect this change.
[2026-09-17T07:55:38.296+0000] {subprocess.py:93} INFO - [0m07:55:38  [[33mWARNING[0m]: Deprecated functionality
[2026-09-17T07:55:38.296+0000] {subprocess.py:93} INFO - The `data-paths` config has been renamed to `seed-paths`. Please update your
[2026-09-17T07:55:38.296+0000] {subprocess.py:93} INFO - `dbt_project.yml` configuration to reflect this change.
[2026-09-17T07:55:38.607+0000] {subprocess.py:93} INFO - [0m07:55:38  Registered adapter: postgres=1.11.0
[2026-09-17T07:55:39.253+0000] {subprocess.py:93} INFO - [0m07:55:39  Found 3 models, 1 seed, 477 macros
[2026-09-17T07:55:39.256+0000] {subprocess.py:93} INFO - [0m07:55:39
[2026-09-17T07:55:39.256+0000] {subprocess.py:93} INFO - [0m07:55:39  Concurrency: 1 threads (target='dev')
[2026-09-17T07:55:39.257+0000] {subprocess.py:93} INFO - [0m07:55:39
[2026-09-17T07:55:39.412+0000] {subprocess.py:93} INFO - [0m07:55:39  1 of 1 START seed file public.raw_transactions ................................. [RUN]
[2026-09-17T07:55:39.535+0000] {subprocess.py:93} INFO - [0m07:55:39  1 of 1 OK loaded seed file public.raw_transactions ............................. [[32mINSERT 5[0m in 0.12s]
[2026-09-17T07:55:39.551+0000] {subprocess.py:93} INFO - [0m07:55:39
[2026-09-17T07:55:39.552+0000] {subprocess.py:93} INFO - [0m07:55:39  Finished running 1 seed in 0 hours 0 minutes and 0.29 seconds (0.29s).
[2026-09-17T07:55:39.627+0000] {subprocess.py:93} INFO - [0m07:55:39
[2026-09-17T07:55:39.628+0000] {subprocess.py:93} INFO - [0m07:55:39  [32mCompleted successfully[0m
[2026-09-17T07:55:39.629+0000] {subprocess.py:93} INFO - [0m07:55:39
[2026-09-17T07:55:39.630+0000] {subprocess.py:93} INFO - [0m07:55:39  Done. PASS=1 WARN=0 ERROR=0 SKIP=0 NO-OP=0 REUSED=0 TOTAL=1
[2026-09-17T07:55:39.631+0000] {subprocess.py:93} INFO - [0m07:55:39  [[33mWARNING[0m][DeprecationsSummary]: Deprecated functionality
[2026-09-17T07:55:39.632+0000] {subprocess.py:93} INFO - Summary of encountered deprecations:
[2026-09-17T07:55:39.632+0000] {subprocess.py:93} INFO - - ConfigSourcePathDeprecation: 1 occurrence
[2026-09-17T07:55:39.632+0000] {subprocess.py:93} INFO - - ConfigDataPathDeprecation: 1 occurrence
[2026-09-17T07:55:39.632+0000] {subprocess.py:93} INFO - To see all deprecation instances instead of just the first occurrence of each,
[2026-09-17T07:55:39.632+0000] {subprocess.py:93} INFO - run command again with the `--show-all-deprecations` flag. You may also need to
[2026-09-17T07:55:39.633+0000] {subprocess.py:93} INFO - run with `--no-partial-parse` as some deprecations are only encountered during
[2026-09-17T07:55:39.633+0000] {subprocess.py:93} INFO - parsing.
[2026-09-17T07:55:41.247+0000] {subprocess.py:97} INFO - Command exited with return code 0
[2026-09-17T07:55:41.288+0000] {taskinstance.py:340} INFO - ::group::Post task execution logs
[2026-09-17T07:55:41.289+0000] {taskinstance.py:352} INFO - Marking task as SUCCESS. dag_id=dbt_retail_pipeline, task_id=dbt_seed, run_id=manual__2026-09-17T07:55:33.507876+00:00, execution_date=20260917T075533, start_date=20260917T075534, end_date=20260917T075541
[2026-09-17T07:55:41.321+0000] {local_task_job_runner.py:261} INFO - Task exited with return code 0
[2026-09-17T07:55:41.352+0000] {taskinstance.py:3891} INFO - 1 downstream tasks scheduled from follow-on schedule check
[2026-09-17T07:55:41.354+0000] {local_task_job_runner.py:240} INFO - ::endgroup::
