[2026-09-17T06:42:59.742+0000] {local_task_job_runner.py:123} INFO - ::group::Pre task execution logs
[2026-09-17T06:42:59.767+0000] {taskinstance.py:2603} INFO - Dependencies all met for dep_context=non-requeueable deps ti=<TaskInstance: dag_isi_data_mart.create_table_task manual__2026-09-17T06:42:57.818784+00:00 [queued]>
[2026-09-17T06:42:59.777+0000] {taskinstance.py:2603} INFO - Dependencies all met for dep_context=requeueable deps ti=<TaskInstance: dag_isi_data_mart.create_table_task manual__2026-09-17T06:42:57.818784+00:00 [queued]>
[2026-09-17T06:42:59.777+0000] {taskinstance.py:2856} INFO - Starting attempt 1 of 2
[2026-09-17T06:42:59.793+0000] {taskinstance.py:2879} INFO - Executing <Task(PostgresOperator): create_table_task> on 2026-09-17 06:42:57.818784+00:00
[2026-09-17T06:42:59.801+0000] {warnings.py:112} WARNING - /home/***/.local/lib/python3.12/site-packages/***/task/task_runner/standard_task_runner.py:70: DeprecationWarning: This process (pid=518) is multi-threaded, use of fork() may lead to deadlocks in the child.
  pid = os.fork()

[2026-09-17T06:42:59.802+0000] {standard_task_runner.py:104} INFO - Running: ['***', 'tasks', 'run', 'dag_isi_data_mart', 'create_table_task', 'manual__2026-09-17T06:42:57.818784+00:00', '--job-id', '56', '--raw', '--subdir', 'DAGS_FOLDER/etl_to_datamart.py', '--cfg-path', '/tmp/tmpdzq68tx2']
[2026-09-17T06:42:59.803+0000] {standard_task_runner.py:72} INFO - Started process 519 to run task
[2026-09-17T06:42:59.803+0000] {standard_task_runner.py:105} INFO - Job 56: Subtask create_table_task
[2026-09-17T06:42:59.855+0000] {task_command.py:467} INFO - Running <TaskInstance: dag_isi_data_mart.create_table_task manual__2026-09-17T06:42:57.818784+00:00 [running]> on host b5c1d8ce61d3
[2026-09-17T06:42:59.961+0000] {taskinstance.py:3122} INFO - Exporting env vars: AIRFLOW_CTX_DAG_OWNER='***' AIRFLOW_CTX_DAG_ID='dag_isi_data_mart' AIRFLOW_CTX_TASK_ID='create_table_task' AIRFLOW_CTX_EXECUTION_DATE='2026-09-17T06:42:57.818784+00:00' AIRFLOW_CTX_TRY_NUMBER='1' AIRFLOW_CTX_DAG_RUN_ID='manual__2026-09-17T06:42:57.818784+00:00'
[2026-09-17T06:42:59.962+0000] {taskinstance.py:731} INFO - ::endgroup::
[2026-09-17T06:42:59.989+0000] {sql.py:282} INFO - Executing: 
        CREATE TABLE IF NOT EXISTS data_mart.penjualan (
            id SERIAL PRIMARY KEY,
            produk VARCHAR(100),
            jumlah INT,
            tanggal TIMESTAMP DEFAULT CURRENT_TIMESTAMP
        );
        
[2026-09-17T06:43:00.004+0000] {base.py:84} INFO - Retrieving connection 'postgres_data_mart'
[2026-09-17T06:43:00.020+0000] {base.py:84} INFO - Retrieving connection 'postgres_data_mart'
[2026-09-17T06:43:00.027+0000] {sql.py:509} INFO - Running statement: 
        CREATE TABLE IF NOT EXISTS data_mart.penjualan (
            id SERIAL PRIMARY KEY,
            produk VARCHAR(100),
            jumlah INT,
            tanggal TIMESTAMP DEFAULT CURRENT_TIMESTAMP
        );
        , parameters: None
[2026-09-17T06:43:00.043+0000] {taskinstance.py:340} INFO - ::group::Post task execution logs
[2026-09-17T06:43:00.044+0000] {taskinstance.py:352} INFO - Marking task as SUCCESS. dag_id=dag_isi_data_mart, task_id=create_table_task, run_id=manual__2026-09-17T06:42:57.818784+00:00, execution_date=20260917T064257, start_date=20260917T064259, end_date=20260917T064300
[2026-09-17T06:43:00.067+0000] {local_task_job_runner.py:261} INFO - Task exited with return code 0
[2026-09-17T06:43:00.081+0000] {warnings.py:112} WARNING - /home/***/.local/lib/python3.12/site-packages/***/models/baseoperator.py:1378: AirflowProviderDeprecationWarning: Call to deprecated class PostgresOperator. (Please use `***.providers.common.sql.operators.sql.SQLExecuteQueryOperator`.Also, you can provide `hook_params={'schema': <database>}`.)
  result = cls.__new__(cls)

[2026-09-17T06:43:00.095+0000] {taskinstance.py:3891} INFO - 1 downstream tasks scheduled from follow-on schedule check
[2026-09-17T06:43:00.097+0000] {local_task_job_runner.py:240} INFO - ::endgroup::
