[2026-06-28T12:47:38.551+0000] {local_task_job_runner.py:123} INFO - ::group::Pre task execution logs
[2026-06-28T12:47:38.579+0000] {taskinstance.py:2603} INFO - Dependencies all met for dep_context=non-requeueable deps ti=<TaskInstance: dag_isi_data_mart.create_table_task manual__2026-06-28T12:47:36.904688+00:00 [queued]>
[2026-06-28T12:47:38.590+0000] {taskinstance.py:2603} INFO - Dependencies all met for dep_context=requeueable deps ti=<TaskInstance: dag_isi_data_mart.create_table_task manual__2026-06-28T12:47:36.904688+00:00 [queued]>
[2026-06-28T12:47:38.590+0000] {taskinstance.py:2856} INFO - Starting attempt 1 of 2
[2026-06-28T12:47:38.605+0000] {taskinstance.py:2879} INFO - Executing <Task(PostgresOperator): create_table_task> on 2026-06-28 12:47:36.904688+00:00
[2026-06-28T12:47:38.614+0000] {warnings.py:112} WARNING - /home/***/.local/lib/python3.12/site-packages/***/task/task_runner/standard_task_runner.py:70: DeprecationWarning: This process (pid=825) is multi-threaded, use of fork() may lead to deadlocks in the child.
  pid = os.fork()

[2026-06-28T12:47:38.619+0000] {standard_task_runner.py:72} INFO - Started process 826 to run task
[2026-06-28T12:47:38.619+0000] {standard_task_runner.py:104} INFO - Running: ['***', 'tasks', 'run', 'dag_isi_data_mart', 'create_table_task', 'manual__2026-06-28T12:47:36.904688+00:00', '--job-id', '46', '--raw', '--subdir', 'DAGS_FOLDER/etl_to_datamart.py', '--cfg-path', '/tmp/tmpiv6ozng6']
[2026-06-28T12:47:38.620+0000] {standard_task_runner.py:105} INFO - Job 46: Subtask create_table_task
[2026-06-28T12:47:38.680+0000] {task_command.py:467} INFO - Running <TaskInstance: dag_isi_data_mart.create_table_task manual__2026-06-28T12:47:36.904688+00:00 [running]> on host b5c1d8ce61d3
[2026-06-28T12:47:38.782+0000] {taskinstance.py:3122} INFO - Exporting env vars: AIRFLOW_CTX_DAG_OWNER='***' AIRFLOW_CTX_DAG_ID='dag_isi_data_mart' AIRFLOW_CTX_TASK_ID='create_table_task' AIRFLOW_CTX_EXECUTION_DATE='2026-06-28T12:47:36.904688+00:00' AIRFLOW_CTX_TRY_NUMBER='1' AIRFLOW_CTX_DAG_RUN_ID='manual__2026-06-28T12:47:36.904688+00:00'
[2026-06-28T12:47:38.783+0000] {taskinstance.py:731} INFO - ::endgroup::
[2026-06-28T12:47:38.825+0000] {sql.py:282} INFO - Executing: 
        CREATE TABLE IF NOT EXISTS data_mart.penjualan (
            id SERIAL PRIMARY KEY,
            produk VARCHAR(100),
            jumlah INT,
            tanggal TIMESTAMP DEFAULT CURRENT_TIMESTAMP
        );
        
[2026-06-28T12:47:38.839+0000] {base.py:84} INFO - Retrieving connection 'postgres_data_mart'
[2026-06-28T12:47:38.855+0000] {base.py:84} INFO - Retrieving connection 'postgres_data_mart'
[2026-06-28T12:47:38.860+0000] {sql.py:509} INFO - Running statement: 
        CREATE TABLE IF NOT EXISTS data_mart.penjualan (
            id SERIAL PRIMARY KEY,
            produk VARCHAR(100),
            jumlah INT,
            tanggal TIMESTAMP DEFAULT CURRENT_TIMESTAMP
        );
        , parameters: None
[2026-06-28T12:47:38.901+0000] {taskinstance.py:340} INFO - ::group::Post task execution logs
[2026-06-28T12:47:38.902+0000] {taskinstance.py:352} INFO - Marking task as SUCCESS. dag_id=dag_isi_data_mart, task_id=create_table_task, run_id=manual__2026-06-28T12:47:36.904688+00:00, execution_date=20260628T124736, start_date=20260628T124738, end_date=20260628T124738
[2026-06-28T12:47:38.922+0000] {local_task_job_runner.py:261} INFO - Task exited with return code 0
[2026-06-28T12:47:38.935+0000] {warnings.py:112} WARNING - /home/***/.local/lib/python3.12/site-packages/***/models/baseoperator.py:1378: AirflowProviderDeprecationWarning: Call to deprecated class PostgresOperator. (Please use `***.providers.common.sql.operators.sql.SQLExecuteQueryOperator`.Also, you can provide `hook_params={'schema': <database>}`.)
  result = cls.__new__(cls)

[2026-06-28T12:47:38.948+0000] {taskinstance.py:3891} INFO - 1 downstream tasks scheduled from follow-on schedule check
[2026-06-28T12:47:38.949+0000] {local_task_job_runner.py:240} INFO - ::endgroup::
