[2026-09-17T07:40:16.478+0000] {local_task_job_runner.py:123} INFO - ::group::Pre task execution logs
[2026-09-17T07:40:16.505+0000] {taskinstance.py:2603} INFO - Dependencies all met for dep_context=non-requeueable deps ti=<TaskInstance: dbt_retail_pipeline.dbt_seed scheduled__2026-09-16T02:00:00+00:00 [queued]>
[2026-09-17T07:40:16.519+0000] {taskinstance.py:2603} INFO - Dependencies all met for dep_context=requeueable deps ti=<TaskInstance: dbt_retail_pipeline.dbt_seed scheduled__2026-09-16T02:00:00+00:00 [queued]>
[2026-09-17T07:40:16.519+0000] {taskinstance.py:2856} INFO - Starting attempt 4 of 5
[2026-09-17T07:40:16.543+0000] {taskinstance.py:2879} INFO - Executing <Task(BashOperator): dbt_seed> on 2026-09-16 02:00:00+00:00
[2026-09-17T07:40:16.551+0000] {warnings.py:112} WARNING - /home/***/.local/lib/python3.12/site-packages/***/task/task_runner/standard_task_runner.py:70: DeprecationWarning: This process (pid=1402) is multi-threaded, use of fork() may lead to deadlocks in the child.
  pid = os.fork()

[2026-09-17T07:40:16.553+0000] {standard_task_runner.py:72} INFO - Started process 1403 to run task
[2026-09-17T07:40:16.554+0000] {standard_task_runner.py:104} INFO - Running: ['***', 'tasks', 'run', 'dbt_retail_pipeline', 'dbt_seed', 'scheduled__2026-09-16T02:00:00+00:00', '--job-id', '83', '--raw', '--subdir', 'DAGS_FOLDER/dbt_retail_pipeline.py', '--cfg-path', '/tmp/tmppwkt1c5t']
[2026-09-17T07:40:16.555+0000] {standard_task_runner.py:105} INFO - Job 83: Subtask dbt_seed
[2026-09-17T07:40:16.634+0000] {task_command.py:467} INFO - Running <TaskInstance: dbt_retail_pipeline.dbt_seed scheduled__2026-09-16T02:00:00+00:00 [running]> on host b5c1d8ce61d3
[2026-09-17T07:40:16.746+0000] {taskinstance.py:3122} INFO - Exporting env vars: AIRFLOW_CTX_DAG_OWNER='data_engineer' AIRFLOW_CTX_DAG_ID='dbt_retail_pipeline' AIRFLOW_CTX_TASK_ID='dbt_seed' AIRFLOW_CTX_EXECUTION_DATE='2026-09-16T02:00:00+00:00' AIRFLOW_CTX_TRY_NUMBER='4' AIRFLOW_CTX_DAG_RUN_ID='scheduled__2026-09-16T02:00:00+00:00'
[2026-09-17T07:40:16.747+0000] {taskinstance.py:731} INFO - ::endgroup::
[2026-09-17T07:40:16.770+0000] {subprocess.py:63} INFO - Tmp dir root location: /tmp
[2026-09-17T07:40:16.771+0000] {subprocess.py:75} INFO - Running command: ['/usr/bin/bash', '-c', 'cd /opt/***/dags/dbt-project && dbt seed --profiles-dir /opt/***/dags/dbt-project']
[2026-09-17T07:40:16.789+0000] {subprocess.py:86} INFO - Output:
[2026-09-17T07:40:20.001+0000] {subprocess.py:93} INFO - [0m07:40:20  Running with dbt=1.12.5
[2026-09-17T07:40:20.005+0000] {subprocess.py:93} INFO - [0m07:40:20  [[31mERROR[0m]: Encountered an error:
[2026-09-17T07:40:20.005+0000] {subprocess.py:93} INFO - Runtime Error
[2026-09-17T07:40:20.006+0000] {subprocess.py:93} INFO -   Could not find profile named 'dbt-project'
[2026-09-17T07:40:21.451+0000] {subprocess.py:97} INFO - Command exited with return code 2
[2026-09-17T07:40:21.465+0000] {taskinstance.py:3301} ERROR - Task failed with exception
Traceback (most recent call last):
  File "/home/airflow/.local/lib/python3.12/site-packages/airflow/models/taskinstance.py", line 767, in _execute_task
    result = _execute_callable(context=context, **execute_callable_kwargs)
             ^^^^^^^^^^^^^^^^^^^^^^^^^^^^^^^^^^^^^^^^^^^^^^^^^^^^^^^^^^^^^
  File "/home/airflow/.local/lib/python3.12/site-packages/airflow/models/taskinstance.py", line 733, in _execute_callable
    return ExecutionCallableRunner(
           ^^^^^^^^^^^^^^^^^^^^^^^^
  File "/home/airflow/.local/lib/python3.12/site-packages/airflow/utils/operator_helpers.py", line 252, in run
    return self.func(*args, **kwargs)
           ^^^^^^^^^^^^^^^^^^^^^^^^^^
  File "/home/airflow/.local/lib/python3.12/site-packages/airflow/models/baseoperator.py", line 406, in wrapper
    return func(self, *args, **kwargs)
           ^^^^^^^^^^^^^^^^^^^^^^^^^^^
  File "/home/airflow/.local/lib/python3.12/site-packages/airflow/operators/bash.py", line 249, in execute
    raise AirflowException(
airflow.exceptions.AirflowException: Bash command failed. The command returned a non-zero exit code 2.
[2026-09-17T07:40:21.476+0000] {taskinstance.py:1225} INFO - Marking task as UP_FOR_RETRY. dag_id=dbt_retail_pipeline, task_id=dbt_seed, run_id=scheduled__2026-09-16T02:00:00+00:00, execution_date=20260916T020000, start_date=20260917T074016, end_date=20260917T074021
[2026-09-17T07:40:21.497+0000] {taskinstance.py:340} INFO - ::group::Post task execution logs
[2026-09-17T07:40:21.497+0000] {standard_task_runner.py:124} ERROR - Failed to execute job 83 for task dbt_seed (Bash command failed. The command returned a non-zero exit code 2.; 1403)
Traceback (most recent call last):
  File "/home/airflow/.local/lib/python3.12/site-packages/airflow/task/task_runner/standard_task_runner.py", line 117, in _start_by_fork
    ret = args.func(args, dag=self.dag)
          ^^^^^^^^^^^^^^^^^^^^^^^^^^^^^
  File "/home/airflow/.local/lib/python3.12/site-packages/airflow/cli/cli_config.py", line 49, in command
    return func(*args, **kwargs)
           ^^^^^^^^^^^^^^^^^^^^^
  File "/home/airflow/.local/lib/python3.12/site-packages/airflow/utils/cli.py", line 115, in wrapper
    return f(*args, **kwargs)
           ^^^^^^^^^^^^^^^^^^
  File "/home/airflow/.local/lib/python3.12/site-packages/airflow/cli/commands/task_command.py", line 483, in task_run
    task_return_code = _run_task_by_selected_method(args, _dag, ti)
                       ^^^^^^^^^^^^^^^^^^^^^^^^^^^^^^^^^^^^^^^^^^^^
  File "/home/airflow/.local/lib/python3.12/site-packages/airflow/cli/commands/task_command.py", line 256, in _run_task_by_selected_method
    return _run_raw_task(args, ti)
           ^^^^^^^^^^^^^^^^^^^^^^^
  File "/home/airflow/.local/lib/python3.12/site-packages/airflow/cli/commands/task_command.py", line 341, in _run_raw_task
    return ti._run_raw_task(
           ^^^^^^^^^^^^^^^^^
  File "/home/airflow/.local/lib/python3.12/site-packages/airflow/utils/session.py", line 97, in wrapper
    return func(*args, session=session, **kwargs)
           ^^^^^^^^^^^^^^^^^^^^^^^^^^^^^^^^^^^^^^
  File "/home/airflow/.local/lib/python3.12/site-packages/airflow/models/taskinstance.py", line 2995, in _run_raw_task
    return _run_raw_task(
           ^^^^^^^^^^^^^^
  File "/home/airflow/.local/lib/python3.12/site-packages/airflow/models/taskinstance.py", line 273, in _run_raw_task
    TaskInstance._execute_task_with_callbacks(
  File "/home/airflow/.local/lib/python3.12/site-packages/airflow/models/taskinstance.py", line 3149, in _execute_task_with_callbacks
    result = self._execute_task(context, task_orig)
             ^^^^^^^^^^^^^^^^^^^^^^^^^^^^^^^^^^^^^^
  File "/home/airflow/.local/lib/python3.12/site-packages/airflow/models/taskinstance.py", line 3173, in _execute_task
    return _execute_task(self, context, task_orig)
           ^^^^^^^^^^^^^^^^^^^^^^^^^^^^^^^^^^^^^^^
  File "/home/airflow/.local/lib/python3.12/site-packages/airflow/models/taskinstance.py", line 767, in _execute_task
    result = _execute_callable(context=context, **execute_callable_kwargs)
             ^^^^^^^^^^^^^^^^^^^^^^^^^^^^^^^^^^^^^^^^^^^^^^^^^^^^^^^^^^^^^
  File "/home/airflow/.local/lib/python3.12/site-packages/airflow/models/taskinstance.py", line 733, in _execute_callable
    return ExecutionCallableRunner(
           ^^^^^^^^^^^^^^^^^^^^^^^^
  File "/home/airflow/.local/lib/python3.12/site-packages/airflow/utils/operator_helpers.py", line 252, in run
    return self.func(*args, **kwargs)
           ^^^^^^^^^^^^^^^^^^^^^^^^^^
  File "/home/airflow/.local/lib/python3.12/site-packages/airflow/models/baseoperator.py", line 406, in wrapper
    return func(self, *args, **kwargs)
           ^^^^^^^^^^^^^^^^^^^^^^^^^^^
  File "/home/airflow/.local/lib/python3.12/site-packages/airflow/operators/bash.py", line 249, in execute
    raise AirflowException(
airflow.exceptions.AirflowException: Bash command failed. The command returned a non-zero exit code 2.
[2026-09-17T07:40:21.527+0000] {local_task_job_runner.py:261} INFO - Task exited with return code 1
[2026-09-17T07:40:21.553+0000] {taskinstance.py:3891} INFO - 0 downstream tasks scheduled from follow-on schedule check
[2026-09-17T07:40:21.554+0000] {local_task_job_runner.py:240} INFO - ::endgroup::
[2026-09-17T07:40:21.559+0000] {standard_task_runner.py:217} INFO - Process not found (most likely exited), stop collecting metrics
